--------- beginning of main
05-19 13:44:32.000 20787 20858 I DetoxDispatcher: Handling action 'isReady' (ID #-1000)...
05-19 13:44:32.004 20787 20787 W com.fakestore: Accessing hidden method Landroid/os/MessageQueue;->next()Landroid/os/Message; (greylist, reflection, allowed)
05-19 13:44:32.004 20787 20787 W com.fakestore: Accessing hidden field Landroid/os/MessageQueue;->mMessages:Landroid/os/Message; (greylist, reflection, allowed)
05-19 13:44:32.004 20787 20787 W com.fakestore: Accessing hidden method Landroid/os/Message;->recycleUnchecked()V (greylist, reflection, allowed)
05-19 13:44:32.043 20787 20864 D SoLoader: libreactnativeblob.so not found on /data/data/com.fakestore/lib-main
05-19 13:44:32.043 20787 20864 D SoLoader: libreactnativeblob.so found on /data/app/~~bN1mxJfXaFWYhWewb8pVJw==/com.fakestore-BE3vALYAbfZCOH9ve_Hc3w==/lib/arm64
05-19 13:44:32.043 20787 20864 D SoLoader: Not resolving dependencies for libreactnativeblob.so
05-19 13:44:32.059 20787 20865 I flipper : flipper: FlipperClient::addPlugin Fresco
05-19 13:44:32.093 20787 20865 I WebViewFactory: Loading com.google.android.webview version 110.0.5481.153 (code 548115333)
05-19 13:44:32.101 20787 20865 W linker  : Warning: "/data/app/~~ZS9E27XFUMq_UEOJpzgrAw==/com.google.android.webview-1F4-Y8gMX6Rl1iWbcmwEbQ==/base.apk!/lib/arm64-v8a/libmonochrome.so" unused DT entry: unknown processor-specific (type 0x70000001 arg 0x0) (ignoring)
05-19 13:44:32.112 20787 20865 W com.fakestore: Accessing hidden method Landroid/os/Trace;->isTagEnabled(J)Z (greylist, reflection, allowed)
05-19 13:44:32.112 20787 20865 W com.fakestore: Accessing hidden method Landroid/os/Trace;->traceBegin(JLjava/lang/String;)V (greylist, reflection, allowed)
05-19 13:44:32.112 20787 20865 W com.fakestore: Accessing hidden method Landroid/os/Trace;->traceEnd(J)V (greylist, reflection, allowed)
05-19 13:44:32.112 20787 20865 W com.fakestore: Accessing hidden method Landroid/os/Trace;->asyncTraceBegin(JLjava/lang/String;I)V (greylist, reflection, allowed)
05-19 13:44:32.112 20787 20865 W com.fakestore: Accessing hidden method Landroid/os/Trace;->asyncTraceEnd(JLjava/lang/String;I)V (greylist, reflection, allowed)
05-19 13:44:32.116 20787 20865 I cr_WVCFactoryProvider: Loaded version=110.0.5481.153 minSdkVersion=29 isBundle=true multiprocess=true packageId=2
05-19 13:44:32.138 20787 20865 I cr_LibraryLoader: Successfully loaded native library
05-19 13:44:32.139 20787 20865 I cr_CachingUmaRecorder: Flushed 8 samples from 8 histograms.
05-19 13:44:32.475 20787 20864 I ReactNativeJS: Running "FakeStore" with {"rootTag":1}
05-19 13:44:32.645 20787 20865 W unknown:ViewManagerPropertyUpdater: Could not find generated setter for class com.swmansion.rnscreens.ScreensShadowNode
05-19 13:44:32.688 20787 20787 I Detox   : UIManagerModule is busy
05-19 13:44:32.756 20787 20787 I Detox   : UIManagerModule is busy
05-19 13:44:32.820 20787 20924 D SoLoader: libimagepipeline.so not found on /data/data/com.fakestore/lib-main
05-19 13:44:32.820 20787 20924 D SoLoader: libimagepipeline.so found on /data/app/~~bN1mxJfXaFWYhWewb8pVJw==/com.fakestore-BE3vALYAbfZCOH9ve_Hc3w==/lib/arm64
05-19 13:44:32.820 20787 20924 D SoLoader: Not resolving dependencies for libimagepipeline.so
05-19 13:44:32.828 20787 20787 I Detox   : Wait is over: App is now idle!
05-19 13:44:32.828 20787 20858 I DetoxWSClient: Sending out action 'ready' (ID #-1000)
05-19 13:44:32.829 20787 20858 I DetoxDispatcher: Done with action 'isReady'
05-19 13:44:32.829 20787 20858 I DetoxDispatcher: Handling action 'loginSuccess' (ID #0)...
05-19 13:44:32.829 20787 20858 I DetoxDispatcher: Done with action 'loginSuccess'
05-19 13:44:32.829 20787 20858 I DetoxDispatcher: Handling action 'isReady' (ID #-1000)...
05-19 13:44:32.834 20787 20787 I Detox   : Wait is over: App is now idle!
05-19 13:44:32.835 20787 20858 I DetoxWSClient: Sending out action 'ready' (ID #-1000)
05-19 13:44:32.835 20787 20858 I DetoxDispatcher: Done with action 'isReady'
05-19 13:44:32.967 20787 20860 D DetoxWSClient: Received action 'invoke' (ID #1, params={"target":{"type":"Class","value":"com.wix.detox.espresso.DetoxAssertion"},"method":"waitForAssertMatcher","args":[{"type":"Invocation","value":{"target":{"type":"Class","value":"androidx.test.espresso.Espresso"},"method":"onView","args":[{"type":"Invocation","value":{"target":{"type":"Class","value":"com.wix.detox.espresso.DetoxMatcher"},"method":"matcherForText","args":["Fake Store"]}}]}},{"type":"Invocation","value":{"target":{"type":"Class","value":"com.wix.detox.espresso.DetoxMatcher"},"method":"matcherForSufficientlyVisible","args":[{"type":"Integer","value":75}]}},{"type":"Double","value":3}]})
05-19 13:44:32.967 20787 20858 I DetoxDispatcher: Handling action 'invoke' (ID #1)...
05-19 13:44:32.971 20787 20858 D Detox   : class com.wix.detox.espresso.DetoxMatcher, matcherForText, [Fake Store]
05-19 13:44:32.976 20787 20858 D Detox   : class androidx.test.espresso.Espresso, onView, [(an instance of android.widget.TextView and view.getText() with or without transformation to match: is "Fake Store" and view has effective visibility <VISIBLE>)]
05-19 13:44:32.977 20787 20858 D Detox   : class com.wix.detox.espresso.DetoxMatcher, matcherForSufficientlyVisible, [75]
05-19 13:44:32.981 20787 20858 D Detox   : class com.wix.detox.espresso.DetoxAssertion, waitForAssertMatcher, [androidx.test.espresso.ViewInteraction@3bec787, (view has effective visibility <VISIBLE> and view.getGlobalVisibleRect() covers at least <75> percent of the view's area), 3.0]
05-19 13:44:33.208 20787 20787 W com.fakestore: Accessing hidden method Landroid/view/WindowManagerGlobal;->getInstance()Landroid/view/WindowManagerGlobal; (greylist, reflection, allowed)
05-19 13:44:33.208 20787 20787 W com.fakestore: Accessing hidden field Landroid/view/WindowManagerGlobal;->mViews:Ljava/util/ArrayList; (greylist, reflection, allowed)
05-19 13:44:33.208 20787 20787 W com.fakestore: Accessing hidden field Landroid/view/WindowManagerGlobal;->mParams:Ljava/util/ArrayList; (greylist, reflection, allowed)
05-19 13:44:33.212 20787 20787 I ViewInteraction: Checking 'MatchesViewAssertion(Detox){viewMatcher=(view has effective visibility <VISIBLE> and view.getGlobalVisibleRect() covers at least <75> percent of the view's area)}' assertion on view (an instance of android.widget.TextView and view.getText() with or without transformation to match: is "Fake Store" and view has effective visibility <VISIBLE>)
05-19 13:44:33.213 20787 20858 I DetoxWSClient: Sending out action 'invokeResult' (ID #1)
05-19 13:44:33.214 20787 20858 I DetoxDispatcher: Done with action 'invoke'
