--------- beginning of main
05-19 12:11:44.448 13608 13608 I com.fakestore: Late-enabling -Xcheck:jni
05-19 12:11:44.469 13608 13608 I com.fakestore: Unquickening 21 vdex files!
05-19 12:11:44.470 13608 13608 E com.fakestore: Unknown bits set in runtime_flags: 0x40000000
05-19 12:11:44.489 13608 13608 E RefClass: java.lang.reflect.InvocationTargetException
05-19 12:11:44.531 13608 13608 I oplus.android.OplusFrameworkFactoryImpl: get feature:IOplusScreenModeFeature
05-19 12:11:44.531 13608 13608 I oplus.android.OplusFrameworkFactoryImpl: getOplusScreenModeFeature
05-19 12:11:44.545 13608 13608 E libc    : Access denied finding property "ro.odm.prev.product.name"
--------- beginning of system
05-19 12:11:44.547 13608 13608 W ActivityThread: Package uses different ABI(s) than its instrumentation: package[com.fakestore]: arm64-v8a, null instrumentation[com.fakestore.test]: null, null
05-19 12:11:44.551 13608 13608 I com.fakestore: The ClassLoaderContext is a special shared library.
05-19 12:11:44.553 13608 13608 I chatty  : uid=11013(com.fakestore) identical 1 line
05-19 12:11:44.556 13608 13608 I com.fakestore: The ClassLoaderContext is a special shared library.
05-19 12:11:44.777 13608 13608 I Perf    : Connecting to perf service.
05-19 12:11:44.789 13608 13608 D ApplicationLoaders: Returning zygote-cached class loader: /system/framework/android.test.base.jar
05-19 12:11:44.789 13608 13608 D ApplicationLoaders: Returning zygote-cached class loader: /system/framework/android.test.base.jar
05-19 12:11:44.791 13608 13608 I com.fakestore: The ClassLoaderContext is a special shared library.
05-19 12:11:44.794 13608 13608 D ApplicationLoaders: Returning zygote-cached class loader: /system/framework/android.test.base.jar
05-19 12:11:44.794 13608 13608 D ApplicationLoaders: Returning zygote-cached class loader: /system/framework/android.test.base.jar
05-19 12:11:44.795 13608 13608 I com.fakestore: The ClassLoaderContext is a special shared library.
05-19 12:11:44.801 13608 13608 I chatty  : uid=11013(com.fakestore) identical 2 lines
05-19 12:11:44.802 13608 13608 I com.fakestore: The ClassLoaderContext is a special shared library.
05-19 12:11:45.018 13608 13608 W com.fakestore: Accessing hidden method Landroid/app/Instrumentation;->execStartActivity(Landroid/content/Context;Landroid/os/IBinder;Landroid/os/IBinder;Landroid/app/Activity;Landroid/content/Intent;ILandroid/os/Bundle;)Landroid/app/Instrumentation$ActivityResult; (greylist, linking, allowed)
05-19 12:11:45.018 13608 13608 W com.fakestore: Accessing hidden method Landroid/app/Instrumentation;->execStartActivity(Landroid/content/Context;Landroid/os/IBinder;Landroid/os/IBinder;Ljava/lang/String;Landroid/content/Intent;ILandroid/os/Bundle;)Landroid/app/Instrumentation$ActivityResult; (greylist, linking, allowed)
05-19 12:11:45.024 13608 13608 D NetworkSecurityConfig: Using Network Security Config from resource network_security_config debugBuild: true
05-19 12:11:45.025 13608 13608 D NetworkSecurityConfig: Using Network Security Config from resource network_security_config debugBuild: true
05-19 12:11:45.025 13608 13608 I MonitoringInstr: newApplication called!
05-19 12:11:45.043 13608 13608 I MonitoringInstr: Instrumentation started!
05-19 12:11:45.049 13608 13608 I AndroidJUnitRunner: onCreate Bundle[{debug=false, detoxServer=ws://localhost:50039, detoxSessionId=985ed05e-c684-13da-21c8-b30cf51a88bb}]
05-19 12:11:45.051 13608 13608 V TestEventClient: No service name argument was given (testDiscoveryService, testRunEventService or orchestratorService)
05-19 12:11:45.054 13608 13637 D AndroidJUnitRunner: onStart is called.
05-19 12:11:45.065 13608 13608 V fb-UnpackingSoSource: locked dso store /data/user/0/com.fakestore/lib-main
05-19 12:11:45.067 13608 13608 V fb-UnpackingSoSource: deps mismatch on deps store: regenerating
05-19 12:11:45.067 13608 13608 V fb-UnpackingSoSource: so store dirty: regenerating
05-19 12:11:45.114 13608 13608 D ApkSoSource: not allowing consideration of lib/arm64-v8a/libc++_shared.so: deferring to libdir
05-19 12:11:45.114 13608 13608 D ApkSoSource: not allowing consideration of lib/arm64-v8a/libevent-2.1.so: deferring to libdir
05-19 12:11:45.114 13608 13608 D ApkSoSource: not allowing consideration of lib/arm64-v8a/libevent_core-2.1.so: deferring to libdir
05-19 12:11:45.114 13608 13608 D ApkSoSource: not allowing consideration of lib/arm64-v8a/libevent_extra-2.1.so: deferring to libdir
05-19 12:11:45.114 13608 13608 D ApkSoSource: not allowing consideration of lib/arm64-v8a/libfabricjni.so: deferring to libdir
05-19 12:11:45.114 13608 13608 D ApkSoSource: not allowing consideration of lib/arm64-v8a/libfb.so: deferring to libdir
05-19 12:11:45.114 13608 13608 D ApkSoSource: not allowing consideration of lib/arm64-v8a/libfbjni.so: deferring to libdir
05-19 12:11:45.114 13608 13608 D ApkSoSource: not allowing consideration of lib/arm64-v8a/libflipper.so: deferring to libdir
05-19 12:11:45.114 13608 13608 D ApkSoSource: not allowing consideration of lib/arm64-v8a/libfolly_runtime.so: deferring to libdir
05-19 12:11:45.114 13608 13608 D ApkSoSource: not allowing consideration of lib/arm64-v8a/libglog.so: deferring to libdir
05-19 12:11:45.114 13608 13608 D ApkSoSource: not allowing consideration of lib/arm64-v8a/libglog_init.so: deferring to libdir
05-19 12:11:45.115 13608 13608 D ApkSoSource: not allowing consideration of lib/arm64-v8a/libimagepipeline.so: deferring to libdir
05-19 12:11:45.115 13608 13608 D ApkSoSource: not allowing consideration of lib/arm64-v8a/libjsc.so: deferring to libdir
05-19 12:11:45.115 13608 13608 D ApkSoSource: not allowing consideration of lib/arm64-v8a/libjscexecutor.so: deferring to libdir
05-19 12:11:45.115 13608 13608 D ApkSoSource: not allowing consideration of lib/arm64-v8a/libjsi.so: deferring to libdir
05-19 12:11:45.115 13608 13608 D ApkSoSource: not allowing consideration of lib/arm64-v8a/libjsijniprofiler.so: deferring to libdir
05-19 12:11:45.115 13608 13608 D ApkSoSource: not allowing consideration of lib/arm64-v8a/libjsinspector.so: deferring to libdir
05-19 12:11:45.115 13608 13608 D ApkSoSource: not allowing consideration of lib/arm64-v8a/liblogger.so: deferring to libdir
05-19 12:11:45.115 13608 13608 D ApkSoSource: not allowing consideration of lib/arm64-v8a/libmapbufferjni.so: deferring to libdir
05-19 12:11:45.115 13608 13608 D ApkSoSource: not allowing consideration of lib/arm64-v8a/libnative-filters.so: deferring to libdir
05-19 12:11:45.115 13608 13608 D ApkSoSource: not allowing consideration of lib/arm64-v8a/libnative-imagetranscoder.so: deferring to libdir
05-19 12:11:45.115 13608 13608 D ApkSoSource: not allowing consideration of lib/arm64-v8a/libreact_codegen_rncore.so: deferring to libdir
05-19 12:11:45.115 13608 13608 D ApkSoSource: not allowing consideration of lib/arm64-v8a/libreact_config.so: deferring to libdir
05-19 12:11:45.116 13608 13608 D ApkSoSource: not allowing consideration of lib/arm64-v8a/libreact_debug.so: deferring to libdir
05-19 12:11:45.116 13608 13608 D ApkSoSource: not allowing consideration of lib/arm64-v8a/libreact_nativemodule_core.so: deferring to libdir
05-19 12:11:45.116 13608 13608 D ApkSoSource: not allowing consideration of lib/arm64-v8a/libreact_render_animations.so: deferring to libdir
05-19 12:11:45.116 13608 13608 D ApkSoSource: not allowing consideration of lib/arm64-v8a/libreact_render_attributedstring.so: deferring to libdir
05-19 12:11:45.116 13608 13608 D ApkSoSource: not allowing consideration of lib/arm64-v8a/libreact_render_componentregistry.so: deferring to libdir
05-19 12:11:45.116 13608 13608 D ApkSoSource: not allowing consideration of lib/arm64-v8a/libreact_render_core.so: deferring to libdir
05-19 12:11:45.116 13608 13608 D ApkSoSource: not allowing consideration of lib/arm64-v8a/libreact_render_debug.so: deferring to libdir
05-19 12:11:45.116 13608 13608 D ApkSoSource: not allowing consideration of lib/arm64-v8a/libreact_render_graphics.so: deferring to libdir
05-19 12:11:45.116 13608 13608 D ApkSoSource: not allowing consideration of lib/arm64-v8a/libreact_render_imagemanager.so: deferring to libdir
05-19 12:11:45.116 13608 13608 D ApkSoSource: not allowing consideration of lib/arm64-v8a/libreact_render_leakchecker.so: deferring to libdir
05-19 12:11:45.116 13608 13608 D ApkSoSource: not allowing consideration of lib/arm64-v8a/libreact_render_mapbuffer.so: deferring to libdir
05-19 12:11:45.117 13608 13608 D ApkSoSource: not allowing consideration of lib/arm64-v8a/libreact_render_mounting.so: deferring to libdir
05-19 12:11:45.117 13608 13608 D ApkSoSource: not allowing consideration of lib/arm64-v8a/libreact_render_runtimescheduler.so: deferring to libdir
05-19 12:11:45.117 13608 13608 D ApkSoSource: not allowing consideration of lib/arm64-v8a/libreact_render_scheduler.so: deferring to libdir
05-19 12:11:45.117 13608 13608 D ApkSoSource: not allowing consideration of lib/arm64-v8a/libreact_render_telemetry.so: deferring to libdir
05-19 12:11:45.117 13608 13608 D ApkSoSource: not allowing consideration of lib/arm64-v8a/libreact_render_templateprocessor.so: deferring to libdir
05-19 12:11:45.117 13608 13608 D ApkSoSource: not allowing consideration of lib/arm64-v8a/libreact_render_textlayoutmanager.so: deferring to libdir
05-19 12:11:45.117 13608 13608 D ApkSoSource: not allowing consideration of lib/arm64-v8a/libreact_render_uimanager.so: deferring to libdir
05-19 12:11:45.117 13608 13608 D ApkSoSource: not allowing consideration of lib/arm64-v8a/libreact_utils.so: deferring to libdir
05-19 12:11:45.117 13608 13608 D ApkSoSource: not allowing consideration of lib/arm64-v8a/libreactnativeblob.so: deferring to libdir
05-19 12:11:45.117 13608 13608 D ApkSoSource: not allowing consideration of lib/arm64-v8a/libreactnativejni.so: deferring to libdir
05-19 12:11:45.117 13608 13608 D ApkSoSource: not allowing consideration of lib/arm64-v8a/libreactnativeutilsjni.so: deferring to libdir
05-19 12:11:45.117 13608 13608 D ApkSoSource: not allowing consideration of lib/arm64-v8a/libreactperfloggerjni.so: deferring to libdir
05-19 12:11:45.118 13608 13608 D ApkSoSource: not allowing consideration of lib/arm64-v8a/librrc_image.so: deferring to libdir
05-19 12:11:45.118 13608 13608 D ApkSoSource: not allowing consideration of lib/arm64-v8a/librrc_root.so: deferring to libdir
05-19 12:11:45.118 13608 13608 D ApkSoSource: not allowing consideration of lib/arm64-v8a/librrc_scrollview.so: deferring to libdir
05-19 12:11:45.118 13608 13608 D ApkSoSource: not allowing consideration of lib/arm64-v8a/librrc_text.so: deferring to libdir
05-19 12:11:45.118 13608 13608 D ApkSoSource: not allowing consideration of lib/arm64-v8a/librrc_textinput.so: deferring to libdir
05-19 12:11:45.118 13608 13608 D ApkSoSource: not allowing consideration of lib/arm64-v8a/librrc_unimplementedview.so: deferring to libdir
05-19 12:11:45.118 13608 13608 D ApkSoSource: not allowing consideration of lib/arm64-v8a/librrc_view.so: deferring to libdir
05-19 12:11:45.118 13608 13608 D ApkSoSource: not allowing consideration of lib/arm64-v8a/libruntimeexecutor.so: deferring to libdir
05-19 12:11:45.118 13608 13608 D ApkSoSource: not allowing consideration of lib/arm64-v8a/libturbomodulejsijni.so: deferring to libdir
05-19 12:11:45.118 13608 13608 D ApkSoSource: not allowing consideration of lib/arm64-v8a/libyoga.so: deferring to libdir
05-19 12:11:45.119 13608 13608 V fb-UnpackingSoSource: regenerating DSO store com.facebook.soloader.ApkSoSource
05-19 12:11:45.119 13608 13608 V fb-UnpackingSoSource: Finished regenerating DSO store com.facebook.soloader.ApkSoSource
05-19 12:11:45.120 13608 13608 V fb-UnpackingSoSource: starting syncer worker
05-19 12:11:45.131 13608 13608 V fb-UnpackingSoSource: releasing dso store lock for /data/user/0/com.fakestore/lib-main (from syncer thread)
05-19 12:11:45.131 13608 13608 V fb-UnpackingSoSource: not releasing dso store lock for /data/user/0/com.fakestore/lib-main (syncer thread started)
05-19 12:11:45.145 13608 13608 D SoLoader: libjscexecutor.so not found on /data/data/com.fakestore/lib-main
05-19 12:11:45.145 13608 13608 D SoLoader: libjscexecutor.so found on /data/app/~~4rwwiVw_lPnYhPscG9E6Pg==/com.fakestore-zLUVMRnJRkvBsrLvC-V7OA==/lib/arm64
05-19 12:11:45.145 13608 13608 D SoLoader: Not resolving dependencies for libjscexecutor.so
05-19 12:11:45.161 13608 13608 D JavaScriptCore.Version: 250230.2.1
05-19 12:11:45.251 13608 13608 E Parcel  : Reading a NULL string not supported here.
05-19 12:11:45.254 13608 13608 I chatty  : uid=11013(com.fakestore) identical 26 lines
05-19 12:11:45.254 13608 13608 E Parcel  : Reading a NULL string not supported here.
05-19 12:11:45.254 13608 13608 V SensorManager: RegisterListener bmi160 Accelerometer Non-wakeup type:1 delay:66667us by com.facebook.react.common.ShakeDetector
05-19 12:11:45.254 13608 13608 E Parcel  : Reading a NULL string not supported here.
05-19 12:11:45.288 13608 13647 D SoLoader: libfbjni.so not found on /data/data/com.fakestore/lib-main
05-19 12:11:45.288 13608 13647 D SoLoader: libfbjni.so found on /data/app/~~4rwwiVw_lPnYhPscG9E6Pg==/com.fakestore-zLUVMRnJRkvBsrLvC-V7OA==/lib/arm64
05-19 12:11:45.288 13608 13647 D SoLoader: Not resolving dependencies for libfbjni.so
05-19 12:11:45.291 13608 13647 D SoLoader: libflipper.so not found on /data/data/com.fakestore/lib-main
05-19 12:11:45.292 13608 13647 D SoLoader: libflipper.so found on /data/app/~~4rwwiVw_lPnYhPscG9E6Pg==/com.fakestore-zLUVMRnJRkvBsrLvC-V7OA==/lib/arm64
05-19 12:11:45.292 13608 13647 D SoLoader: Not resolving dependencies for libflipper.so
05-19 12:11:45.392 13608 13608 W com.fakestore: Accessing hidden field Landroid/view/View;->mKeyedTags:Landroid/util/SparseArray; (greylist, reflection, allowed)
05-19 12:11:45.392 13608 13608 W com.fakestore: Accessing hidden field Landroid/view/View;->mListenerInfo:Landroid/view/View$ListenerInfo; (greylist, reflection, allowed)
05-19 12:11:45.392 13608 13608 W com.fakestore: Accessing hidden field Landroid/view/View$ListenerInfo;->mOnClickListener:Landroid/view/View$OnClickListener; (greylist, reflection, allowed)
05-19 12:11:45.402 13608 13608 I flipper : flipper: FlipperClient::addPlugin Inspector
05-19 12:11:45.402 13608 13608 I flipper : flipper: FlipperClient::addPlugin React
05-19 12:11:45.405 13608 13608 I flipper : flipper: FlipperClient::addPlugin Databases
05-19 12:11:45.406 13608 13608 I flipper : flipper: FlipperClient::addPlugin Preferences
05-19 12:11:45.407 13608 13608 I flipper : flipper: FlipperClient::addPlugin CrashReporter
05-19 12:11:45.413 13608 13608 I flipper : flipper: FlipperClient::addPlugin Network
05-19 12:11:45.447 13608 13647 W System.err: SLF4J: Failed to load class "org.slf4j.impl.StaticLoggerBinder".
05-19 12:11:45.447 13608 13647 W System.err: SLF4J: Defaulting to no-operation (NOP) logger implementation
05-19 12:11:45.447 13608 13647 W System.err: SLF4J: See http://www.slf4j.org/codes.html#StaticLoggerBinder for further details.
05-19 12:11:45.448 13608 13637 D TestRequestBuilder: Using class path scanning to discover tests
05-19 12:11:45.449 13608 13637 I TestRequestBuilder: Scanning classpath to find tests in paths [/data/app/~~YvYVABRV7Q3z_8J_kFvAtw==/com.fakestore.test-gxQPPgnmjJyd8GONnMReNw==/base.apk]
05-19 12:11:45.450 13608 13637 I System  : Opening DexFile: /data/app/~~YvYVABRV7Q3z_8J_kFvAtw==/com.fakestore.test-gxQPPgnmjJyd8GONnMReNw==/base.apk
05-19 12:11:45.451 13608 13637 W com.fakestore: Opening an oat file without a class loader. Are you using the deprecated DexFile APIs?
05-19 12:11:45.676 13608 13637 W com.fakestore: Unable to resolve Lcom/google/android/apps/common/testing/accessibility/framework/AccessibilityHierarchyCheckResult; annotation class 5201
05-19 12:11:45.677 13608 13637 I chatty  : uid=11013(com.fakestore) roidJUnitRunner identical 2 lines
05-19 12:11:45.678 13608 13637 W com.fakestore: Unable to resolve Lcom/google/android/apps/common/testing/accessibility/framework/AccessibilityHierarchyCheckResult; annotation class 5201
05-19 12:11:45.678 13608 13637 W com.fakestore: Unable to resolve Lcom/google/android/apps/common/testing/accessibility/framework/AccessibilityViewCheckResult; annotation class 5201
05-19 12:11:45.679 13608 13637 W com.fakestore: Unable to resolve Lcom/google/android/apps/common/testing/accessibility/framework/ClusteringUtils; annotation class 5201
05-19 12:11:45.681 13608 13637 W com.fakestore: Unable to resolve Lcom/google/android/apps/common/testing/accessibility/framework/Question; annotation class 5201
05-19 12:11:45.687 13608 13637 W com.fakestore: Unable to resolve Lcom/google/android/apps/common/testing/accessibility/framework/replacements/TextUtils; annotation class 5200
05-19 12:11:45.690 13608 13637 W com.fakestore: Unable to resolve Lcom/google/android/apps/common/testing/accessibility/framework/uielement/ViewHierarchyElement; annotation class 5201
05-19 12:11:45.690 13608 13637 I chatty  : uid=11013(com.fakestore) roidJUnitRunner identical 2 lines
05-19 12:11:45.690 13608 13637 W com.fakestore: Unable to resolve Lcom/google/android/apps/common/testing/accessibility/framework/uielement/ViewHierarchyElement; annotation class 5201
05-19 12:11:45.691 13608 13637 W com.fakestore: Unable to resolve Lcom/google/android/apps/common/testing/accessibility/framework/uielement/ViewHierarchyElementAndroid; annotation class 5201
05-19 12:11:45.692 13608 13637 I chatty  : uid=11013(com.fakestore) roidJUnitRunner identical 2 lines
05-19 12:11:45.692 13608 13637 W com.fakestore: Unable to resolve Lcom/google/android/apps/common/testing/accessibility/framework/uielement/ViewHierarchyElementAndroid; annotation class 5201
05-19 12:11:45.692 13608 13637 W com.fakestore: Unable to resolve Lcom/google/android/apps/common/testing/accessibility/framework/uielement/ViewHierarchyElement; annotation class 5201
05-19 12:11:45.692 13608 13637 W com.fakestore: Unable to resolve Lcom/google/android/apps/common/testing/accessibility/framework/uielement/ViewHierarchyElement; annotation class 5201
05-19 12:11:45.867 13608 13637 D AndroidJUnitRunner: Use the raw file system for managing file I/O.
05-19 12:11:45.870 13608 13637 D TestExecutor: Adding listener androidx.test.internal.runner.listener.LogRunListener
05-19 12:11:45.870 13608 13637 D TestExecutor: Adding listener androidx.test.internal.runner.listener.InstrumentationResultPrinter
05-19 12:11:45.870 13608 13637 D TestExecutor: Adding listener androidx.test.internal.runner.listener.ActivityFinisherRunListener
05-19 12:11:45.870 13608 13637 D TestExecutor: Adding listener androidx.test.internal.runner.listener.TraceRunListener
05-19 12:11:45.872 13608 13637 I TestRunner: run started: 1 tests
05-19 12:11:45.873 13608 13637 I TestRunner: started: runDetoxTests(com.fakestore.DetoxTest)
05-19 12:11:45.892 13608 13637 D EventInjectionStrategy: Creating injection strategy with input manager.
05-19 12:11:45.896 13608 13637 W com.fakestore: Accessing hidden method Landroid/hardware/input/InputManager;->getInstance()Landroid/hardware/input/InputManager; (greylist, reflection, allowed)
05-19 12:11:45.898 13608 13637 W com.fakestore: Accessing hidden method Landroid/hardware/input/InputManager;->injectInputEvent(Landroid/view/InputEvent;I)Z (greylist, reflection, allowed)
05-19 12:11:45.898 13608 13637 W com.fakestore: Accessing hidden field Landroid/hardware/input/InputManager;->INJECT_INPUT_EVENT_MODE_WAIT_FOR_FINISH:I (greylist, reflection, allowed)
05-19 12:11:45.932 13608 13637 W com.fakestore: Accessing hidden field Ljava/lang/reflect/Field;->accessFlags:I (greylist, reflection, allowed)
05-19 12:11:45.955 13608 13674 E Parcel  : Reading a NULL string not supported here.
05-19 12:11:46.055 13608 13682 E libEGL  : Invalid file path for libcolorx-loader.so
05-19 12:11:46.096 13608 13608 I oplus.android.OplusFrameworkFactoryImpl: getOplusRedPacketManager
05-19 12:11:46.098 13608 13608 D LifecycleMonitor: Lifecycle status change: com.fakestore.MainActivity@87bb623 in: PRE_ON_CREATE
05-19 12:11:46.171 13608 13608 W com.fakestore: Accessing hidden method Landroid/view/View;->computeFitSystemWindows(Landroid/graphics/Rect;Landroid/graphics/Rect;)Z (greylist, reflection, allowed)
05-19 12:11:46.171 13608 13608 W com.fakestore: Accessing hidden method Landroid/view/ViewGroup;->makeOptionalFitsSystemWindows()V (greylist, reflection, allowed)
05-19 12:11:46.174 13608 13608 D LifecycleMonitor: Lifecycle status change: com.fakestore.MainActivity@87bb623 in: CREATED
05-19 12:11:46.178 13608 13608 D LifecycleMonitor: Lifecycle status change: com.fakestore.MainActivity@87bb623 in: STARTED
05-19 12:11:46.180 13608 13608 D LifecycleMonitor: Lifecycle status change: com.fakestore.MainActivity@87bb623 in: RESUMED
05-19 12:11:46.196 13608 13608 I OplusFeatureCache: Milliseconds spent on init(): 8
05-19 12:11:46.198 13608 13608 D OplusSlideAnimOptHelper: scrollEffectOpt enable = false
05-19 12:11:46.199 13608 13608 D ColorViewRootUtil: initSwipState, isDisplayCompatApp false
05-19 12:11:46.199 13608 13608 D ColorViewRootUtil: mScreenHeight 2400, mScreenWidth 1080
05-19 12:11:46.202 13608 13608 D WindowManager: Add to mViews: DecorView@15d2c14[MainActivity],pkg= com.fakestore
05-19 12:11:46.226 13608 13608 W unknown:ReactNative: Packager connection already open, nooping.
05-19 12:11:46.242 13608 13608 V OplusZoomWindowDecorViewHelper: setLastReportedMergedConfiguration mZoomDisplayHeight: 2400 getDecorView.DecorView@15d2c14[MainActivity]
05-19 12:11:46.245 13608 13679 E libEGL  : Invalid file path for libcolorx-loader.so
05-19 12:11:46.245 13608 13679 I AdrenoGLES-0: QUALCOMM build                   : 3142bdd, I7afe4835b7
05-19 12:11:46.245 13608 13679 I AdrenoGLES-0: Build Date                       : 09/16/20
05-19 12:11:46.245 13608 13679 I AdrenoGLES-0: OpenGL ES Shader Compiler Version: EV031.32.02.00
05-19 12:11:46.245 13608 13679 I AdrenoGLES-0: Local Branch                     : 
05-19 12:11:46.245 13608 13679 I AdrenoGLES-0: Remote Branch                    : 
05-19 12:11:46.245 13608 13679 I AdrenoGLES-0: Remote Branch                    : 
05-19 12:11:46.245 13608 13679 I AdrenoGLES-0: Reconstruct Branch               : 
05-19 12:11:46.245 13608 13679 I AdrenoGLES-0: Build Config                     : S P 10.0.6 AArch64
05-19 12:11:46.245 13608 13679 I AdrenoGLES-0: Driver Path                      : /vendor/lib64/egl/libGLESv2_adreno.so
05-19 12:11:46.252 13608 13679 I AdrenoGLES-0: PFP: 0x016ee190, ME: 0x00000000
05-19 12:11:46.258 13608 13679 E libEGL  : Invalid file path for libcolorx-loader.so
05-19 12:11:46.262 13608 13679 I chatty  : uid=11013(com.fakestore) RenderThread identical 65 lines
05-19 12:11:46.262 13608 13679 E libEGL  : Invalid file path for libcolorx-loader.so
05-19 12:11:46.386 13608 13608 E OplusCustomizeRestrictionManager: sInstance is null, start a new sInstance
05-19 12:11:46.404 13608 13651 D SoLoader: libreactnativejni.so not found on /data/data/com.fakestore/lib-main
05-19 12:11:46.404 13608 13651 D SoLoader: libreactnativejni.so found on /data/app/~~4rwwiVw_lPnYhPscG9E6Pg==/com.fakestore-zLUVMRnJRkvBsrLvC-V7OA==/lib/arm64
05-19 12:11:46.404 13608 13651 D SoLoader: Not resolving dependencies for libreactnativejni.so
05-19 12:11:46.407 13608 13608 D ColorViewRootUtil: initSwipState, isDisplayCompatApp false
05-19 12:11:46.407 13608 13608 D ColorViewRootUtil: mScreenHeight 2400, mScreenWidth 1080
05-19 12:11:46.407 13608 13608 D WindowManager: Add to mViews: android.widget.PopupWindow$PopupDecorView{f85ac62 V.E...... R.....I. 0,0-0,0},pkg= com.fakestore
05-19 12:11:46.517 13608 13637 I Detox   : Detox server connection details: url=ws://localhost:50039, sessionId=985ed05e-c684-13da-21c8-b30cf51a88bb
05-19 12:11:46.539 13608 13688 I DetoxDispatcher: Handling action '_init' (ID #0)...
05-19 12:11:46.539 13608 13688 I Detox   : Connecting to server...
05-19 12:11:46.539 13608 13688 I DetoxWSClient: At connectToServer
05-19 12:11:46.628 13608 13690 D DetoxWSClient: At onOpen
05-19 12:11:46.628 13608 13690 I DetoxWSClient: Sending out action 'login' (ID #0)
05-19 12:11:46.629 13608 13690 I Detox   : Connected to server!
05-19 12:11:46.637 13608 13690 D DetoxWSClient: Received action 'loginSuccess' (ID #0, params={"testerConnected":true,"appConnected":true})
05-19 12:11:46.674 13608 13690 D DetoxWSClient: Received action 'isReady' (ID #-1000, params={})
05-19 12:11:46.697 13608 13695 E Parcel  : Reading a NULL string not supported here.
05-19 12:11:49.786 13608 13622 I com.fakestore: WaitForGcToComplete blocked RunEmptyCheckpoint on ProfileSaver for 13.580ms
05-19 12:11:49.797 13608 13629 I com.fakestore: ProcessProfilingInfo new_methods=2585 is saved saved_to_disk=1 resolve_classes_delay=5000
05-19 12:11:56.687 13608 13690 D DetoxWSClient: Received action 'currentStatus' (ID #1, params={})
05-19 12:11:56.689 13608 13689 I DetoxDispatcher: Handling action 'currentStatus' (ID #1)...
05-19 12:12:07.210 13608 13740 V AsyncStorageExpoMigration: No scoped database found
05-19 12:12:07.233 13608 13740 W unknown:ReactContext: initializeMessageQueueThreads() is called.
05-19 12:12:07.240 13608 13608 W unknown:ReactNative: Packager connection already open, nooping.
05-19 12:12:07.279 13608 13742 W unknown:ViewManagerPropertyUpdater: Could not find generated setter for class com.facebook.react.views.drawer.ReactDrawerLayoutManager
05-19 12:12:07.284 13608 13742 W unknown:ViewManagerPropertyUpdater: Could not find generated setter for class com.facebook.react.uimanager.LayoutShadowNode
05-19 12:12:07.286 13608 13742 W unknown:ViewManagerPropertyUpdater: Could not find generated setter for class com.facebook.react.views.scroll.ReactHorizontalScrollViewManager
05-19 12:12:07.289 13608 13742 W unknown:ViewManagerPropertyUpdater: Could not find generated setter for class com.facebook.react.views.scroll.ReactHorizontalScrollContainerViewManager
05-19 12:12:07.289 13608 13742 W unknown:ViewManagerPropertyUpdater: Could not find generated setter for class com.facebook.react.views.progressbar.ReactProgressBarViewManager
05-19 12:12:07.290 13608 13742 W unknown:ViewManagerPropertyUpdater: Could not find generated setter for class com.facebook.react.views.progressbar.ProgressBarShadowNode
05-19 12:12:07.292 13608 13742 W unknown:ViewManagerPropertyUpdater: Could not find generated setter for class com.facebook.react.views.scroll.ReactScrollViewManager
05-19 12:12:07.294 13608 13742 W unknown:ViewManagerPropertyUpdater: Could not find generated setter for class com.facebook.react.views.slider.ReactSliderManager
05-19 12:12:07.295 13608 13742 W unknown:ViewManagerPropertyUpdater: Could not find generated setter for class com.facebook.react.views.slider.ReactSliderManager$ReactSliderShadowNode
05-19 12:12:07.296 13608 13742 W unknown:ViewManagerPropertyUpdater: Could not find generated setter for class com.facebook.react.views.switchview.ReactSwitchManager
05-19 12:12:07.297 13608 13742 W unknown:ViewManagerPropertyUpdater: Could not find generated setter for class com.facebook.react.views.switchview.ReactSwitchManager$ReactSwitchShadowNode
05-19 12:12:07.298 13608 13742 W unknown:ViewManagerPropertyUpdater: Could not find generated setter for class com.facebook.react.views.swiperefresh.SwipeRefreshLayoutManager
05-19 12:12:07.299 13608 13742 W unknown:ViewManagerPropertyUpdater: Could not find generated setter for class com.facebook.react.views.text.frescosupport.FrescoBasedReactTextInlineImageViewManager
05-19 12:12:07.299 13608 13742 W unknown:ViewManagerPropertyUpdater: Could not find generated setter for class com.facebook.react.views.text.frescosupport.FrescoBasedReactTextInlineImageShadowNode
05-19 12:12:07.301 13608 13742 W unknown:ViewManagerPropertyUpdater: Could not find generated setter for class com.facebook.react.views.image.ReactImageManager
05-19 12:12:07.302 13608 13742 W unknown:ViewManagerPropertyUpdater: Could not find generated setter for class com.facebook.react.views.modal.ReactModalHostManager
05-19 12:12:07.318 13608 13742 W unknown:ViewManagerPropertyUpdater: Could not find generated setter for class com.facebook.react.views.modal.ModalHostShadowNode
05-19 12:12:07.318 13608 13742 W unknown:ViewManagerPropertyUpdater: Could not find generated setter for class com.facebook.react.views.text.ReactRawTextManager
05-19 12:12:07.319 13608 13742 W unknown:ViewManagerPropertyUpdater: Could not find generated setter for class com.facebook.react.views.text.ReactRawTextShadowNode
05-19 12:12:07.319 13608 13742 W unknown:ViewManagerPropertyUpdater: Could not find generated setter for class com.facebook.react.views.textinput.ReactTextInputManager
05-19 12:12:07.322 13608 13742 W unknown:ViewManagerPropertyUpdater: Could not find generated setter for class com.facebook.react.views.textinput.ReactTextInputShadowNode
05-19 12:12:07.324 13608 13742 W unknown:ViewManagerPropertyUpdater: Could not find generated setter for class com.facebook.react.views.text.ReactTextViewManager
05-19 12:12:07.326 13608 13742 W unknown:ViewManagerPropertyUpdater: Could not find generated setter for class com.facebook.react.views.text.ReactTextShadowNode
05-19 12:12:07.326 13608 13742 W unknown:ViewManagerPropertyUpdater: Could not find generated setter for class com.facebook.react.views.view.ReactViewManager
05-19 12:12:07.328 13608 13742 W unknown:ViewManagerPropertyUpdater: Could not find generated setter for class com.facebook.react.views.text.ReactVirtualTextViewManager
05-19 12:12:07.329 13608 13742 W unknown:ViewManagerPropertyUpdater: Could not find generated setter for class com.facebook.react.views.text.ReactVirtualTextShadowNode
05-19 12:12:07.329 13608 13742 W unknown:ViewManagerPropertyUpdater: Could not find generated setter for class com.facebook.react.views.unimplementedview.ReactUnimplementedViewManager
05-19 12:12:07.330 13608 13742 W unknown:ViewManagerPropertyUpdater: Could not find generated setter for class org.reactnative.maskedview.RNCMaskedViewManager
05-19 12:12:07.331 13608 13742 W unknown:ViewManagerPropertyUpdater: Could not find generated setter for class com.th3rdwave.safeareacontext.SafeAreaProviderManager
05-19 12:12:07.331 13608 13742 W unknown:ViewManagerPropertyUpdater: Could not find generated setter for class com.th3rdwave.safeareacontext.SafeAreaViewManager
05-19 12:12:07.332 13608 13742 W unknown:ViewManagerPropertyUpdater: Could not find generated setter for class com.th3rdwave.safeareacontext.SafeAreaViewShadowNode
05-19 12:12:07.333 13608 13742 W unknown:ViewManagerPropertyUpdater: Could not find generated setter for class com.swmansion.rnscreens.ScreenContainerViewManager
05-19 12:12:07.334 13608 13742 W unknown:ViewManagerPropertyUpdater: Could not find generated setter for class com.swmansion.rnscreens.ScreenViewManager
05-19 12:12:07.335 13608 13742 W unknown:ViewManagerPropertyUpdater: Could not find generated setter for class com.swmansion.rnscreens.ScreenStackViewManager
05-19 12:12:07.336 13608 13742 W unknown:ViewManagerPropertyUpdater: Could not find generated setter for class com.swmansion.rnscreens.ScreenStackHeaderConfigViewManager
05-19 12:12:07.337 13608 13742 W unknown:ViewManagerPropertyUpdater: Could not find generated setter for class com.swmansion.rnscreens.ScreenStackHeaderSubviewManager
05-19 12:12:07.338 13608 13742 W unknown:ViewManagerPropertyUpdater: Could not find generated setter for class com.swmansion.rnscreens.SearchBarManager
05-19 12:12:07.346 13608 13742 W unknown:ReactContext: initializeMessageQueueThreads() is called.
05-19 12:12:07.348 13608 13742 D SoLoader: libyoga.so not found on /data/data/com.fakestore/lib-main
05-19 12:12:07.348 13608 13742 D SoLoader: libyoga.so found on /data/app/~~4rwwiVw_lPnYhPscG9E6Pg==/com.fakestore-zLUVMRnJRkvBsrLvC-V7OA==/lib/arm64
05-19 12:12:07.348 13608 13742 D SoLoader: Not resolving dependencies for libyoga.so
05-19 12:12:07.356 13608 13608 D DetoxRNLoading: Listener-proxy method called: onReactContextInitialized
05-19 12:12:07.356 13608 13608 I DetoxRNLoading: Got new RN-context async'ly through listener
05-19 12:12:07.357 13608 13608 D DetoxRNLoading: Listener-proxy method called: equals
05-19 12:12:07.359 13608 13688 I DetoxRNIdleRes: Setting up Espresso Idling Resources for React Native
05-19 12:12:07.389 13608 13688 D AsyncStorageIR: Checking whether a custom IR for Async-Storage is required... (legacy=false)
05-19 12:12:07.390 13608 13688 D AsyncStorageIR: IR for Async-Storage is required! (legacy=false)
05-19 12:12:07.391 13608 13688 D AsyncStorageIR: Checking whether a custom IR for Async-Storage is required... (legacy=true)
05-19 12:12:07.392 13608 13742 I flipper : flipper: FlipperClient::addPlugin Fresco
05-19 12:12:07.393 13608 13742 W com.fakestore: Accessing hidden method Landroid/os/MessageQueue;->next()Landroid/os/Message; (greylist, reflection, allowed)
05-19 12:12:07.393 13608 13742 W com.fakestore: Accessing hidden field Landroid/os/MessageQueue;->mMessages:Landroid/os/Message; (greylist, reflection, allowed)
05-19 12:12:07.393 13608 13742 W com.fakestore: Accessing hidden method Landroid/os/Message;->recycleUnchecked()V (greylist, reflection, allowed)
05-19 12:12:07.395 13608 13688 D AsyncStorageIR: IR for Async-Storage is required! (legacy=true)
05-19 12:12:07.397 13608 13608 I Detox   : UIManagerModule is busy
05-19 12:12:07.398 13608 13608 D AsyncStorageIR: Async-storage is busy!
05-19 12:12:07.398 13608 13608 D AsyncStorageIRLegacy: Async-storage is busy!
05-19 12:12:07.402 13608 13688 I DetoxDispatcher: Done with action '_init'
05-19 12:12:07.403 13608 13688 I DetoxDispatcher: Handling action 'isReady' (ID #-1000)...
05-19 12:12:07.404 13608 13608 I Detox   : UIManagerModule is busy
05-19 12:12:07.405 13608 13608 D AsyncStorageIR: Async-storage is busy!
05-19 12:12:07.405 13608 13608 D AsyncStorageIRLegacy: Async-storage is busy!
05-19 12:12:07.413 13608 13689 I DetoxWSClient: Sending out action 'currentStatusResult' (ID #1)
05-19 12:12:07.414 13608 13689 I DetoxDispatcher: Done with action 'currentStatus'
05-19 12:12:07.433 13608 13741 D SoLoader: libreactnativeblob.so not found on /data/data/com.fakestore/lib-main
05-19 12:12:07.433 13608 13741 D SoLoader: libreactnativeblob.so found on /data/app/~~4rwwiVw_lPnYhPscG9E6Pg==/com.fakestore-zLUVMRnJRkvBsrLvC-V7OA==/lib/arm64
05-19 12:12:07.433 13608 13741 D SoLoader: Not resolving dependencies for libreactnativeblob.so
05-19 12:12:07.483 13608 13742 I WebViewFactory: Loading com.google.android.webview version 110.0.5481.153 (code 548115333)
05-19 12:12:07.502 13608 13742 W linker  : Warning: "/data/app/~~ZS9E27XFUMq_UEOJpzgrAw==/com.google.android.webview-1F4-Y8gMX6Rl1iWbcmwEbQ==/base.apk!/lib/arm64-v8a/libmonochrome.so" unused DT entry: unknown processor-specific (type 0x70000001 arg 0x0) (ignoring)
05-19 12:12:07.543 13608 13742 W com.fakestore: Accessing hidden method Landroid/os/Trace;->isTagEnabled(J)Z (greylist, reflection, allowed)
05-19 12:12:07.543 13608 13742 W com.fakestore: Accessing hidden method Landroid/os/Trace;->traceBegin(JLjava/lang/String;)V (greylist, reflection, allowed)
05-19 12:12:07.543 13608 13742 W com.fakestore: Accessing hidden method Landroid/os/Trace;->traceEnd(J)V (greylist, reflection, allowed)
05-19 12:12:07.543 13608 13742 W com.fakestore: Accessing hidden method Landroid/os/Trace;->asyncTraceBegin(JLjava/lang/String;I)V (greylist, reflection, allowed)
05-19 12:12:07.543 13608 13742 W com.fakestore: Accessing hidden method Landroid/os/Trace;->asyncTraceEnd(JLjava/lang/String;I)V (greylist, reflection, allowed)
05-19 12:12:07.546 13608 13742 I cr_WVCFactoryProvider: Loaded version=110.0.5481.153 minSdkVersion=29 isBundle=true multiprocess=true packageId=2
05-19 12:12:07.567 13608 13742 I cr_LibraryLoader: Successfully loaded native library
05-19 12:12:07.567 13608 13742 I cr_CachingUmaRecorder: Flushed 8 samples from 8 histograms.
05-19 12:12:07.868 13608 13741 I ReactNativeJS: Running "FakeStore" with {"rootTag":1}
05-19 12:12:08.047 13608 13742 W unknown:ViewManagerPropertyUpdater: Could not find generated setter for class com.swmansion.rnscreens.ScreensShadowNode
05-19 12:12:08.098 13608 13608 I Detox   : UIManagerModule is busy
05-19 12:12:08.167 13608 13608 I Detox   : UIManagerModule is busy
05-19 12:12:08.211 13608 13608 I Detox   : UIManagerModule is busy
05-19 12:12:08.244 13608 13608 I Detox   : Wait is over: App is now idle!
05-19 12:12:08.245 13608 13688 I DetoxWSClient: Sending out action 'ready' (ID #-1000)
05-19 12:12:08.245 13608 13688 I DetoxDispatcher: Done with action 'isReady'
05-19 12:12:08.245 13608 13688 I DetoxDispatcher: Handling action 'loginSuccess' (ID #0)...
05-19 12:12:08.245 13608 13688 I DetoxDispatcher: Done with action 'loginSuccess'
05-19 12:12:08.245 13608 13688 I DetoxDispatcher: Handling action 'isReady' (ID #-1000)...
05-19 12:12:08.251 13608 13608 I Detox   : Wait is over: App is now idle!
05-19 12:12:08.252 13608 13688 I DetoxWSClient: Sending out action 'ready' (ID #-1000)
05-19 12:12:08.252 13608 13688 I DetoxDispatcher: Done with action 'isReady'
05-19 12:12:09.408 13608 13801 D SoLoader: libimagepipeline.so not found on /data/data/com.fakestore/lib-main
05-19 12:12:09.409 13608 13801 D SoLoader: libimagepipeline.so found on /data/app/~~4rwwiVw_lPnYhPscG9E6Pg==/com.fakestore-zLUVMRnJRkvBsrLvC-V7OA==/lib/arm64
05-19 12:12:09.409 13608 13801 D SoLoader: Not resolving dependencies for libimagepipeline.so
