--------- beginning of main
05-19 13:24:35.224 11546 11631 I ReactNativeJS: Running "FakeStore" with {"rootTag":1}
05-19 13:24:35.387 11546 11632 W unknown:ViewManagerPropertyUpdater: Could not find generated setter for class com.swmansion.rnscreens.ScreensShadowNode
05-19 13:24:35.437 11546 11546 I Detox   : UIManagerModule is busy
05-19 13:24:35.510 11546 11546 I Detox   : UIManagerModule is busy
05-19 13:24:35.575 11546 11688 D SoLoader: libimagepipeline.so not found on /data/data/com.fakestore/lib-main
05-19 13:24:35.575 11546 11688 D SoLoader: libimagepipeline.so found on /data/app/~~RKRUMDUx2MQ0frhV5iumCw==/com.fakestore-4v1nZ-fyWPg17HNqVHjqJw==/lib/arm64
05-19 13:24:35.575 11546 11688 D SoLoader: Not resolving dependencies for libimagepipeline.so
05-19 13:24:35.583 11546 11546 I Detox   : Wait is over: App is now idle!
05-19 13:24:35.583 11546 11625 I DetoxWSClient: Sending out action 'ready' (ID #-1000)
05-19 13:24:35.584 11546 11625 I DetoxDispatcher: Done with action 'isReady'
05-19 13:24:35.585 11546 11625 I DetoxDispatcher: Handling action 'loginSuccess' (ID #0)...
05-19 13:24:35.585 11546 11625 I DetoxDispatcher: Done with action 'loginSuccess'
05-19 13:24:35.585 11546 11625 I DetoxDispatcher: Handling action 'isReady' (ID #-1000)...
05-19 13:24:35.589 11546 11546 I Detox   : Wait is over: App is now idle!
05-19 13:24:35.590 11546 11625 I DetoxWSClient: Sending out action 'ready' (ID #-1000)
05-19 13:24:35.590 11546 11625 I DetoxDispatcher: Done with action 'isReady'
05-19 13:24:35.701 11546 11627 D DetoxWSClient: Received action 'invoke' (ID #1, params={"target":{"type":"Class","value":"com.wix.detox.espresso.DetoxAssertion"},"method":"waitForAssertMatcher","args":[{"type":"Invocation","value":{"target":{"type":"Class","value":"androidx.test.espresso.Espresso"},"method":"onView","args":[{"type":"Invocation","value":{"target":{"type":"Class","value":"com.wix.detox.espresso.DetoxMatcher"},"method":"matcherForText","args":["Fake Store"]}}]}},{"type":"Invocation","value":{"target":{"type":"Class","value":"com.wix.detox.espresso.DetoxMatcher"},"method":"matcherForSufficientlyVisible","args":[{"type":"Integer","value":75}]}},{"type":"Double","value":3}]})
05-19 13:24:35.702 11546 11625 I DetoxDispatcher: Handling action 'invoke' (ID #1)...
05-19 13:24:35.705 11546 11625 D Detox   : class com.wix.detox.espresso.DetoxMatcher, matcherForText, [Fake Store]
05-19 13:24:35.720 11546 11625 D Detox   : class androidx.test.espresso.Espresso, onView, [(an instance of android.widget.TextView and view.getText() with or without transformation to match: is "Fake Store" and view has effective visibility <VISIBLE>)]
05-19 13:24:35.720 11546 11625 D Detox   : class com.wix.detox.espresso.DetoxMatcher, matcherForSufficientlyVisible, [75]
05-19 13:24:35.722 11546 11625 D Detox   : class com.wix.detox.espresso.DetoxAssertion, waitForAssertMatcher, [androidx.test.espresso.ViewInteraction@27046b4, (view has effective visibility <VISIBLE> and view.getGlobalVisibleRect() covers at least <75> percent of the view's area), 3.0]
05-19 13:24:35.987 11546 11546 W com.fakestore: Accessing hidden method Landroid/view/WindowManagerGlobal;->getInstance()Landroid/view/WindowManagerGlobal; (greylist, reflection, allowed)
05-19 13:24:35.987 11546 11546 W com.fakestore: Accessing hidden field Landroid/view/WindowManagerGlobal;->mViews:Ljava/util/ArrayList; (greylist, reflection, allowed)
05-19 13:24:35.987 11546 11546 W com.fakestore: Accessing hidden field Landroid/view/WindowManagerGlobal;->mParams:Ljava/util/ArrayList; (greylist, reflection, allowed)
05-19 13:24:35.992 11546 11546 I ViewInteraction: Checking 'MatchesViewAssertion(Detox){viewMatcher=(view has effective visibility <VISIBLE> and view.getGlobalVisibleRect() covers at least <75> percent of the view's area)}' assertion on view (an instance of android.widget.TextView and view.getText() with or without transformation to match: is "Fake Store" and view has effective visibility <VISIBLE>)
05-19 13:24:35.994 11546 11625 I DetoxWSClient: Sending out action 'invokeResult' (ID #1)
05-19 13:24:35.994 11546 11625 I DetoxDispatcher: Done with action 'invoke'
05-19 13:24:36.017 11546 11627 D DetoxWSClient: Received action 'invoke' (ID #2, params={"target":{"type":"Class","value":"com.wix.detox.espresso.DetoxAssertion"},"method":"waitForAssertMatcher","args":[{"type":"Invocation","value":{"target":{"type":"Class","value":"androidx.test.espresso.Espresso"},"method":"onView","args":[{"type":"Invocation","value":{"target":{"type":"Class","value":"com.wix.detox.espresso.DetoxMatcher"},"method":"matcherForText","args":["Find your Gadget"]}}]}},{"type":"Invocation","value":{"target":{"type":"Class","value":"com.wix.detox.espresso.DetoxMatcher"},"method":"matcherForSufficientlyVisible","args":[{"type":"Integer","value":75}]}},{"type":"Double","value":3}]})
05-19 13:24:36.018 11546 11625 I DetoxDispatcher: Handling action 'invoke' (ID #2)...
05-19 13:24:36.019 11546 11625 D Detox   : class com.wix.detox.espresso.DetoxMatcher, matcherForText, [Find your Gadget]
05-19 13:24:36.019 11546 11625 D Detox   : class androidx.test.espresso.Espresso, onView, [(an instance of android.widget.TextView and view.getText() with or without transformation to match: is "Find your Gadget" and view has effective visibility <VISIBLE>)]
05-19 13:24:36.020 11546 11625 D Detox   : class com.wix.detox.espresso.DetoxMatcher, matcherForSufficientlyVisible, [75]
05-19 13:24:36.020 11546 11625 D Detox   : class com.wix.detox.espresso.DetoxAssertion, waitForAssertMatcher, [androidx.test.espresso.ViewInteraction@4595e52, (view has effective visibility <VISIBLE> and view.getGlobalVisibleRect() covers at least <75> percent of the view's area), 3.0]
05-19 13:24:36.040 11546 11546 I ViewInteraction: Checking 'MatchesViewAssertion(Detox){viewMatcher=(view has effective visibility <VISIBLE> and view.getGlobalVisibleRect() covers at least <75> percent of the view's area)}' assertion on view (an instance of android.widget.TextView and view.getText() with or without transformation to match: is "Find your Gadget" and view has effective visibility <VISIBLE>)
05-19 13:24:36.544 11546 11546 I chatty  : uid=11045(com.fakestore) identical 14 lines
05-19 13:24:36.580 11546 11546 I ViewInteraction: Checking 'MatchesViewAssertion(Detox){viewMatcher=(view has effective visibility <VISIBLE> and view.getGlobalVisibleRect() covers at least <75> percent of the view's area)}' assertion on view (an instance of android.widget.TextView and view.getText() with or without transformation to match: is "Find your Gadget" and view has effective visibility <VISIBLE>)
05-19 13:24:36.616 11546 11546 I ViewInteraction: Checking 'MatchesViewAssertion(Detox){viewMatcher=(view has effective visibility <VISIBLE> and view.getGlobalVisibleRect() covers at least <75> percent of the view's area)}' assertion on view (an instance of android.widget.TextView and view.getText() with or without transformation to match: is "Find your Gadget" and view has effective visibility <VISIBLE>)
05-19 13:24:37.026 11546 11546 I chatty  : uid=11045(com.fakestore) identical 12 lines
05-19 13:24:37.061 11546 11546 I ViewInteraction: Checking 'MatchesViewAssertion(Detox){viewMatcher=(view has effective visibility <VISIBLE> and view.getGlobalVisibleRect() covers at least <75> percent of the view's area)}' assertion on view (an instance of android.widget.TextView and view.getText() with or without transformation to match: is "Find your Gadget" and view has effective visibility <VISIBLE>)
05-19 13:24:37.097 11546 11546 I ViewInteraction: Checking 'MatchesViewAssertion(Detox){viewMatcher=(view has effective visibility <VISIBLE> and view.getGlobalVisibleRect() covers at least <75> percent of the view's area)}' assertion on view (an instance of android.widget.TextView and view.getText() with or without transformation to match: is "Find your Gadget" and view has effective visibility <VISIBLE>)
05-19 13:24:37.132 11546 11546 I ViewInteraction: Checking 'MatchesViewAssertion(Detox){viewMatcher=(view has effective visibility <VISIBLE> and view.getGlobalVisibleRect() covers at least <75> percent of the view's area)}' assertion on view (an instance of android.widget.TextView and view.getText() with or without transformation to match: is "Find your Gadget" and view has effective visibility <VISIBLE>)
05-19 13:24:37.167 11546 11546 I ViewInteraction: Checking 'MatchesViewAssertion(Detox){viewMatcher=(view has effective visibility <VISIBLE> and view.getGlobalVisibleRect() covers at least <75> percent of the view's area)}' assertion on view (an instance of android.widget.TextView and view.getText() with or without transformation to match: is "Find your Gadget" and view has effective visibility <VISIBLE>)
05-19 13:24:37.305 11546 11546 I chatty  : uid=11045(com.fakestore) identical 4 lines
05-19 13:24:37.339 11546 11546 I ViewInteraction: Checking 'MatchesViewAssertion(Detox){viewMatcher=(view has effective visibility <VISIBLE> and view.getGlobalVisibleRect() covers at least <75> percent of the view's area)}' assertion on view (an instance of android.widget.TextView and view.getText() with or without transformation to match: is "Find your Gadget" and view has effective visibility <VISIBLE>)
05-19 13:24:37.363 11546 11546 D AsyncStorageIR: Async-storage is busy!
05-19 13:24:37.435 11546 11546 I Detox   : UIManagerModule is busy
05-19 13:24:37.478 11546 11546 I Detox   : UIManagerModule is busy
05-19 13:24:37.688 11546 11546 I ViewInteraction: Checking 'MatchesViewAssertion(Detox){viewMatcher=(view has effective visibility <VISIBLE> and view.getGlobalVisibleRect() covers at least <75> percent of the view's area)}' assertion on view (an instance of android.widget.TextView and view.getText() with or without transformation to match: is "Find your Gadget" and view has effective visibility <VISIBLE>)
05-19 13:24:37.689 11546 11625 I DetoxWSClient: Sending out action 'invokeResult' (ID #2)
05-19 13:24:37.690 11546 11625 I DetoxDispatcher: Done with action 'invoke'
05-19 13:24:37.704 11546 11627 D DetoxWSClient: Received action 'invoke' (ID #3, params={"target":{"type":"Class","value":"com.wix.detox.espresso.EspressoDetox"},"method":"perform","args":[{"type":"Invocation","value":{"target":{"type":"Class","value":"androidx.test.espresso.Espresso"},"method":"onView","args":[{"type":"Invocation","value":{"target":{"type":"Class","value":"com.wix.detox.espresso.DetoxMatcher"},"method":"matcherForText","args":["Get Started"]}}]}},{"type":"Invocation","value":{"target":{"type":"Class","value":"com.wix.detox.espresso.DetoxViewActions"},"method":"click","args":[]}}]})
05-19 13:24:37.705 11546 11625 I DetoxDispatcher: Handling action 'invoke' (ID #3)...
05-19 13:24:37.705 11546 11625 D Detox   : class com.wix.detox.espresso.DetoxMatcher, matcherForText, [Get Started]
05-19 13:24:37.705 11546 11625 D Detox   : class androidx.test.espresso.Espresso, onView, [(an instance of android.widget.TextView and view.getText() with or without transformation to match: is "Get Started" and view has effective visibility <VISIBLE>)]
05-19 13:24:37.706 11546 11625 D Detox   : class com.wix.detox.espresso.DetoxViewActions, click, []
05-19 13:24:37.707 11546 11625 W com.fakestore: Accessing hidden method Landroid/view/ViewConfiguration;->getDoubleTapMinTime()I (greylist, reflection, allowed)
05-19 13:24:37.710 11546 11625 D Detox   : class com.wix.detox.espresso.EspressoDetox, perform, [androidx.test.espresso.ViewInteraction@b9f9696, com.wix.detox.espresso.action.RNClickAction@d90217]
05-19 13:24:37.715 11546 11546 I ViewInteraction: Performing 'com.wix.detox.espresso.action.detoxsingletap@fd31604 click' action on view (an instance of android.widget.TextView and view.getText() with or without transformation to match: is "Get Started" and view has effective visibility <VISIBLE>)
--------- beginning of system
05-19 13:24:37.720 11546 11546 D ViewRootImpl: enqueueInputEventMotionEvent { action=ACTION_DOWN, actionButton=0, id[0]=0, x[0]=540.0, y[0]=1903.0, toolType[0]=TOOL_TYPE_UNKNOWN, buttonState=BUTTON_PRIMARY, classification=NONE, metaState=0, flags=0x0, edgeFlags=0x0, pointerCount=1, historySize=0, eventTime=104444816, downTime=104444816, deviceId=-1, source=0x1002, displayId=0 }
05-19 13:24:37.720 11546 11546 D ViewRootImpl[MainActivity]: processMotionEvent MotionEvent { action=ACTION_DOWN, actionButton=0, id[0]=0, x[0]=540.0, y[0]=1903.0, toolType[0]=TOOL_TYPE_UNKNOWN, buttonState=BUTTON_PRIMARY, classification=NONE, metaState=0, flags=0x0, edgeFlags=0x0, pointerCount=1, historySize=0, eventTime=104444816, downTime=104444816, deviceId=-1, source=0x1002, displayId=0 }
05-19 13:24:37.729 11546 11546 D ViewRootImpl[MainActivity]: dispatchPointerEvent handled=true, event=MotionEvent { action=ACTION_DOWN, actionButton=0, id[0]=0, x[0]=540.0, y[0]=1903.0, toolType[0]=TOOL_TYPE_UNKNOWN, buttonState=BUTTON_PRIMARY, classification=NONE, metaState=0, flags=0x0, edgeFlags=0x0, pointerCount=1, historySize=0, eventTime=104444816, downTime=104444816, deviceId=-1, source=0x1002, displayId=0 }
05-19 13:24:37.749 11546 11546 D ViewRootImpl[MainActivity]: processMotionEvent MotionEvent { action=ACTION_UP, actionButton=0, id[0]=0, x[0]=540.0, y[0]=1903.0, toolType[0]=TOOL_TYPE_UNKNOWN, buttonState=0, classification=NONE, metaState=0, flags=0x0, edgeFlags=0x0, pointerCount=1, historySize=0, eventTime=104444846, downTime=104444816, deviceId=-1, source=0x1002, displayId=0 }
05-19 13:24:37.754 11546 11546 D ViewRootImpl[MainActivity]: dispatchPointerEvent handled=true, event=MotionEvent { action=ACTION_UP, actionButton=0, id[0]=0, x[0]=540.0, y[0]=1903.0, toolType[0]=TOOL_TYPE_UNKNOWN, buttonState=0, classification=NONE, metaState=0, flags=0x0, edgeFlags=0x0, pointerCount=1, historySize=0, eventTime=104444846, downTime=104444816, deviceId=-1, source=0x1002, displayId=0 }
05-19 13:24:37.759 11546 11546 I Detox   : UIManagerModule is busy
05-19 13:24:37.843 11546 11569 I com.fakestore: ProcessProfilingInfo new_methods=7177 is saved saved_to_disk=1 resolve_classes_delay=5000
05-19 13:24:37.882 11546 11632 W unknown:ReactNative: Attempt to set local data for view with unknown tag: -1
05-19 13:24:37.889 11546 11632 W unknown:ReactNative: Attempt to set local data for view with unknown tag: -1
05-19 13:24:38.675 11546 11625 I DetoxWSClient: Sending out action 'invokeResult' (ID #3)
05-19 13:24:38.676 11546 11625 I DetoxDispatcher: Done with action 'invoke'
05-19 13:24:38.689 11546 11627 D DetoxWSClient: Received action 'invoke' (ID #4, params={"target":{"type":"Class","value":"com.wix.detox.espresso.DetoxAssertion"},"method":"assertMatcher","args":[{"type":"Invocation","value":{"target":{"type":"Class","value":"androidx.test.espresso.Espresso"},"method":"onView","args":[{"type":"Invocation","value":{"target":{"type":"Class","value":"com.wix.detox.espresso.DetoxMatcher"},"method":"matcherForText","args":["Welcome Back"]}}]}},{"type":"Invocation","value":{"target":{"type":"Class","value":"com.wix.detox.espresso.DetoxMatcher"},"method":"matcherForSufficientlyVisible","args":[{"type":"Integer","value":75}]}}]})
05-19 13:24:38.690 11546 11625 I DetoxDispatcher: Handling action 'invoke' (ID #4)...
05-19 13:24:38.690 11546 11625 D Detox   : class com.wix.detox.espresso.DetoxMatcher, matcherForText, [Welcome Back]
05-19 13:24:38.691 11546 11625 D Detox   : class androidx.test.espresso.Espresso, onView, [(an instance of android.widget.TextView and view.getText() with or without transformation to match: is "Welcome Back" and view has effective visibility <VISIBLE>)]
05-19 13:24:38.692 11546 11625 D Detox   : class com.wix.detox.espresso.DetoxMatcher, matcherForSufficientlyVisible, [75]
05-19 13:24:38.692 11546 11625 D Detox   : class com.wix.detox.espresso.DetoxAssertion, assertMatcher, [androidx.test.espresso.ViewInteraction@a4d789e, (view has effective visibility <VISIBLE> and view.getGlobalVisibleRect() covers at least <75> percent of the view's area)]
05-19 13:24:38.699 11546 11546 I ViewInteraction: Checking 'MatchesViewAssertion(Detox){viewMatcher=(view has effective visibility <VISIBLE> and view.getGlobalVisibleRect() covers at least <75> percent of the view's area)}' assertion on view (an instance of android.widget.TextView and view.getText() with or without transformation to match: is "Welcome Back" and view has effective visibility <VISIBLE>)
05-19 13:24:38.701 11546 11625 I DetoxWSClient: Sending out action 'invokeResult' (ID #4)
05-19 13:24:38.702 11546 11625 I DetoxDispatcher: Done with action 'invoke'
