--------- beginning of main
05-19 12:25:48.409 17720 17720 I com.fakestore: Late-enabling -Xcheck:jni
05-19 12:25:48.431 17720 17720 I com.fakestore: Unquickening 21 vdex files!
05-19 12:25:48.431 17720 17720 E com.fakestore: Unknown bits set in runtime_flags: 0x40000000
05-19 12:25:48.451 17720 17720 E RefClass: java.lang.reflect.InvocationTargetException
05-19 12:25:48.481 17720 17720 I oplus.android.OplusFrameworkFactoryImpl: get feature:IOplusScreenModeFeature
05-19 12:25:48.481 17720 17720 I oplus.android.OplusFrameworkFactoryImpl: getOplusScreenModeFeature
05-19 12:25:48.498 17720 17720 E libc    : Access denied finding property "ro.odm.prev.product.name"
--------- beginning of system
05-19 12:25:48.503 17720 17720 W ActivityThread: Package uses different ABI(s) than its instrumentation: package[com.fakestore]: arm64-v8a, null instrumentation[com.fakestore.test]: null, null
05-19 12:25:48.511 17720 17720 I com.fakestore: The ClassLoaderContext is a special shared library.
05-19 12:25:48.512 17720 17720 I chatty  : uid=11017(com.fakestore) identical 1 line
05-19 12:25:48.514 17720 17720 I com.fakestore: The ClassLoaderContext is a special shared library.
05-19 12:25:48.753 17720 17720 I Perf    : Connecting to perf service.
05-19 12:25:48.768 17720 17720 D ApplicationLoaders: Returning zygote-cached class loader: /system/framework/android.test.base.jar
05-19 12:25:48.768 17720 17720 D ApplicationLoaders: Returning zygote-cached class loader: /system/framework/android.test.base.jar
05-19 12:25:48.770 17720 17720 I com.fakestore: The ClassLoaderContext is a special shared library.
05-19 12:25:48.774 17720 17720 D ApplicationLoaders: Returning zygote-cached class loader: /system/framework/android.test.base.jar
05-19 12:25:48.774 17720 17720 D ApplicationLoaders: Returning zygote-cached class loader: /system/framework/android.test.base.jar
05-19 12:25:48.775 17720 17720 I com.fakestore: The ClassLoaderContext is a special shared library.
05-19 12:25:48.782 17720 17720 I chatty  : uid=11017(com.fakestore) identical 2 lines
05-19 12:25:48.783 17720 17720 I com.fakestore: The ClassLoaderContext is a special shared library.
05-19 12:25:49.001 17720 17720 W com.fakestore: Accessing hidden method Landroid/app/Instrumentation;->execStartActivity(Landroid/content/Context;Landroid/os/IBinder;Landroid/os/IBinder;Landroid/app/Activity;Landroid/content/Intent;ILandroid/os/Bundle;)Landroid/app/Instrumentation$ActivityResult; (greylist, linking, allowed)
05-19 12:25:49.001 17720 17720 W com.fakestore: Accessing hidden method Landroid/app/Instrumentation;->execStartActivity(Landroid/content/Context;Landroid/os/IBinder;Landroid/os/IBinder;Ljava/lang/String;Landroid/content/Intent;ILandroid/os/Bundle;)Landroid/app/Instrumentation$ActivityResult; (greylist, linking, allowed)
05-19 12:25:49.007 17720 17720 D NetworkSecurityConfig: Using Network Security Config from resource network_security_config debugBuild: true
05-19 12:25:49.008 17720 17720 D NetworkSecurityConfig: Using Network Security Config from resource network_security_config debugBuild: true
05-19 12:25:49.008 17720 17720 I MonitoringInstr: newApplication called!
05-19 12:25:49.025 17720 17720 I MonitoringInstr: Instrumentation started!
05-19 12:25:49.031 17720 17720 I AndroidJUnitRunner: onCreate Bundle[{debug=false, detoxServer=ws://localhost:50328, detoxSessionId=ed2cc38e-fd7c-9aa5-b92b-8f99036ec3e1}]
05-19 12:25:49.032 17720 17720 V TestEventClient: No service name argument was given (testDiscoveryService, testRunEventService or orchestratorService)
05-19 12:25:49.035 17720 17750 D AndroidJUnitRunner: onStart is called.
05-19 12:25:49.041 17720 17720 V fb-UnpackingSoSource: locked dso store /data/user/0/com.fakestore/lib-main
05-19 12:25:49.043 17720 17720 V fb-UnpackingSoSource: deps mismatch on deps store: regenerating
05-19 12:25:49.043 17720 17720 V fb-UnpackingSoSource: so store dirty: regenerating
05-19 12:25:49.290 17720 17720 D ApkSoSource: not allowing consideration of lib/arm64-v8a/libc++_shared.so: deferring to libdir
05-19 12:25:49.290 17720 17720 D ApkSoSource: not allowing consideration of lib/arm64-v8a/libevent-2.1.so: deferring to libdir
05-19 12:25:49.291 17720 17720 D ApkSoSource: not allowing consideration of lib/arm64-v8a/libevent_core-2.1.so: deferring to libdir
05-19 12:25:49.291 17720 17720 D ApkSoSource: not allowing consideration of lib/arm64-v8a/libevent_extra-2.1.so: deferring to libdir
05-19 12:25:49.291 17720 17720 D ApkSoSource: not allowing consideration of lib/arm64-v8a/libfabricjni.so: deferring to libdir
05-19 12:25:49.291 17720 17720 D ApkSoSource: not allowing consideration of lib/arm64-v8a/libfb.so: deferring to libdir
05-19 12:25:49.291 17720 17720 D ApkSoSource: not allowing consideration of lib/arm64-v8a/libfbjni.so: deferring to libdir
05-19 12:25:49.291 17720 17720 D ApkSoSource: not allowing consideration of lib/arm64-v8a/libflipper.so: deferring to libdir
05-19 12:25:49.291 17720 17720 D ApkSoSource: not allowing consideration of lib/arm64-v8a/libfolly_runtime.so: deferring to libdir
05-19 12:25:49.291 17720 17720 D ApkSoSource: not allowing consideration of lib/arm64-v8a/libglog.so: deferring to libdir
05-19 12:25:49.291 17720 17720 D ApkSoSource: not allowing consideration of lib/arm64-v8a/libglog_init.so: deferring to libdir
05-19 12:25:49.291 17720 17720 D ApkSoSource: not allowing consideration of lib/arm64-v8a/libimagepipeline.so: deferring to libdir
05-19 12:25:49.291 17720 17720 D ApkSoSource: not allowing consideration of lib/arm64-v8a/libjsc.so: deferring to libdir
05-19 12:25:49.292 17720 17720 D ApkSoSource: not allowing consideration of lib/arm64-v8a/libjscexecutor.so: deferring to libdir
05-19 12:25:49.292 17720 17720 D ApkSoSource: not allowing consideration of lib/arm64-v8a/libjsi.so: deferring to libdir
05-19 12:25:49.292 17720 17720 D ApkSoSource: not allowing consideration of lib/arm64-v8a/libjsijniprofiler.so: deferring to libdir
05-19 12:25:49.292 17720 17720 D ApkSoSource: not allowing consideration of lib/arm64-v8a/libjsinspector.so: deferring to libdir
05-19 12:25:49.292 17720 17720 D ApkSoSource: not allowing consideration of lib/arm64-v8a/liblogger.so: deferring to libdir
05-19 12:25:49.292 17720 17720 D ApkSoSource: not allowing consideration of lib/arm64-v8a/libmapbufferjni.so: deferring to libdir
05-19 12:25:49.292 17720 17720 D ApkSoSource: not allowing consideration of lib/arm64-v8a/libnative-filters.so: deferring to libdir
05-19 12:25:49.292 17720 17720 D ApkSoSource: not allowing consideration of lib/arm64-v8a/libnative-imagetranscoder.so: deferring to libdir
05-19 12:25:49.292 17720 17720 D ApkSoSource: not allowing consideration of lib/arm64-v8a/libreact_codegen_rncore.so: deferring to libdir
05-19 12:25:49.293 17720 17720 D ApkSoSource: not allowing consideration of lib/arm64-v8a/libreact_config.so: deferring to libdir
05-19 12:25:49.293 17720 17720 D ApkSoSource: not allowing consideration of lib/arm64-v8a/libreact_debug.so: deferring to libdir
05-19 12:25:49.293 17720 17720 D ApkSoSource: not allowing consideration of lib/arm64-v8a/libreact_nativemodule_core.so: deferring to libdir
05-19 12:25:49.293 17720 17720 D ApkSoSource: not allowing consideration of lib/arm64-v8a/libreact_render_animations.so: deferring to libdir
05-19 12:25:49.293 17720 17720 D ApkSoSource: not allowing consideration of lib/arm64-v8a/libreact_render_attributedstring.so: deferring to libdir
05-19 12:25:49.293 17720 17720 D ApkSoSource: not allowing consideration of lib/arm64-v8a/libreact_render_componentregistry.so: deferring to libdir
05-19 12:25:49.293 17720 17720 D ApkSoSource: not allowing consideration of lib/arm64-v8a/libreact_render_core.so: deferring to libdir
05-19 12:25:49.293 17720 17720 D ApkSoSource: not allowing consideration of lib/arm64-v8a/libreact_render_debug.so: deferring to libdir
05-19 12:25:49.293 17720 17720 D ApkSoSource: not allowing consideration of lib/arm64-v8a/libreact_render_graphics.so: deferring to libdir
05-19 12:25:49.293 17720 17720 D ApkSoSource: not allowing consideration of lib/arm64-v8a/libreact_render_imagemanager.so: deferring to libdir
05-19 12:25:49.293 17720 17720 D ApkSoSource: not allowing consideration of lib/arm64-v8a/libreact_render_leakchecker.so: deferring to libdir
05-19 12:25:49.293 17720 17720 D ApkSoSource: not allowing consideration of lib/arm64-v8a/libreact_render_mapbuffer.so: deferring to libdir
05-19 12:25:49.293 17720 17720 D ApkSoSource: not allowing consideration of lib/arm64-v8a/libreact_render_mounting.so: deferring to libdir
05-19 12:25:49.294 17720 17720 D ApkSoSource: not allowing consideration of lib/arm64-v8a/libreact_render_runtimescheduler.so: deferring to libdir
05-19 12:25:49.294 17720 17720 D ApkSoSource: not allowing consideration of lib/arm64-v8a/libreact_render_scheduler.so: deferring to libdir
05-19 12:25:49.294 17720 17720 D ApkSoSource: not allowing consideration of lib/arm64-v8a/libreact_render_telemetry.so: deferring to libdir
05-19 12:25:49.294 17720 17720 D ApkSoSource: not allowing consideration of lib/arm64-v8a/libreact_render_templateprocessor.so: deferring to libdir
05-19 12:25:49.294 17720 17720 D ApkSoSource: not allowing consideration of lib/arm64-v8a/libreact_render_textlayoutmanager.so: deferring to libdir
05-19 12:25:49.294 17720 17720 D ApkSoSource: not allowing consideration of lib/arm64-v8a/libreact_render_uimanager.so: deferring to libdir
05-19 12:25:49.294 17720 17720 D ApkSoSource: not allowing consideration of lib/arm64-v8a/libreact_utils.so: deferring to libdir
05-19 12:25:49.294 17720 17720 D ApkSoSource: not allowing consideration of lib/arm64-v8a/libreactnativeblob.so: deferring to libdir
05-19 12:25:49.294 17720 17720 D ApkSoSource: not allowing consideration of lib/arm64-v8a/libreactnativejni.so: deferring to libdir
05-19 12:25:49.294 17720 17720 D ApkSoSource: not allowing consideration of lib/arm64-v8a/libreactnativeutilsjni.so: deferring to libdir
05-19 12:25:49.294 17720 17720 D ApkSoSource: not allowing consideration of lib/arm64-v8a/libreactperfloggerjni.so: deferring to libdir
05-19 12:25:49.294 17720 17720 D ApkSoSource: not allowing consideration of lib/arm64-v8a/librrc_image.so: deferring to libdir
05-19 12:25:49.295 17720 17720 D ApkSoSource: not allowing consideration of lib/arm64-v8a/librrc_root.so: deferring to libdir
05-19 12:25:49.295 17720 17720 D ApkSoSource: not allowing consideration of lib/arm64-v8a/librrc_scrollview.so: deferring to libdir
05-19 12:25:49.295 17720 17720 D ApkSoSource: not allowing consideration of lib/arm64-v8a/librrc_text.so: deferring to libdir
05-19 12:25:49.295 17720 17720 D ApkSoSource: not allowing consideration of lib/arm64-v8a/librrc_textinput.so: deferring to libdir
05-19 12:25:49.295 17720 17720 D ApkSoSource: not allowing consideration of lib/arm64-v8a/librrc_unimplementedview.so: deferring to libdir
05-19 12:25:49.295 17720 17720 D ApkSoSource: not allowing consideration of lib/arm64-v8a/librrc_view.so: deferring to libdir
05-19 12:25:49.295 17720 17720 D ApkSoSource: not allowing consideration of lib/arm64-v8a/libruntimeexecutor.so: deferring to libdir
05-19 12:25:49.295 17720 17720 D ApkSoSource: not allowing consideration of lib/arm64-v8a/libturbomodulejsijni.so: deferring to libdir
05-19 12:25:49.295 17720 17720 D ApkSoSource: not allowing consideration of lib/arm64-v8a/libyoga.so: deferring to libdir
05-19 12:25:49.295 17720 17720 V fb-UnpackingSoSource: regenerating DSO store com.facebook.soloader.ApkSoSource
05-19 12:25:49.296 17720 17720 V fb-UnpackingSoSource: Finished regenerating DSO store com.facebook.soloader.ApkSoSource
05-19 12:25:49.296 17720 17720 V fb-UnpackingSoSource: starting syncer worker
05-19 12:25:49.299 17720 17720 V fb-UnpackingSoSource: releasing dso store lock for /data/user/0/com.fakestore/lib-main (from syncer thread)
05-19 12:25:49.299 17720 17720 V fb-UnpackingSoSource: not releasing dso store lock for /data/user/0/com.fakestore/lib-main (syncer thread started)
05-19 12:25:49.311 17720 17720 D SoLoader: libjscexecutor.so not found on /data/data/com.fakestore/lib-main
05-19 12:25:49.311 17720 17720 D SoLoader: libjscexecutor.so found on /data/app/~~XH71AeDxfaoasXcuuucmkQ==/com.fakestore-2oLlCGH9fLRLzsQmtGIMeQ==/lib/arm64
05-19 12:25:49.311 17720 17720 D SoLoader: Not resolving dependencies for libjscexecutor.so
05-19 12:25:49.325 17720 17720 D JavaScriptCore.Version: 250230.2.1
05-19 12:25:49.409 17720 17720 E Parcel  : Reading a NULL string not supported here.
05-19 12:25:49.412 17720 17720 I chatty  : uid=11017(com.fakestore) identical 26 lines
05-19 12:25:49.412 17720 17720 E Parcel  : Reading a NULL string not supported here.
05-19 12:25:49.413 17720 17720 V SensorManager: RegisterListener bmi160 Accelerometer Non-wakeup type:1 delay:66667us by com.facebook.react.common.ShakeDetector
05-19 12:25:49.413 17720 17720 E Parcel  : Reading a NULL string not supported here.
05-19 12:25:49.470 17720 17762 D SoLoader: libfbjni.so not found on /data/data/com.fakestore/lib-main
05-19 12:25:49.470 17720 17762 D SoLoader: libfbjni.so found on /data/app/~~XH71AeDxfaoasXcuuucmkQ==/com.fakestore-2oLlCGH9fLRLzsQmtGIMeQ==/lib/arm64
05-19 12:25:49.470 17720 17762 D SoLoader: Not resolving dependencies for libfbjni.so
05-19 12:25:49.475 17720 17762 D SoLoader: libflipper.so not found on /data/data/com.fakestore/lib-main
05-19 12:25:49.476 17720 17762 D SoLoader: libflipper.so found on /data/app/~~XH71AeDxfaoasXcuuucmkQ==/com.fakestore-2oLlCGH9fLRLzsQmtGIMeQ==/lib/arm64
05-19 12:25:49.476 17720 17762 D SoLoader: Not resolving dependencies for libflipper.so
05-19 12:25:49.567 17720 17720 W com.fakestore: Accessing hidden field Landroid/view/View;->mKeyedTags:Landroid/util/SparseArray; (greylist, reflection, allowed)
05-19 12:25:49.567 17720 17720 W com.fakestore: Accessing hidden field Landroid/view/View;->mListenerInfo:Landroid/view/View$ListenerInfo; (greylist, reflection, allowed)
05-19 12:25:49.567 17720 17720 W com.fakestore: Accessing hidden field Landroid/view/View$ListenerInfo;->mOnClickListener:Landroid/view/View$OnClickListener; (greylist, reflection, allowed)
05-19 12:25:49.576 17720 17720 I flipper : flipper: FlipperClient::addPlugin Inspector
05-19 12:25:49.576 17720 17720 I flipper : flipper: FlipperClient::addPlugin React
05-19 12:25:49.579 17720 17720 I flipper : flipper: FlipperClient::addPlugin Databases
05-19 12:25:49.581 17720 17720 I flipper : flipper: FlipperClient::addPlugin Preferences
05-19 12:25:49.582 17720 17720 I flipper : flipper: FlipperClient::addPlugin CrashReporter
05-19 12:25:49.587 17720 17720 I flipper : flipper: FlipperClient::addPlugin Network
05-19 12:25:49.628 17720 17760 W System.err: SLF4J: Failed to load class "org.slf4j.impl.StaticLoggerBinder".
05-19 12:25:49.629 17720 17760 W System.err: SLF4J: Defaulting to no-operation (NOP) logger implementation
05-19 12:25:49.629 17720 17760 W System.err: SLF4J: See http://www.slf4j.org/codes.html#StaticLoggerBinder for further details.
05-19 12:25:49.633 17720 17750 D TestRequestBuilder: Using class path scanning to discover tests
05-19 12:25:49.633 17720 17750 I TestRequestBuilder: Scanning classpath to find tests in paths [/data/app/~~pEMAVuGQHkuuI65-_7X-uA==/com.fakestore.test-GhpSd3XN8ZuwJQvLaFAbqA==/base.apk]
05-19 12:25:49.635 17720 17750 I System  : Opening DexFile: /data/app/~~pEMAVuGQHkuuI65-_7X-uA==/com.fakestore.test-GhpSd3XN8ZuwJQvLaFAbqA==/base.apk
05-19 12:25:49.636 17720 17750 W com.fakestore: Opening an oat file without a class loader. Are you using the deprecated DexFile APIs?
05-19 12:25:49.861 17720 17750 W com.fakestore: Unable to resolve Lcom/google/android/apps/common/testing/accessibility/framework/AccessibilityHierarchyCheckResult; annotation class 5201
05-19 12:25:49.862 17720 17750 I chatty  : uid=11017(com.fakestore) roidJUnitRunner identical 2 lines
05-19 12:25:49.862 17720 17750 W com.fakestore: Unable to resolve Lcom/google/android/apps/common/testing/accessibility/framework/AccessibilityHierarchyCheckResult; annotation class 5201
05-19 12:25:49.863 17720 17750 W com.fakestore: Unable to resolve Lcom/google/android/apps/common/testing/accessibility/framework/AccessibilityViewCheckResult; annotation class 5201
05-19 12:25:49.864 17720 17750 W com.fakestore: Unable to resolve Lcom/google/android/apps/common/testing/accessibility/framework/ClusteringUtils; annotation class 5201
05-19 12:25:49.866 17720 17750 W com.fakestore: Unable to resolve Lcom/google/android/apps/common/testing/accessibility/framework/Question; annotation class 5201
05-19 12:25:49.871 17720 17750 W com.fakestore: Unable to resolve Lcom/google/android/apps/common/testing/accessibility/framework/replacements/TextUtils; annotation class 5200
05-19 12:25:49.874 17720 17750 W com.fakestore: Unable to resolve Lcom/google/android/apps/common/testing/accessibility/framework/uielement/ViewHierarchyElement; annotation class 5201
05-19 12:25:49.875 17720 17750 I chatty  : uid=11017(com.fakestore) roidJUnitRunner identical 2 lines
05-19 12:25:49.875 17720 17750 W com.fakestore: Unable to resolve Lcom/google/android/apps/common/testing/accessibility/framework/uielement/ViewHierarchyElement; annotation class 5201
05-19 12:25:49.876 17720 17750 W com.fakestore: Unable to resolve Lcom/google/android/apps/common/testing/accessibility/framework/uielement/ViewHierarchyElementAndroid; annotation class 5201
05-19 12:25:49.876 17720 17750 I chatty  : uid=11017(com.fakestore) roidJUnitRunner identical 2 lines
05-19 12:25:49.876 17720 17750 W com.fakestore: Unable to resolve Lcom/google/android/apps/common/testing/accessibility/framework/uielement/ViewHierarchyElementAndroid; annotation class 5201
05-19 12:25:49.876 17720 17750 W com.fakestore: Unable to resolve Lcom/google/android/apps/common/testing/accessibility/framework/uielement/ViewHierarchyElement; annotation class 5201
05-19 12:25:49.877 17720 17750 W com.fakestore: Unable to resolve Lcom/google/android/apps/common/testing/accessibility/framework/uielement/ViewHierarchyElement; annotation class 5201
05-19 12:25:50.044 17720 17750 D AndroidJUnitRunner: Use the raw file system for managing file I/O.
05-19 12:25:50.047 17720 17750 D TestExecutor: Adding listener androidx.test.internal.runner.listener.LogRunListener
05-19 12:25:50.048 17720 17750 D TestExecutor: Adding listener androidx.test.internal.runner.listener.InstrumentationResultPrinter
05-19 12:25:50.048 17720 17750 D TestExecutor: Adding listener androidx.test.internal.runner.listener.ActivityFinisherRunListener
05-19 12:25:50.048 17720 17750 D TestExecutor: Adding listener androidx.test.internal.runner.listener.TraceRunListener
05-19 12:25:50.050 17720 17750 I TestRunner: run started: 1 tests
05-19 12:25:50.051 17720 17750 I TestRunner: started: runDetoxTests(com.fakestore.DetoxTest)
05-19 12:25:50.071 17720 17750 D EventInjectionStrategy: Creating injection strategy with input manager.
05-19 12:25:50.071 17720 17750 W com.fakestore: Accessing hidden method Landroid/hardware/input/InputManager;->getInstance()Landroid/hardware/input/InputManager; (greylist, reflection, allowed)
05-19 12:25:50.071 17720 17750 W com.fakestore: Accessing hidden method Landroid/hardware/input/InputManager;->injectInputEvent(Landroid/view/InputEvent;I)Z (greylist, reflection, allowed)
05-19 12:25:50.071 17720 17750 W com.fakestore: Accessing hidden field Landroid/hardware/input/InputManager;->INJECT_INPUT_EVENT_MODE_WAIT_FOR_FINISH:I (greylist, reflection, allowed)
05-19 12:25:50.091 17720 17750 W com.fakestore: Accessing hidden field Ljava/lang/reflect/Field;->accessFlags:I (greylist, reflection, allowed)
05-19 12:25:50.106 17720 17778 E Parcel  : Reading a NULL string not supported here.
05-19 12:25:50.205 17720 17786 E libEGL  : Invalid file path for libcolorx-loader.so
05-19 12:25:50.254 17720 17720 I oplus.android.OplusFrameworkFactoryImpl: getOplusRedPacketManager
05-19 12:25:50.256 17720 17720 D LifecycleMonitor: Lifecycle status change: com.fakestore.MainActivity@3d6720 in: PRE_ON_CREATE
05-19 12:25:50.315 17720 17720 W com.fakestore: Accessing hidden method Landroid/view/View;->computeFitSystemWindows(Landroid/graphics/Rect;Landroid/graphics/Rect;)Z (greylist, reflection, allowed)
05-19 12:25:50.316 17720 17720 W com.fakestore: Accessing hidden method Landroid/view/ViewGroup;->makeOptionalFitsSystemWindows()V (greylist, reflection, allowed)
05-19 12:25:50.320 17720 17720 D LifecycleMonitor: Lifecycle status change: com.fakestore.MainActivity@3d6720 in: CREATED
05-19 12:25:50.324 17720 17720 D LifecycleMonitor: Lifecycle status change: com.fakestore.MainActivity@3d6720 in: STARTED
05-19 12:25:50.326 17720 17720 D LifecycleMonitor: Lifecycle status change: com.fakestore.MainActivity@3d6720 in: RESUMED
05-19 12:25:50.340 17720 17720 I OplusFeatureCache: Milliseconds spent on init(): 7
05-19 12:25:50.352 17720 17720 D OplusSlideAnimOptHelper: scrollEffectOpt enable = false
05-19 12:25:50.355 17720 17720 D ColorViewRootUtil: initSwipState, isDisplayCompatApp false
05-19 12:25:50.356 17720 17720 D ColorViewRootUtil: mScreenHeight 2400, mScreenWidth 1080
05-19 12:25:50.359 17720 17720 D WindowManager: Add to mViews: DecorView@3920cbd[MainActivity],pkg= com.fakestore
05-19 12:25:50.386 17720 17720 W unknown:ReactNative: Packager connection already open, nooping.
05-19 12:25:50.403 17720 17720 V OplusZoomWindowDecorViewHelper: setLastReportedMergedConfiguration mZoomDisplayHeight: 2400 getDecorView.DecorView@3920cbd[MainActivity]
05-19 12:25:50.405 17720 17784 E libEGL  : Invalid file path for libcolorx-loader.so
05-19 12:25:50.405 17720 17784 I AdrenoGLES-0: QUALCOMM build                   : 3142bdd, I7afe4835b7
05-19 12:25:50.405 17720 17784 I AdrenoGLES-0: Build Date                       : 09/16/20
05-19 12:25:50.405 17720 17784 I AdrenoGLES-0: OpenGL ES Shader Compiler Version: EV031.32.02.00
05-19 12:25:50.405 17720 17784 I AdrenoGLES-0: Local Branch                     : 
05-19 12:25:50.405 17720 17784 I AdrenoGLES-0: Remote Branch                    : 
05-19 12:25:50.405 17720 17784 I AdrenoGLES-0: Remote Branch                    : 
05-19 12:25:50.405 17720 17784 I AdrenoGLES-0: Reconstruct Branch               : 
05-19 12:25:50.405 17720 17784 I AdrenoGLES-0: Build Config                     : S P 10.0.6 AArch64
05-19 12:25:50.405 17720 17784 I AdrenoGLES-0: Driver Path                      : /vendor/lib64/egl/libGLESv2_adreno.so
05-19 12:25:50.412 17720 17784 I AdrenoGLES-0: PFP: 0x016ee190, ME: 0x00000000
05-19 12:25:50.418 17720 17784 E libEGL  : Invalid file path for libcolorx-loader.so
05-19 12:25:50.422 17720 17784 I chatty  : uid=11017(com.fakestore) RenderThread identical 65 lines
05-19 12:25:50.422 17720 17784 E libEGL  : Invalid file path for libcolorx-loader.so
05-19 12:25:50.459 17720 17720 E OplusCustomizeRestrictionManager: sInstance is null, start a new sInstance
05-19 12:25:50.492 17720 17720 D ColorViewRootUtil: initSwipState, isDisplayCompatApp false
05-19 12:25:50.492 17720 17720 D ColorViewRootUtil: mScreenHeight 2400, mScreenWidth 1080
05-19 12:25:50.493 17720 17720 D WindowManager: Add to mViews: android.widget.PopupWindow$PopupDecorView{c3c71f3 V.E...... R.....I. 0,0-0,0},pkg= com.fakestore
05-19 12:25:50.603 17720 17766 D SoLoader: libreactnativejni.so not found on /data/data/com.fakestore/lib-main
05-19 12:25:50.603 17720 17766 D SoLoader: libreactnativejni.so found on /data/app/~~XH71AeDxfaoasXcuuucmkQ==/com.fakestore-2oLlCGH9fLRLzsQmtGIMeQ==/lib/arm64
05-19 12:25:50.603 17720 17766 D SoLoader: Not resolving dependencies for libreactnativejni.so
05-19 12:25:50.610 17720 17750 I Detox   : Detox server connection details: url=ws://localhost:50328, sessionId=ed2cc38e-fd7c-9aa5-b92b-8f99036ec3e1
05-19 12:25:50.624 17720 17795 I DetoxDispatcher: Handling action '_init' (ID #0)...
05-19 12:25:50.624 17720 17795 I Detox   : Connecting to server...
05-19 12:25:50.624 17720 17795 I DetoxWSClient: At connectToServer
05-19 12:25:50.841 17720 17801 E Parcel  : Reading a NULL string not supported here.
05-19 12:25:51.193 17720 17797 D DetoxWSClient: At onOpen
05-19 12:25:51.193 17720 17797 I DetoxWSClient: Sending out action 'login' (ID #0)
05-19 12:25:51.195 17720 17797 I Detox   : Connected to server!
05-19 12:25:51.399 17720 17797 D DetoxWSClient: Received action 'loginSuccess' (ID #0, params={"testerConnected":true,"appConnected":true})
05-19 12:25:51.430 17720 17797 D DetoxWSClient: Received action 'isReady' (ID #-1000, params={})
05-19 12:25:51.820 17720 17805 V AsyncStorageExpoMigration: No scoped database found
05-19 12:25:51.835 17720 17805 W unknown:ReactContext: initializeMessageQueueThreads() is called.
05-19 12:25:51.844 17720 17720 W unknown:ReactNative: Packager connection already open, nooping.
05-19 12:25:51.884 17720 17807 W unknown:ViewManagerPropertyUpdater: Could not find generated setter for class com.facebook.react.views.drawer.ReactDrawerLayoutManager
05-19 12:25:51.889 17720 17807 W unknown:ViewManagerPropertyUpdater: Could not find generated setter for class com.facebook.react.uimanager.LayoutShadowNode
05-19 12:25:51.891 17720 17807 W unknown:ViewManagerPropertyUpdater: Could not find generated setter for class com.facebook.react.views.scroll.ReactHorizontalScrollViewManager
05-19 12:25:51.893 17720 17807 W unknown:ViewManagerPropertyUpdater: Could not find generated setter for class com.facebook.react.views.scroll.ReactHorizontalScrollContainerViewManager
05-19 12:25:51.894 17720 17807 W unknown:ViewManagerPropertyUpdater: Could not find generated setter for class com.facebook.react.views.progressbar.ReactProgressBarViewManager
05-19 12:25:51.895 17720 17807 W unknown:ViewManagerPropertyUpdater: Could not find generated setter for class com.facebook.react.views.progressbar.ProgressBarShadowNode
05-19 12:25:51.897 17720 17807 W unknown:ViewManagerPropertyUpdater: Could not find generated setter for class com.facebook.react.views.scroll.ReactScrollViewManager
05-19 12:25:51.899 17720 17807 W unknown:ViewManagerPropertyUpdater: Could not find generated setter for class com.facebook.react.views.slider.ReactSliderManager
05-19 12:25:51.900 17720 17807 W unknown:ViewManagerPropertyUpdater: Could not find generated setter for class com.facebook.react.views.slider.ReactSliderManager$ReactSliderShadowNode
05-19 12:25:51.901 17720 17807 W unknown:ViewManagerPropertyUpdater: Could not find generated setter for class com.facebook.react.views.switchview.ReactSwitchManager
05-19 12:25:51.902 17720 17807 W unknown:ViewManagerPropertyUpdater: Could not find generated setter for class com.facebook.react.views.switchview.ReactSwitchManager$ReactSwitchShadowNode
05-19 12:25:51.903 17720 17807 W unknown:ViewManagerPropertyUpdater: Could not find generated setter for class com.facebook.react.views.swiperefresh.SwipeRefreshLayoutManager
05-19 12:25:51.904 17720 17807 W unknown:ViewManagerPropertyUpdater: Could not find generated setter for class com.facebook.react.views.text.frescosupport.FrescoBasedReactTextInlineImageViewManager
05-19 12:25:51.904 17720 17807 W unknown:ViewManagerPropertyUpdater: Could not find generated setter for class com.facebook.react.views.text.frescosupport.FrescoBasedReactTextInlineImageShadowNode
05-19 12:25:51.905 17720 17807 W unknown:ViewManagerPropertyUpdater: Could not find generated setter for class com.facebook.react.views.image.ReactImageManager
05-19 12:25:51.907 17720 17807 W unknown:ViewManagerPropertyUpdater: Could not find generated setter for class com.facebook.react.views.modal.ReactModalHostManager
05-19 12:25:51.908 17720 17807 W unknown:ViewManagerPropertyUpdater: Could not find generated setter for class com.facebook.react.views.modal.ModalHostShadowNode
05-19 12:25:51.909 17720 17807 W unknown:ViewManagerPropertyUpdater: Could not find generated setter for class com.facebook.react.views.text.ReactRawTextManager
05-19 12:25:51.909 17720 17807 W unknown:ViewManagerPropertyUpdater: Could not find generated setter for class com.facebook.react.views.text.ReactRawTextShadowNode
05-19 12:25:51.910 17720 17807 W unknown:ViewManagerPropertyUpdater: Could not find generated setter for class com.facebook.react.views.textinput.ReactTextInputManager
05-19 12:25:51.912 17720 17807 W unknown:ViewManagerPropertyUpdater: Could not find generated setter for class com.facebook.react.views.textinput.ReactTextInputShadowNode
05-19 12:25:51.914 17720 17807 W unknown:ViewManagerPropertyUpdater: Could not find generated setter for class com.facebook.react.views.text.ReactTextViewManager
05-19 12:25:51.915 17720 17807 W unknown:ViewManagerPropertyUpdater: Could not find generated setter for class com.facebook.react.views.text.ReactTextShadowNode
05-19 12:25:51.916 17720 17807 W unknown:ViewManagerPropertyUpdater: Could not find generated setter for class com.facebook.react.views.view.ReactViewManager
05-19 12:25:51.918 17720 17807 W unknown:ViewManagerPropertyUpdater: Could not find generated setter for class com.facebook.react.views.text.ReactVirtualTextViewManager
05-19 12:25:51.919 17720 17807 W unknown:ViewManagerPropertyUpdater: Could not find generated setter for class com.facebook.react.views.text.ReactVirtualTextShadowNode
05-19 12:25:51.919 17720 17807 W unknown:ViewManagerPropertyUpdater: Could not find generated setter for class com.facebook.react.views.unimplementedview.ReactUnimplementedViewManager
05-19 12:25:51.920 17720 17807 W unknown:ViewManagerPropertyUpdater: Could not find generated setter for class org.reactnative.maskedview.RNCMaskedViewManager
05-19 12:25:51.921 17720 17807 W unknown:ViewManagerPropertyUpdater: Could not find generated setter for class com.th3rdwave.safeareacontext.SafeAreaProviderManager
05-19 12:25:51.921 17720 17807 W unknown:ViewManagerPropertyUpdater: Could not find generated setter for class com.th3rdwave.safeareacontext.SafeAreaViewManager
05-19 12:25:51.922 17720 17807 W unknown:ViewManagerPropertyUpdater: Could not find generated setter for class com.th3rdwave.safeareacontext.SafeAreaViewShadowNode
05-19 12:25:51.923 17720 17807 W unknown:ViewManagerPropertyUpdater: Could not find generated setter for class com.swmansion.rnscreens.ScreenContainerViewManager
05-19 12:25:51.923 17720 17807 W unknown:ViewManagerPropertyUpdater: Could not find generated setter for class com.swmansion.rnscreens.ScreenViewManager
05-19 12:25:51.925 17720 17807 W unknown:ViewManagerPropertyUpdater: Could not find generated setter for class com.swmansion.rnscreens.ScreenStackViewManager
05-19 12:25:51.925 17720 17807 W unknown:ViewManagerPropertyUpdater: Could not find generated setter for class com.swmansion.rnscreens.ScreenStackHeaderConfigViewManager
05-19 12:25:51.926 17720 17807 W unknown:ViewManagerPropertyUpdater: Could not find generated setter for class com.swmansion.rnscreens.ScreenStackHeaderSubviewManager
05-19 12:25:51.927 17720 17807 W unknown:ViewManagerPropertyUpdater: Could not find generated setter for class com.swmansion.rnscreens.SearchBarManager
05-19 12:25:51.935 17720 17807 W unknown:ReactContext: initializeMessageQueueThreads() is called.
05-19 12:25:51.937 17720 17807 D SoLoader: libyoga.so not found on /data/data/com.fakestore/lib-main
05-19 12:25:51.937 17720 17807 D SoLoader: libyoga.so found on /data/app/~~XH71AeDxfaoasXcuuucmkQ==/com.fakestore-2oLlCGH9fLRLzsQmtGIMeQ==/lib/arm64
05-19 12:25:51.937 17720 17807 D SoLoader: Not resolving dependencies for libyoga.so
05-19 12:25:51.944 17720 17720 D DetoxRNLoading: Listener-proxy method called: onReactContextInitialized
05-19 12:25:51.944 17720 17720 I DetoxRNLoading: Got new RN-context async'ly through listener
05-19 12:25:51.945 17720 17720 D DetoxRNLoading: Listener-proxy method called: equals
05-19 12:25:51.947 17720 17795 I DetoxRNIdleRes: Setting up Espresso Idling Resources for React Native
05-19 12:25:51.962 17720 17795 D AsyncStorageIR: Checking whether a custom IR for Async-Storage is required... (legacy=false)
05-19 12:25:51.962 17720 17795 D AsyncStorageIR: IR for Async-Storage is required! (legacy=false)
05-19 12:25:51.962 17720 17795 D AsyncStorageIR: Checking whether a custom IR for Async-Storage is required... (legacy=true)
05-19 12:25:51.964 17720 17795 D AsyncStorageIR: IR for Async-Storage is required! (legacy=true)
05-19 12:25:51.966 17720 17720 D AsyncStorageIR: Async-storage is busy!
05-19 12:25:51.966 17720 17720 D AsyncStorageIRLegacy: Async-storage is busy!
05-19 12:25:51.970 17720 17795 I DetoxDispatcher: Done with action '_init'
05-19 12:25:51.970 17720 17795 I DetoxDispatcher: Handling action 'isReady' (ID #-1000)...
05-19 12:25:51.975 17720 17720 W com.fakestore: Accessing hidden method Landroid/os/MessageQueue;->next()Landroid/os/Message; (greylist, reflection, allowed)
05-19 12:25:51.975 17720 17720 W com.fakestore: Accessing hidden field Landroid/os/MessageQueue;->mMessages:Landroid/os/Message; (greylist, reflection, allowed)
05-19 12:25:51.975 17720 17720 W com.fakestore: Accessing hidden method Landroid/os/Message;->recycleUnchecked()V (greylist, reflection, allowed)
05-19 12:25:52.003 17720 17807 I flipper : flipper: FlipperClient::addPlugin Fresco
05-19 12:25:52.049 17720 17806 D SoLoader: libreactnativeblob.so not found on /data/data/com.fakestore/lib-main
05-19 12:25:52.049 17720 17806 D SoLoader: libreactnativeblob.so found on /data/app/~~XH71AeDxfaoasXcuuucmkQ==/com.fakestore-2oLlCGH9fLRLzsQmtGIMeQ==/lib/arm64
05-19 12:25:52.049 17720 17806 D SoLoader: Not resolving dependencies for libreactnativeblob.so
05-19 12:25:52.089 17720 17807 I WebViewFactory: Loading com.google.android.webview version 110.0.5481.153 (code 548115333)
05-19 12:25:52.097 17720 17807 W linker  : Warning: "/data/app/~~ZS9E27XFUMq_UEOJpzgrAw==/com.google.android.webview-1F4-Y8gMX6Rl1iWbcmwEbQ==/base.apk!/lib/arm64-v8a/libmonochrome.so" unused DT entry: unknown processor-specific (type 0x70000001 arg 0x0) (ignoring)
05-19 12:25:52.109 17720 17807 W com.fakestore: Accessing hidden method Landroid/os/Trace;->isTagEnabled(J)Z (greylist, reflection, allowed)
05-19 12:25:52.109 17720 17807 W com.fakestore: Accessing hidden method Landroid/os/Trace;->traceBegin(JLjava/lang/String;)V (greylist, reflection, allowed)
05-19 12:25:52.109 17720 17807 W com.fakestore: Accessing hidden method Landroid/os/Trace;->traceEnd(J)V (greylist, reflection, allowed)
05-19 12:25:52.109 17720 17807 W com.fakestore: Accessing hidden method Landroid/os/Trace;->asyncTraceBegin(JLjava/lang/String;I)V (greylist, reflection, allowed)
05-19 12:25:52.109 17720 17807 W com.fakestore: Accessing hidden method Landroid/os/Trace;->asyncTraceEnd(JLjava/lang/String;I)V (greylist, reflection, allowed)
05-19 12:25:52.114 17720 17807 I cr_WVCFactoryProvider: Loaded version=110.0.5481.153 minSdkVersion=29 isBundle=true multiprocess=true packageId=2
05-19 12:25:52.133 17720 17807 I cr_LibraryLoader: Successfully loaded native library
05-19 12:25:52.134 17720 17807 I cr_CachingUmaRecorder: Flushed 8 samples from 8 histograms.
05-19 12:25:52.468 17720 17806 I ReactNativeJS: Running "FakeStore" with {"rootTag":1}
05-19 12:25:52.619 17720 17807 W unknown:ViewManagerPropertyUpdater: Could not find generated setter for class com.swmansion.rnscreens.ScreensShadowNode
05-19 12:25:52.812 17720 17720 I Detox   : Wait is over: App is now idle!
05-19 12:25:52.812 17720 17795 I DetoxWSClient: Sending out action 'ready' (ID #-1000)
05-19 12:25:52.813 17720 17795 I DetoxDispatcher: Done with action 'isReady'
05-19 12:25:52.813 17720 17795 I DetoxDispatcher: Handling action 'loginSuccess' (ID #0)...
05-19 12:25:52.813 17720 17795 I DetoxDispatcher: Done with action 'loginSuccess'
05-19 12:25:52.813 17720 17795 I DetoxDispatcher: Handling action 'isReady' (ID #-1000)...
05-19 12:25:52.817 17720 17720 I Detox   : Wait is over: App is now idle!
05-19 12:25:52.817 17720 17795 I DetoxWSClient: Sending out action 'ready' (ID #-1000)
05-19 12:25:52.818 17720 17795 I DetoxDispatcher: Done with action 'isReady'
05-19 12:25:52.864 17720 17859 D SoLoader: libimagepipeline.so not found on /data/data/com.fakestore/lib-main
05-19 12:25:52.864 17720 17859 D SoLoader: libimagepipeline.so found on /data/app/~~XH71AeDxfaoasXcuuucmkQ==/com.fakestore-2oLlCGH9fLRLzsQmtGIMeQ==/lib/arm64
05-19 12:25:52.864 17720 17859 D SoLoader: Not resolving dependencies for libimagepipeline.so
