--------- beginning of main
05-19 12:30:51.994 23209 23209 I com.fakestore: Late-enabling -Xcheck:jni
05-19 12:30:52.012 23209 23209 I com.fakestore: Unquickening 21 vdex files!
05-19 12:30:52.012 23209 23209 E com.fakestore: Unknown bits set in runtime_flags: 0x40000000
05-19 12:30:52.033 23209 23209 E RefClass: java.lang.reflect.InvocationTargetException
05-19 12:30:52.087 23209 23209 I oplus.android.OplusFrameworkFactoryImpl: get feature:IOplusScreenModeFeature
05-19 12:30:52.087 23209 23209 I oplus.android.OplusFrameworkFactoryImpl: getOplusScreenModeFeature
05-19 12:30:52.110 23209 23209 E libc    : Access denied finding property "ro.odm.prev.product.name"
--------- beginning of system
05-19 12:30:52.114 23209 23209 W ActivityThread: Package uses different ABI(s) than its instrumentation: package[com.fakestore]: arm64-v8a, null instrumentation[com.fakestore.test]: null, null
05-19 12:30:52.123 23209 23209 I com.fakestore: The ClassLoaderContext is a special shared library.
05-19 12:30:52.125 23209 23209 I chatty  : uid=11025(com.fakestore) identical 1 line
05-19 12:30:52.128 23209 23209 I com.fakestore: The ClassLoaderContext is a special shared library.
05-19 12:30:52.364 23209 23209 I Perf    : Connecting to perf service.
05-19 12:30:52.375 23209 23209 D ApplicationLoaders: Returning zygote-cached class loader: /system/framework/android.test.base.jar
05-19 12:30:52.375 23209 23209 D ApplicationLoaders: Returning zygote-cached class loader: /system/framework/android.test.base.jar
05-19 12:30:52.377 23209 23209 I com.fakestore: The ClassLoaderContext is a special shared library.
05-19 12:30:52.382 23209 23209 D ApplicationLoaders: Returning zygote-cached class loader: /system/framework/android.test.base.jar
05-19 12:30:52.382 23209 23209 D ApplicationLoaders: Returning zygote-cached class loader: /system/framework/android.test.base.jar
05-19 12:30:52.383 23209 23209 I com.fakestore: The ClassLoaderContext is a special shared library.
05-19 12:30:52.391 23209 23209 I chatty  : uid=11025(com.fakestore) identical 2 lines
05-19 12:30:52.392 23209 23209 I com.fakestore: The ClassLoaderContext is a special shared library.
05-19 12:30:52.605 23209 23209 W com.fakestore: Accessing hidden method Landroid/app/Instrumentation;->execStartActivity(Landroid/content/Context;Landroid/os/IBinder;Landroid/os/IBinder;Landroid/app/Activity;Landroid/content/Intent;ILandroid/os/Bundle;)Landroid/app/Instrumentation$ActivityResult; (greylist, linking, allowed)
05-19 12:30:52.605 23209 23209 W com.fakestore: Accessing hidden method Landroid/app/Instrumentation;->execStartActivity(Landroid/content/Context;Landroid/os/IBinder;Landroid/os/IBinder;Ljava/lang/String;Landroid/content/Intent;ILandroid/os/Bundle;)Landroid/app/Instrumentation$ActivityResult; (greylist, linking, allowed)
05-19 12:30:52.614 23209 23209 D NetworkSecurityConfig: Using Network Security Config from resource network_security_config debugBuild: true
05-19 12:30:52.615 23209 23209 D NetworkSecurityConfig: Using Network Security Config from resource network_security_config debugBuild: true
05-19 12:30:52.616 23209 23209 I MonitoringInstr: newApplication called!
05-19 12:30:52.633 23209 23209 I MonitoringInstr: Instrumentation started!
05-19 12:30:52.640 23209 23209 I AndroidJUnitRunner: onCreate Bundle[{debug=false, detoxServer=ws://localhost:50711, detoxSessionId=bb08ff0d-3dec-05a8-3a53-26ad9e8b1463}]
05-19 12:30:52.642 23209 23209 V TestEventClient: No service name argument was given (testDiscoveryService, testRunEventService or orchestratorService)
05-19 12:30:52.648 23209 23240 D AndroidJUnitRunner: onStart is called.
05-19 12:30:52.651 23209 23209 V fb-UnpackingSoSource: locked dso store /data/user/0/com.fakestore/lib-main
05-19 12:30:52.654 23209 23209 V fb-UnpackingSoSource: deps mismatch on deps store: regenerating
05-19 12:30:52.654 23209 23209 V fb-UnpackingSoSource: so store dirty: regenerating
05-19 12:30:52.711 23209 23209 D ApkSoSource: not allowing consideration of lib/arm64-v8a/libc++_shared.so: deferring to libdir
05-19 12:30:52.711 23209 23209 D ApkSoSource: not allowing consideration of lib/arm64-v8a/libevent-2.1.so: deferring to libdir
05-19 12:30:52.711 23209 23209 D ApkSoSource: not allowing consideration of lib/arm64-v8a/libevent_core-2.1.so: deferring to libdir
05-19 12:30:52.711 23209 23209 D ApkSoSource: not allowing consideration of lib/arm64-v8a/libevent_extra-2.1.so: deferring to libdir
05-19 12:30:52.711 23209 23209 D ApkSoSource: not allowing consideration of lib/arm64-v8a/libfabricjni.so: deferring to libdir
05-19 12:30:52.711 23209 23209 D ApkSoSource: not allowing consideration of lib/arm64-v8a/libfb.so: deferring to libdir
05-19 12:30:52.712 23209 23209 D ApkSoSource: not allowing consideration of lib/arm64-v8a/libfbjni.so: deferring to libdir
05-19 12:30:52.712 23209 23209 D ApkSoSource: not allowing consideration of lib/arm64-v8a/libflipper.so: deferring to libdir
05-19 12:30:52.712 23209 23209 D ApkSoSource: not allowing consideration of lib/arm64-v8a/libfolly_runtime.so: deferring to libdir
05-19 12:30:52.712 23209 23209 D ApkSoSource: not allowing consideration of lib/arm64-v8a/libglog.so: deferring to libdir
05-19 12:30:52.712 23209 23209 D ApkSoSource: not allowing consideration of lib/arm64-v8a/libglog_init.so: deferring to libdir
05-19 12:30:52.712 23209 23209 D ApkSoSource: not allowing consideration of lib/arm64-v8a/libimagepipeline.so: deferring to libdir
05-19 12:30:52.712 23209 23209 D ApkSoSource: not allowing consideration of lib/arm64-v8a/libjsc.so: deferring to libdir
05-19 12:30:52.712 23209 23209 D ApkSoSource: not allowing consideration of lib/arm64-v8a/libjscexecutor.so: deferring to libdir
05-19 12:30:52.712 23209 23209 D ApkSoSource: not allowing consideration of lib/arm64-v8a/libjsi.so: deferring to libdir
05-19 12:30:52.712 23209 23209 D ApkSoSource: not allowing consideration of lib/arm64-v8a/libjsijniprofiler.so: deferring to libdir
05-19 12:30:52.712 23209 23209 D ApkSoSource: not allowing consideration of lib/arm64-v8a/libjsinspector.so: deferring to libdir
05-19 12:30:52.713 23209 23209 D ApkSoSource: not allowing consideration of lib/arm64-v8a/liblogger.so: deferring to libdir
05-19 12:30:52.713 23209 23209 D ApkSoSource: not allowing consideration of lib/arm64-v8a/libmapbufferjni.so: deferring to libdir
05-19 12:30:52.713 23209 23209 D ApkSoSource: not allowing consideration of lib/arm64-v8a/libnative-filters.so: deferring to libdir
05-19 12:30:52.713 23209 23209 D ApkSoSource: not allowing consideration of lib/arm64-v8a/libnative-imagetranscoder.so: deferring to libdir
05-19 12:30:52.713 23209 23209 D ApkSoSource: not allowing consideration of lib/arm64-v8a/libreact_codegen_rncore.so: deferring to libdir
05-19 12:30:52.713 23209 23209 D ApkSoSource: not allowing consideration of lib/arm64-v8a/libreact_config.so: deferring to libdir
05-19 12:30:52.713 23209 23209 D ApkSoSource: not allowing consideration of lib/arm64-v8a/libreact_debug.so: deferring to libdir
05-19 12:30:52.713 23209 23209 D ApkSoSource: not allowing consideration of lib/arm64-v8a/libreact_nativemodule_core.so: deferring to libdir
05-19 12:30:52.713 23209 23209 D ApkSoSource: not allowing consideration of lib/arm64-v8a/libreact_render_animations.so: deferring to libdir
05-19 12:30:52.713 23209 23209 D ApkSoSource: not allowing consideration of lib/arm64-v8a/libreact_render_attributedstring.so: deferring to libdir
05-19 12:30:52.713 23209 23209 D ApkSoSource: not allowing consideration of lib/arm64-v8a/libreact_render_componentregistry.so: deferring to libdir
05-19 12:30:52.714 23209 23209 D ApkSoSource: not allowing consideration of lib/arm64-v8a/libreact_render_core.so: deferring to libdir
05-19 12:30:52.714 23209 23209 D ApkSoSource: not allowing consideration of lib/arm64-v8a/libreact_render_debug.so: deferring to libdir
05-19 12:30:52.714 23209 23209 D ApkSoSource: not allowing consideration of lib/arm64-v8a/libreact_render_graphics.so: deferring to libdir
05-19 12:30:52.714 23209 23209 D ApkSoSource: not allowing consideration of lib/arm64-v8a/libreact_render_imagemanager.so: deferring to libdir
05-19 12:30:52.714 23209 23209 D ApkSoSource: not allowing consideration of lib/arm64-v8a/libreact_render_leakchecker.so: deferring to libdir
05-19 12:30:52.714 23209 23209 D ApkSoSource: not allowing consideration of lib/arm64-v8a/libreact_render_mapbuffer.so: deferring to libdir
05-19 12:30:52.714 23209 23209 D ApkSoSource: not allowing consideration of lib/arm64-v8a/libreact_render_mounting.so: deferring to libdir
05-19 12:30:52.714 23209 23209 D ApkSoSource: not allowing consideration of lib/arm64-v8a/libreact_render_runtimescheduler.so: deferring to libdir
05-19 12:30:52.714 23209 23209 D ApkSoSource: not allowing consideration of lib/arm64-v8a/libreact_render_scheduler.so: deferring to libdir
05-19 12:30:52.714 23209 23209 D ApkSoSource: not allowing consideration of lib/arm64-v8a/libreact_render_telemetry.so: deferring to libdir
05-19 12:30:52.715 23209 23209 D ApkSoSource: not allowing consideration of lib/arm64-v8a/libreact_render_templateprocessor.so: deferring to libdir
05-19 12:30:52.715 23209 23209 D ApkSoSource: not allowing consideration of lib/arm64-v8a/libreact_render_textlayoutmanager.so: deferring to libdir
05-19 12:30:52.715 23209 23209 D ApkSoSource: not allowing consideration of lib/arm64-v8a/libreact_render_uimanager.so: deferring to libdir
05-19 12:30:52.715 23209 23209 D ApkSoSource: not allowing consideration of lib/arm64-v8a/libreact_utils.so: deferring to libdir
05-19 12:30:52.715 23209 23209 D ApkSoSource: not allowing consideration of lib/arm64-v8a/libreactnativeblob.so: deferring to libdir
05-19 12:30:52.715 23209 23209 D ApkSoSource: not allowing consideration of lib/arm64-v8a/libreactnativejni.so: deferring to libdir
05-19 12:30:52.715 23209 23209 D ApkSoSource: not allowing consideration of lib/arm64-v8a/libreactnativeutilsjni.so: deferring to libdir
05-19 12:30:52.715 23209 23209 D ApkSoSource: not allowing consideration of lib/arm64-v8a/libreactperfloggerjni.so: deferring to libdir
05-19 12:30:52.715 23209 23209 D ApkSoSource: not allowing consideration of lib/arm64-v8a/librrc_image.so: deferring to libdir
05-19 12:30:52.715 23209 23209 D ApkSoSource: not allowing consideration of lib/arm64-v8a/librrc_root.so: deferring to libdir
05-19 12:30:52.715 23209 23209 D ApkSoSource: not allowing consideration of lib/arm64-v8a/librrc_scrollview.so: deferring to libdir
05-19 12:30:52.716 23209 23209 D ApkSoSource: not allowing consideration of lib/arm64-v8a/librrc_text.so: deferring to libdir
05-19 12:30:52.716 23209 23209 D ApkSoSource: not allowing consideration of lib/arm64-v8a/librrc_textinput.so: deferring to libdir
05-19 12:30:52.716 23209 23209 D ApkSoSource: not allowing consideration of lib/arm64-v8a/librrc_unimplementedview.so: deferring to libdir
05-19 12:30:52.716 23209 23209 D ApkSoSource: not allowing consideration of lib/arm64-v8a/librrc_view.so: deferring to libdir
05-19 12:30:52.716 23209 23209 D ApkSoSource: not allowing consideration of lib/arm64-v8a/libruntimeexecutor.so: deferring to libdir
05-19 12:30:52.716 23209 23209 D ApkSoSource: not allowing consideration of lib/arm64-v8a/libturbomodulejsijni.so: deferring to libdir
05-19 12:30:52.716 23209 23209 D ApkSoSource: not allowing consideration of lib/arm64-v8a/libyoga.so: deferring to libdir
05-19 12:30:52.716 23209 23209 V fb-UnpackingSoSource: regenerating DSO store com.facebook.soloader.ApkSoSource
05-19 12:30:52.717 23209 23209 V fb-UnpackingSoSource: Finished regenerating DSO store com.facebook.soloader.ApkSoSource
05-19 12:30:52.717 23209 23209 V fb-UnpackingSoSource: starting syncer worker
05-19 12:30:52.723 23209 23209 V fb-UnpackingSoSource: releasing dso store lock for /data/user/0/com.fakestore/lib-main (from syncer thread)
05-19 12:30:52.723 23209 23209 V fb-UnpackingSoSource: not releasing dso store lock for /data/user/0/com.fakestore/lib-main (syncer thread started)
05-19 12:30:52.737 23209 23209 D SoLoader: libjscexecutor.so not found on /data/data/com.fakestore/lib-main
05-19 12:30:52.737 23209 23209 D SoLoader: libjscexecutor.so found on /data/app/~~2DZ1jzZsL8Suf3fsoiZU-w==/com.fakestore-WyGrTor2MAWD9j77u-DELg==/lib/arm64
05-19 12:30:52.737 23209 23209 D SoLoader: Not resolving dependencies for libjscexecutor.so
05-19 12:30:52.751 23209 23209 D JavaScriptCore.Version: 250230.2.1
05-19 12:30:52.835 23209 23209 E Parcel  : Reading a NULL string not supported here.
05-19 12:30:52.838 23209 23209 I chatty  : uid=11025(com.fakestore) identical 26 lines
05-19 12:30:52.838 23209 23209 E Parcel  : Reading a NULL string not supported here.
05-19 12:30:52.839 23209 23209 V SensorManager: RegisterListener bmi160 Accelerometer Non-wakeup type:1 delay:66667us by com.facebook.react.common.ShakeDetector
05-19 12:30:52.839 23209 23209 E Parcel  : Reading a NULL string not supported here.
05-19 12:30:52.928 23209 23252 D SoLoader: libfbjni.so not found on /data/data/com.fakestore/lib-main
05-19 12:30:52.928 23209 23252 D SoLoader: libfbjni.so found on /data/app/~~2DZ1jzZsL8Suf3fsoiZU-w==/com.fakestore-WyGrTor2MAWD9j77u-DELg==/lib/arm64
05-19 12:30:52.928 23209 23252 D SoLoader: Not resolving dependencies for libfbjni.so
05-19 12:30:52.932 23209 23252 D SoLoader: libflipper.so not found on /data/data/com.fakestore/lib-main
05-19 12:30:52.932 23209 23252 D SoLoader: libflipper.so found on /data/app/~~2DZ1jzZsL8Suf3fsoiZU-w==/com.fakestore-WyGrTor2MAWD9j77u-DELg==/lib/arm64
05-19 12:30:52.932 23209 23252 D SoLoader: Not resolving dependencies for libflipper.so
05-19 12:30:53.015 23209 23209 W com.fakestore: Accessing hidden field Landroid/view/View;->mKeyedTags:Landroid/util/SparseArray; (greylist, reflection, allowed)
05-19 12:30:53.015 23209 23209 W com.fakestore: Accessing hidden field Landroid/view/View;->mListenerInfo:Landroid/view/View$ListenerInfo; (greylist, reflection, allowed)
05-19 12:30:53.016 23209 23209 W com.fakestore: Accessing hidden field Landroid/view/View$ListenerInfo;->mOnClickListener:Landroid/view/View$OnClickListener; (greylist, reflection, allowed)
05-19 12:30:53.025 23209 23209 I flipper : flipper: FlipperClient::addPlugin Inspector
05-19 12:30:53.026 23209 23209 I flipper : flipper: FlipperClient::addPlugin React
05-19 12:30:53.028 23209 23209 I flipper : flipper: FlipperClient::addPlugin Databases
05-19 12:30:53.029 23209 23209 I flipper : flipper: FlipperClient::addPlugin Preferences
05-19 12:30:53.029 23209 23209 I flipper : flipper: FlipperClient::addPlugin CrashReporter
05-19 12:30:53.031 23209 23209 I flipper : flipper: FlipperClient::addPlugin Network
05-19 12:30:53.065 23209 23240 D TestRequestBuilder: Using class path scanning to discover tests
05-19 12:30:53.065 23209 23240 I TestRequestBuilder: Scanning classpath to find tests in paths [/data/app/~~6rvSidL0L6s4UC2MUx1bMQ==/com.fakestore.test-1pzE3ezAgZ01kBpx21ZwLA==/base.apk]
05-19 12:30:53.067 23209 23240 I System  : Opening DexFile: /data/app/~~6rvSidL0L6s4UC2MUx1bMQ==/com.fakestore.test-1pzE3ezAgZ01kBpx21ZwLA==/base.apk
05-19 12:30:53.067 23209 23252 W System.err: SLF4J: Failed to load class "org.slf4j.impl.StaticLoggerBinder".
05-19 12:30:53.067 23209 23252 W System.err: SLF4J: Defaulting to no-operation (NOP) logger implementation
05-19 12:30:53.067 23209 23252 W System.err: SLF4J: See http://www.slf4j.org/codes.html#StaticLoggerBinder for further details.
05-19 12:30:53.068 23209 23240 W com.fakestore: Opening an oat file without a class loader. Are you using the deprecated DexFile APIs?
05-19 12:30:53.301 23209 23240 W com.fakestore: Unable to resolve Lcom/google/android/apps/common/testing/accessibility/framework/AccessibilityHierarchyCheckResult; annotation class 5201
05-19 12:30:53.302 23209 23240 I chatty  : uid=11025(com.fakestore) roidJUnitRunner identical 2 lines
05-19 12:30:53.302 23209 23240 W com.fakestore: Unable to resolve Lcom/google/android/apps/common/testing/accessibility/framework/AccessibilityHierarchyCheckResult; annotation class 5201
05-19 12:30:53.303 23209 23240 W com.fakestore: Unable to resolve Lcom/google/android/apps/common/testing/accessibility/framework/AccessibilityViewCheckResult; annotation class 5201
05-19 12:30:53.304 23209 23240 W com.fakestore: Unable to resolve Lcom/google/android/apps/common/testing/accessibility/framework/ClusteringUtils; annotation class 5201
05-19 12:30:53.306 23209 23240 W com.fakestore: Unable to resolve Lcom/google/android/apps/common/testing/accessibility/framework/Question; annotation class 5201
05-19 12:30:53.311 23209 23240 W com.fakestore: Unable to resolve Lcom/google/android/apps/common/testing/accessibility/framework/replacements/TextUtils; annotation class 5200
05-19 12:30:53.314 23209 23240 W com.fakestore: Unable to resolve Lcom/google/android/apps/common/testing/accessibility/framework/uielement/ViewHierarchyElement; annotation class 5201
05-19 12:30:53.314 23209 23240 I chatty  : uid=11025(com.fakestore) roidJUnitRunner identical 2 lines
05-19 12:30:53.315 23209 23240 W com.fakestore: Unable to resolve Lcom/google/android/apps/common/testing/accessibility/framework/uielement/ViewHierarchyElement; annotation class 5201
05-19 12:30:53.315 23209 23240 W com.fakestore: Unable to resolve Lcom/google/android/apps/common/testing/accessibility/framework/uielement/ViewHierarchyElementAndroid; annotation class 5201
05-19 12:30:53.316 23209 23240 I chatty  : uid=11025(com.fakestore) roidJUnitRunner identical 2 lines
05-19 12:30:53.316 23209 23240 W com.fakestore: Unable to resolve Lcom/google/android/apps/common/testing/accessibility/framework/uielement/ViewHierarchyElementAndroid; annotation class 5201
05-19 12:30:53.316 23209 23240 W com.fakestore: Unable to resolve Lcom/google/android/apps/common/testing/accessibility/framework/uielement/ViewHierarchyElement; annotation class 5201
05-19 12:30:53.316 23209 23240 W com.fakestore: Unable to resolve Lcom/google/android/apps/common/testing/accessibility/framework/uielement/ViewHierarchyElement; annotation class 5201
05-19 12:30:53.504 23209 23240 D AndroidJUnitRunner: Use the raw file system for managing file I/O.
05-19 12:30:53.508 23209 23240 D TestExecutor: Adding listener androidx.test.internal.runner.listener.LogRunListener
05-19 12:30:53.508 23209 23240 D TestExecutor: Adding listener androidx.test.internal.runner.listener.InstrumentationResultPrinter
05-19 12:30:53.508 23209 23240 D TestExecutor: Adding listener androidx.test.internal.runner.listener.ActivityFinisherRunListener
05-19 12:30:53.508 23209 23240 D TestExecutor: Adding listener androidx.test.internal.runner.listener.TraceRunListener
05-19 12:30:53.510 23209 23240 I TestRunner: run started: 1 tests
05-19 12:30:53.512 23209 23240 I TestRunner: started: runDetoxTests(com.fakestore.DetoxTest)
05-19 12:30:53.531 23209 23240 D EventInjectionStrategy: Creating injection strategy with input manager.
05-19 12:30:53.531 23209 23240 W com.fakestore: Accessing hidden method Landroid/hardware/input/InputManager;->getInstance()Landroid/hardware/input/InputManager; (greylist, reflection, allowed)
05-19 12:30:53.532 23209 23240 W com.fakestore: Accessing hidden method Landroid/hardware/input/InputManager;->injectInputEvent(Landroid/view/InputEvent;I)Z (greylist, reflection, allowed)
05-19 12:30:53.532 23209 23240 W com.fakestore: Accessing hidden field Landroid/hardware/input/InputManager;->INJECT_INPUT_EVENT_MODE_WAIT_FOR_FINISH:I (greylist, reflection, allowed)
05-19 12:30:53.543 23209 23240 W com.fakestore: Accessing hidden field Ljava/lang/reflect/Field;->accessFlags:I (greylist, reflection, allowed)
05-19 12:30:53.549 23209 23275 E Parcel  : Reading a NULL string not supported here.
05-19 12:30:53.629 23209 23285 E libEGL  : Invalid file path for libcolorx-loader.so
05-19 12:30:53.653 23209 23209 I oplus.android.OplusFrameworkFactoryImpl: getOplusRedPacketManager
05-19 12:30:53.656 23209 23209 D LifecycleMonitor: Lifecycle status change: com.fakestore.MainActivity@250d8d9 in: PRE_ON_CREATE
05-19 12:30:53.726 23209 23209 W com.fakestore: Accessing hidden method Landroid/view/View;->computeFitSystemWindows(Landroid/graphics/Rect;Landroid/graphics/Rect;)Z (greylist, reflection, allowed)
05-19 12:30:53.727 23209 23209 W com.fakestore: Accessing hidden method Landroid/view/ViewGroup;->makeOptionalFitsSystemWindows()V (greylist, reflection, allowed)
05-19 12:30:53.730 23209 23209 D LifecycleMonitor: Lifecycle status change: com.fakestore.MainActivity@250d8d9 in: CREATED
05-19 12:30:53.733 23209 23209 D LifecycleMonitor: Lifecycle status change: com.fakestore.MainActivity@250d8d9 in: STARTED
05-19 12:30:53.738 23209 23209 D LifecycleMonitor: Lifecycle status change: com.fakestore.MainActivity@250d8d9 in: RESUMED
05-19 12:30:53.757 23209 23209 I OplusFeatureCache: Milliseconds spent on init(): 11
05-19 12:30:53.761 23209 23209 D OplusSlideAnimOptHelper: scrollEffectOpt enable = false
05-19 12:30:53.763 23209 23209 D ColorViewRootUtil: initSwipState, isDisplayCompatApp false
05-19 12:30:53.764 23209 23209 D ColorViewRootUtil: mScreenHeight 2400, mScreenWidth 1080
05-19 12:30:53.768 23209 23209 D WindowManager: Add to mViews: DecorView@c3f32b2[MainActivity],pkg= com.fakestore
05-19 12:30:53.806 23209 23209 W unknown:ReactNative: Packager connection already open, nooping.
05-19 12:30:53.831 23209 23209 V OplusZoomWindowDecorViewHelper: setLastReportedMergedConfiguration mZoomDisplayHeight: 2400 getDecorView.DecorView@c3f32b2[MainActivity]
05-19 12:30:53.833 23209 23283 E libEGL  : Invalid file path for libcolorx-loader.so
05-19 12:30:53.834 23209 23283 I AdrenoGLES-0: QUALCOMM build                   : 3142bdd, I7afe4835b7
05-19 12:30:53.834 23209 23283 I AdrenoGLES-0: Build Date                       : 09/16/20
05-19 12:30:53.834 23209 23283 I AdrenoGLES-0: OpenGL ES Shader Compiler Version: EV031.32.02.00
05-19 12:30:53.834 23209 23283 I AdrenoGLES-0: Local Branch                     : 
05-19 12:30:53.834 23209 23283 I AdrenoGLES-0: Remote Branch                    : 
05-19 12:30:53.834 23209 23283 I AdrenoGLES-0: Remote Branch                    : 
05-19 12:30:53.834 23209 23283 I AdrenoGLES-0: Reconstruct Branch               : 
05-19 12:30:53.834 23209 23283 I AdrenoGLES-0: Build Config                     : S P 10.0.6 AArch64
05-19 12:30:53.834 23209 23283 I AdrenoGLES-0: Driver Path                      : /vendor/lib64/egl/libGLESv2_adreno.so
05-19 12:30:53.849 23209 23283 I AdrenoGLES-0: PFP: 0x016ee190, ME: 0x00000000
05-19 12:30:53.854 23209 23283 E libEGL  : Invalid file path for libcolorx-loader.so
05-19 12:30:53.855 23209 23283 I chatty  : uid=11025(com.fakestore) RenderThread identical 4 lines
05-19 12:30:53.855 23209 23283 E libEGL  : Invalid file path for libcolorx-loader.so
05-19 12:30:53.855 23209 23283 E libEGL  : Invalid file path for libcolorx-loader.so
05-19 12:30:53.856 23209 23283 I chatty  : uid=11025(com.fakestore) RenderThread identical 41 lines
05-19 12:30:53.857 23209 23283 E libEGL  : Invalid file path for libcolorx-loader.so
05-19 12:30:53.857 23209 23283 E libEGL  : Invalid file path for libcolorx-loader.so
05-19 12:30:53.857 23209 23283 I chatty  : uid=11025(com.fakestore) RenderThread identical 16 lines
05-19 12:30:53.857 23209 23283 E libEGL  : Invalid file path for libcolorx-loader.so
05-19 12:30:53.913 23209 23209 E OplusCustomizeRestrictionManager: sInstance is null, start a new sInstance
05-19 12:30:53.936 23209 23209 D ColorViewRootUtil: initSwipState, isDisplayCompatApp false
05-19 12:30:53.937 23209 23209 D ColorViewRootUtil: mScreenHeight 2400, mScreenWidth 1080
05-19 12:30:53.937 23209 23209 D WindowManager: Add to mViews: android.widget.PopupWindow$PopupDecorView{566beb0 V.E...... R.....I. 0,0-0,0},pkg= com.fakestore
05-19 12:30:54.041 23209 23240 I Detox   : Detox server connection details: url=ws://localhost:50711, sessionId=bb08ff0d-3dec-05a8-3a53-26ad9e8b1463
05-19 12:30:54.050 23209 23297 I DetoxDispatcher: Handling action '_init' (ID #0)...
05-19 12:30:54.050 23209 23297 I Detox   : Connecting to server...
05-19 12:30:54.050 23209 23297 I DetoxWSClient: At connectToServer
05-19 12:30:54.257 23209 23303 E Parcel  : Reading a NULL string not supported here.
05-19 12:30:54.407 23209 23257 D SoLoader: libreactnativejni.so not found on /data/data/com.fakestore/lib-main
05-19 12:30:54.407 23209 23257 D SoLoader: libreactnativejni.so found on /data/app/~~2DZ1jzZsL8Suf3fsoiZU-w==/com.fakestore-WyGrTor2MAWD9j77u-DELg==/lib/arm64
05-19 12:30:54.408 23209 23257 D SoLoader: Not resolving dependencies for libreactnativejni.so
05-19 12:30:54.749 23209 23299 D DetoxWSClient: At onOpen
05-19 12:30:54.749 23209 23299 I DetoxWSClient: Sending out action 'login' (ID #0)
05-19 12:30:54.749 23209 23299 I Detox   : Connected to server!
05-19 12:30:56.230 23209 23299 D DetoxWSClient: Received action 'loginSuccess' (ID #0, params={"testerConnected":true,"appConnected":true})
05-19 12:30:56.268 23209 23299 D DetoxWSClient: Received action 'isReady' (ID #-1000, params={})
05-19 12:30:57.039 23209 23338 V AsyncStorageExpoMigration: No scoped database found
05-19 12:30:57.054 23209 23338 W unknown:ReactContext: initializeMessageQueueThreads() is called.
05-19 12:30:57.061 23209 23209 W unknown:ReactNative: Packager connection already open, nooping.
05-19 12:30:57.079 23209 23297 D DetoxRNLoading: Got new RN-context explicitly while polling (#iteration=3)
05-19 12:30:57.079 23209 23297 I DetoxRNIdleRes: Setting up Espresso Idling Resources for React Native
05-19 12:30:57.101 23209 23340 W unknown:ViewManagerPropertyUpdater: Could not find generated setter for class com.facebook.react.views.drawer.ReactDrawerLayoutManager
05-19 12:30:57.106 23209 23340 W unknown:ViewManagerPropertyUpdater: Could not find generated setter for class com.facebook.react.uimanager.LayoutShadowNode
05-19 12:30:57.108 23209 23340 W unknown:ViewManagerPropertyUpdater: Could not find generated setter for class com.facebook.react.views.scroll.ReactHorizontalScrollViewManager
05-19 12:30:57.111 23209 23340 W unknown:ViewManagerPropertyUpdater: Could not find generated setter for class com.facebook.react.views.scroll.ReactHorizontalScrollContainerViewManager
05-19 12:30:57.111 23209 23340 W unknown:ViewManagerPropertyUpdater: Could not find generated setter for class com.facebook.react.views.progressbar.ReactProgressBarViewManager
05-19 12:30:57.112 23209 23340 W unknown:ViewManagerPropertyUpdater: Could not find generated setter for class com.facebook.react.views.progressbar.ProgressBarShadowNode
05-19 12:30:57.114 23209 23340 W unknown:ViewManagerPropertyUpdater: Could not find generated setter for class com.facebook.react.views.scroll.ReactScrollViewManager
05-19 12:30:57.116 23209 23340 W unknown:ViewManagerPropertyUpdater: Could not find generated setter for class com.facebook.react.views.slider.ReactSliderManager
05-19 12:30:57.117 23209 23340 W unknown:ViewManagerPropertyUpdater: Could not find generated setter for class com.facebook.react.views.slider.ReactSliderManager$ReactSliderShadowNode
05-19 12:30:57.118 23209 23340 W unknown:ViewManagerPropertyUpdater: Could not find generated setter for class com.facebook.react.views.switchview.ReactSwitchManager
05-19 12:30:57.119 23209 23340 W unknown:ViewManagerPropertyUpdater: Could not find generated setter for class com.facebook.react.views.switchview.ReactSwitchManager$ReactSwitchShadowNode
05-19 12:30:57.120 23209 23340 W unknown:ViewManagerPropertyUpdater: Could not find generated setter for class com.facebook.react.views.swiperefresh.SwipeRefreshLayoutManager
05-19 12:30:57.121 23209 23340 W unknown:ViewManagerPropertyUpdater: Could not find generated setter for class com.facebook.react.views.text.frescosupport.FrescoBasedReactTextInlineImageViewManager
05-19 12:30:57.122 23209 23340 W unknown:ViewManagerPropertyUpdater: Could not find generated setter for class com.facebook.react.views.text.frescosupport.FrescoBasedReactTextInlineImageShadowNode
05-19 12:30:57.123 23209 23340 W unknown:ViewManagerPropertyUpdater: Could not find generated setter for class com.facebook.react.views.image.ReactImageManager
05-19 12:30:57.124 23209 23340 W unknown:ViewManagerPropertyUpdater: Could not find generated setter for class com.facebook.react.views.modal.ReactModalHostManager
05-19 12:30:57.126 23209 23340 W unknown:ViewManagerPropertyUpdater: Could not find generated setter for class com.facebook.react.views.modal.ModalHostShadowNode
05-19 12:30:57.126 23209 23297 D AsyncStorageIR: Checking whether a custom IR for Async-Storage is required... (legacy=false)
05-19 12:30:57.126 23209 23340 W unknown:ViewManagerPropertyUpdater: Could not find generated setter for class com.facebook.react.views.text.ReactRawTextManager
05-19 12:30:57.126 23209 23340 W unknown:ViewManagerPropertyUpdater: Could not find generated setter for class com.facebook.react.views.text.ReactRawTextShadowNode
05-19 12:30:57.127 23209 23297 D AsyncStorageIR: IR for Async-Storage is required! (legacy=false)
05-19 12:30:57.127 23209 23340 W unknown:ViewManagerPropertyUpdater: Could not find generated setter for class com.facebook.react.views.textinput.ReactTextInputManager
05-19 12:30:57.128 23209 23297 D AsyncStorageIR: Checking whether a custom IR for Async-Storage is required... (legacy=true)
05-19 12:30:57.130 23209 23340 W unknown:ViewManagerPropertyUpdater: Could not find generated setter for class com.facebook.react.views.textinput.ReactTextInputShadowNode
05-19 12:30:57.132 23209 23297 D AsyncStorageIR: IR for Async-Storage is required! (legacy=true)
05-19 12:30:57.132 23209 23340 W unknown:ViewManagerPropertyUpdater: Could not find generated setter for class com.facebook.react.views.text.ReactTextViewManager
05-19 12:30:57.133 23209 23340 W unknown:ViewManagerPropertyUpdater: Could not find generated setter for class com.facebook.react.views.text.ReactTextShadowNode
05-19 12:30:57.134 23209 23340 W unknown:ViewManagerPropertyUpdater: Could not find generated setter for class com.facebook.react.views.view.ReactViewManager
05-19 12:30:57.136 23209 23340 W unknown:ViewManagerPropertyUpdater: Could not find generated setter for class com.facebook.react.views.text.ReactVirtualTextViewManager
05-19 12:30:57.136 23209 23340 W unknown:ViewManagerPropertyUpdater: Could not find generated setter for class com.facebook.react.views.text.ReactVirtualTextShadowNode
05-19 12:30:57.137 23209 23340 W unknown:ViewManagerPropertyUpdater: Could not find generated setter for class com.facebook.react.views.unimplementedview.ReactUnimplementedViewManager
05-19 12:30:57.138 23209 23340 W unknown:ViewManagerPropertyUpdater: Could not find generated setter for class org.reactnative.maskedview.RNCMaskedViewManager
05-19 12:30:57.139 23209 23340 W unknown:ViewManagerPropertyUpdater: Could not find generated setter for class com.th3rdwave.safeareacontext.SafeAreaProviderManager
05-19 12:30:57.139 23209 23340 W unknown:ViewManagerPropertyUpdater: Could not find generated setter for class com.th3rdwave.safeareacontext.SafeAreaViewManager
05-19 12:30:57.140 23209 23340 W unknown:ViewManagerPropertyUpdater: Could not find generated setter for class com.th3rdwave.safeareacontext.SafeAreaViewShadowNode
05-19 12:30:57.141 23209 23340 W unknown:ViewManagerPropertyUpdater: Could not find generated setter for class com.swmansion.rnscreens.ScreenContainerViewManager
05-19 12:30:57.142 23209 23340 W unknown:ViewManagerPropertyUpdater: Could not find generated setter for class com.swmansion.rnscreens.ScreenViewManager
05-19 12:30:57.143 23209 23340 W unknown:ViewManagerPropertyUpdater: Could not find generated setter for class com.swmansion.rnscreens.ScreenStackViewManager
05-19 12:30:57.143 23209 23340 W unknown:ViewManagerPropertyUpdater: Could not find generated setter for class com.swmansion.rnscreens.ScreenStackHeaderConfigViewManager
05-19 12:30:57.144 23209 23340 W unknown:ViewManagerPropertyUpdater: Could not find generated setter for class com.swmansion.rnscreens.ScreenStackHeaderSubviewManager
05-19 12:30:57.145 23209 23340 W unknown:ViewManagerPropertyUpdater: Could not find generated setter for class com.swmansion.rnscreens.SearchBarManager
05-19 12:30:57.153 23209 23340 W unknown:ReactContext: initializeMessageQueueThreads() is called.
05-19 12:30:57.155 23209 23340 D SoLoader: libyoga.so not found on /data/data/com.fakestore/lib-main
05-19 12:30:57.156 23209 23340 D SoLoader: libyoga.so found on /data/app/~~2DZ1jzZsL8Suf3fsoiZU-w==/com.fakestore-WyGrTor2MAWD9j77u-DELg==/lib/arm64
05-19 12:30:57.156 23209 23340 D SoLoader: Not resolving dependencies for libyoga.so
05-19 12:30:57.157 23209 23209 D AsyncStorageIR: Async-storage is busy!
05-19 12:30:57.159 23209 23209 D AsyncStorageIRLegacy: Async-storage is busy!
05-19 12:30:57.177 23209 23297 I DetoxDispatcher: Done with action '_init'
05-19 12:30:57.178 23209 23297 I DetoxDispatcher: Handling action 'isReady' (ID #-1000)...
05-19 12:30:57.189 23209 23209 D DetoxRNLoading: Listener-proxy method called: onReactContextInitialized
05-19 12:30:57.189 23209 23209 I DetoxRNLoading: Got new RN-context async'ly through listener
05-19 12:30:57.190 23209 23340 W com.fakestore: Accessing hidden method Landroid/os/MessageQueue;->next()Landroid/os/Message; (greylist, reflection, allowed)
05-19 12:30:57.190 23209 23340 W com.fakestore: Accessing hidden field Landroid/os/MessageQueue;->mMessages:Landroid/os/Message; (greylist, reflection, allowed)
05-19 12:30:57.190 23209 23340 W com.fakestore: Accessing hidden method Landroid/os/Message;->recycleUnchecked()V (greylist, reflection, allowed)
05-19 12:30:57.190 23209 23209 D DetoxRNLoading: Listener-proxy method called: equals
05-19 12:30:57.192 23209 23340 I flipper : flipper: FlipperClient::addPlugin Fresco
05-19 12:30:57.255 23209 23339 D SoLoader: libreactnativeblob.so not found on /data/data/com.fakestore/lib-main
05-19 12:30:57.255 23209 23339 D SoLoader: libreactnativeblob.so found on /data/app/~~2DZ1jzZsL8Suf3fsoiZU-w==/com.fakestore-WyGrTor2MAWD9j77u-DELg==/lib/arm64
05-19 12:30:57.255 23209 23339 D SoLoader: Not resolving dependencies for libreactnativeblob.so
05-19 12:30:57.294 23209 23340 I WebViewFactory: Loading com.google.android.webview version 110.0.5481.153 (code 548115333)
05-19 12:30:57.301 23209 23340 W linker  : Warning: "/data/app/~~ZS9E27XFUMq_UEOJpzgrAw==/com.google.android.webview-1F4-Y8gMX6Rl1iWbcmwEbQ==/base.apk!/lib/arm64-v8a/libmonochrome.so" unused DT entry: unknown processor-specific (type 0x70000001 arg 0x0) (ignoring)
05-19 12:30:57.312 23209 23340 W com.fakestore: Accessing hidden method Landroid/os/Trace;->isTagEnabled(J)Z (greylist, reflection, allowed)
05-19 12:30:57.312 23209 23340 W com.fakestore: Accessing hidden method Landroid/os/Trace;->traceBegin(JLjava/lang/String;)V (greylist, reflection, allowed)
05-19 12:30:57.312 23209 23340 W com.fakestore: Accessing hidden method Landroid/os/Trace;->traceEnd(J)V (greylist, reflection, allowed)
05-19 12:30:57.312 23209 23340 W com.fakestore: Accessing hidden method Landroid/os/Trace;->asyncTraceBegin(JLjava/lang/String;I)V (greylist, reflection, allowed)
05-19 12:30:57.312 23209 23340 W com.fakestore: Accessing hidden method Landroid/os/Trace;->asyncTraceEnd(JLjava/lang/String;I)V (greylist, reflection, allowed)
05-19 12:30:57.317 23209 23340 I cr_WVCFactoryProvider: Loaded version=110.0.5481.153 minSdkVersion=29 isBundle=true multiprocess=true packageId=2
05-19 12:30:57.342 23209 23340 I cr_LibraryLoader: Successfully loaded native library
05-19 12:30:57.342 23209 23340 I cr_CachingUmaRecorder: Flushed 8 samples from 8 histograms.
05-19 12:30:57.386 23209 23235 I com.fakestore: ProcessProfilingInfo new_methods=4064 is saved saved_to_disk=1 resolve_classes_delay=5000
05-19 12:30:57.685 23209 23339 I ReactNativeJS: Running "FakeStore" with {"rootTag":1}
05-19 12:30:57.838 23209 23340 W unknown:ViewManagerPropertyUpdater: Could not find generated setter for class com.swmansion.rnscreens.ScreensShadowNode
05-19 12:30:57.884 23209 23209 I Detox   : UIManagerModule is busy
05-19 12:30:57.980 23209 23209 I Detox   : UIManagerModule is busy
05-19 12:30:58.037 23209 23209 I Detox   : UIManagerModule is busy
05-19 12:30:58.055 23209 23209 I Detox   : Wait is over: App is now idle!
05-19 12:30:58.055 23209 23297 I DetoxWSClient: Sending out action 'ready' (ID #-1000)
05-19 12:30:58.055 23209 23297 I DetoxDispatcher: Done with action 'isReady'
05-19 12:30:58.055 23209 23297 I DetoxDispatcher: Handling action 'loginSuccess' (ID #0)...
05-19 12:30:58.055 23209 23297 I DetoxDispatcher: Done with action 'loginSuccess'
05-19 12:30:58.055 23209 23297 I DetoxDispatcher: Handling action 'isReady' (ID #-1000)...
05-19 12:30:58.062 23209 23209 I Detox   : Wait is over: App is now idle!
05-19 12:30:58.062 23209 23297 I DetoxWSClient: Sending out action 'ready' (ID #-1000)
05-19 12:30:58.062 23209 23297 I DetoxDispatcher: Done with action 'isReady'
05-19 12:30:58.102 23209 23395 D SoLoader: libimagepipeline.so not found on /data/data/com.fakestore/lib-main
05-19 12:30:58.102 23209 23395 D SoLoader: libimagepipeline.so found on /data/app/~~2DZ1jzZsL8Suf3fsoiZU-w==/com.fakestore-WyGrTor2MAWD9j77u-DELg==/lib/arm64
05-19 12:30:58.102 23209 23395 D SoLoader: Not resolving dependencies for libimagepipeline.so
