--------- beginning of main
05-19 13:07:00.310  4477  4477 I com.fakestore: Late-enabling -Xcheck:jni
05-19 13:07:00.325  4477  4477 I com.fakestore: Unquickening 21 vdex files!
05-19 13:07:00.325  4477  4477 E com.fakestore: Unknown bits set in runtime_flags: 0x40000000
05-19 13:07:00.335  4477  4477 E RefClass: java.lang.reflect.InvocationTargetException
05-19 13:07:00.352  4477  4477 I oplus.android.OplusFrameworkFactoryImpl: get feature:IOplusScreenModeFeature
05-19 13:07:00.352  4477  4477 I oplus.android.OplusFrameworkFactoryImpl: getOplusScreenModeFeature
05-19 13:07:00.361  4477  4477 E libc    : Access denied finding property "ro.odm.prev.product.name"
--------- beginning of system
05-19 13:07:00.363  4477  4477 W ActivityThread: Package uses different ABI(s) than its instrumentation: package[com.fakestore]: arm64-v8a, null instrumentation[com.fakestore.test]: null, null
05-19 13:07:00.366  4477  4477 I com.fakestore: The ClassLoaderContext is a special shared library.
05-19 13:07:00.367  4477  4477 I chatty  : uid=11035(com.fakestore) identical 1 line
05-19 13:07:00.368  4477  4477 I com.fakestore: The ClassLoaderContext is a special shared library.
05-19 13:07:00.588  4477  4477 I Perf    : Connecting to perf service.
05-19 13:07:00.598  4477  4477 D ApplicationLoaders: Returning zygote-cached class loader: /system/framework/android.test.base.jar
05-19 13:07:00.598  4477  4477 D ApplicationLoaders: Returning zygote-cached class loader: /system/framework/android.test.base.jar
05-19 13:07:00.599  4477  4477 I com.fakestore: The ClassLoaderContext is a special shared library.
05-19 13:07:00.603  4477  4477 D ApplicationLoaders: Returning zygote-cached class loader: /system/framework/android.test.base.jar
05-19 13:07:00.603  4477  4477 D ApplicationLoaders: Returning zygote-cached class loader: /system/framework/android.test.base.jar
05-19 13:07:00.604  4477  4477 I com.fakestore: The ClassLoaderContext is a special shared library.
05-19 13:07:00.609  4477  4477 I chatty  : uid=11035(com.fakestore) identical 2 lines
05-19 13:07:00.610  4477  4477 I com.fakestore: The ClassLoaderContext is a special shared library.
05-19 13:07:00.823  4477  4477 W com.fakestore: Accessing hidden method Landroid/app/Instrumentation;->execStartActivity(Landroid/content/Context;Landroid/os/IBinder;Landroid/os/IBinder;Landroid/app/Activity;Landroid/content/Intent;ILandroid/os/Bundle;)Landroid/app/Instrumentation$ActivityResult; (greylist, linking, allowed)
05-19 13:07:00.823  4477  4477 W com.fakestore: Accessing hidden method Landroid/app/Instrumentation;->execStartActivity(Landroid/content/Context;Landroid/os/IBinder;Landroid/os/IBinder;Ljava/lang/String;Landroid/content/Intent;ILandroid/os/Bundle;)Landroid/app/Instrumentation$ActivityResult; (greylist, linking, allowed)
05-19 13:07:00.829  4477  4477 D NetworkSecurityConfig: Using Network Security Config from resource network_security_config debugBuild: true
05-19 13:07:00.830  4477  4477 D NetworkSecurityConfig: Using Network Security Config from resource network_security_config debugBuild: true
05-19 13:07:00.831  4477  4477 I MonitoringInstr: newApplication called!
05-19 13:07:00.848  4477  4477 I MonitoringInstr: Instrumentation started!
05-19 13:07:00.855  4477  4477 I AndroidJUnitRunner: onCreate Bundle[{debug=false, detoxServer=ws://localhost:51569, detoxSessionId=0a96a713-8529-09f0-279c-ee75e915ae7f}]
05-19 13:07:00.857  4477  4477 V TestEventClient: No service name argument was given (testDiscoveryService, testRunEventService or orchestratorService)
05-19 13:07:00.859  4477  4508 D AndroidJUnitRunner: onStart is called.
05-19 13:07:00.865  4477  4477 V fb-UnpackingSoSource: locked dso store /data/user/0/com.fakestore/lib-main
05-19 13:07:00.867  4477  4477 V fb-UnpackingSoSource: deps mismatch on deps store: regenerating
05-19 13:07:00.867  4477  4477 V fb-UnpackingSoSource: so store dirty: regenerating
05-19 13:07:00.908  4477  4477 D ApkSoSource: not allowing consideration of lib/arm64-v8a/libc++_shared.so: deferring to libdir
05-19 13:07:00.908  4477  4477 D ApkSoSource: not allowing consideration of lib/arm64-v8a/libevent-2.1.so: deferring to libdir
05-19 13:07:00.908  4477  4477 D ApkSoSource: not allowing consideration of lib/arm64-v8a/libevent_core-2.1.so: deferring to libdir
05-19 13:07:00.908  4477  4477 D ApkSoSource: not allowing consideration of lib/arm64-v8a/libevent_extra-2.1.so: deferring to libdir
05-19 13:07:00.909  4477  4477 D ApkSoSource: not allowing consideration of lib/arm64-v8a/libfabricjni.so: deferring to libdir
05-19 13:07:00.909  4477  4477 D ApkSoSource: not allowing consideration of lib/arm64-v8a/libfb.so: deferring to libdir
05-19 13:07:00.909  4477  4477 D ApkSoSource: not allowing consideration of lib/arm64-v8a/libfbjni.so: deferring to libdir
05-19 13:07:00.909  4477  4477 D ApkSoSource: not allowing consideration of lib/arm64-v8a/libflipper.so: deferring to libdir
05-19 13:07:00.909  4477  4477 D ApkSoSource: not allowing consideration of lib/arm64-v8a/libfolly_runtime.so: deferring to libdir
05-19 13:07:00.909  4477  4477 D ApkSoSource: not allowing consideration of lib/arm64-v8a/libglog.so: deferring to libdir
05-19 13:07:00.909  4477  4477 D ApkSoSource: not allowing consideration of lib/arm64-v8a/libglog_init.so: deferring to libdir
05-19 13:07:00.909  4477  4477 D ApkSoSource: not allowing consideration of lib/arm64-v8a/libimagepipeline.so: deferring to libdir
05-19 13:07:00.909  4477  4477 D ApkSoSource: not allowing consideration of lib/arm64-v8a/libjsc.so: deferring to libdir
05-19 13:07:00.909  4477  4477 D ApkSoSource: not allowing consideration of lib/arm64-v8a/libjscexecutor.so: deferring to libdir
05-19 13:07:00.909  4477  4477 D ApkSoSource: not allowing consideration of lib/arm64-v8a/libjsi.so: deferring to libdir
05-19 13:07:00.910  4477  4477 D ApkSoSource: not allowing consideration of lib/arm64-v8a/libjsijniprofiler.so: deferring to libdir
05-19 13:07:00.910  4477  4477 D ApkSoSource: not allowing consideration of lib/arm64-v8a/libjsinspector.so: deferring to libdir
05-19 13:07:00.910  4477  4477 D ApkSoSource: not allowing consideration of lib/arm64-v8a/liblogger.so: deferring to libdir
05-19 13:07:00.910  4477  4477 D ApkSoSource: not allowing consideration of lib/arm64-v8a/libmapbufferjni.so: deferring to libdir
05-19 13:07:00.910  4477  4477 D ApkSoSource: not allowing consideration of lib/arm64-v8a/libnative-filters.so: deferring to libdir
05-19 13:07:00.910  4477  4477 D ApkSoSource: not allowing consideration of lib/arm64-v8a/libnative-imagetranscoder.so: deferring to libdir
05-19 13:07:00.910  4477  4477 D ApkSoSource: not allowing consideration of lib/arm64-v8a/libreact_codegen_rncore.so: deferring to libdir
05-19 13:07:00.910  4477  4477 D ApkSoSource: not allowing consideration of lib/arm64-v8a/libreact_config.so: deferring to libdir
05-19 13:07:00.910  4477  4477 D ApkSoSource: not allowing consideration of lib/arm64-v8a/libreact_debug.so: deferring to libdir
05-19 13:07:00.910  4477  4477 D ApkSoSource: not allowing consideration of lib/arm64-v8a/libreact_nativemodule_core.so: deferring to libdir
05-19 13:07:00.910  4477  4477 D ApkSoSource: not allowing consideration of lib/arm64-v8a/libreact_render_animations.so: deferring to libdir
05-19 13:07:00.910  4477  4477 D ApkSoSource: not allowing consideration of lib/arm64-v8a/libreact_render_attributedstring.so: deferring to libdir
05-19 13:07:00.911  4477  4477 D ApkSoSource: not allowing consideration of lib/arm64-v8a/libreact_render_componentregistry.so: deferring to libdir
05-19 13:07:00.911  4477  4477 D ApkSoSource: not allowing consideration of lib/arm64-v8a/libreact_render_core.so: deferring to libdir
05-19 13:07:00.911  4477  4477 D ApkSoSource: not allowing consideration of lib/arm64-v8a/libreact_render_debug.so: deferring to libdir
05-19 13:07:00.911  4477  4477 D ApkSoSource: not allowing consideration of lib/arm64-v8a/libreact_render_graphics.so: deferring to libdir
05-19 13:07:00.911  4477  4477 D ApkSoSource: not allowing consideration of lib/arm64-v8a/libreact_render_imagemanager.so: deferring to libdir
05-19 13:07:00.911  4477  4477 D ApkSoSource: not allowing consideration of lib/arm64-v8a/libreact_render_leakchecker.so: deferring to libdir
05-19 13:07:00.911  4477  4477 D ApkSoSource: not allowing consideration of lib/arm64-v8a/libreact_render_mapbuffer.so: deferring to libdir
05-19 13:07:00.911  4477  4477 D ApkSoSource: not allowing consideration of lib/arm64-v8a/libreact_render_mounting.so: deferring to libdir
05-19 13:07:00.911  4477  4477 D ApkSoSource: not allowing consideration of lib/arm64-v8a/libreact_render_runtimescheduler.so: deferring to libdir
05-19 13:07:00.911  4477  4477 D ApkSoSource: not allowing consideration of lib/arm64-v8a/libreact_render_scheduler.so: deferring to libdir
05-19 13:07:00.911  4477  4477 D ApkSoSource: not allowing consideration of lib/arm64-v8a/libreact_render_telemetry.so: deferring to libdir
05-19 13:07:00.911  4477  4477 D ApkSoSource: not allowing consideration of lib/arm64-v8a/libreact_render_templateprocessor.so: deferring to libdir
05-19 13:07:00.912  4477  4477 D ApkSoSource: not allowing consideration of lib/arm64-v8a/libreact_render_textlayoutmanager.so: deferring to libdir
05-19 13:07:00.912  4477  4477 D ApkSoSource: not allowing consideration of lib/arm64-v8a/libreact_render_uimanager.so: deferring to libdir
05-19 13:07:00.912  4477  4477 D ApkSoSource: not allowing consideration of lib/arm64-v8a/libreact_utils.so: deferring to libdir
05-19 13:07:00.912  4477  4477 D ApkSoSource: not allowing consideration of lib/arm64-v8a/libreactnativeblob.so: deferring to libdir
05-19 13:07:00.912  4477  4477 D ApkSoSource: not allowing consideration of lib/arm64-v8a/libreactnativejni.so: deferring to libdir
05-19 13:07:00.912  4477  4477 D ApkSoSource: not allowing consideration of lib/arm64-v8a/libreactnativeutilsjni.so: deferring to libdir
05-19 13:07:00.912  4477  4477 D ApkSoSource: not allowing consideration of lib/arm64-v8a/libreactperfloggerjni.so: deferring to libdir
05-19 13:07:00.912  4477  4477 D ApkSoSource: not allowing consideration of lib/arm64-v8a/librrc_image.so: deferring to libdir
05-19 13:07:00.912  4477  4477 D ApkSoSource: not allowing consideration of lib/arm64-v8a/librrc_root.so: deferring to libdir
05-19 13:07:00.912  4477  4477 D ApkSoSource: not allowing consideration of lib/arm64-v8a/librrc_scrollview.so: deferring to libdir
05-19 13:07:00.912  4477  4477 D ApkSoSource: not allowing consideration of lib/arm64-v8a/librrc_text.so: deferring to libdir
05-19 13:07:00.912  4477  4477 D ApkSoSource: not allowing consideration of lib/arm64-v8a/librrc_textinput.so: deferring to libdir
05-19 13:07:00.912  4477  4477 D ApkSoSource: not allowing consideration of lib/arm64-v8a/librrc_unimplementedview.so: deferring to libdir
05-19 13:07:00.912  4477  4477 D ApkSoSource: not allowing consideration of lib/arm64-v8a/librrc_view.so: deferring to libdir
05-19 13:07:00.913  4477  4477 D ApkSoSource: not allowing consideration of lib/arm64-v8a/libruntimeexecutor.so: deferring to libdir
05-19 13:07:00.913  4477  4477 D ApkSoSource: not allowing consideration of lib/arm64-v8a/libturbomodulejsijni.so: deferring to libdir
05-19 13:07:00.913  4477  4477 D ApkSoSource: not allowing consideration of lib/arm64-v8a/libyoga.so: deferring to libdir
05-19 13:07:00.913  4477  4477 V fb-UnpackingSoSource: regenerating DSO store com.facebook.soloader.ApkSoSource
05-19 13:07:00.914  4477  4477 V fb-UnpackingSoSource: Finished regenerating DSO store com.facebook.soloader.ApkSoSource
05-19 13:07:00.914  4477  4477 V fb-UnpackingSoSource: starting syncer worker
05-19 13:07:00.916  4477  4477 V fb-UnpackingSoSource: releasing dso store lock for /data/user/0/com.fakestore/lib-main (from syncer thread)
05-19 13:07:00.917  4477  4477 V fb-UnpackingSoSource: not releasing dso store lock for /data/user/0/com.fakestore/lib-main (syncer thread started)
05-19 13:07:00.929  4477  4477 D SoLoader: libjscexecutor.so not found on /data/data/com.fakestore/lib-main
05-19 13:07:00.930  4477  4477 D SoLoader: libjscexecutor.so found on /data/app/~~Y-G7amfDXyMf3p3EKFMd6w==/com.fakestore-5RgVkok1PEFn9IwrOCWdlw==/lib/arm64
05-19 13:07:00.930  4477  4477 D SoLoader: Not resolving dependencies for libjscexecutor.so
05-19 13:07:00.946  4477  4477 D JavaScriptCore.Version: 250230.2.1
05-19 13:07:01.031  4477  4477 E Parcel  : Reading a NULL string not supported here.
05-19 13:07:01.034  4477  4477 I chatty  : uid=11035(com.fakestore) identical 26 lines
05-19 13:07:01.035  4477  4477 E Parcel  : Reading a NULL string not supported here.
05-19 13:07:01.035  4477  4477 V SensorManager: RegisterListener bmi160 Accelerometer Non-wakeup type:1 delay:66667us by com.facebook.react.common.ShakeDetector
05-19 13:07:01.035  4477  4477 E Parcel  : Reading a NULL string not supported here.
05-19 13:07:01.052  4477  4521 D SoLoader: libfbjni.so not found on /data/data/com.fakestore/lib-main
05-19 13:07:01.052  4477  4521 D SoLoader: libfbjni.so found on /data/app/~~Y-G7amfDXyMf3p3EKFMd6w==/com.fakestore-5RgVkok1PEFn9IwrOCWdlw==/lib/arm64
05-19 13:07:01.052  4477  4521 D SoLoader: Not resolving dependencies for libfbjni.so
05-19 13:07:01.054  4477  4521 D SoLoader: libflipper.so not found on /data/data/com.fakestore/lib-main
05-19 13:07:01.054  4477  4521 D SoLoader: libflipper.so found on /data/app/~~Y-G7amfDXyMf3p3EKFMd6w==/com.fakestore-5RgVkok1PEFn9IwrOCWdlw==/lib/arm64
05-19 13:07:01.054  4477  4521 D SoLoader: Not resolving dependencies for libflipper.so
05-19 13:07:01.089  4477  4477 W com.fakestore: Accessing hidden field Landroid/view/View;->mKeyedTags:Landroid/util/SparseArray; (greylist, reflection, allowed)
05-19 13:07:01.089  4477  4477 W com.fakestore: Accessing hidden field Landroid/view/View;->mListenerInfo:Landroid/view/View$ListenerInfo; (greylist, reflection, allowed)
05-19 13:07:01.090  4477  4477 W com.fakestore: Accessing hidden field Landroid/view/View$ListenerInfo;->mOnClickListener:Landroid/view/View$OnClickListener; (greylist, reflection, allowed)
05-19 13:07:01.095  4477  4477 I flipper : flipper: FlipperClient::addPlugin Inspector
05-19 13:07:01.096  4477  4477 I flipper : flipper: FlipperClient::addPlugin React
05-19 13:07:01.098  4477  4477 I flipper : flipper: FlipperClient::addPlugin Databases
05-19 13:07:01.099  4477  4477 I flipper : flipper: FlipperClient::addPlugin Preferences
05-19 13:07:01.099  4477  4477 I flipper : flipper: FlipperClient::addPlugin CrashReporter
05-19 13:07:01.101  4477  4477 I flipper : flipper: FlipperClient::addPlugin Network
05-19 13:07:01.117  4477  4508 D TestRequestBuilder: Using class path scanning to discover tests
05-19 13:07:01.117  4477  4508 I TestRequestBuilder: Scanning classpath to find tests in paths [/data/app/~~MNIQvI-G9FHBxMTFpUK6SA==/com.fakestore.test-4JOU_ayABKMRSlG9OQ5qGw==/base.apk]
05-19 13:07:01.117  4477  4508 I System  : Opening DexFile: /data/app/~~MNIQvI-G9FHBxMTFpUK6SA==/com.fakestore.test-4JOU_ayABKMRSlG9OQ5qGw==/base.apk
05-19 13:07:01.118  4477  4508 W com.fakestore: Opening an oat file without a class loader. Are you using the deprecated DexFile APIs?
05-19 13:07:01.120  4477  4519 W System.err: SLF4J: Failed to load class "org.slf4j.impl.StaticLoggerBinder".
05-19 13:07:01.120  4477  4519 W System.err: SLF4J: Defaulting to no-operation (NOP) logger implementation
05-19 13:07:01.120  4477  4519 W System.err: SLF4J: See http://www.slf4j.org/codes.html#StaticLoggerBinder for further details.
05-19 13:07:01.348  4477  4508 W com.fakestore: Unable to resolve Lcom/google/android/apps/common/testing/accessibility/framework/AccessibilityHierarchyCheckResult; annotation class 5201
05-19 13:07:01.349  4477  4508 I chatty  : uid=11035(com.fakestore) roidJUnitRunner identical 2 lines
05-19 13:07:01.349  4477  4508 W com.fakestore: Unable to resolve Lcom/google/android/apps/common/testing/accessibility/framework/AccessibilityHierarchyCheckResult; annotation class 5201
05-19 13:07:01.350  4477  4508 W com.fakestore: Unable to resolve Lcom/google/android/apps/common/testing/accessibility/framework/AccessibilityViewCheckResult; annotation class 5201
05-19 13:07:01.351  4477  4508 W com.fakestore: Unable to resolve Lcom/google/android/apps/common/testing/accessibility/framework/ClusteringUtils; annotation class 5201
05-19 13:07:01.353  4477  4508 W com.fakestore: Unable to resolve Lcom/google/android/apps/common/testing/accessibility/framework/Question; annotation class 5201
05-19 13:07:01.359  4477  4508 W com.fakestore: Unable to resolve Lcom/google/android/apps/common/testing/accessibility/framework/replacements/TextUtils; annotation class 5200
05-19 13:07:01.363  4477  4508 W com.fakestore: Unable to resolve Lcom/google/android/apps/common/testing/accessibility/framework/uielement/ViewHierarchyElement; annotation class 5201
05-19 13:07:01.363  4477  4508 I chatty  : uid=11035(com.fakestore) roidJUnitRunner identical 2 lines
05-19 13:07:01.364  4477  4508 W com.fakestore: Unable to resolve Lcom/google/android/apps/common/testing/accessibility/framework/uielement/ViewHierarchyElement; annotation class 5201
05-19 13:07:01.364  4477  4508 W com.fakestore: Unable to resolve Lcom/google/android/apps/common/testing/accessibility/framework/uielement/ViewHierarchyElementAndroid; annotation class 5201
05-19 13:07:01.365  4477  4508 W com.fakestore: Unable to resolve Lcom/google/android/apps/common/testing/accessibility/framework/uielement/ViewHierarchyElementAndroid; annotation class 5201
05-19 13:07:01.365  4477  4508 I chatty  : uid=11035(com.fakestore) roidJUnitRunner identical 1 line
05-19 13:07:01.365  4477  4508 W com.fakestore: Unable to resolve Lcom/google/android/apps/common/testing/accessibility/framework/uielement/ViewHierarchyElementAndroid; annotation class 5201
05-19 13:07:01.365  4477  4508 W com.fakestore: Unable to resolve Lcom/google/android/apps/common/testing/accessibility/framework/uielement/ViewHierarchyElement; annotation class 5201
05-19 13:07:01.366  4477  4508 W com.fakestore: Unable to resolve Lcom/google/android/apps/common/testing/accessibility/framework/uielement/ViewHierarchyElement; annotation class 5201
05-19 13:07:01.545  4477  4508 D AndroidJUnitRunner: Use the raw file system for managing file I/O.
05-19 13:07:01.548  4477  4508 D TestExecutor: Adding listener androidx.test.internal.runner.listener.LogRunListener
05-19 13:07:01.548  4477  4508 D TestExecutor: Adding listener androidx.test.internal.runner.listener.InstrumentationResultPrinter
05-19 13:07:01.549  4477  4508 D TestExecutor: Adding listener androidx.test.internal.runner.listener.ActivityFinisherRunListener
05-19 13:07:01.549  4477  4508 D TestExecutor: Adding listener androidx.test.internal.runner.listener.TraceRunListener
05-19 13:07:01.551  4477  4508 I TestRunner: run started: 1 tests
05-19 13:07:01.553  4477  4508 I TestRunner: started: runDetoxTests(com.fakestore.DetoxTest)
05-19 13:07:01.592  4477  4508 D EventInjectionStrategy: Creating injection strategy with input manager.
05-19 13:07:01.593  4477  4508 W com.fakestore: Accessing hidden method Landroid/hardware/input/InputManager;->getInstance()Landroid/hardware/input/InputManager; (greylist, reflection, allowed)
05-19 13:07:01.593  4477  4508 W com.fakestore: Accessing hidden method Landroid/hardware/input/InputManager;->injectInputEvent(Landroid/view/InputEvent;I)Z (greylist, reflection, allowed)
05-19 13:07:01.593  4477  4508 W com.fakestore: Accessing hidden field Landroid/hardware/input/InputManager;->INJECT_INPUT_EVENT_MODE_WAIT_FOR_FINISH:I (greylist, reflection, allowed)
05-19 13:07:01.607  4477  4508 W com.fakestore: Accessing hidden field Ljava/lang/reflect/Field;->accessFlags:I (greylist, reflection, allowed)
05-19 13:07:01.613  4477  4575 E Parcel  : Reading a NULL string not supported here.
05-19 13:07:01.717  4477  4594 E libEGL  : Invalid file path for libcolorx-loader.so
05-19 13:07:01.763  4477  4477 I oplus.android.OplusFrameworkFactoryImpl: getOplusRedPacketManager
05-19 13:07:01.765  4477  4477 D LifecycleMonitor: Lifecycle status change: com.fakestore.MainActivity@250d8d9 in: PRE_ON_CREATE
05-19 13:07:01.837  4477  4477 W com.fakestore: Accessing hidden method Landroid/view/View;->computeFitSystemWindows(Landroid/graphics/Rect;Landroid/graphics/Rect;)Z (greylist, reflection, allowed)
05-19 13:07:01.839  4477  4477 W com.fakestore: Accessing hidden method Landroid/view/ViewGroup;->makeOptionalFitsSystemWindows()V (greylist, reflection, allowed)
05-19 13:07:01.843  4477  4477 D LifecycleMonitor: Lifecycle status change: com.fakestore.MainActivity@250d8d9 in: CREATED
05-19 13:07:01.848  4477  4477 D LifecycleMonitor: Lifecycle status change: com.fakestore.MainActivity@250d8d9 in: STARTED
05-19 13:07:01.852  4477  4477 D LifecycleMonitor: Lifecycle status change: com.fakestore.MainActivity@250d8d9 in: RESUMED
05-19 13:07:01.869  4477  4477 I OplusFeatureCache: Milliseconds spent on init(): 8
05-19 13:07:01.872  4477  4477 D OplusSlideAnimOptHelper: scrollEffectOpt enable = false
05-19 13:07:01.873  4477  4477 D ColorViewRootUtil: initSwipState, isDisplayCompatApp false
05-19 13:07:01.873  4477  4477 D ColorViewRootUtil: mScreenHeight 2400, mScreenWidth 1080
05-19 13:07:01.876  4477  4477 D WindowManager: Add to mViews: DecorView@c3f32b2[MainActivity],pkg= com.fakestore
05-19 13:07:01.903  4477  4477 W unknown:ReactNative: Packager connection already open, nooping.
05-19 13:07:01.926  4477  4477 V OplusZoomWindowDecorViewHelper: setLastReportedMergedConfiguration mZoomDisplayHeight: 2400 getDecorView.DecorView@c3f32b2[MainActivity]
05-19 13:07:01.929  4477  4592 E libEGL  : Invalid file path for libcolorx-loader.so
05-19 13:07:01.929  4477  4592 I AdrenoGLES-0: QUALCOMM build                   : 3142bdd, I7afe4835b7
05-19 13:07:01.929  4477  4592 I AdrenoGLES-0: Build Date                       : 09/16/20
05-19 13:07:01.929  4477  4592 I AdrenoGLES-0: OpenGL ES Shader Compiler Version: EV031.32.02.00
05-19 13:07:01.929  4477  4592 I AdrenoGLES-0: Local Branch                     : 
05-19 13:07:01.929  4477  4592 I AdrenoGLES-0: Remote Branch                    : 
05-19 13:07:01.929  4477  4592 I AdrenoGLES-0: Remote Branch                    : 
05-19 13:07:01.929  4477  4592 I AdrenoGLES-0: Reconstruct Branch               : 
05-19 13:07:01.929  4477  4592 I AdrenoGLES-0: Build Config                     : S P 10.0.6 AArch64
05-19 13:07:01.929  4477  4592 I AdrenoGLES-0: Driver Path                      : /vendor/lib64/egl/libGLESv2_adreno.so
05-19 13:07:01.936  4477  4592 I AdrenoGLES-0: PFP: 0x016ee190, ME: 0x00000000
05-19 13:07:01.942  4477  4592 E libEGL  : Invalid file path for libcolorx-loader.so
05-19 13:07:01.946  4477  4592 I chatty  : uid=11035(com.fakestore) RenderThread identical 65 lines
05-19 13:07:01.946  4477  4592 E libEGL  : Invalid file path for libcolorx-loader.so
05-19 13:07:01.999  4477  4477 E OplusCustomizeRestrictionManager: sInstance is null, start a new sInstance
05-19 13:07:02.030  4477  4477 D ColorViewRootUtil: initSwipState, isDisplayCompatApp false
05-19 13:07:02.031  4477  4477 D ColorViewRootUtil: mScreenHeight 2400, mScreenWidth 1080
05-19 13:07:02.031  4477  4477 D WindowManager: Add to mViews: android.widget.PopupWindow$PopupDecorView{566beb0 V.E...... R.....I. 0,0-0,0},pkg= com.fakestore
05-19 13:07:02.135  4477  4524 D SoLoader: libreactnativejni.so not found on /data/data/com.fakestore/lib-main
05-19 13:07:02.135  4477  4524 D SoLoader: libreactnativejni.so found on /data/app/~~Y-G7amfDXyMf3p3EKFMd6w==/com.fakestore-5RgVkok1PEFn9IwrOCWdlw==/lib/arm64
05-19 13:07:02.138  4477  4524 D SoLoader: Not resolving dependencies for libreactnativejni.so
05-19 13:07:02.181  4477  4508 I Detox   : Detox server connection details: url=ws://localhost:51569, sessionId=0a96a713-8529-09f0-279c-ee75e915ae7f
05-19 13:07:02.215  4477  4658 I DetoxDispatcher: Handling action '_init' (ID #0)...
05-19 13:07:02.215  4477  4658 I Detox   : Connecting to server...
05-19 13:07:02.215  4477  4658 I DetoxWSClient: At connectToServer
05-19 13:07:02.253  4477  4661 D DetoxWSClient: At onOpen
05-19 13:07:02.253  4477  4661 I DetoxWSClient: Sending out action 'login' (ID #0)
05-19 13:07:02.255  4477  4661 I Detox   : Connected to server!
05-19 13:07:02.261  4477  4661 D DetoxWSClient: Received action 'loginSuccess' (ID #0, params={"testerConnected":true,"appConnected":true})
05-19 13:07:02.298  4477  4661 D DetoxWSClient: Received action 'isReady' (ID #-1000, params={})
05-19 13:07:02.355  4477  4675 V AsyncStorageExpoMigration: No scoped database found
05-19 13:07:02.369  4477  4680 E Parcel  : Reading a NULL string not supported here.
05-19 13:07:02.390  4477  4675 W unknown:ReactContext: initializeMessageQueueThreads() is called.
05-19 13:07:02.394  4477  4477 W unknown:ReactNative: Packager connection already open, nooping.
05-19 13:07:02.475  4477  4684 W unknown:ViewManagerPropertyUpdater: Could not find generated setter for class com.facebook.react.views.drawer.ReactDrawerLayoutManager
05-19 13:07:02.480  4477  4684 W unknown:ViewManagerPropertyUpdater: Could not find generated setter for class com.facebook.react.uimanager.LayoutShadowNode
05-19 13:07:02.484  4477  4684 W unknown:ViewManagerPropertyUpdater: Could not find generated setter for class com.facebook.react.views.scroll.ReactHorizontalScrollViewManager
05-19 13:07:02.486  4477  4684 W unknown:ViewManagerPropertyUpdater: Could not find generated setter for class com.facebook.react.views.scroll.ReactHorizontalScrollContainerViewManager
05-19 13:07:02.487  4477  4684 W unknown:ViewManagerPropertyUpdater: Could not find generated setter for class com.facebook.react.views.progressbar.ReactProgressBarViewManager
05-19 13:07:02.488  4477  4684 W unknown:ViewManagerPropertyUpdater: Could not find generated setter for class com.facebook.react.views.progressbar.ProgressBarShadowNode
05-19 13:07:02.490  4477  4684 W unknown:ViewManagerPropertyUpdater: Could not find generated setter for class com.facebook.react.views.scroll.ReactScrollViewManager
05-19 13:07:02.492  4477  4684 W unknown:ViewManagerPropertyUpdater: Could not find generated setter for class com.facebook.react.views.slider.ReactSliderManager
05-19 13:07:02.494  4477  4684 W unknown:ViewManagerPropertyUpdater: Could not find generated setter for class com.facebook.react.views.slider.ReactSliderManager$ReactSliderShadowNode
05-19 13:07:02.494  4477  4684 W unknown:ViewManagerPropertyUpdater: Could not find generated setter for class com.facebook.react.views.switchview.ReactSwitchManager
05-19 13:07:02.496  4477  4684 W unknown:ViewManagerPropertyUpdater: Could not find generated setter for class com.facebook.react.views.switchview.ReactSwitchManager$ReactSwitchShadowNode
05-19 13:07:02.496  4477  4684 W unknown:ViewManagerPropertyUpdater: Could not find generated setter for class com.facebook.react.views.swiperefresh.SwipeRefreshLayoutManager
05-19 13:07:02.497  4477  4684 W unknown:ViewManagerPropertyUpdater: Could not find generated setter for class com.facebook.react.views.text.frescosupport.FrescoBasedReactTextInlineImageViewManager
05-19 13:07:02.498  4477  4684 W unknown:ViewManagerPropertyUpdater: Could not find generated setter for class com.facebook.react.views.text.frescosupport.FrescoBasedReactTextInlineImageShadowNode
05-19 13:07:02.499  4477  4684 W unknown:ViewManagerPropertyUpdater: Could not find generated setter for class com.facebook.react.views.image.ReactImageManager
05-19 13:07:02.501  4477  4684 W unknown:ViewManagerPropertyUpdater: Could not find generated setter for class com.facebook.react.views.modal.ReactModalHostManager
05-19 13:07:02.502  4477  4684 W unknown:ViewManagerPropertyUpdater: Could not find generated setter for class com.facebook.react.views.modal.ModalHostShadowNode
05-19 13:07:02.503  4477  4684 W unknown:ViewManagerPropertyUpdater: Could not find generated setter for class com.facebook.react.views.text.ReactRawTextManager
05-19 13:07:02.503  4477  4684 W unknown:ViewManagerPropertyUpdater: Could not find generated setter for class com.facebook.react.views.text.ReactRawTextShadowNode
05-19 13:07:02.504  4477  4684 W unknown:ViewManagerPropertyUpdater: Could not find generated setter for class com.facebook.react.views.textinput.ReactTextInputManager
05-19 13:07:02.507  4477  4684 W unknown:ViewManagerPropertyUpdater: Could not find generated setter for class com.facebook.react.views.textinput.ReactTextInputShadowNode
05-19 13:07:02.509  4477  4684 W unknown:ViewManagerPropertyUpdater: Could not find generated setter for class com.facebook.react.views.text.ReactTextViewManager
05-19 13:07:02.510  4477  4684 W unknown:ViewManagerPropertyUpdater: Could not find generated setter for class com.facebook.react.views.text.ReactTextShadowNode
05-19 13:07:02.511  4477  4684 W unknown:ViewManagerPropertyUpdater: Could not find generated setter for class com.facebook.react.views.view.ReactViewManager
05-19 13:07:02.513  4477  4684 W unknown:ViewManagerPropertyUpdater: Could not find generated setter for class com.facebook.react.views.text.ReactVirtualTextViewManager
05-19 13:07:02.513  4477  4684 W unknown:ViewManagerPropertyUpdater: Could not find generated setter for class com.facebook.react.views.text.ReactVirtualTextShadowNode
05-19 13:07:02.514  4477  4684 W unknown:ViewManagerPropertyUpdater: Could not find generated setter for class com.facebook.react.views.unimplementedview.ReactUnimplementedViewManager
05-19 13:07:02.515  4477  4684 W unknown:ViewManagerPropertyUpdater: Could not find generated setter for class org.reactnative.maskedview.RNCMaskedViewManager
05-19 13:07:02.516  4477  4684 W unknown:ViewManagerPropertyUpdater: Could not find generated setter for class com.th3rdwave.safeareacontext.SafeAreaProviderManager
05-19 13:07:02.516  4477  4684 W unknown:ViewManagerPropertyUpdater: Could not find generated setter for class com.th3rdwave.safeareacontext.SafeAreaViewManager
05-19 13:07:02.517  4477  4684 W unknown:ViewManagerPropertyUpdater: Could not find generated setter for class com.th3rdwave.safeareacontext.SafeAreaViewShadowNode
05-19 13:07:02.518  4477  4684 W unknown:ViewManagerPropertyUpdater: Could not find generated setter for class com.swmansion.rnscreens.ScreenContainerViewManager
05-19 13:07:02.519  4477  4684 W unknown:ViewManagerPropertyUpdater: Could not find generated setter for class com.swmansion.rnscreens.ScreenViewManager
05-19 13:07:02.520  4477  4684 W unknown:ViewManagerPropertyUpdater: Could not find generated setter for class com.swmansion.rnscreens.ScreenStackViewManager
05-19 13:07:02.520  4477  4684 W unknown:ViewManagerPropertyUpdater: Could not find generated setter for class com.swmansion.rnscreens.ScreenStackHeaderConfigViewManager
05-19 13:07:02.521  4477  4684 W unknown:ViewManagerPropertyUpdater: Could not find generated setter for class com.swmansion.rnscreens.ScreenStackHeaderSubviewManager
05-19 13:07:02.522  4477  4684 W unknown:ViewManagerPropertyUpdater: Could not find generated setter for class com.swmansion.rnscreens.SearchBarManager
05-19 13:07:02.530  4477  4684 W unknown:ReactContext: initializeMessageQueueThreads() is called.
05-19 13:07:02.533  4477  4684 D SoLoader: libyoga.so not found on /data/data/com.fakestore/lib-main
05-19 13:07:02.533  4477  4684 D SoLoader: libyoga.so found on /data/app/~~Y-G7amfDXyMf3p3EKFMd6w==/com.fakestore-5RgVkok1PEFn9IwrOCWdlw==/lib/arm64
05-19 13:07:02.533  4477  4684 D SoLoader: Not resolving dependencies for libyoga.so
05-19 13:07:02.542  4477  4477 D DetoxRNLoading: Listener-proxy method called: onReactContextInitialized
05-19 13:07:02.542  4477  4477 I DetoxRNLoading: Got new RN-context async'ly through listener
05-19 13:07:02.542  4477  4477 D DetoxRNLoading: Listener-proxy method called: equals
05-19 13:07:02.544  4477  4658 I DetoxRNIdleRes: Setting up Espresso Idling Resources for React Native
05-19 13:07:02.567  4477  4658 D AsyncStorageIR: Checking whether a custom IR for Async-Storage is required... (legacy=false)
05-19 13:07:02.568  4477  4658 D AsyncStorageIR: IR for Async-Storage is required! (legacy=false)
05-19 13:07:02.569  4477  4658 D AsyncStorageIR: Checking whether a custom IR for Async-Storage is required... (legacy=true)
05-19 13:07:02.574  4477  4658 D AsyncStorageIR: IR for Async-Storage is required! (legacy=true)
05-19 13:07:02.576  4477  4477 D AsyncStorageIR: Async-storage is busy!
05-19 13:07:02.577  4477  4477 D AsyncStorageIRLegacy: Async-storage is busy!
05-19 13:07:02.582  4477  4658 I DetoxDispatcher: Done with action '_init'
05-19 13:07:02.582  4477  4658 I DetoxDispatcher: Handling action 'isReady' (ID #-1000)...
05-19 13:07:02.585  4477  4477 W com.fakestore: Accessing hidden method Landroid/os/MessageQueue;->next()Landroid/os/Message; (greylist, reflection, allowed)
05-19 13:07:02.586  4477  4477 W com.fakestore: Accessing hidden field Landroid/os/MessageQueue;->mMessages:Landroid/os/Message; (greylist, reflection, allowed)
05-19 13:07:02.586  4477  4477 W com.fakestore: Accessing hidden method Landroid/os/Message;->recycleUnchecked()V (greylist, reflection, allowed)
05-19 13:07:02.594  4477  4684 I flipper : flipper: FlipperClient::addPlugin Fresco
05-19 13:07:02.659  4477  4683 D SoLoader: libreactnativeblob.so not found on /data/data/com.fakestore/lib-main
05-19 13:07:02.659  4477  4683 D SoLoader: libreactnativeblob.so found on /data/app/~~Y-G7amfDXyMf3p3EKFMd6w==/com.fakestore-5RgVkok1PEFn9IwrOCWdlw==/lib/arm64
05-19 13:07:02.659  4477  4683 D SoLoader: Not resolving dependencies for libreactnativeblob.so
05-19 13:07:02.698  4477  4684 I WebViewFactory: Loading com.google.android.webview version 110.0.5481.153 (code 548115333)
05-19 13:07:02.705  4477  4684 W linker  : Warning: "/data/app/~~ZS9E27XFUMq_UEOJpzgrAw==/com.google.android.webview-1F4-Y8gMX6Rl1iWbcmwEbQ==/base.apk!/lib/arm64-v8a/libmonochrome.so" unused DT entry: unknown processor-specific (type 0x70000001 arg 0x0) (ignoring)
05-19 13:07:02.718  4477  4684 W com.fakestore: Accessing hidden method Landroid/os/Trace;->isTagEnabled(J)Z (greylist, reflection, allowed)
05-19 13:07:02.718  4477  4684 W com.fakestore: Accessing hidden method Landroid/os/Trace;->traceBegin(JLjava/lang/String;)V (greylist, reflection, allowed)
05-19 13:07:02.718  4477  4684 W com.fakestore: Accessing hidden method Landroid/os/Trace;->traceEnd(J)V (greylist, reflection, allowed)
05-19 13:07:02.718  4477  4684 W com.fakestore: Accessing hidden method Landroid/os/Trace;->asyncTraceBegin(JLjava/lang/String;I)V (greylist, reflection, allowed)
05-19 13:07:02.718  4477  4684 W com.fakestore: Accessing hidden method Landroid/os/Trace;->asyncTraceEnd(JLjava/lang/String;I)V (greylist, reflection, allowed)
05-19 13:07:02.723  4477  4684 I cr_WVCFactoryProvider: Loaded version=110.0.5481.153 minSdkVersion=29 isBundle=true multiprocess=true packageId=2
05-19 13:07:02.742  4477  4684 I cr_LibraryLoader: Successfully loaded native library
05-19 13:07:02.743  4477  4684 I cr_CachingUmaRecorder: Flushed 8 samples from 8 histograms.
05-19 13:07:03.144  4477  4683 I ReactNativeJS: Running "FakeStore" with {"rootTag":1}
05-19 13:07:03.329  4477  4684 W unknown:ViewManagerPropertyUpdater: Could not find generated setter for class com.swmansion.rnscreens.ScreensShadowNode
05-19 13:07:03.398  4477  4477 I Detox   : UIManagerModule is busy
05-19 13:07:03.470  4477  4477 I Detox   : UIManagerModule is busy
05-19 13:07:03.536  4477  4941 D SoLoader: libimagepipeline.so not found on /data/data/com.fakestore/lib-main
05-19 13:07:03.536  4477  4941 D SoLoader: libimagepipeline.so found on /data/app/~~Y-G7amfDXyMf3p3EKFMd6w==/com.fakestore-5RgVkok1PEFn9IwrOCWdlw==/lib/arm64
05-19 13:07:03.536  4477  4941 D SoLoader: Not resolving dependencies for libimagepipeline.so
05-19 13:07:03.539  4477  4477 I Detox   : UIManagerModule is busy
05-19 13:07:03.546  4477  4477 I Detox   : Wait is over: App is now idle!
05-19 13:07:03.547  4477  4658 I DetoxWSClient: Sending out action 'ready' (ID #-1000)
05-19 13:07:03.547  4477  4658 I DetoxDispatcher: Done with action 'isReady'
05-19 13:07:03.547  4477  4658 I DetoxDispatcher: Handling action 'loginSuccess' (ID #0)...
05-19 13:07:03.547  4477  4658 I DetoxDispatcher: Done with action 'loginSuccess'
05-19 13:07:03.547  4477  4658 I DetoxDispatcher: Handling action 'isReady' (ID #-1000)...
05-19 13:07:03.551  4477  4477 I Detox   : Wait is over: App is now idle!
05-19 13:07:03.554  4477  4658 I DetoxWSClient: Sending out action 'ready' (ID #-1000)
05-19 13:07:03.555  4477  4658 I DetoxDispatcher: Done with action 'isReady'
