--------- beginning of main
05-19 13:13:37.075  9375  9476 W unknown:ViewManagerPropertyUpdater: Could not find generated setter for class com.swmansion.rnscreens.ScreensShadowNode
05-19 13:13:37.126  9375  9375 I Detox   : UIManagerModule is busy
05-19 13:13:37.187  9375  9375 I Detox   : UIManagerModule is busy
05-19 13:13:37.234  9375  9548 D SoLoader: libimagepipeline.so not found on /data/data/com.fakestore/lib-main
05-19 13:13:37.234  9375  9548 D SoLoader: libimagepipeline.so found on /data/app/~~UnOdGJYV-Nx5MWZj9Cz3RQ==/com.fakestore-zZwdDO2wtX5J7ibntX-qjQ==/lib/arm64
05-19 13:13:37.234  9375  9548 D SoLoader: Not resolving dependencies for libimagepipeline.so
05-19 13:13:37.259  9375  9375 I Detox   : UIManagerModule is busy
05-19 13:13:37.266  9375  9375 I Detox   : Wait is over: App is now idle!
05-19 13:13:37.270  9375  9467 I DetoxWSClient: Sending out action 'ready' (ID #-1000)
05-19 13:13:37.271  9375  9467 I DetoxDispatcher: Done with action 'isReady'
05-19 13:13:37.271  9375  9467 I DetoxDispatcher: Handling action 'loginSuccess' (ID #0)...
05-19 13:13:37.271  9375  9467 I DetoxDispatcher: Done with action 'loginSuccess'
05-19 13:13:37.271  9375  9467 I DetoxDispatcher: Handling action 'isReady' (ID #-1000)...
05-19 13:13:37.274  9375  9375 I Detox   : Wait is over: App is now idle!
05-19 13:13:37.274  9375  9467 I DetoxWSClient: Sending out action 'ready' (ID #-1000)
05-19 13:13:37.275  9375  9467 I DetoxDispatcher: Done with action 'isReady'
05-19 13:13:37.373  9375  9469 D DetoxWSClient: Received action 'invoke' (ID #1, params={"target":{"type":"Class","value":"com.wix.detox.espresso.DetoxAssertion"},"method":"waitForAssertMatcher","args":[{"type":"Invocation","value":{"target":{"type":"Class","value":"androidx.test.espresso.Espresso"},"method":"onView","args":[{"type":"Invocation","value":{"target":{"type":"Class","value":"com.wix.detox.espresso.DetoxMatcher"},"method":"matcherForText","args":["Fake Store"]}}]}},{"type":"Invocation","value":{"target":{"type":"Class","value":"com.wix.detox.espresso.DetoxMatcher"},"method":"matcherForSufficientlyVisible","args":[{"type":"Integer","value":75}]}},{"type":"Double","value":3}]})
05-19 13:13:37.373  9375  9467 I DetoxDispatcher: Handling action 'invoke' (ID #1)...
05-19 13:13:37.376  9375  9467 D Detox   : class com.wix.detox.espresso.DetoxMatcher, matcherForText, [Fake Store]
05-19 13:13:37.389  9375  9467 D Detox   : class androidx.test.espresso.Espresso, onView, [(an instance of android.widget.TextView and view.getText() with or without transformation to match: is "Fake Store" and view has effective visibility <VISIBLE>)]
05-19 13:13:37.390  9375  9467 D Detox   : class com.wix.detox.espresso.DetoxMatcher, matcherForSufficientlyVisible, [75]
05-19 13:13:37.391  9375  9467 D Detox   : class com.wix.detox.espresso.DetoxAssertion, waitForAssertMatcher, [androidx.test.espresso.ViewInteraction@3bec787, (view has effective visibility <VISIBLE> and view.getGlobalVisibleRect() covers at least <75> percent of the view's area), 3.0]
05-19 13:13:37.600  9375  9375 W com.fakestore: Accessing hidden method Landroid/view/WindowManagerGlobal;->getInstance()Landroid/view/WindowManagerGlobal; (greylist, reflection, allowed)
05-19 13:13:37.600  9375  9375 W com.fakestore: Accessing hidden field Landroid/view/WindowManagerGlobal;->mViews:Ljava/util/ArrayList; (greylist, reflection, allowed)
05-19 13:13:37.600  9375  9375 W com.fakestore: Accessing hidden field Landroid/view/WindowManagerGlobal;->mParams:Ljava/util/ArrayList; (greylist, reflection, allowed)
05-19 13:13:37.604  9375  9375 I ViewInteraction: Checking 'MatchesViewAssertion(Detox){viewMatcher=(view has effective visibility <VISIBLE> and view.getGlobalVisibleRect() covers at least <75> percent of the view's area)}' assertion on view (an instance of android.widget.TextView and view.getText() with or without transformation to match: is "Fake Store" and view has effective visibility <VISIBLE>)
05-19 13:13:37.607  9375  9467 I DetoxWSClient: Sending out action 'invokeResult' (ID #1)
05-19 13:13:37.608  9375  9467 I DetoxDispatcher: Done with action 'invoke'
05-19 13:13:37.621  9375  9469 D DetoxWSClient: Received action 'invoke' (ID #2, params={"target":{"type":"Class","value":"com.wix.detox.espresso.DetoxAssertion"},"method":"waitForAssertMatcher","args":[{"type":"Invocation","value":{"target":{"type":"Class","value":"androidx.test.espresso.Espresso"},"method":"onView","args":[{"type":"Invocation","value":{"target":{"type":"Class","value":"com.wix.detox.espresso.DetoxMatcher"},"method":"matcherForText","args":["Find your Gadget"]}}]}},{"type":"Invocation","value":{"target":{"type":"Class","value":"com.wix.detox.espresso.DetoxMatcher"},"method":"matcherForSufficientlyVisible","args":[{"type":"Integer","value":75}]}},{"type":"Double","value":3}]})
05-19 13:13:37.622  9375  9467 I DetoxDispatcher: Handling action 'invoke' (ID #2)...
05-19 13:13:37.623  9375  9467 D Detox   : class com.wix.detox.espresso.DetoxMatcher, matcherForText, [Find your Gadget]
05-19 13:13:37.624  9375  9467 D Detox   : class androidx.test.espresso.Espresso, onView, [(an instance of android.widget.TextView and view.getText() with or without transformation to match: is "Find your Gadget" and view has effective visibility <VISIBLE>)]
05-19 13:13:37.626  9375  9467 D Detox   : class com.wix.detox.espresso.DetoxMatcher, matcherForSufficientlyVisible, [75]
05-19 13:13:37.626  9375  9467 D Detox   : class com.wix.detox.espresso.DetoxAssertion, waitForAssertMatcher, [androidx.test.espresso.ViewInteraction@29122dd, (view has effective visibility <VISIBLE> and view.getGlobalVisibleRect() covers at least <75> percent of the view's area), 3.0]
05-19 13:13:37.644  9375  9375 I ViewInteraction: Checking 'MatchesViewAssertion(Detox){viewMatcher=(view has effective visibility <VISIBLE> and view.getGlobalVisibleRect() covers at least <75> percent of the view's area)}' assertion on view (an instance of android.widget.TextView and view.getText() with or without transformation to match: is "Find your Gadget" and view has effective visibility <VISIBLE>)
05-19 13:13:37.938  9375  9375 I chatty  : uid=11043(com.fakestore) identical 8 lines
05-19 13:13:37.975  9375  9375 I ViewInteraction: Checking 'MatchesViewAssertion(Detox){viewMatcher=(view has effective visibility <VISIBLE> and view.getGlobalVisibleRect() covers at least <75> percent of the view's area)}' assertion on view (an instance of android.widget.TextView and view.getText() with or without transformation to match: is "Find your Gadget" and view has effective visibility <VISIBLE>)
05-19 13:13:38.012  9375  9375 I ViewInteraction: Checking 'MatchesViewAssertion(Detox){viewMatcher=(view has effective visibility <VISIBLE> and view.getGlobalVisibleRect() covers at least <75> percent of the view's area)}' assertion on view (an instance of android.widget.TextView and view.getText() with or without transformation to match: is "Find your Gadget" and view has effective visibility <VISIBLE>)
05-19 13:13:38.215  9375  9375 I chatty  : uid=11043(com.fakestore) identical 6 lines
05-19 13:13:38.252  9375  9375 I ViewInteraction: Checking 'MatchesViewAssertion(Detox){viewMatcher=(view has effective visibility <VISIBLE> and view.getGlobalVisibleRect() covers at least <75> percent of the view's area)}' assertion on view (an instance of android.widget.TextView and view.getText() with or without transformation to match: is "Find your Gadget" and view has effective visibility <VISIBLE>)
05-19 13:13:38.288  9375  9375 I ViewInteraction: Checking 'MatchesViewAssertion(Detox){viewMatcher=(view has effective visibility <VISIBLE> and view.getGlobalVisibleRect() covers at least <75> percent of the view's area)}' assertion on view (an instance of android.widget.TextView and view.getText() with or without transformation to match: is "Find your Gadget" and view has effective visibility <VISIBLE>)
05-19 13:13:38.830  9375  9375 I chatty  : uid=11043(com.fakestore) identical 17 lines
05-19 13:13:38.861  9375  9375 I ViewInteraction: Checking 'MatchesViewAssertion(Detox){viewMatcher=(view has effective visibility <VISIBLE> and view.getGlobalVisibleRect() covers at least <75> percent of the view's area)}' assertion on view (an instance of android.widget.TextView and view.getText() with or without transformation to match: is "Find your Gadget" and view has effective visibility <VISIBLE>)
05-19 13:13:38.891  9375  9375 I ViewInteraction: Checking 'MatchesViewAssertion(Detox){viewMatcher=(view has effective visibility <VISIBLE> and view.getGlobalVisibleRect() covers at least <75> percent of the view's area)}' assertion on view (an instance of android.widget.TextView and view.getText() with or without transformation to match: is "Find your Gadget" and view has effective visibility <VISIBLE>)
05-19 13:13:38.920  9375  9375 I ViewInteraction: Checking 'MatchesViewAssertion(Detox){viewMatcher=(view has effective visibility <VISIBLE> and view.getGlobalVisibleRect() covers at least <75> percent of the view's area)}' assertion on view (an instance of android.widget.TextView and view.getText() with or without transformation to match: is "Find your Gadget" and view has effective visibility <VISIBLE>)
05-19 13:13:38.954  9375  9375 I ViewInteraction: Checking 'MatchesViewAssertion(Detox){viewMatcher=(view has effective visibility <VISIBLE> and view.getGlobalVisibleRect() covers at least <75> percent of the view's area)}' assertion on view (an instance of android.widget.TextView and view.getText() with or without transformation to match: is "Find your Gadget" and view has effective visibility <VISIBLE>)
05-19 13:13:38.987  9375  9375 I chatty  : uid=11043(com.fakestore) identical 1 line
05-19 13:13:39.020  9375  9375 I ViewInteraction: Checking 'MatchesViewAssertion(Detox){viewMatcher=(view has effective visibility <VISIBLE> and view.getGlobalVisibleRect() covers at least <75> percent of the view's area)}' assertion on view (an instance of android.widget.TextView and view.getText() with or without transformation to match: is "Find your Gadget" and view has effective visibility <VISIBLE>)
05-19 13:13:39.043  9375  9375 I Detox   : UIManagerModule is busy
05-19 13:13:39.045  9375  9375 D AsyncStorageIR: Async-storage is busy!
05-19 13:13:39.359  9375  9375 I ViewInteraction: Checking 'MatchesViewAssertion(Detox){viewMatcher=(view has effective visibility <VISIBLE> and view.getGlobalVisibleRect() covers at least <75> percent of the view's area)}' assertion on view (an instance of android.widget.TextView and view.getText() with or without transformation to match: is "Find your Gadget" and view has effective visibility <VISIBLE>)
05-19 13:13:39.361  9375  9467 I DetoxWSClient: Sending out action 'invokeResult' (ID #2)
05-19 13:13:39.362  9375  9467 I DetoxDispatcher: Done with action 'invoke'
05-19 13:13:39.378  9375  9469 D DetoxWSClient: Received action 'invoke' (ID #3, params={"target":{"type":"Class","value":"com.wix.detox.espresso.EspressoDetox"},"method":"perform","args":[{"type":"Invocation","value":{"target":{"type":"Class","value":"androidx.test.espresso.Espresso"},"method":"onView","args":[{"type":"Invocation","value":{"target":{"type":"Class","value":"com.wix.detox.espresso.DetoxMatcher"},"method":"matcherForText","args":["Get Started"]}}]}},{"type":"Invocation","value":{"target":{"type":"Class","value":"com.wix.detox.espresso.DetoxViewActions"},"method":"click","args":[]}}]})
05-19 13:13:39.378  9375  9467 I DetoxDispatcher: Handling action 'invoke' (ID #3)...
05-19 13:13:39.378  9375  9467 D Detox   : class com.wix.detox.espresso.DetoxMatcher, matcherForText, [Get Started]
05-19 13:13:39.379  9375  9467 D Detox   : class androidx.test.espresso.Espresso, onView, [(an instance of android.widget.TextView and view.getText() with or without transformation to match: is "Get Started" and view has effective visibility <VISIBLE>)]
05-19 13:13:39.380  9375  9467 D Detox   : class com.wix.detox.espresso.DetoxViewActions, click, []
05-19 13:13:39.382  9375  9467 W com.fakestore: Accessing hidden method Landroid/view/ViewConfiguration;->getDoubleTapMinTime()I (greylist, reflection, allowed)
05-19 13:13:39.386  9375  9467 D Detox   : class com.wix.detox.espresso.EspressoDetox, perform, [androidx.test.espresso.ViewInteraction@b9f9696, com.wix.detox.espresso.action.RNClickAction@d90217]
05-19 13:13:39.391  9375  9375 I ViewInteraction: Performing 'com.wix.detox.espresso.action.detoxsingletap@fd31604 click' action on view (an instance of android.widget.TextView and view.getText() with or without transformation to match: is "Get Started" and view has effective visibility <VISIBLE>)
--------- beginning of system
05-19 13:13:39.396  9375  9375 D ViewRootImpl: enqueueInputEventMotionEvent { action=ACTION_DOWN, actionButton=0, id[0]=0, x[0]=540.0, y[0]=1903.0, toolType[0]=TOOL_TYPE_UNKNOWN, buttonState=BUTTON_PRIMARY, classification=NONE, metaState=0, flags=0x0, edgeFlags=0x0, pointerCount=1, historySize=0, eventTime=103786491, downTime=103786491, deviceId=-1, source=0x1002, displayId=0 }
05-19 13:13:39.397  9375  9375 D ViewRootImpl[MainActivity]: processMotionEvent MotionEvent { action=ACTION_DOWN, actionButton=0, id[0]=0, x[0]=540.0, y[0]=1903.0, toolType[0]=TOOL_TYPE_UNKNOWN, buttonState=BUTTON_PRIMARY, classification=NONE, metaState=0, flags=0x0, edgeFlags=0x0, pointerCount=1, historySize=0, eventTime=103786491, downTime=103786491, deviceId=-1, source=0x1002, displayId=0 }
05-19 13:13:39.409  9375  9375 D ViewRootImpl[MainActivity]: dispatchPointerEvent handled=true, event=MotionEvent { action=ACTION_DOWN, actionButton=0, id[0]=0, x[0]=540.0, y[0]=1903.0, toolType[0]=TOOL_TYPE_UNKNOWN, buttonState=BUTTON_PRIMARY, classification=NONE, metaState=0, flags=0x0, edgeFlags=0x0, pointerCount=1, historySize=0, eventTime=103786491, downTime=103786491, deviceId=-1, source=0x1002, displayId=0 }
05-19 13:13:39.428  9375  9375 D ViewRootImpl[MainActivity]: processMotionEvent MotionEvent { action=ACTION_UP, actionButton=0, id[0]=0, x[0]=540.0, y[0]=1903.0, toolType[0]=TOOL_TYPE_UNKNOWN, buttonState=0, classification=NONE, metaState=0, flags=0x0, edgeFlags=0x0, pointerCount=1, historySize=0, eventTime=103786521, downTime=103786491, deviceId=-1, source=0x1002, displayId=0 }
05-19 13:13:39.431  9375  9375 D ViewRootImpl[MainActivity]: dispatchPointerEvent handled=true, event=MotionEvent { action=ACTION_UP, actionButton=0, id[0]=0, x[0]=540.0, y[0]=1903.0, toolType[0]=TOOL_TYPE_UNKNOWN, buttonState=0, classification=NONE, metaState=0, flags=0x0, edgeFlags=0x0, pointerCount=1, historySize=0, eventTime=103786521, downTime=103786491, deviceId=-1, source=0x1002, displayId=0 }
05-19 13:13:39.434  9375  9375 I Detox   : UIManagerModule is busy
05-19 13:13:39.524  9375  9401 I com.fakestore: Waiting for a blocking GC ProfileSaver
05-19 13:13:39.560  9375  9401 I com.fakestore: ProcessProfilingInfo new_methods=7185 is saved saved_to_disk=1 resolve_classes_delay=5000
05-19 13:13:39.574  9375  9476 W unknown:ReactNative: Attempt to set local data for view with unknown tag: -1
05-19 13:13:39.575  9375  9375 I Detox   : UIManagerModule is busy
05-19 13:13:39.588  9375  9476 W unknown:ReactNative: Attempt to set local data for view with unknown tag: -1
05-19 13:13:39.653  9375  9375 I Detox   : UIManagerModule is busy
05-19 13:13:40.376  9375  9467 I DetoxWSClient: Sending out action 'invokeResult' (ID #3)
05-19 13:13:40.377  9375  9467 I DetoxDispatcher: Done with action 'invoke'
