--------- beginning of main
05-19 12:36:03.945 24905 24905 I com.fakestore: Late-enabling -Xcheck:jni
05-19 12:36:03.973 24905 24905 I com.fakestore: Unquickening 21 vdex files!
05-19 12:36:03.973 24905 24905 E com.fakestore: Unknown bits set in runtime_flags: 0x40000000
05-19 12:36:03.986 24905 24905 E RefClass: java.lang.reflect.InvocationTargetException
05-19 12:36:04.010 24905 24905 I oplus.android.OplusFrameworkFactoryImpl: get feature:IOplusScreenModeFeature
05-19 12:36:04.010 24905 24905 I oplus.android.OplusFrameworkFactoryImpl: getOplusScreenModeFeature
05-19 12:36:04.026 24905 24905 E libc    : Access denied finding property "ro.odm.prev.product.name"
--------- beginning of system
05-19 12:36:04.029 24905 24905 W ActivityThread: Package uses different ABI(s) than its instrumentation: package[com.fakestore]: arm64-v8a, null instrumentation[com.fakestore.test]: null, null
05-19 12:36:04.035 24905 24905 I com.fakestore: The ClassLoaderContext is a special shared library.
05-19 12:36:04.036 24905 24905 I chatty  : uid=11027(com.fakestore) identical 1 line
05-19 12:36:04.038 24905 24905 I com.fakestore: The ClassLoaderContext is a special shared library.
05-19 12:36:04.265 24905 24905 I Perf    : Connecting to perf service.
05-19 12:36:04.274 24905 24905 D ApplicationLoaders: Returning zygote-cached class loader: /system/framework/android.test.base.jar
05-19 12:36:04.274 24905 24905 D ApplicationLoaders: Returning zygote-cached class loader: /system/framework/android.test.base.jar
05-19 12:36:04.275 24905 24905 I com.fakestore: The ClassLoaderContext is a special shared library.
05-19 12:36:04.278 24905 24905 D ApplicationLoaders: Returning zygote-cached class loader: /system/framework/android.test.base.jar
05-19 12:36:04.278 24905 24905 D ApplicationLoaders: Returning zygote-cached class loader: /system/framework/android.test.base.jar
05-19 12:36:04.280 24905 24905 I com.fakestore: The ClassLoaderContext is a special shared library.
05-19 12:36:04.285 24905 24905 I chatty  : uid=11027(com.fakestore) identical 2 lines
05-19 12:36:04.286 24905 24905 I com.fakestore: The ClassLoaderContext is a special shared library.
05-19 12:36:04.500 24905 24905 W com.fakestore: Accessing hidden method Landroid/app/Instrumentation;->execStartActivity(Landroid/content/Context;Landroid/os/IBinder;Landroid/os/IBinder;Landroid/app/Activity;Landroid/content/Intent;ILandroid/os/Bundle;)Landroid/app/Instrumentation$ActivityResult; (greylist, linking, allowed)
05-19 12:36:04.500 24905 24905 W com.fakestore: Accessing hidden method Landroid/app/Instrumentation;->execStartActivity(Landroid/content/Context;Landroid/os/IBinder;Landroid/os/IBinder;Ljava/lang/String;Landroid/content/Intent;ILandroid/os/Bundle;)Landroid/app/Instrumentation$ActivityResult; (greylist, linking, allowed)
05-19 12:36:04.507 24905 24905 D NetworkSecurityConfig: Using Network Security Config from resource network_security_config debugBuild: true
05-19 12:36:04.509 24905 24905 D NetworkSecurityConfig: Using Network Security Config from resource network_security_config debugBuild: true
05-19 12:36:04.509 24905 24905 I MonitoringInstr: newApplication called!
05-19 12:36:04.527 24905 24905 I MonitoringInstr: Instrumentation started!
05-19 12:36:04.535 24905 24905 I AndroidJUnitRunner: onCreate Bundle[{debug=false, detoxServer=ws://localhost:50852, detoxSessionId=d5087ee4-7439-1350-8c0f-17902ceb767b}]
05-19 12:36:04.536 24905 24905 V TestEventClient: No service name argument was given (testDiscoveryService, testRunEventService or orchestratorService)
05-19 12:36:04.539 24905 24936 D AndroidJUnitRunner: onStart is called.
05-19 12:36:04.547 24905 24905 V fb-UnpackingSoSource: locked dso store /data/user/0/com.fakestore/lib-main
05-19 12:36:04.554 24905 24905 V fb-UnpackingSoSource: deps mismatch on deps store: regenerating
05-19 12:36:04.554 24905 24905 V fb-UnpackingSoSource: so store dirty: regenerating
05-19 12:36:04.610 24905 24905 D ApkSoSource: not allowing consideration of lib/arm64-v8a/libc++_shared.so: deferring to libdir
05-19 12:36:04.610 24905 24905 D ApkSoSource: not allowing consideration of lib/arm64-v8a/libevent-2.1.so: deferring to libdir
05-19 12:36:04.610 24905 24905 D ApkSoSource: not allowing consideration of lib/arm64-v8a/libevent_core-2.1.so: deferring to libdir
05-19 12:36:04.611 24905 24905 D ApkSoSource: not allowing consideration of lib/arm64-v8a/libevent_extra-2.1.so: deferring to libdir
05-19 12:36:04.611 24905 24905 D ApkSoSource: not allowing consideration of lib/arm64-v8a/libfabricjni.so: deferring to libdir
05-19 12:36:04.611 24905 24905 D ApkSoSource: not allowing consideration of lib/arm64-v8a/libfb.so: deferring to libdir
05-19 12:36:04.611 24905 24905 D ApkSoSource: not allowing consideration of lib/arm64-v8a/libfbjni.so: deferring to libdir
05-19 12:36:04.611 24905 24905 D ApkSoSource: not allowing consideration of lib/arm64-v8a/libflipper.so: deferring to libdir
05-19 12:36:04.611 24905 24905 D ApkSoSource: not allowing consideration of lib/arm64-v8a/libfolly_runtime.so: deferring to libdir
05-19 12:36:04.611 24905 24905 D ApkSoSource: not allowing consideration of lib/arm64-v8a/libglog.so: deferring to libdir
05-19 12:36:04.611 24905 24905 D ApkSoSource: not allowing consideration of lib/arm64-v8a/libglog_init.so: deferring to libdir
05-19 12:36:04.611 24905 24905 D ApkSoSource: not allowing consideration of lib/arm64-v8a/libimagepipeline.so: deferring to libdir
05-19 12:36:04.611 24905 24905 D ApkSoSource: not allowing consideration of lib/arm64-v8a/libjsc.so: deferring to libdir
05-19 12:36:04.611 24905 24905 D ApkSoSource: not allowing consideration of lib/arm64-v8a/libjscexecutor.so: deferring to libdir
05-19 12:36:04.611 24905 24905 D ApkSoSource: not allowing consideration of lib/arm64-v8a/libjsi.so: deferring to libdir
05-19 12:36:04.611 24905 24905 D ApkSoSource: not allowing consideration of lib/arm64-v8a/libjsijniprofiler.so: deferring to libdir
05-19 12:36:04.612 24905 24905 D ApkSoSource: not allowing consideration of lib/arm64-v8a/libjsinspector.so: deferring to libdir
05-19 12:36:04.612 24905 24905 D ApkSoSource: not allowing consideration of lib/arm64-v8a/liblogger.so: deferring to libdir
05-19 12:36:04.612 24905 24905 D ApkSoSource: not allowing consideration of lib/arm64-v8a/libmapbufferjni.so: deferring to libdir
05-19 12:36:04.612 24905 24905 D ApkSoSource: not allowing consideration of lib/arm64-v8a/libnative-filters.so: deferring to libdir
05-19 12:36:04.612 24905 24905 D ApkSoSource: not allowing consideration of lib/arm64-v8a/libnative-imagetranscoder.so: deferring to libdir
05-19 12:36:04.612 24905 24905 D ApkSoSource: not allowing consideration of lib/arm64-v8a/libreact_codegen_rncore.so: deferring to libdir
05-19 12:36:04.612 24905 24905 D ApkSoSource: not allowing consideration of lib/arm64-v8a/libreact_config.so: deferring to libdir
05-19 12:36:04.612 24905 24905 D ApkSoSource: not allowing consideration of lib/arm64-v8a/libreact_debug.so: deferring to libdir
05-19 12:36:04.612 24905 24905 D ApkSoSource: not allowing consideration of lib/arm64-v8a/libreact_nativemodule_core.so: deferring to libdir
05-19 12:36:04.612 24905 24905 D ApkSoSource: not allowing consideration of lib/arm64-v8a/libreact_render_animations.so: deferring to libdir
05-19 12:36:04.612 24905 24905 D ApkSoSource: not allowing consideration of lib/arm64-v8a/libreact_render_attributedstring.so: deferring to libdir
05-19 12:36:04.613 24905 24905 D ApkSoSource: not allowing consideration of lib/arm64-v8a/libreact_render_componentregistry.so: deferring to libdir
05-19 12:36:04.613 24905 24905 D ApkSoSource: not allowing consideration of lib/arm64-v8a/libreact_render_core.so: deferring to libdir
05-19 12:36:04.613 24905 24905 D ApkSoSource: not allowing consideration of lib/arm64-v8a/libreact_render_debug.so: deferring to libdir
05-19 12:36:04.613 24905 24905 D ApkSoSource: not allowing consideration of lib/arm64-v8a/libreact_render_graphics.so: deferring to libdir
05-19 12:36:04.613 24905 24905 D ApkSoSource: not allowing consideration of lib/arm64-v8a/libreact_render_imagemanager.so: deferring to libdir
05-19 12:36:04.613 24905 24905 D ApkSoSource: not allowing consideration of lib/arm64-v8a/libreact_render_leakchecker.so: deferring to libdir
05-19 12:36:04.613 24905 24905 D ApkSoSource: not allowing consideration of lib/arm64-v8a/libreact_render_mapbuffer.so: deferring to libdir
05-19 12:36:04.613 24905 24905 D ApkSoSource: not allowing consideration of lib/arm64-v8a/libreact_render_mounting.so: deferring to libdir
05-19 12:36:04.613 24905 24905 D ApkSoSource: not allowing consideration of lib/arm64-v8a/libreact_render_runtimescheduler.so: deferring to libdir
05-19 12:36:04.613 24905 24905 D ApkSoSource: not allowing consideration of lib/arm64-v8a/libreact_render_scheduler.so: deferring to libdir
05-19 12:36:04.613 24905 24905 D ApkSoSource: not allowing consideration of lib/arm64-v8a/libreact_render_telemetry.so: deferring to libdir
05-19 12:36:04.613 24905 24905 D ApkSoSource: not allowing consideration of lib/arm64-v8a/libreact_render_templateprocessor.so: deferring to libdir
05-19 12:36:04.613 24905 24905 D ApkSoSource: not allowing consideration of lib/arm64-v8a/libreact_render_textlayoutmanager.so: deferring to libdir
05-19 12:36:04.614 24905 24905 D ApkSoSource: not allowing consideration of lib/arm64-v8a/libreact_render_uimanager.so: deferring to libdir
05-19 12:36:04.614 24905 24905 D ApkSoSource: not allowing consideration of lib/arm64-v8a/libreact_utils.so: deferring to libdir
05-19 12:36:04.614 24905 24905 D ApkSoSource: not allowing consideration of lib/arm64-v8a/libreactnativeblob.so: deferring to libdir
05-19 12:36:04.614 24905 24905 D ApkSoSource: not allowing consideration of lib/arm64-v8a/libreactnativejni.so: deferring to libdir
05-19 12:36:04.614 24905 24905 D ApkSoSource: not allowing consideration of lib/arm64-v8a/libreactnativeutilsjni.so: deferring to libdir
05-19 12:36:04.614 24905 24905 D ApkSoSource: not allowing consideration of lib/arm64-v8a/libreactperfloggerjni.so: deferring to libdir
05-19 12:36:04.614 24905 24905 D ApkSoSource: not allowing consideration of lib/arm64-v8a/librrc_image.so: deferring to libdir
05-19 12:36:04.614 24905 24905 D ApkSoSource: not allowing consideration of lib/arm64-v8a/librrc_root.so: deferring to libdir
05-19 12:36:04.614 24905 24905 D ApkSoSource: not allowing consideration of lib/arm64-v8a/librrc_scrollview.so: deferring to libdir
05-19 12:36:04.614 24905 24905 D ApkSoSource: not allowing consideration of lib/arm64-v8a/librrc_text.so: deferring to libdir
05-19 12:36:04.614 24905 24905 D ApkSoSource: not allowing consideration of lib/arm64-v8a/librrc_textinput.so: deferring to libdir
05-19 12:36:04.614 24905 24905 D ApkSoSource: not allowing consideration of lib/arm64-v8a/librrc_unimplementedview.so: deferring to libdir
05-19 12:36:04.614 24905 24905 D ApkSoSource: not allowing consideration of lib/arm64-v8a/librrc_view.so: deferring to libdir
05-19 12:36:04.615 24905 24905 D ApkSoSource: not allowing consideration of lib/arm64-v8a/libruntimeexecutor.so: deferring to libdir
05-19 12:36:04.615 24905 24905 D ApkSoSource: not allowing consideration of lib/arm64-v8a/libturbomodulejsijni.so: deferring to libdir
05-19 12:36:04.615 24905 24905 D ApkSoSource: not allowing consideration of lib/arm64-v8a/libyoga.so: deferring to libdir
05-19 12:36:04.615 24905 24905 V fb-UnpackingSoSource: regenerating DSO store com.facebook.soloader.ApkSoSource
05-19 12:36:04.616 24905 24905 V fb-UnpackingSoSource: Finished regenerating DSO store com.facebook.soloader.ApkSoSource
05-19 12:36:04.616 24905 24905 V fb-UnpackingSoSource: starting syncer worker
05-19 12:36:04.624 24905 24905 V fb-UnpackingSoSource: releasing dso store lock for /data/user/0/com.fakestore/lib-main (from syncer thread)
05-19 12:36:04.625 24905 24905 V fb-UnpackingSoSource: not releasing dso store lock for /data/user/0/com.fakestore/lib-main (syncer thread started)
05-19 12:36:04.638 24905 24905 D SoLoader: libjscexecutor.so not found on /data/data/com.fakestore/lib-main
05-19 12:36:04.638 24905 24905 D SoLoader: libjscexecutor.so found on /data/app/~~TrgzybF88kQCAGCu8V3nww==/com.fakestore-scIOCqIwT8Z8_Eweus-sYg==/lib/arm64
05-19 12:36:04.638 24905 24905 D SoLoader: Not resolving dependencies for libjscexecutor.so
05-19 12:36:04.652 24905 24905 D JavaScriptCore.Version: 250230.2.1
05-19 12:36:04.739 24905 24905 E Parcel  : Reading a NULL string not supported here.
05-19 12:36:04.742 24905 24905 I chatty  : uid=11027(com.fakestore) identical 26 lines
05-19 12:36:04.742 24905 24905 E Parcel  : Reading a NULL string not supported here.
05-19 12:36:04.742 24905 24905 V SensorManager: RegisterListener bmi160 Accelerometer Non-wakeup type:1 delay:66667us by com.facebook.react.common.ShakeDetector
05-19 12:36:04.743 24905 24905 E Parcel  : Reading a NULL string not supported here.
05-19 12:36:04.764 24905 24950 D SoLoader: libfbjni.so not found on /data/data/com.fakestore/lib-main
05-19 12:36:04.764 24905 24950 D SoLoader: libfbjni.so found on /data/app/~~TrgzybF88kQCAGCu8V3nww==/com.fakestore-scIOCqIwT8Z8_Eweus-sYg==/lib/arm64
05-19 12:36:04.764 24905 24950 D SoLoader: Not resolving dependencies for libfbjni.so
05-19 12:36:04.767 24905 24950 D SoLoader: libflipper.so not found on /data/data/com.fakestore/lib-main
05-19 12:36:04.767 24905 24950 D SoLoader: libflipper.so found on /data/app/~~TrgzybF88kQCAGCu8V3nww==/com.fakestore-scIOCqIwT8Z8_Eweus-sYg==/lib/arm64
05-19 12:36:04.767 24905 24950 D SoLoader: Not resolving dependencies for libflipper.so
05-19 12:36:04.823 24905 24905 W com.fakestore: Accessing hidden field Landroid/view/View;->mKeyedTags:Landroid/util/SparseArray; (greylist, reflection, allowed)
05-19 12:36:04.823 24905 24905 W com.fakestore: Accessing hidden field Landroid/view/View;->mListenerInfo:Landroid/view/View$ListenerInfo; (greylist, reflection, allowed)
05-19 12:36:04.823 24905 24905 W com.fakestore: Accessing hidden field Landroid/view/View$ListenerInfo;->mOnClickListener:Landroid/view/View$OnClickListener; (greylist, reflection, allowed)
05-19 12:36:04.828 24905 24905 I flipper : flipper: FlipperClient::addPlugin Inspector
05-19 12:36:04.828 24905 24905 I flipper : flipper: FlipperClient::addPlugin React
05-19 12:36:04.830 24905 24905 I flipper : flipper: FlipperClient::addPlugin Databases
05-19 12:36:04.831 24905 24905 I flipper : flipper: FlipperClient::addPlugin Preferences
05-19 12:36:04.832 24905 24905 I flipper : flipper: FlipperClient::addPlugin CrashReporter
05-19 12:36:04.834 24905 24905 I flipper : flipper: FlipperClient::addPlugin Network
05-19 12:36:04.867 24905 24950 W System.err: SLF4J: Failed to load class "org.slf4j.impl.StaticLoggerBinder".
05-19 12:36:04.867 24905 24950 W System.err: SLF4J: Defaulting to no-operation (NOP) logger implementation
05-19 12:36:04.867 24905 24950 W System.err: SLF4J: See http://www.slf4j.org/codes.html#StaticLoggerBinder for further details.
05-19 12:36:04.872 24905 24936 D TestRequestBuilder: Using class path scanning to discover tests
05-19 12:36:04.872 24905 24936 I TestRequestBuilder: Scanning classpath to find tests in paths [/data/app/~~uII6lYyKzNA6XnYZlr3a7g==/com.fakestore.test-rH1FaCTt26Pkc2jQbH0wZA==/base.apk]
05-19 12:36:04.872 24905 24936 I System  : Opening DexFile: /data/app/~~uII6lYyKzNA6XnYZlr3a7g==/com.fakestore.test-rH1FaCTt26Pkc2jQbH0wZA==/base.apk
05-19 12:36:04.873 24905 24936 W com.fakestore: Opening an oat file without a class loader. Are you using the deprecated DexFile APIs?
05-19 12:36:05.093 24905 24936 W com.fakestore: Unable to resolve Lcom/google/android/apps/common/testing/accessibility/framework/AccessibilityHierarchyCheckResult; annotation class 5201
05-19 12:36:05.094 24905 24936 I chatty  : uid=11027(com.fakestore) roidJUnitRunner identical 2 lines
05-19 12:36:05.095 24905 24936 W com.fakestore: Unable to resolve Lcom/google/android/apps/common/testing/accessibility/framework/AccessibilityHierarchyCheckResult; annotation class 5201
05-19 12:36:05.095 24905 24936 W com.fakestore: Unable to resolve Lcom/google/android/apps/common/testing/accessibility/framework/AccessibilityViewCheckResult; annotation class 5201
05-19 12:36:05.096 24905 24936 W com.fakestore: Unable to resolve Lcom/google/android/apps/common/testing/accessibility/framework/ClusteringUtils; annotation class 5201
05-19 12:36:05.099 24905 24936 W com.fakestore: Unable to resolve Lcom/google/android/apps/common/testing/accessibility/framework/Question; annotation class 5201
05-19 12:36:05.104 24905 24936 W com.fakestore: Unable to resolve Lcom/google/android/apps/common/testing/accessibility/framework/replacements/TextUtils; annotation class 5200
05-19 12:36:05.107 24905 24936 W com.fakestore: Unable to resolve Lcom/google/android/apps/common/testing/accessibility/framework/uielement/ViewHierarchyElement; annotation class 5201
05-19 12:36:05.107 24905 24936 I chatty  : uid=11027(com.fakestore) roidJUnitRunner identical 2 lines
05-19 12:36:05.108 24905 24936 W com.fakestore: Unable to resolve Lcom/google/android/apps/common/testing/accessibility/framework/uielement/ViewHierarchyElement; annotation class 5201
05-19 12:36:05.108 24905 24936 W com.fakestore: Unable to resolve Lcom/google/android/apps/common/testing/accessibility/framework/uielement/ViewHierarchyElementAndroid; annotation class 5201
05-19 12:36:05.109 24905 24936 I chatty  : uid=11027(com.fakestore) roidJUnitRunner identical 2 lines
05-19 12:36:05.109 24905 24936 W com.fakestore: Unable to resolve Lcom/google/android/apps/common/testing/accessibility/framework/uielement/ViewHierarchyElementAndroid; annotation class 5201
05-19 12:36:05.109 24905 24936 W com.fakestore: Unable to resolve Lcom/google/android/apps/common/testing/accessibility/framework/uielement/ViewHierarchyElement; annotation class 5201
05-19 12:36:05.109 24905 24936 W com.fakestore: Unable to resolve Lcom/google/android/apps/common/testing/accessibility/framework/uielement/ViewHierarchyElement; annotation class 5201
05-19 12:36:05.282 24905 24936 D AndroidJUnitRunner: Use the raw file system for managing file I/O.
05-19 12:36:05.285 24905 24936 D TestExecutor: Adding listener androidx.test.internal.runner.listener.LogRunListener
05-19 12:36:05.285 24905 24936 D TestExecutor: Adding listener androidx.test.internal.runner.listener.InstrumentationResultPrinter
05-19 12:36:05.285 24905 24936 D TestExecutor: Adding listener androidx.test.internal.runner.listener.ActivityFinisherRunListener
05-19 12:36:05.285 24905 24936 D TestExecutor: Adding listener androidx.test.internal.runner.listener.TraceRunListener
05-19 12:36:05.287 24905 24936 I TestRunner: run started: 1 tests
05-19 12:36:05.289 24905 24936 I TestRunner: started: runDetoxTests(com.fakestore.DetoxTest)
05-19 12:36:05.306 24905 24936 D EventInjectionStrategy: Creating injection strategy with input manager.
05-19 12:36:05.307 24905 24936 W com.fakestore: Accessing hidden method Landroid/hardware/input/InputManager;->getInstance()Landroid/hardware/input/InputManager; (greylist, reflection, allowed)
05-19 12:36:05.307 24905 24936 W com.fakestore: Accessing hidden method Landroid/hardware/input/InputManager;->injectInputEvent(Landroid/view/InputEvent;I)Z (greylist, reflection, allowed)
05-19 12:36:05.307 24905 24936 W com.fakestore: Accessing hidden field Landroid/hardware/input/InputManager;->INJECT_INPUT_EVENT_MODE_WAIT_FOR_FINISH:I (greylist, reflection, allowed)
05-19 12:36:05.318 24905 24936 W com.fakestore: Accessing hidden field Ljava/lang/reflect/Field;->accessFlags:I (greylist, reflection, allowed)
05-19 12:36:05.324 24905 24972 E Parcel  : Reading a NULL string not supported here.
05-19 12:36:05.421 24905 24982 E libEGL  : Invalid file path for libcolorx-loader.so
05-19 12:36:05.464 24905 24905 I oplus.android.OplusFrameworkFactoryImpl: getOplusRedPacketManager
05-19 12:36:05.466 24905 24905 D LifecycleMonitor: Lifecycle status change: com.fakestore.MainActivity@250d8d9 in: PRE_ON_CREATE
05-19 12:36:05.525 24905 24905 W com.fakestore: Accessing hidden method Landroid/view/View;->computeFitSystemWindows(Landroid/graphics/Rect;Landroid/graphics/Rect;)Z (greylist, reflection, allowed)
05-19 12:36:05.526 24905 24905 W com.fakestore: Accessing hidden method Landroid/view/ViewGroup;->makeOptionalFitsSystemWindows()V (greylist, reflection, allowed)
05-19 12:36:05.529 24905 24905 D LifecycleMonitor: Lifecycle status change: com.fakestore.MainActivity@250d8d9 in: CREATED
05-19 12:36:05.532 24905 24905 D LifecycleMonitor: Lifecycle status change: com.fakestore.MainActivity@250d8d9 in: STARTED
05-19 12:36:05.535 24905 24905 D LifecycleMonitor: Lifecycle status change: com.fakestore.MainActivity@250d8d9 in: RESUMED
05-19 12:36:05.548 24905 24905 I OplusFeatureCache: Milliseconds spent on init(): 7
05-19 12:36:05.550 24905 24905 D OplusSlideAnimOptHelper: scrollEffectOpt enable = false
05-19 12:36:05.552 24905 24905 D ColorViewRootUtil: initSwipState, isDisplayCompatApp false
05-19 12:36:05.552 24905 24905 D ColorViewRootUtil: mScreenHeight 2400, mScreenWidth 1080
05-19 12:36:05.555 24905 24905 D WindowManager: Add to mViews: DecorView@c3f32b2[MainActivity],pkg= com.fakestore
05-19 12:36:05.579 24905 24905 W unknown:ReactNative: Packager connection already open, nooping.
05-19 12:36:05.597 24905 24905 V OplusZoomWindowDecorViewHelper: setLastReportedMergedConfiguration mZoomDisplayHeight: 2400 getDecorView.DecorView@c3f32b2[MainActivity]
05-19 12:36:05.601 24905 24980 E libEGL  : Invalid file path for libcolorx-loader.so
05-19 12:36:05.601 24905 24980 I AdrenoGLES-0: QUALCOMM build                   : 3142bdd, I7afe4835b7
05-19 12:36:05.601 24905 24980 I AdrenoGLES-0: Build Date                       : 09/16/20
05-19 12:36:05.601 24905 24980 I AdrenoGLES-0: OpenGL ES Shader Compiler Version: EV031.32.02.00
05-19 12:36:05.601 24905 24980 I AdrenoGLES-0: Local Branch                     : 
05-19 12:36:05.601 24905 24980 I AdrenoGLES-0: Remote Branch                    : 
05-19 12:36:05.601 24905 24980 I AdrenoGLES-0: Remote Branch                    : 
05-19 12:36:05.601 24905 24980 I AdrenoGLES-0: Reconstruct Branch               : 
05-19 12:36:05.601 24905 24980 I AdrenoGLES-0: Build Config                     : S P 10.0.6 AArch64
05-19 12:36:05.601 24905 24980 I AdrenoGLES-0: Driver Path                      : /vendor/lib64/egl/libGLESv2_adreno.so
05-19 12:36:05.606 24905 24980 I AdrenoGLES-0: PFP: 0x016ee190, ME: 0x00000000
05-19 12:36:05.612 24905 24980 E libEGL  : Invalid file path for libcolorx-loader.so
05-19 12:36:05.616 24905 24980 I chatty  : uid=11027(com.fakestore) RenderThread identical 65 lines
05-19 12:36:05.616 24905 24980 E libEGL  : Invalid file path for libcolorx-loader.so
05-19 12:36:05.659 24905 24905 E OplusCustomizeRestrictionManager: sInstance is null, start a new sInstance
05-19 12:36:05.683 24905 24905 D ColorViewRootUtil: initSwipState, isDisplayCompatApp false
05-19 12:36:05.683 24905 24905 D ColorViewRootUtil: mScreenHeight 2400, mScreenWidth 1080
05-19 12:36:05.684 24905 24905 D WindowManager: Add to mViews: android.widget.PopupWindow$PopupDecorView{566beb0 V.E...... R.....I. 0,0-0,0},pkg= com.fakestore
05-19 12:36:05.789 24905 24936 I Detox   : Detox server connection details: url=ws://localhost:50852, sessionId=d5087ee4-7439-1350-8c0f-17902ceb767b
05-19 12:36:05.801 24905 24988 I DetoxDispatcher: Handling action '_init' (ID #0)...
05-19 12:36:05.801 24905 24988 I Detox   : Connecting to server...
05-19 12:36:05.801 24905 24988 I DetoxWSClient: At connectToServer
05-19 12:36:05.963 24905 24959 D SoLoader: libreactnativejni.so not found on /data/data/com.fakestore/lib-main
05-19 12:36:05.963 24905 24959 D SoLoader: libreactnativejni.so found on /data/app/~~TrgzybF88kQCAGCu8V3nww==/com.fakestore-scIOCqIwT8Z8_Eweus-sYg==/lib/arm64
05-19 12:36:05.963 24905 24959 D SoLoader: Not resolving dependencies for libreactnativejni.so
05-19 12:36:06.063 24905 24994 E Parcel  : Reading a NULL string not supported here.
05-19 12:36:06.187 24905 24990 D DetoxWSClient: At onOpen
05-19 12:36:06.188 24905 24990 I DetoxWSClient: Sending out action 'login' (ID #0)
05-19 12:36:06.188 24905 24990 I Detox   : Connected to server!
05-19 12:36:06.383 24905 24990 D DetoxWSClient: Received action 'loginSuccess' (ID #0, params={"testerConnected":true,"appConnected":true})
05-19 12:36:06.422 24905 24990 D DetoxWSClient: Received action 'isReady' (ID #-1000, params={})
05-19 12:36:06.861 24905 25003 V AsyncStorageExpoMigration: No scoped database found
05-19 12:36:06.874 24905 25003 W unknown:ReactContext: initializeMessageQueueThreads() is called.
05-19 12:36:06.882 24905 24905 W unknown:ReactNative: Packager connection already open, nooping.
05-19 12:36:06.927 24905 25005 W unknown:ViewManagerPropertyUpdater: Could not find generated setter for class com.facebook.react.views.drawer.ReactDrawerLayoutManager
05-19 12:36:06.932 24905 25005 W unknown:ViewManagerPropertyUpdater: Could not find generated setter for class com.facebook.react.uimanager.LayoutShadowNode
05-19 12:36:06.935 24905 25005 W unknown:ViewManagerPropertyUpdater: Could not find generated setter for class com.facebook.react.views.scroll.ReactHorizontalScrollViewManager
05-19 12:36:06.938 24905 25005 W unknown:ViewManagerPropertyUpdater: Could not find generated setter for class com.facebook.react.views.scroll.ReactHorizontalScrollContainerViewManager
05-19 12:36:06.939 24905 25005 W unknown:ViewManagerPropertyUpdater: Could not find generated setter for class com.facebook.react.views.progressbar.ReactProgressBarViewManager
05-19 12:36:06.940 24905 25005 W unknown:ViewManagerPropertyUpdater: Could not find generated setter for class com.facebook.react.views.progressbar.ProgressBarShadowNode
05-19 12:36:06.942 24905 25005 W unknown:ViewManagerPropertyUpdater: Could not find generated setter for class com.facebook.react.views.scroll.ReactScrollViewManager
05-19 12:36:06.944 24905 25005 W unknown:ViewManagerPropertyUpdater: Could not find generated setter for class com.facebook.react.views.slider.ReactSliderManager
05-19 12:36:06.946 24905 25005 W unknown:ViewManagerPropertyUpdater: Could not find generated setter for class com.facebook.react.views.slider.ReactSliderManager$ReactSliderShadowNode
05-19 12:36:06.946 24905 25005 W unknown:ViewManagerPropertyUpdater: Could not find generated setter for class com.facebook.react.views.switchview.ReactSwitchManager
05-19 12:36:06.948 24905 25005 W unknown:ViewManagerPropertyUpdater: Could not find generated setter for class com.facebook.react.views.switchview.ReactSwitchManager$ReactSwitchShadowNode
05-19 12:36:06.948 24905 25005 W unknown:ViewManagerPropertyUpdater: Could not find generated setter for class com.facebook.react.views.swiperefresh.SwipeRefreshLayoutManager
05-19 12:36:06.949 24905 25005 W unknown:ViewManagerPropertyUpdater: Could not find generated setter for class com.facebook.react.views.text.frescosupport.FrescoBasedReactTextInlineImageViewManager
05-19 12:36:06.951 24905 25005 W unknown:ViewManagerPropertyUpdater: Could not find generated setter for class com.facebook.react.views.text.frescosupport.FrescoBasedReactTextInlineImageShadowNode
05-19 12:36:06.953 24905 25005 W unknown:ViewManagerPropertyUpdater: Could not find generated setter for class com.facebook.react.views.image.ReactImageManager
05-19 12:36:06.956 24905 25005 W unknown:ViewManagerPropertyUpdater: Could not find generated setter for class com.facebook.react.views.modal.ReactModalHostManager
05-19 12:36:06.957 24905 25005 W unknown:ViewManagerPropertyUpdater: Could not find generated setter for class com.facebook.react.views.modal.ModalHostShadowNode
05-19 12:36:06.958 24905 25005 W unknown:ViewManagerPropertyUpdater: Could not find generated setter for class com.facebook.react.views.text.ReactRawTextManager
05-19 12:36:06.958 24905 25005 W unknown:ViewManagerPropertyUpdater: Could not find generated setter for class com.facebook.react.views.text.ReactRawTextShadowNode
05-19 12:36:06.959 24905 25005 W unknown:ViewManagerPropertyUpdater: Could not find generated setter for class com.facebook.react.views.textinput.ReactTextInputManager
05-19 12:36:06.963 24905 25005 W unknown:ViewManagerPropertyUpdater: Could not find generated setter for class com.facebook.react.views.textinput.ReactTextInputShadowNode
05-19 12:36:06.967 24905 25005 W unknown:ViewManagerPropertyUpdater: Could not find generated setter for class com.facebook.react.views.text.ReactTextViewManager
05-19 12:36:06.973 24905 25005 W unknown:ViewManagerPropertyUpdater: Could not find generated setter for class com.facebook.react.views.text.ReactTextShadowNode
05-19 12:36:06.975 24905 25005 W unknown:ViewManagerPropertyUpdater: Could not find generated setter for class com.facebook.react.views.view.ReactViewManager
05-19 12:36:06.983 24905 25005 W unknown:ViewManagerPropertyUpdater: Could not find generated setter for class com.facebook.react.views.text.ReactVirtualTextViewManager
05-19 12:36:06.984 24905 25005 W unknown:ViewManagerPropertyUpdater: Could not find generated setter for class com.facebook.react.views.text.ReactVirtualTextShadowNode
05-19 12:36:06.984 24905 25005 W unknown:ViewManagerPropertyUpdater: Could not find generated setter for class com.facebook.react.views.unimplementedview.ReactUnimplementedViewManager
05-19 12:36:06.985 24905 25005 W unknown:ViewManagerPropertyUpdater: Could not find generated setter for class org.reactnative.maskedview.RNCMaskedViewManager
05-19 12:36:06.987 24905 25005 W unknown:ViewManagerPropertyUpdater: Could not find generated setter for class com.th3rdwave.safeareacontext.SafeAreaProviderManager
05-19 12:36:06.987 24905 25005 W unknown:ViewManagerPropertyUpdater: Could not find generated setter for class com.th3rdwave.safeareacontext.SafeAreaViewManager
05-19 12:36:06.988 24905 25005 W unknown:ViewManagerPropertyUpdater: Could not find generated setter for class com.th3rdwave.safeareacontext.SafeAreaViewShadowNode
05-19 12:36:06.989 24905 25005 W unknown:ViewManagerPropertyUpdater: Could not find generated setter for class com.swmansion.rnscreens.ScreenContainerViewManager
05-19 12:36:06.990 24905 25005 W unknown:ViewManagerPropertyUpdater: Could not find generated setter for class com.swmansion.rnscreens.ScreenViewManager
05-19 12:36:06.991 24905 25005 W unknown:ViewManagerPropertyUpdater: Could not find generated setter for class com.swmansion.rnscreens.ScreenStackViewManager
05-19 12:36:06.991 24905 25005 W unknown:ViewManagerPropertyUpdater: Could not find generated setter for class com.swmansion.rnscreens.ScreenStackHeaderConfigViewManager
05-19 12:36:06.993 24905 25005 W unknown:ViewManagerPropertyUpdater: Could not find generated setter for class com.swmansion.rnscreens.ScreenStackHeaderSubviewManager
05-19 12:36:06.993 24905 25005 W unknown:ViewManagerPropertyUpdater: Could not find generated setter for class com.swmansion.rnscreens.SearchBarManager
05-19 12:36:07.008 24905 25005 W unknown:ReactContext: initializeMessageQueueThreads() is called.
05-19 12:36:07.011 24905 25005 D SoLoader: libyoga.so not found on /data/data/com.fakestore/lib-main
05-19 12:36:07.011 24905 25005 D SoLoader: libyoga.so found on /data/app/~~TrgzybF88kQCAGCu8V3nww==/com.fakestore-scIOCqIwT8Z8_Eweus-sYg==/lib/arm64
05-19 12:36:07.011 24905 25005 D SoLoader: Not resolving dependencies for libyoga.so
05-19 12:36:07.019 24905 24905 D DetoxRNLoading: Listener-proxy method called: onReactContextInitialized
05-19 12:36:07.019 24905 24905 I DetoxRNLoading: Got new RN-context async'ly through listener
05-19 12:36:07.019 24905 24905 D DetoxRNLoading: Listener-proxy method called: equals
05-19 12:36:07.022 24905 24988 I DetoxRNIdleRes: Setting up Espresso Idling Resources for React Native
05-19 12:36:07.040 24905 24988 D AsyncStorageIR: Checking whether a custom IR for Async-Storage is required... (legacy=false)
05-19 12:36:07.041 24905 24988 D AsyncStorageIR: IR for Async-Storage is required! (legacy=false)
05-19 12:36:07.041 24905 24988 D AsyncStorageIR: Checking whether a custom IR for Async-Storage is required... (legacy=true)
05-19 12:36:07.043 24905 24988 D AsyncStorageIR: IR for Async-Storage is required! (legacy=true)
05-19 12:36:07.045 24905 24905 D AsyncStorageIR: Async-storage is busy!
05-19 12:36:07.045 24905 24905 D AsyncStorageIRLegacy: Async-storage is busy!
05-19 12:36:07.051 24905 24988 I DetoxDispatcher: Done with action '_init'
05-19 12:36:07.051 24905 24988 I DetoxDispatcher: Handling action 'isReady' (ID #-1000)...
05-19 12:36:07.054 24905 24905 W com.fakestore: Accessing hidden method Landroid/os/MessageQueue;->next()Landroid/os/Message; (greylist, reflection, allowed)
05-19 12:36:07.054 24905 24905 W com.fakestore: Accessing hidden field Landroid/os/MessageQueue;->mMessages:Landroid/os/Message; (greylist, reflection, allowed)
05-19 12:36:07.054 24905 24905 W com.fakestore: Accessing hidden method Landroid/os/Message;->recycleUnchecked()V (greylist, reflection, allowed)
05-19 12:36:07.077 24905 25005 I flipper : flipper: FlipperClient::addPlugin Fresco
05-19 12:36:07.093 24905 25004 D SoLoader: libreactnativeblob.so not found on /data/data/com.fakestore/lib-main
05-19 12:36:07.093 24905 25004 D SoLoader: libreactnativeblob.so found on /data/app/~~TrgzybF88kQCAGCu8V3nww==/com.fakestore-scIOCqIwT8Z8_Eweus-sYg==/lib/arm64
05-19 12:36:07.093 24905 25004 D SoLoader: Not resolving dependencies for libreactnativeblob.so
05-19 12:36:07.161 24905 25005 I WebViewFactory: Loading com.google.android.webview version 110.0.5481.153 (code 548115333)
05-19 12:36:07.173 24905 25005 W linker  : Warning: "/data/app/~~ZS9E27XFUMq_UEOJpzgrAw==/com.google.android.webview-1F4-Y8gMX6Rl1iWbcmwEbQ==/base.apk!/lib/arm64-v8a/libmonochrome.so" unused DT entry: unknown processor-specific (type 0x70000001 arg 0x0) (ignoring)
05-19 12:36:07.188 24905 25005 W com.fakestore: Accessing hidden method Landroid/os/Trace;->isTagEnabled(J)Z (greylist, reflection, allowed)
05-19 12:36:07.189 24905 25005 W com.fakestore: Accessing hidden method Landroid/os/Trace;->traceBegin(JLjava/lang/String;)V (greylist, reflection, allowed)
05-19 12:36:07.189 24905 25005 W com.fakestore: Accessing hidden method Landroid/os/Trace;->traceEnd(J)V (greylist, reflection, allowed)
05-19 12:36:07.189 24905 25005 W com.fakestore: Accessing hidden method Landroid/os/Trace;->asyncTraceBegin(JLjava/lang/String;I)V (greylist, reflection, allowed)
05-19 12:36:07.189 24905 25005 W com.fakestore: Accessing hidden method Landroid/os/Trace;->asyncTraceEnd(JLjava/lang/String;I)V (greylist, reflection, allowed)
05-19 12:36:07.196 24905 25005 I cr_WVCFactoryProvider: Loaded version=110.0.5481.153 minSdkVersion=29 isBundle=true multiprocess=true packageId=2
05-19 12:36:07.240 24905 25005 I cr_LibraryLoader: Successfully loaded native library
05-19 12:36:07.243 24905 25005 I cr_CachingUmaRecorder: Flushed 8 samples from 8 histograms.
05-19 12:36:07.535 24905 25004 I ReactNativeJS: Running "FakeStore" with {"rootTag":1}
05-19 12:36:07.718 24905 25005 W unknown:ViewManagerPropertyUpdater: Could not find generated setter for class com.swmansion.rnscreens.ScreensShadowNode
05-19 12:36:07.778 24905 24905 I Detox   : UIManagerModule is busy
05-19 12:36:07.859 24905 24905 I Detox   : UIManagerModule is busy
05-19 12:36:07.908 24905 24905 I Detox   : UIManagerModule is busy
05-19 12:36:07.933 24905 24905 I Detox   : Wait is over: App is now idle!
05-19 12:36:07.934 24905 24988 I DetoxWSClient: Sending out action 'ready' (ID #-1000)
05-19 12:36:07.934 24905 24988 I DetoxDispatcher: Done with action 'isReady'
05-19 12:36:07.934 24905 24988 I DetoxDispatcher: Handling action 'loginSuccess' (ID #0)...
05-19 12:36:07.934 24905 24988 I DetoxDispatcher: Done with action 'loginSuccess'
05-19 12:36:07.935 24905 24988 I DetoxDispatcher: Handling action 'isReady' (ID #-1000)...
05-19 12:36:07.940 24905 24905 I Detox   : Wait is over: App is now idle!
05-19 12:36:07.940 24905 24988 I DetoxWSClient: Sending out action 'ready' (ID #-1000)
05-19 12:36:07.940 24905 24988 I DetoxDispatcher: Done with action 'isReady'
05-19 12:36:07.943 24905 25096 D SoLoader: libimagepipeline.so not found on /data/data/com.fakestore/lib-main
05-19 12:36:07.943 24905 25096 D SoLoader: libimagepipeline.so found on /data/app/~~TrgzybF88kQCAGCu8V3nww==/com.fakestore-scIOCqIwT8Z8_Eweus-sYg==/lib/arm64
05-19 12:36:07.943 24905 25096 D SoLoader: Not resolving dependencies for libimagepipeline.so
