--------- beginning of main
05-19 13:42:32.289 17638 17638 I com.fakestore: Late-enabling -Xcheck:jni
05-19 13:42:32.319 17638 17638 I com.fakestore: Unquickening 21 vdex files!
05-19 13:42:32.319 17638 17638 E com.fakestore: Unknown bits set in runtime_flags: 0x40000000
05-19 13:42:32.341 17638 17638 E RefClass: java.lang.reflect.InvocationTargetException
05-19 13:42:32.365 17638 17638 I oplus.android.OplusFrameworkFactoryImpl: get feature:IOplusScreenModeFeature
05-19 13:42:32.365 17638 17638 I oplus.android.OplusFrameworkFactoryImpl: getOplusScreenModeFeature
05-19 13:42:32.385 17638 17638 E libc    : Access denied finding property "ro.odm.prev.product.name"
--------- beginning of system
05-19 13:42:32.387 17638 17638 W ActivityThread: Package uses different ABI(s) than its instrumentation: package[com.fakestore]: arm64-v8a, null instrumentation[com.fakestore.test]: null, null
05-19 13:42:32.391 17638 17638 I com.fakestore: The ClassLoaderContext is a special shared library.
05-19 13:42:32.392 17638 17638 I chatty  : uid=11051(com.fakestore) identical 1 line
05-19 13:42:32.393 17638 17638 I com.fakestore: The ClassLoaderContext is a special shared library.
05-19 13:42:32.616 17638 17638 I Perf    : Connecting to perf service.
05-19 13:42:32.624 17638 17638 D ApplicationLoaders: Returning zygote-cached class loader: /system/framework/android.test.base.jar
05-19 13:42:32.624 17638 17638 D ApplicationLoaders: Returning zygote-cached class loader: /system/framework/android.test.base.jar
05-19 13:42:32.625 17638 17638 I com.fakestore: The ClassLoaderContext is a special shared library.
05-19 13:42:32.630 17638 17638 D ApplicationLoaders: Returning zygote-cached class loader: /system/framework/android.test.base.jar
05-19 13:42:32.630 17638 17638 D ApplicationLoaders: Returning zygote-cached class loader: /system/framework/android.test.base.jar
05-19 13:42:32.632 17638 17638 I com.fakestore: The ClassLoaderContext is a special shared library.
05-19 13:42:32.636 17638 17638 I chatty  : uid=11051(com.fakestore) identical 2 lines
05-19 13:42:32.637 17638 17638 I com.fakestore: The ClassLoaderContext is a special shared library.
05-19 13:42:32.850 17638 17638 W com.fakestore: Accessing hidden method Landroid/app/Instrumentation;->execStartActivity(Landroid/content/Context;Landroid/os/IBinder;Landroid/os/IBinder;Landroid/app/Activity;Landroid/content/Intent;ILandroid/os/Bundle;)Landroid/app/Instrumentation$ActivityResult; (greylist, linking, allowed)
05-19 13:42:32.850 17638 17638 W com.fakestore: Accessing hidden method Landroid/app/Instrumentation;->execStartActivity(Landroid/content/Context;Landroid/os/IBinder;Landroid/os/IBinder;Ljava/lang/String;Landroid/content/Intent;ILandroid/os/Bundle;)Landroid/app/Instrumentation$ActivityResult; (greylist, linking, allowed)
05-19 13:42:32.856 17638 17638 D NetworkSecurityConfig: Using Network Security Config from resource network_security_config debugBuild: true
05-19 13:42:32.858 17638 17638 D NetworkSecurityConfig: Using Network Security Config from resource network_security_config debugBuild: true
05-19 13:42:32.858 17638 17638 I MonitoringInstr: newApplication called!
05-19 13:42:32.876 17638 17638 I MonitoringInstr: Instrumentation started!
05-19 13:42:32.883 17638 17638 I AndroidJUnitRunner: onCreate Bundle[{debug=false, detoxServer=ws://localhost:52532, detoxSessionId=cf99dd57-1f4c-794f-546b-f83735c1c1c4}]
05-19 13:42:32.884 17638 17638 V TestEventClient: No service name argument was given (testDiscoveryService, testRunEventService or orchestratorService)
05-19 13:42:32.888 17638 17669 D AndroidJUnitRunner: onStart is called.
05-19 13:42:32.895 17638 17638 V fb-UnpackingSoSource: locked dso store /data/user/0/com.fakestore/lib-main
05-19 13:42:32.897 17638 17638 V fb-UnpackingSoSource: deps mismatch on deps store: regenerating
05-19 13:42:32.897 17638 17638 V fb-UnpackingSoSource: so store dirty: regenerating
05-19 13:42:32.946 17638 17638 D ApkSoSource: not allowing consideration of lib/arm64-v8a/libc++_shared.so: deferring to libdir
05-19 13:42:32.946 17638 17638 D ApkSoSource: not allowing consideration of lib/arm64-v8a/libevent-2.1.so: deferring to libdir
05-19 13:42:32.946 17638 17638 D ApkSoSource: not allowing consideration of lib/arm64-v8a/libevent_core-2.1.so: deferring to libdir
05-19 13:42:32.946 17638 17638 D ApkSoSource: not allowing consideration of lib/arm64-v8a/libevent_extra-2.1.so: deferring to libdir
05-19 13:42:32.947 17638 17638 D ApkSoSource: not allowing consideration of lib/arm64-v8a/libfabricjni.so: deferring to libdir
05-19 13:42:32.947 17638 17638 D ApkSoSource: not allowing consideration of lib/arm64-v8a/libfb.so: deferring to libdir
05-19 13:42:32.947 17638 17638 D ApkSoSource: not allowing consideration of lib/arm64-v8a/libfbjni.so: deferring to libdir
05-19 13:42:32.947 17638 17638 D ApkSoSource: not allowing consideration of lib/arm64-v8a/libflipper.so: deferring to libdir
05-19 13:42:32.947 17638 17638 D ApkSoSource: not allowing consideration of lib/arm64-v8a/libfolly_runtime.so: deferring to libdir
05-19 13:42:32.947 17638 17638 D ApkSoSource: not allowing consideration of lib/arm64-v8a/libglog.so: deferring to libdir
05-19 13:42:32.947 17638 17638 D ApkSoSource: not allowing consideration of lib/arm64-v8a/libglog_init.so: deferring to libdir
05-19 13:42:32.947 17638 17638 D ApkSoSource: not allowing consideration of lib/arm64-v8a/libimagepipeline.so: deferring to libdir
05-19 13:42:32.947 17638 17638 D ApkSoSource: not allowing consideration of lib/arm64-v8a/libjsc.so: deferring to libdir
05-19 13:42:32.947 17638 17638 D ApkSoSource: not allowing consideration of lib/arm64-v8a/libjscexecutor.so: deferring to libdir
05-19 13:42:32.948 17638 17638 D ApkSoSource: not allowing consideration of lib/arm64-v8a/libjsi.so: deferring to libdir
05-19 13:42:32.948 17638 17638 D ApkSoSource: not allowing consideration of lib/arm64-v8a/libjsijniprofiler.so: deferring to libdir
05-19 13:42:32.948 17638 17638 D ApkSoSource: not allowing consideration of lib/arm64-v8a/libjsinspector.so: deferring to libdir
05-19 13:42:32.948 17638 17638 D ApkSoSource: not allowing consideration of lib/arm64-v8a/liblogger.so: deferring to libdir
05-19 13:42:32.948 17638 17638 D ApkSoSource: not allowing consideration of lib/arm64-v8a/libmapbufferjni.so: deferring to libdir
05-19 13:42:32.948 17638 17638 D ApkSoSource: not allowing consideration of lib/arm64-v8a/libnative-filters.so: deferring to libdir
05-19 13:42:32.948 17638 17638 D ApkSoSource: not allowing consideration of lib/arm64-v8a/libnative-imagetranscoder.so: deferring to libdir
05-19 13:42:32.948 17638 17638 D ApkSoSource: not allowing consideration of lib/arm64-v8a/libreact_codegen_rncore.so: deferring to libdir
05-19 13:42:32.948 17638 17638 D ApkSoSource: not allowing consideration of lib/arm64-v8a/libreact_config.so: deferring to libdir
05-19 13:42:32.948 17638 17638 D ApkSoSource: not allowing consideration of lib/arm64-v8a/libreact_debug.so: deferring to libdir
05-19 13:42:32.948 17638 17638 D ApkSoSource: not allowing consideration of lib/arm64-v8a/libreact_nativemodule_core.so: deferring to libdir
05-19 13:42:32.948 17638 17638 D ApkSoSource: not allowing consideration of lib/arm64-v8a/libreact_render_animations.so: deferring to libdir
05-19 13:42:32.948 17638 17638 D ApkSoSource: not allowing consideration of lib/arm64-v8a/libreact_render_attributedstring.so: deferring to libdir
05-19 13:42:32.949 17638 17638 D ApkSoSource: not allowing consideration of lib/arm64-v8a/libreact_render_componentregistry.so: deferring to libdir
05-19 13:42:32.949 17638 17638 D ApkSoSource: not allowing consideration of lib/arm64-v8a/libreact_render_core.so: deferring to libdir
05-19 13:42:32.949 17638 17638 D ApkSoSource: not allowing consideration of lib/arm64-v8a/libreact_render_debug.so: deferring to libdir
05-19 13:42:32.949 17638 17638 D ApkSoSource: not allowing consideration of lib/arm64-v8a/libreact_render_graphics.so: deferring to libdir
05-19 13:42:32.949 17638 17638 D ApkSoSource: not allowing consideration of lib/arm64-v8a/libreact_render_imagemanager.so: deferring to libdir
05-19 13:42:32.949 17638 17638 D ApkSoSource: not allowing consideration of lib/arm64-v8a/libreact_render_leakchecker.so: deferring to libdir
05-19 13:42:32.949 17638 17638 D ApkSoSource: not allowing consideration of lib/arm64-v8a/libreact_render_mapbuffer.so: deferring to libdir
05-19 13:42:32.949 17638 17638 D ApkSoSource: not allowing consideration of lib/arm64-v8a/libreact_render_mounting.so: deferring to libdir
05-19 13:42:32.949 17638 17638 D ApkSoSource: not allowing consideration of lib/arm64-v8a/libreact_render_runtimescheduler.so: deferring to libdir
05-19 13:42:32.949 17638 17638 D ApkSoSource: not allowing consideration of lib/arm64-v8a/libreact_render_scheduler.so: deferring to libdir
05-19 13:42:32.950 17638 17638 D ApkSoSource: not allowing consideration of lib/arm64-v8a/libreact_render_telemetry.so: deferring to libdir
05-19 13:42:32.950 17638 17638 D ApkSoSource: not allowing consideration of lib/arm64-v8a/libreact_render_templateprocessor.so: deferring to libdir
05-19 13:42:32.950 17638 17638 D ApkSoSource: not allowing consideration of lib/arm64-v8a/libreact_render_textlayoutmanager.so: deferring to libdir
05-19 13:42:32.950 17638 17638 D ApkSoSource: not allowing consideration of lib/arm64-v8a/libreact_render_uimanager.so: deferring to libdir
05-19 13:42:32.950 17638 17638 D ApkSoSource: not allowing consideration of lib/arm64-v8a/libreact_utils.so: deferring to libdir
05-19 13:42:32.950 17638 17638 D ApkSoSource: not allowing consideration of lib/arm64-v8a/libreactnativeblob.so: deferring to libdir
05-19 13:42:32.950 17638 17638 D ApkSoSource: not allowing consideration of lib/arm64-v8a/libreactnativejni.so: deferring to libdir
05-19 13:42:32.950 17638 17638 D ApkSoSource: not allowing consideration of lib/arm64-v8a/libreactnativeutilsjni.so: deferring to libdir
05-19 13:42:32.950 17638 17638 D ApkSoSource: not allowing consideration of lib/arm64-v8a/libreactperfloggerjni.so: deferring to libdir
05-19 13:42:32.950 17638 17638 D ApkSoSource: not allowing consideration of lib/arm64-v8a/librrc_image.so: deferring to libdir
05-19 13:42:32.951 17638 17638 D ApkSoSource: not allowing consideration of lib/arm64-v8a/librrc_root.so: deferring to libdir
05-19 13:42:32.951 17638 17638 D ApkSoSource: not allowing consideration of lib/arm64-v8a/librrc_scrollview.so: deferring to libdir
05-19 13:42:32.951 17638 17638 D ApkSoSource: not allowing consideration of lib/arm64-v8a/librrc_text.so: deferring to libdir
05-19 13:42:32.951 17638 17638 D ApkSoSource: not allowing consideration of lib/arm64-v8a/librrc_textinput.so: deferring to libdir
05-19 13:42:32.951 17638 17638 D ApkSoSource: not allowing consideration of lib/arm64-v8a/librrc_unimplementedview.so: deferring to libdir
05-19 13:42:32.951 17638 17638 D ApkSoSource: not allowing consideration of lib/arm64-v8a/librrc_view.so: deferring to libdir
05-19 13:42:32.951 17638 17638 D ApkSoSource: not allowing consideration of lib/arm64-v8a/libruntimeexecutor.so: deferring to libdir
05-19 13:42:32.951 17638 17638 D ApkSoSource: not allowing consideration of lib/arm64-v8a/libturbomodulejsijni.so: deferring to libdir
05-19 13:42:32.951 17638 17638 D ApkSoSource: not allowing consideration of lib/arm64-v8a/libyoga.so: deferring to libdir
05-19 13:42:32.951 17638 17638 V fb-UnpackingSoSource: regenerating DSO store com.facebook.soloader.ApkSoSource
05-19 13:42:32.952 17638 17638 V fb-UnpackingSoSource: Finished regenerating DSO store com.facebook.soloader.ApkSoSource
05-19 13:42:32.952 17638 17638 V fb-UnpackingSoSource: starting syncer worker
05-19 13:42:32.956 17638 17638 V fb-UnpackingSoSource: releasing dso store lock for /data/user/0/com.fakestore/lib-main (from syncer thread)
05-19 13:42:32.956 17638 17638 V fb-UnpackingSoSource: not releasing dso store lock for /data/user/0/com.fakestore/lib-main (syncer thread started)
05-19 13:42:32.974 17638 17638 D SoLoader: libjscexecutor.so not found on /data/data/com.fakestore/lib-main
05-19 13:42:32.974 17638 17638 D SoLoader: libjscexecutor.so found on /data/app/~~FAAgaVvGVrSLLKrsJlOywA==/com.fakestore-3lU-0Giaqstnp8yPuwGx3Q==/lib/arm64
05-19 13:42:32.974 17638 17638 D SoLoader: Not resolving dependencies for libjscexecutor.so
05-19 13:42:33.000 17638 17638 D JavaScriptCore.Version: 250230.2.1
05-19 13:42:33.105 17638 17638 E Parcel  : Reading a NULL string not supported here.
05-19 13:42:33.112 17638 17638 I chatty  : uid=11051(com.fakestore) identical 26 lines
05-19 13:42:33.112 17638 17638 E Parcel  : Reading a NULL string not supported here.
05-19 13:42:33.112 17638 17638 V SensorManager: RegisterListener bmi160 Accelerometer Non-wakeup type:1 delay:66667us by com.facebook.react.common.ShakeDetector
05-19 13:42:33.112 17638 17638 E Parcel  : Reading a NULL string not supported here.
05-19 13:42:33.138 17638 17681 D SoLoader: libfbjni.so not found on /data/data/com.fakestore/lib-main
05-19 13:42:33.139 17638 17681 D SoLoader: libfbjni.so found on /data/app/~~FAAgaVvGVrSLLKrsJlOywA==/com.fakestore-3lU-0Giaqstnp8yPuwGx3Q==/lib/arm64
05-19 13:42:33.139 17638 17681 D SoLoader: Not resolving dependencies for libfbjni.so
05-19 13:42:33.141 17638 17681 D SoLoader: libflipper.so not found on /data/data/com.fakestore/lib-main
05-19 13:42:33.141 17638 17681 D SoLoader: libflipper.so found on /data/app/~~FAAgaVvGVrSLLKrsJlOywA==/com.fakestore-3lU-0Giaqstnp8yPuwGx3Q==/lib/arm64
05-19 13:42:33.141 17638 17681 D SoLoader: Not resolving dependencies for libflipper.so
05-19 13:42:33.201 17638 17638 W com.fakestore: Accessing hidden field Landroid/view/View;->mKeyedTags:Landroid/util/SparseArray; (greylist, reflection, allowed)
05-19 13:42:33.201 17638 17638 W com.fakestore: Accessing hidden field Landroid/view/View;->mListenerInfo:Landroid/view/View$ListenerInfo; (greylist, reflection, allowed)
05-19 13:42:33.201 17638 17638 W com.fakestore: Accessing hidden field Landroid/view/View$ListenerInfo;->mOnClickListener:Landroid/view/View$OnClickListener; (greylist, reflection, allowed)
05-19 13:42:33.209 17638 17638 I flipper : flipper: FlipperClient::addPlugin Inspector
05-19 13:42:33.209 17638 17638 I flipper : flipper: FlipperClient::addPlugin React
05-19 13:42:33.211 17638 17638 I flipper : flipper: FlipperClient::addPlugin Databases
05-19 13:42:33.212 17638 17638 I flipper : flipper: FlipperClient::addPlugin Preferences
05-19 13:42:33.212 17638 17638 I flipper : flipper: FlipperClient::addPlugin CrashReporter
05-19 13:42:33.215 17638 17638 I flipper : flipper: FlipperClient::addPlugin Network
05-19 13:42:33.232 17638 17669 D TestRequestBuilder: Using class path scanning to discover tests
05-19 13:42:33.232 17638 17669 I TestRequestBuilder: Scanning classpath to find tests in paths [/data/app/~~wBw7sETBjnzJTGqvVU2BNA==/com.fakestore.test-s51-aVam8oIb_jK_3woDUg==/base.apk]
05-19 13:42:33.233 17638 17669 I System  : Opening DexFile: /data/app/~~wBw7sETBjnzJTGqvVU2BNA==/com.fakestore.test-s51-aVam8oIb_jK_3woDUg==/base.apk
05-19 13:42:33.234 17638 17669 W com.fakestore: Opening an oat file without a class loader. Are you using the deprecated DexFile APIs?
05-19 13:42:33.268 17638 17680 W System.err: SLF4J: Failed to load class "org.slf4j.impl.StaticLoggerBinder".
05-19 13:42:33.268 17638 17680 W System.err: SLF4J: Defaulting to no-operation (NOP) logger implementation
05-19 13:42:33.268 17638 17680 W System.err: SLF4J: See http://www.slf4j.org/codes.html#StaticLoggerBinder for further details.
05-19 13:42:33.460 17638 17669 W com.fakestore: Unable to resolve Lcom/google/android/apps/common/testing/accessibility/framework/AccessibilityHierarchyCheckResult; annotation class 5201
05-19 13:42:33.460 17638 17669 I chatty  : uid=11051(com.fakestore) roidJUnitRunner identical 2 lines
05-19 13:42:33.461 17638 17669 W com.fakestore: Unable to resolve Lcom/google/android/apps/common/testing/accessibility/framework/AccessibilityHierarchyCheckResult; annotation class 5201
05-19 13:42:33.461 17638 17669 W com.fakestore: Unable to resolve Lcom/google/android/apps/common/testing/accessibility/framework/AccessibilityViewCheckResult; annotation class 5201
05-19 13:42:33.462 17638 17669 W com.fakestore: Unable to resolve Lcom/google/android/apps/common/testing/accessibility/framework/ClusteringUtils; annotation class 5201
05-19 13:42:33.464 17638 17669 W com.fakestore: Unable to resolve Lcom/google/android/apps/common/testing/accessibility/framework/Question; annotation class 5201
05-19 13:42:33.470 17638 17669 W com.fakestore: Unable to resolve Lcom/google/android/apps/common/testing/accessibility/framework/replacements/TextUtils; annotation class 5200
05-19 13:42:33.473 17638 17669 W com.fakestore: Unable to resolve Lcom/google/android/apps/common/testing/accessibility/framework/uielement/ViewHierarchyElement; annotation class 5201
05-19 13:42:33.473 17638 17669 I chatty  : uid=11051(com.fakestore) roidJUnitRunner identical 2 lines
05-19 13:42:33.473 17638 17669 W com.fakestore: Unable to resolve Lcom/google/android/apps/common/testing/accessibility/framework/uielement/ViewHierarchyElement; annotation class 5201
05-19 13:42:33.474 17638 17669 W com.fakestore: Unable to resolve Lcom/google/android/apps/common/testing/accessibility/framework/uielement/ViewHierarchyElementAndroid; annotation class 5201
05-19 13:42:33.474 17638 17669 I chatty  : uid=11051(com.fakestore) roidJUnitRunner identical 2 lines
05-19 13:42:33.474 17638 17669 W com.fakestore: Unable to resolve Lcom/google/android/apps/common/testing/accessibility/framework/uielement/ViewHierarchyElementAndroid; annotation class 5201
05-19 13:42:33.475 17638 17669 W com.fakestore: Unable to resolve Lcom/google/android/apps/common/testing/accessibility/framework/uielement/ViewHierarchyElement; annotation class 5201
05-19 13:42:33.475 17638 17669 W com.fakestore: Unable to resolve Lcom/google/android/apps/common/testing/accessibility/framework/uielement/ViewHierarchyElement; annotation class 5201
05-19 13:42:33.645 17638 17669 D AndroidJUnitRunner: Use the raw file system for managing file I/O.
05-19 13:42:33.649 17638 17669 D TestExecutor: Adding listener androidx.test.internal.runner.listener.LogRunListener
05-19 13:42:33.649 17638 17669 D TestExecutor: Adding listener androidx.test.internal.runner.listener.InstrumentationResultPrinter
05-19 13:42:33.649 17638 17669 D TestExecutor: Adding listener androidx.test.internal.runner.listener.ActivityFinisherRunListener
05-19 13:42:33.649 17638 17669 D TestExecutor: Adding listener androidx.test.internal.runner.listener.TraceRunListener
05-19 13:42:33.651 17638 17669 I TestRunner: run started: 1 tests
05-19 13:42:33.652 17638 17669 I TestRunner: started: runDetoxTests(com.fakestore.DetoxTest)
05-19 13:42:33.669 17638 17669 D EventInjectionStrategy: Creating injection strategy with input manager.
05-19 13:42:33.670 17638 17669 W com.fakestore: Accessing hidden method Landroid/hardware/input/InputManager;->getInstance()Landroid/hardware/input/InputManager; (greylist, reflection, allowed)
05-19 13:42:33.670 17638 17669 W com.fakestore: Accessing hidden method Landroid/hardware/input/InputManager;->injectInputEvent(Landroid/view/InputEvent;I)Z (greylist, reflection, allowed)
05-19 13:42:33.670 17638 17669 W com.fakestore: Accessing hidden field Landroid/hardware/input/InputManager;->INJECT_INPUT_EVENT_MODE_WAIT_FOR_FINISH:I (greylist, reflection, allowed)
05-19 13:42:33.678 17638 17669 W com.fakestore: Accessing hidden field Ljava/lang/reflect/Field;->accessFlags:I (greylist, reflection, allowed)
05-19 13:42:33.683 17638 17698 E Parcel  : Reading a NULL string not supported here.
05-19 13:42:33.754 17638 17706 E libEGL  : Invalid file path for libcolorx-loader.so
05-19 13:42:33.786 17638 17638 I oplus.android.OplusFrameworkFactoryImpl: getOplusRedPacketManager
05-19 13:42:33.790 17638 17638 D LifecycleMonitor: Lifecycle status change: com.fakestore.MainActivity@87bb623 in: PRE_ON_CREATE
05-19 13:42:33.849 17638 17638 W com.fakestore: Accessing hidden method Landroid/view/View;->computeFitSystemWindows(Landroid/graphics/Rect;Landroid/graphics/Rect;)Z (greylist, reflection, allowed)
05-19 13:42:33.850 17638 17638 W com.fakestore: Accessing hidden method Landroid/view/ViewGroup;->makeOptionalFitsSystemWindows()V (greylist, reflection, allowed)
05-19 13:42:33.853 17638 17638 D LifecycleMonitor: Lifecycle status change: com.fakestore.MainActivity@87bb623 in: CREATED
05-19 13:42:33.856 17638 17638 D LifecycleMonitor: Lifecycle status change: com.fakestore.MainActivity@87bb623 in: STARTED
05-19 13:42:33.859 17638 17638 D LifecycleMonitor: Lifecycle status change: com.fakestore.MainActivity@87bb623 in: RESUMED
05-19 13:42:33.871 17638 17638 I OplusFeatureCache: Milliseconds spent on init(): 7
05-19 13:42:33.873 17638 17638 D OplusSlideAnimOptHelper: scrollEffectOpt enable = false
05-19 13:42:33.875 17638 17638 D ColorViewRootUtil: initSwipState, isDisplayCompatApp false
05-19 13:42:33.875 17638 17638 D ColorViewRootUtil: mScreenHeight 2400, mScreenWidth 1080
05-19 13:42:33.878 17638 17638 D WindowManager: Add to mViews: DecorView@15d2c14[MainActivity],pkg= com.fakestore
05-19 13:42:33.901 17638 17638 W unknown:ReactNative: Packager connection already open, nooping.
05-19 13:42:33.916 17638 17638 V OplusZoomWindowDecorViewHelper: setLastReportedMergedConfiguration mZoomDisplayHeight: 2400 getDecorView.DecorView@15d2c14[MainActivity]
05-19 13:42:33.919 17638 17704 E libEGL  : Invalid file path for libcolorx-loader.so
05-19 13:42:33.919 17638 17704 I AdrenoGLES-0: QUALCOMM build                   : 3142bdd, I7afe4835b7
05-19 13:42:33.919 17638 17704 I AdrenoGLES-0: Build Date                       : 09/16/20
05-19 13:42:33.919 17638 17704 I AdrenoGLES-0: OpenGL ES Shader Compiler Version: EV031.32.02.00
05-19 13:42:33.919 17638 17704 I AdrenoGLES-0: Local Branch                     : 
05-19 13:42:33.919 17638 17704 I AdrenoGLES-0: Remote Branch                    : 
05-19 13:42:33.919 17638 17704 I AdrenoGLES-0: Remote Branch                    : 
05-19 13:42:33.919 17638 17704 I AdrenoGLES-0: Reconstruct Branch               : 
05-19 13:42:33.919 17638 17704 I AdrenoGLES-0: Build Config                     : S P 10.0.6 AArch64
05-19 13:42:33.919 17638 17704 I AdrenoGLES-0: Driver Path                      : /vendor/lib64/egl/libGLESv2_adreno.so
05-19 13:42:33.925 17638 17704 I AdrenoGLES-0: PFP: 0x016ee190, ME: 0x00000000
05-19 13:42:33.931 17638 17704 E libEGL  : Invalid file path for libcolorx-loader.so
05-19 13:42:33.934 17638 17704 I chatty  : uid=11051(com.fakestore) RenderThread identical 65 lines
05-19 13:42:33.934 17638 17704 E libEGL  : Invalid file path for libcolorx-loader.so
05-19 13:42:33.967 17638 17638 E OplusCustomizeRestrictionManager: sInstance is null, start a new sInstance
05-19 13:42:33.991 17638 17638 D ColorViewRootUtil: initSwipState, isDisplayCompatApp false
05-19 13:42:33.991 17638 17638 D ColorViewRootUtil: mScreenHeight 2400, mScreenWidth 1080
05-19 13:42:33.993 17638 17638 D WindowManager: Add to mViews: android.widget.PopupWindow$PopupDecorView{f85ac62 V.E...... R.....I. 0,0-0,0},pkg= com.fakestore
05-19 13:42:34.130 17638 17669 I Detox   : Detox server connection details: url=ws://localhost:52532, sessionId=cf99dd57-1f4c-794f-546b-f83735c1c1c4
05-19 13:42:34.142 17638 17710 I DetoxDispatcher: Handling action '_init' (ID #0)...
05-19 13:42:34.144 17638 17710 I Detox   : Connecting to server...
05-19 13:42:34.144 17638 17710 I DetoxWSClient: At connectToServer
05-19 13:42:34.170 17638 17713 D DetoxWSClient: At onOpen
05-19 13:42:34.170 17638 17713 I DetoxWSClient: Sending out action 'login' (ID #0)
05-19 13:42:34.172 17638 17713 I Detox   : Connected to server!
05-19 13:42:34.177 17638 17713 D DetoxWSClient: Received action 'loginSuccess' (ID #0, params={"testerConnected":true,"appConnected":true})
05-19 13:42:34.199 17638 17685 D SoLoader: libreactnativejni.so not found on /data/data/com.fakestore/lib-main
05-19 13:42:34.199 17638 17685 D SoLoader: libreactnativejni.so found on /data/app/~~FAAgaVvGVrSLLKrsJlOywA==/com.fakestore-3lU-0Giaqstnp8yPuwGx3Q==/lib/arm64
05-19 13:42:34.199 17638 17685 D SoLoader: Not resolving dependencies for libreactnativejni.so
05-19 13:42:34.214 17638 17713 D DetoxWSClient: Received action 'isReady' (ID #-1000, params={})
05-19 13:42:34.236 17638 17716 V AsyncStorageExpoMigration: No scoped database found
05-19 13:42:34.252 17638 17716 W unknown:ReactContext: initializeMessageQueueThreads() is called.
05-19 13:42:34.264 17638 17638 W unknown:ReactNative: Packager connection already open, nooping.
05-19 13:42:34.308 17638 17719 W unknown:ViewManagerPropertyUpdater: Could not find generated setter for class com.facebook.react.views.drawer.ReactDrawerLayoutManager
05-19 13:42:34.313 17638 17719 W unknown:ViewManagerPropertyUpdater: Could not find generated setter for class com.facebook.react.uimanager.LayoutShadowNode
05-19 13:42:34.315 17638 17719 W unknown:ViewManagerPropertyUpdater: Could not find generated setter for class com.facebook.react.views.scroll.ReactHorizontalScrollViewManager
05-19 13:42:34.318 17638 17719 W unknown:ViewManagerPropertyUpdater: Could not find generated setter for class com.facebook.react.views.scroll.ReactHorizontalScrollContainerViewManager
05-19 13:42:34.318 17638 17719 W unknown:ViewManagerPropertyUpdater: Could not find generated setter for class com.facebook.react.views.progressbar.ReactProgressBarViewManager
05-19 13:42:34.319 17638 17719 W unknown:ViewManagerPropertyUpdater: Could not find generated setter for class com.facebook.react.views.progressbar.ProgressBarShadowNode
05-19 13:42:34.321 17638 17719 W unknown:ViewManagerPropertyUpdater: Could not find generated setter for class com.facebook.react.views.scroll.ReactScrollViewManager
05-19 13:42:34.324 17638 17719 W unknown:ViewManagerPropertyUpdater: Could not find generated setter for class com.facebook.react.views.slider.ReactSliderManager
05-19 13:42:34.326 17638 17719 W unknown:ViewManagerPropertyUpdater: Could not find generated setter for class com.facebook.react.views.slider.ReactSliderManager$ReactSliderShadowNode
05-19 13:42:34.327 17638 17719 W unknown:ViewManagerPropertyUpdater: Could not find generated setter for class com.facebook.react.views.switchview.ReactSwitchManager
05-19 13:42:34.328 17638 17719 W unknown:ViewManagerPropertyUpdater: Could not find generated setter for class com.facebook.react.views.switchview.ReactSwitchManager$ReactSwitchShadowNode
05-19 13:42:34.329 17638 17719 W unknown:ViewManagerPropertyUpdater: Could not find generated setter for class com.facebook.react.views.swiperefresh.SwipeRefreshLayoutManager
05-19 13:42:34.335 17638 17719 W unknown:ViewManagerPropertyUpdater: Could not find generated setter for class com.facebook.react.views.text.frescosupport.FrescoBasedReactTextInlineImageViewManager
05-19 13:42:34.336 17638 17719 W unknown:ViewManagerPropertyUpdater: Could not find generated setter for class com.facebook.react.views.text.frescosupport.FrescoBasedReactTextInlineImageShadowNode
05-19 13:42:34.342 17638 17719 W unknown:ViewManagerPropertyUpdater: Could not find generated setter for class com.facebook.react.views.image.ReactImageManager
05-19 13:42:34.350 17638 17719 W unknown:ViewManagerPropertyUpdater: Could not find generated setter for class com.facebook.react.views.modal.ReactModalHostManager
05-19 13:42:34.353 17638 17719 W unknown:ViewManagerPropertyUpdater: Could not find generated setter for class com.facebook.react.views.modal.ModalHostShadowNode
05-19 13:42:34.354 17638 17719 W unknown:ViewManagerPropertyUpdater: Could not find generated setter for class com.facebook.react.views.text.ReactRawTextManager
05-19 13:42:34.354 17638 17719 W unknown:ViewManagerPropertyUpdater: Could not find generated setter for class com.facebook.react.views.text.ReactRawTextShadowNode
05-19 13:42:34.355 17638 17719 W unknown:ViewManagerPropertyUpdater: Could not find generated setter for class com.facebook.react.views.textinput.ReactTextInputManager
05-19 13:42:34.360 17638 17719 W unknown:ViewManagerPropertyUpdater: Could not find generated setter for class com.facebook.react.views.textinput.ReactTextInputShadowNode
05-19 13:42:34.374 17638 17719 W unknown:ViewManagerPropertyUpdater: Could not find generated setter for class com.facebook.react.views.text.ReactTextViewManager
05-19 13:42:34.378 17638 17719 W unknown:ViewManagerPropertyUpdater: Could not find generated setter for class com.facebook.react.views.text.ReactTextShadowNode
05-19 13:42:34.379 17638 17719 W unknown:ViewManagerPropertyUpdater: Could not find generated setter for class com.facebook.react.views.view.ReactViewManager
05-19 13:42:34.383 17638 17719 W unknown:ViewManagerPropertyUpdater: Could not find generated setter for class com.facebook.react.views.text.ReactVirtualTextViewManager
05-19 13:42:34.383 17638 17719 W unknown:ViewManagerPropertyUpdater: Could not find generated setter for class com.facebook.react.views.text.ReactVirtualTextShadowNode
05-19 13:42:34.384 17638 17719 W unknown:ViewManagerPropertyUpdater: Could not find generated setter for class com.facebook.react.views.unimplementedview.ReactUnimplementedViewManager
05-19 13:42:34.385 17638 17719 W unknown:ViewManagerPropertyUpdater: Could not find generated setter for class org.reactnative.maskedview.RNCMaskedViewManager
05-19 13:42:34.386 17638 17719 W unknown:ViewManagerPropertyUpdater: Could not find generated setter for class com.th3rdwave.safeareacontext.SafeAreaProviderManager
05-19 13:42:34.387 17638 17719 W unknown:ViewManagerPropertyUpdater: Could not find generated setter for class com.th3rdwave.safeareacontext.SafeAreaViewManager
05-19 13:42:34.388 17638 17719 W unknown:ViewManagerPropertyUpdater: Could not find generated setter for class com.th3rdwave.safeareacontext.SafeAreaViewShadowNode
05-19 13:42:34.388 17638 17722 E Parcel  : Reading a NULL string not supported here.
05-19 13:42:34.389 17638 17719 W unknown:ViewManagerPropertyUpdater: Could not find generated setter for class com.swmansion.rnscreens.ScreenContainerViewManager
05-19 13:42:34.390 17638 17719 W unknown:ViewManagerPropertyUpdater: Could not find generated setter for class com.swmansion.rnscreens.ScreenViewManager
05-19 13:42:34.391 17638 17719 W unknown:ViewManagerPropertyUpdater: Could not find generated setter for class com.swmansion.rnscreens.ScreenStackViewManager
05-19 13:42:34.392 17638 17719 W unknown:ViewManagerPropertyUpdater: Could not find generated setter for class com.swmansion.rnscreens.ScreenStackHeaderConfigViewManager
05-19 13:42:34.393 17638 17719 W unknown:ViewManagerPropertyUpdater: Could not find generated setter for class com.swmansion.rnscreens.ScreenStackHeaderSubviewManager
05-19 13:42:34.395 17638 17719 W unknown:ViewManagerPropertyUpdater: Could not find generated setter for class com.swmansion.rnscreens.SearchBarManager
05-19 13:42:34.406 17638 17719 W unknown:ReactContext: initializeMessageQueueThreads() is called.
05-19 13:42:34.408 17638 17719 D SoLoader: libyoga.so not found on /data/data/com.fakestore/lib-main
05-19 13:42:34.408 17638 17719 D SoLoader: libyoga.so found on /data/app/~~FAAgaVvGVrSLLKrsJlOywA==/com.fakestore-3lU-0Giaqstnp8yPuwGx3Q==/lib/arm64
05-19 13:42:34.408 17638 17719 D SoLoader: Not resolving dependencies for libyoga.so
05-19 13:42:34.416 17638 17638 D DetoxRNLoading: Listener-proxy method called: onReactContextInitialized
05-19 13:42:34.416 17638 17638 I DetoxRNLoading: Got new RN-context async'ly through listener
05-19 13:42:34.417 17638 17638 D DetoxRNLoading: Listener-proxy method called: equals
05-19 13:42:34.419 17638 17710 I DetoxRNIdleRes: Setting up Espresso Idling Resources for React Native
05-19 13:42:34.432 17638 17710 D AsyncStorageIR: Checking whether a custom IR for Async-Storage is required... (legacy=false)
05-19 13:42:34.432 17638 17710 D AsyncStorageIR: IR for Async-Storage is required! (legacy=false)
05-19 13:42:34.433 17638 17710 D AsyncStorageIR: Checking whether a custom IR for Async-Storage is required... (legacy=true)
05-19 13:42:34.438 17638 17710 D AsyncStorageIR: IR for Async-Storage is required! (legacy=true)
05-19 13:42:34.440 17638 17638 D AsyncStorageIR: Async-storage is busy!
05-19 13:42:34.441 17638 17638 D AsyncStorageIRLegacy: Async-storage is busy!
05-19 13:42:34.445 17638 17710 I DetoxDispatcher: Done with action '_init'
05-19 13:42:34.445 17638 17710 I DetoxDispatcher: Handling action 'isReady' (ID #-1000)...
05-19 13:42:34.449 17638 17638 W com.fakestore: Accessing hidden method Landroid/os/MessageQueue;->next()Landroid/os/Message; (greylist, reflection, allowed)
05-19 13:42:34.449 17638 17638 W com.fakestore: Accessing hidden field Landroid/os/MessageQueue;->mMessages:Landroid/os/Message; (greylist, reflection, allowed)
05-19 13:42:34.449 17638 17638 W com.fakestore: Accessing hidden method Landroid/os/Message;->recycleUnchecked()V (greylist, reflection, allowed)
05-19 13:42:34.451 17638 17719 I flipper : flipper: FlipperClient::addPlugin Fresco
05-19 13:42:34.515 17638 17718 D SoLoader: libreactnativeblob.so not found on /data/data/com.fakestore/lib-main
05-19 13:42:34.515 17638 17718 D SoLoader: libreactnativeblob.so found on /data/app/~~FAAgaVvGVrSLLKrsJlOywA==/com.fakestore-3lU-0Giaqstnp8yPuwGx3Q==/lib/arm64
05-19 13:42:34.515 17638 17718 D SoLoader: Not resolving dependencies for libreactnativeblob.so
05-19 13:42:34.546 17638 17719 I WebViewFactory: Loading com.google.android.webview version 110.0.5481.153 (code 548115333)
05-19 13:42:34.555 17638 17719 W linker  : Warning: "/data/app/~~ZS9E27XFUMq_UEOJpzgrAw==/com.google.android.webview-1F4-Y8gMX6Rl1iWbcmwEbQ==/base.apk!/lib/arm64-v8a/libmonochrome.so" unused DT entry: unknown processor-specific (type 0x70000001 arg 0x0) (ignoring)
05-19 13:42:34.567 17638 17719 W com.fakestore: Accessing hidden method Landroid/os/Trace;->isTagEnabled(J)Z (greylist, reflection, allowed)
05-19 13:42:34.567 17638 17719 W com.fakestore: Accessing hidden method Landroid/os/Trace;->traceBegin(JLjava/lang/String;)V (greylist, reflection, allowed)
05-19 13:42:34.567 17638 17719 W com.fakestore: Accessing hidden method Landroid/os/Trace;->traceEnd(J)V (greylist, reflection, allowed)
05-19 13:42:34.567 17638 17719 W com.fakestore: Accessing hidden method Landroid/os/Trace;->asyncTraceBegin(JLjava/lang/String;I)V (greylist, reflection, allowed)
05-19 13:42:34.567 17638 17719 W com.fakestore: Accessing hidden method Landroid/os/Trace;->asyncTraceEnd(JLjava/lang/String;I)V (greylist, reflection, allowed)
05-19 13:42:34.571 17638 17719 I cr_WVCFactoryProvider: Loaded version=110.0.5481.153 minSdkVersion=29 isBundle=true multiprocess=true packageId=2
05-19 13:42:34.598 17638 17719 I cr_LibraryLoader: Successfully loaded native library
05-19 13:42:34.599 17638 17719 I cr_CachingUmaRecorder: Flushed 8 samples from 8 histograms.
05-19 13:42:34.976 17638 17718 I ReactNativeJS: Running "FakeStore" with {"rootTag":1}
05-19 13:42:35.142 17638 17719 W unknown:ViewManagerPropertyUpdater: Could not find generated setter for class com.swmansion.rnscreens.ScreensShadowNode
05-19 13:42:35.185 17638 17638 I Detox   : UIManagerModule is busy
05-19 13:42:35.245 17638 17638 I Detox   : UIManagerModule is busy
05-19 13:42:35.318 17638 17638 I Detox   : Wait is over: App is now idle!
05-19 13:42:35.318 17638 17710 I DetoxWSClient: Sending out action 'ready' (ID #-1000)
05-19 13:42:35.318 17638 17710 I DetoxDispatcher: Done with action 'isReady'
05-19 13:42:35.318 17638 17710 I DetoxDispatcher: Handling action 'loginSuccess' (ID #0)...
05-19 13:42:35.318 17638 17710 I DetoxDispatcher: Done with action 'loginSuccess'
05-19 13:42:35.319 17638 17710 I DetoxDispatcher: Handling action 'isReady' (ID #-1000)...
05-19 13:42:35.324 17638 17638 I Detox   : Wait is over: App is now idle!
05-19 13:42:35.324 17638 17710 I DetoxWSClient: Sending out action 'ready' (ID #-1000)
05-19 13:42:35.325 17638 17710 I DetoxDispatcher: Done with action 'isReady'
05-19 13:42:35.328 17638 17775 D SoLoader: libimagepipeline.so not found on /data/data/com.fakestore/lib-main
05-19 13:42:35.328 17638 17775 D SoLoader: libimagepipeline.so found on /data/app/~~FAAgaVvGVrSLLKrsJlOywA==/com.fakestore-3lU-0Giaqstnp8yPuwGx3Q==/lib/arm64
05-19 13:42:35.328 17638 17775 D SoLoader: Not resolving dependencies for libimagepipeline.so
