--------- beginning of main
05-19 13:42:54.803 18652 18652 I com.fakestore: Late-enabling -Xcheck:jni
05-19 13:42:54.830 18652 18652 I com.fakestore: Unquickening 21 vdex files!
05-19 13:42:54.830 18652 18652 E com.fakestore: Unknown bits set in runtime_flags: 0x40000000
05-19 13:42:54.858 18652 18652 E RefClass: java.lang.reflect.InvocationTargetException
05-19 13:42:54.879 18652 18652 I oplus.android.OplusFrameworkFactoryImpl: get feature:IOplusScreenModeFeature
05-19 13:42:54.879 18652 18652 I oplus.android.OplusFrameworkFactoryImpl: getOplusScreenModeFeature
05-19 13:42:54.889 18652 18652 E libc    : Access denied finding property "ro.odm.prev.product.name"
--------- beginning of system
05-19 13:42:54.890 18652 18652 W ActivityThread: Package uses different ABI(s) than its instrumentation: package[com.fakestore]: arm64-v8a, null instrumentation[com.fakestore.test]: null, null
05-19 13:42:54.899 18652 18652 I com.fakestore: The ClassLoaderContext is a special shared library.
05-19 13:42:54.900 18652 18652 I chatty  : uid=11053(com.fakestore) identical 1 line
05-19 13:42:54.901 18652 18652 I com.fakestore: The ClassLoaderContext is a special shared library.
05-19 13:42:55.123 18652 18652 I Perf    : Connecting to perf service.
05-19 13:42:55.135 18652 18652 D ApplicationLoaders: Returning zygote-cached class loader: /system/framework/android.test.base.jar
05-19 13:42:55.135 18652 18652 D ApplicationLoaders: Returning zygote-cached class loader: /system/framework/android.test.base.jar
05-19 13:42:55.136 18652 18652 I com.fakestore: The ClassLoaderContext is a special shared library.
05-19 13:42:55.139 18652 18652 D ApplicationLoaders: Returning zygote-cached class loader: /system/framework/android.test.base.jar
05-19 13:42:55.139 18652 18652 D ApplicationLoaders: Returning zygote-cached class loader: /system/framework/android.test.base.jar
05-19 13:42:55.141 18652 18652 I com.fakestore: The ClassLoaderContext is a special shared library.
05-19 13:42:55.146 18652 18652 I chatty  : uid=11053(com.fakestore) identical 2 lines
05-19 13:42:55.147 18652 18652 I com.fakestore: The ClassLoaderContext is a special shared library.
05-19 13:42:55.359 18652 18652 W com.fakestore: Accessing hidden method Landroid/app/Instrumentation;->execStartActivity(Landroid/content/Context;Landroid/os/IBinder;Landroid/os/IBinder;Landroid/app/Activity;Landroid/content/Intent;ILandroid/os/Bundle;)Landroid/app/Instrumentation$ActivityResult; (greylist, linking, allowed)
05-19 13:42:55.359 18652 18652 W com.fakestore: Accessing hidden method Landroid/app/Instrumentation;->execStartActivity(Landroid/content/Context;Landroid/os/IBinder;Landroid/os/IBinder;Ljava/lang/String;Landroid/content/Intent;ILandroid/os/Bundle;)Landroid/app/Instrumentation$ActivityResult; (greylist, linking, allowed)
05-19 13:42:55.364 18652 18652 D NetworkSecurityConfig: Using Network Security Config from resource network_security_config debugBuild: true
05-19 13:42:55.366 18652 18652 D NetworkSecurityConfig: Using Network Security Config from resource network_security_config debugBuild: true
05-19 13:42:55.366 18652 18652 I MonitoringInstr: newApplication called!
05-19 13:42:55.382 18652 18652 I MonitoringInstr: Instrumentation started!
05-19 13:42:55.388 18652 18652 I AndroidJUnitRunner: onCreate Bundle[{debug=false, detoxServer=ws://localhost:52532, detoxSessionId=cf99dd57-1f4c-794f-546b-f83735c1c1c4}]
05-19 13:42:55.390 18652 18652 V TestEventClient: No service name argument was given (testDiscoveryService, testRunEventService or orchestratorService)
05-19 13:42:55.391 18652 18683 D AndroidJUnitRunner: onStart is called.
05-19 13:42:55.397 18652 18652 V fb-UnpackingSoSource: locked dso store /data/user/0/com.fakestore/lib-main
05-19 13:42:55.399 18652 18652 V fb-UnpackingSoSource: deps mismatch on deps store: regenerating
05-19 13:42:55.399 18652 18652 V fb-UnpackingSoSource: so store dirty: regenerating
05-19 13:42:55.438 18652 18652 D ApkSoSource: not allowing consideration of lib/arm64-v8a/libc++_shared.so: deferring to libdir
05-19 13:42:55.438 18652 18652 D ApkSoSource: not allowing consideration of lib/arm64-v8a/libevent-2.1.so: deferring to libdir
05-19 13:42:55.438 18652 18652 D ApkSoSource: not allowing consideration of lib/arm64-v8a/libevent_core-2.1.so: deferring to libdir
05-19 13:42:55.438 18652 18652 D ApkSoSource: not allowing consideration of lib/arm64-v8a/libevent_extra-2.1.so: deferring to libdir
05-19 13:42:55.438 18652 18652 D ApkSoSource: not allowing consideration of lib/arm64-v8a/libfabricjni.so: deferring to libdir
05-19 13:42:55.439 18652 18652 D ApkSoSource: not allowing consideration of lib/arm64-v8a/libfb.so: deferring to libdir
05-19 13:42:55.439 18652 18652 D ApkSoSource: not allowing consideration of lib/arm64-v8a/libfbjni.so: deferring to libdir
05-19 13:42:55.439 18652 18652 D ApkSoSource: not allowing consideration of lib/arm64-v8a/libflipper.so: deferring to libdir
05-19 13:42:55.439 18652 18652 D ApkSoSource: not allowing consideration of lib/arm64-v8a/libfolly_runtime.so: deferring to libdir
05-19 13:42:55.439 18652 18652 D ApkSoSource: not allowing consideration of lib/arm64-v8a/libglog.so: deferring to libdir
05-19 13:42:55.439 18652 18652 D ApkSoSource: not allowing consideration of lib/arm64-v8a/libglog_init.so: deferring to libdir
05-19 13:42:55.439 18652 18652 D ApkSoSource: not allowing consideration of lib/arm64-v8a/libimagepipeline.so: deferring to libdir
05-19 13:42:55.439 18652 18652 D ApkSoSource: not allowing consideration of lib/arm64-v8a/libjsc.so: deferring to libdir
05-19 13:42:55.439 18652 18652 D ApkSoSource: not allowing consideration of lib/arm64-v8a/libjscexecutor.so: deferring to libdir
05-19 13:42:55.439 18652 18652 D ApkSoSource: not allowing consideration of lib/arm64-v8a/libjsi.so: deferring to libdir
05-19 13:42:55.439 18652 18652 D ApkSoSource: not allowing consideration of lib/arm64-v8a/libjsijniprofiler.so: deferring to libdir
05-19 13:42:55.439 18652 18652 D ApkSoSource: not allowing consideration of lib/arm64-v8a/libjsinspector.so: deferring to libdir
05-19 13:42:55.440 18652 18652 D ApkSoSource: not allowing consideration of lib/arm64-v8a/liblogger.so: deferring to libdir
05-19 13:42:55.440 18652 18652 D ApkSoSource: not allowing consideration of lib/arm64-v8a/libmapbufferjni.so: deferring to libdir
05-19 13:42:55.440 18652 18652 D ApkSoSource: not allowing consideration of lib/arm64-v8a/libnative-filters.so: deferring to libdir
05-19 13:42:55.440 18652 18652 D ApkSoSource: not allowing consideration of lib/arm64-v8a/libnative-imagetranscoder.so: deferring to libdir
05-19 13:42:55.440 18652 18652 D ApkSoSource: not allowing consideration of lib/arm64-v8a/libreact_codegen_rncore.so: deferring to libdir
05-19 13:42:55.440 18652 18652 D ApkSoSource: not allowing consideration of lib/arm64-v8a/libreact_config.so: deferring to libdir
05-19 13:42:55.440 18652 18652 D ApkSoSource: not allowing consideration of lib/arm64-v8a/libreact_debug.so: deferring to libdir
05-19 13:42:55.440 18652 18652 D ApkSoSource: not allowing consideration of lib/arm64-v8a/libreact_nativemodule_core.so: deferring to libdir
05-19 13:42:55.440 18652 18652 D ApkSoSource: not allowing consideration of lib/arm64-v8a/libreact_render_animations.so: deferring to libdir
05-19 13:42:55.440 18652 18652 D ApkSoSource: not allowing consideration of lib/arm64-v8a/libreact_render_attributedstring.so: deferring to libdir
05-19 13:42:55.441 18652 18652 D ApkSoSource: not allowing consideration of lib/arm64-v8a/libreact_render_componentregistry.so: deferring to libdir
05-19 13:42:55.441 18652 18652 D ApkSoSource: not allowing consideration of lib/arm64-v8a/libreact_render_core.so: deferring to libdir
05-19 13:42:55.441 18652 18652 D ApkSoSource: not allowing consideration of lib/arm64-v8a/libreact_render_debug.so: deferring to libdir
05-19 13:42:55.441 18652 18652 D ApkSoSource: not allowing consideration of lib/arm64-v8a/libreact_render_graphics.so: deferring to libdir
05-19 13:42:55.441 18652 18652 D ApkSoSource: not allowing consideration of lib/arm64-v8a/libreact_render_imagemanager.so: deferring to libdir
05-19 13:42:55.441 18652 18652 D ApkSoSource: not allowing consideration of lib/arm64-v8a/libreact_render_leakchecker.so: deferring to libdir
05-19 13:42:55.441 18652 18652 D ApkSoSource: not allowing consideration of lib/arm64-v8a/libreact_render_mapbuffer.so: deferring to libdir
05-19 13:42:55.441 18652 18652 D ApkSoSource: not allowing consideration of lib/arm64-v8a/libreact_render_mounting.so: deferring to libdir
05-19 13:42:55.441 18652 18652 D ApkSoSource: not allowing consideration of lib/arm64-v8a/libreact_render_runtimescheduler.so: deferring to libdir
05-19 13:42:55.441 18652 18652 D ApkSoSource: not allowing consideration of lib/arm64-v8a/libreact_render_scheduler.so: deferring to libdir
05-19 13:42:55.442 18652 18652 D ApkSoSource: not allowing consideration of lib/arm64-v8a/libreact_render_telemetry.so: deferring to libdir
05-19 13:42:55.442 18652 18652 D ApkSoSource: not allowing consideration of lib/arm64-v8a/libreact_render_templateprocessor.so: deferring to libdir
05-19 13:42:55.442 18652 18652 D ApkSoSource: not allowing consideration of lib/arm64-v8a/libreact_render_textlayoutmanager.so: deferring to libdir
05-19 13:42:55.442 18652 18652 D ApkSoSource: not allowing consideration of lib/arm64-v8a/libreact_render_uimanager.so: deferring to libdir
05-19 13:42:55.442 18652 18652 D ApkSoSource: not allowing consideration of lib/arm64-v8a/libreact_utils.so: deferring to libdir
05-19 13:42:55.442 18652 18652 D ApkSoSource: not allowing consideration of lib/arm64-v8a/libreactnativeblob.so: deferring to libdir
05-19 13:42:55.442 18652 18652 D ApkSoSource: not allowing consideration of lib/arm64-v8a/libreactnativejni.so: deferring to libdir
05-19 13:42:55.442 18652 18652 D ApkSoSource: not allowing consideration of lib/arm64-v8a/libreactnativeutilsjni.so: deferring to libdir
05-19 13:42:55.442 18652 18652 D ApkSoSource: not allowing consideration of lib/arm64-v8a/libreactperfloggerjni.so: deferring to libdir
05-19 13:42:55.442 18652 18652 D ApkSoSource: not allowing consideration of lib/arm64-v8a/librrc_image.so: deferring to libdir
05-19 13:42:55.442 18652 18652 D ApkSoSource: not allowing consideration of lib/arm64-v8a/librrc_root.so: deferring to libdir
05-19 13:42:55.442 18652 18652 D ApkSoSource: not allowing consideration of lib/arm64-v8a/librrc_scrollview.so: deferring to libdir
05-19 13:42:55.442 18652 18652 D ApkSoSource: not allowing consideration of lib/arm64-v8a/librrc_text.so: deferring to libdir
05-19 13:42:55.443 18652 18652 D ApkSoSource: not allowing consideration of lib/arm64-v8a/librrc_textinput.so: deferring to libdir
05-19 13:42:55.443 18652 18652 D ApkSoSource: not allowing consideration of lib/arm64-v8a/librrc_unimplementedview.so: deferring to libdir
05-19 13:42:55.443 18652 18652 D ApkSoSource: not allowing consideration of lib/arm64-v8a/librrc_view.so: deferring to libdir
05-19 13:42:55.443 18652 18652 D ApkSoSource: not allowing consideration of lib/arm64-v8a/libruntimeexecutor.so: deferring to libdir
05-19 13:42:55.443 18652 18652 D ApkSoSource: not allowing consideration of lib/arm64-v8a/libturbomodulejsijni.so: deferring to libdir
05-19 13:42:55.443 18652 18652 D ApkSoSource: not allowing consideration of lib/arm64-v8a/libyoga.so: deferring to libdir
05-19 13:42:55.443 18652 18652 V fb-UnpackingSoSource: regenerating DSO store com.facebook.soloader.ApkSoSource
05-19 13:42:55.444 18652 18652 V fb-UnpackingSoSource: Finished regenerating DSO store com.facebook.soloader.ApkSoSource
05-19 13:42:55.444 18652 18652 V fb-UnpackingSoSource: starting syncer worker
05-19 13:42:55.447 18652 18652 V fb-UnpackingSoSource: releasing dso store lock for /data/user/0/com.fakestore/lib-main (from syncer thread)
05-19 13:42:55.447 18652 18652 V fb-UnpackingSoSource: not releasing dso store lock for /data/user/0/com.fakestore/lib-main (syncer thread started)
05-19 13:42:55.458 18652 18652 D SoLoader: libjscexecutor.so not found on /data/data/com.fakestore/lib-main
05-19 13:42:55.458 18652 18652 D SoLoader: libjscexecutor.so found on /data/app/~~c-wUwcqpZ8JWeHrA6HfszQ==/com.fakestore-YVPkIvn1nWcnUU7xhaFztQ==/lib/arm64
05-19 13:42:55.458 18652 18652 D SoLoader: Not resolving dependencies for libjscexecutor.so
05-19 13:42:55.471 18652 18652 D JavaScriptCore.Version: 250230.2.1
05-19 13:42:55.554 18652 18652 E Parcel  : Reading a NULL string not supported here.
05-19 13:42:55.557 18652 18652 I chatty  : uid=11053(com.fakestore) identical 26 lines
05-19 13:42:55.557 18652 18652 E Parcel  : Reading a NULL string not supported here.
05-19 13:42:55.557 18652 18652 V SensorManager: RegisterListener bmi160 Accelerometer Non-wakeup type:1 delay:66667us by com.facebook.react.common.ShakeDetector
05-19 13:42:55.557 18652 18652 E Parcel  : Reading a NULL string not supported here.
05-19 13:42:55.574 18652 18694 D SoLoader: libfbjni.so not found on /data/data/com.fakestore/lib-main
05-19 13:42:55.574 18652 18694 D SoLoader: libfbjni.so found on /data/app/~~c-wUwcqpZ8JWeHrA6HfszQ==/com.fakestore-YVPkIvn1nWcnUU7xhaFztQ==/lib/arm64
05-19 13:42:55.574 18652 18694 D SoLoader: Not resolving dependencies for libfbjni.so
05-19 13:42:55.575 18652 18694 D SoLoader: libflipper.so not found on /data/data/com.fakestore/lib-main
05-19 13:42:55.576 18652 18694 D SoLoader: libflipper.so found on /data/app/~~c-wUwcqpZ8JWeHrA6HfszQ==/com.fakestore-YVPkIvn1nWcnUU7xhaFztQ==/lib/arm64
05-19 13:42:55.576 18652 18694 D SoLoader: Not resolving dependencies for libflipper.so
05-19 13:42:55.602 18652 18652 W com.fakestore: Accessing hidden field Landroid/view/View;->mKeyedTags:Landroid/util/SparseArray; (greylist, reflection, allowed)
05-19 13:42:55.602 18652 18652 W com.fakestore: Accessing hidden field Landroid/view/View;->mListenerInfo:Landroid/view/View$ListenerInfo; (greylist, reflection, allowed)
05-19 13:42:55.602 18652 18652 W com.fakestore: Accessing hidden field Landroid/view/View$ListenerInfo;->mOnClickListener:Landroid/view/View$OnClickListener; (greylist, reflection, allowed)
05-19 13:42:55.606 18652 18652 I flipper : flipper: FlipperClient::addPlugin Inspector
05-19 13:42:55.606 18652 18652 I flipper : flipper: FlipperClient::addPlugin React
05-19 13:42:55.608 18652 18652 I flipper : flipper: FlipperClient::addPlugin Databases
05-19 13:42:55.609 18652 18652 I flipper : flipper: FlipperClient::addPlugin Preferences
05-19 13:42:55.610 18652 18652 I flipper : flipper: FlipperClient::addPlugin CrashReporter
05-19 13:42:55.613 18652 18652 I flipper : flipper: FlipperClient::addPlugin Network
05-19 13:42:55.632 18652 18683 D TestRequestBuilder: Using class path scanning to discover tests
05-19 13:42:55.632 18652 18683 I TestRequestBuilder: Scanning classpath to find tests in paths [/data/app/~~8xQVk6OnrRFfWGPUBcEWng==/com.fakestore.test--JePJYInQ6hfqhhlEuoqqQ==/base.apk]
05-19 13:42:55.632 18652 18683 I System  : Opening DexFile: /data/app/~~8xQVk6OnrRFfWGPUBcEWng==/com.fakestore.test--JePJYInQ6hfqhhlEuoqqQ==/base.apk
05-19 13:42:55.633 18652 18683 W com.fakestore: Opening an oat file without a class loader. Are you using the deprecated DexFile APIs?
05-19 13:42:55.653 18652 18693 W System.err: SLF4J: Failed to load class "org.slf4j.impl.StaticLoggerBinder".
05-19 13:42:55.653 18652 18693 W System.err: SLF4J: Defaulting to no-operation (NOP) logger implementation
05-19 13:42:55.653 18652 18693 W System.err: SLF4J: See http://www.slf4j.org/codes.html#StaticLoggerBinder for further details.
05-19 13:42:55.848 18652 18683 W com.fakestore: Unable to resolve Lcom/google/android/apps/common/testing/accessibility/framework/AccessibilityHierarchyCheckResult; annotation class 5201
05-19 13:42:55.849 18652 18683 I chatty  : uid=11053(com.fakestore) roidJUnitRunner identical 2 lines
05-19 13:42:55.850 18652 18683 W com.fakestore: Unable to resolve Lcom/google/android/apps/common/testing/accessibility/framework/AccessibilityHierarchyCheckResult; annotation class 5201
05-19 13:42:55.850 18652 18683 W com.fakestore: Unable to resolve Lcom/google/android/apps/common/testing/accessibility/framework/AccessibilityViewCheckResult; annotation class 5201
05-19 13:42:55.851 18652 18683 W com.fakestore: Unable to resolve Lcom/google/android/apps/common/testing/accessibility/framework/ClusteringUtils; annotation class 5201
05-19 13:42:55.853 18652 18683 W com.fakestore: Unable to resolve Lcom/google/android/apps/common/testing/accessibility/framework/Question; annotation class 5201
05-19 13:42:55.859 18652 18683 W com.fakestore: Unable to resolve Lcom/google/android/apps/common/testing/accessibility/framework/replacements/TextUtils; annotation class 5200
05-19 13:42:55.862 18652 18683 W com.fakestore: Unable to resolve Lcom/google/android/apps/common/testing/accessibility/framework/uielement/ViewHierarchyElement; annotation class 5201
05-19 13:42:55.862 18652 18683 I chatty  : uid=11053(com.fakestore) roidJUnitRunner identical 2 lines
05-19 13:42:55.862 18652 18683 W com.fakestore: Unable to resolve Lcom/google/android/apps/common/testing/accessibility/framework/uielement/ViewHierarchyElement; annotation class 5201
05-19 13:42:55.863 18652 18683 W com.fakestore: Unable to resolve Lcom/google/android/apps/common/testing/accessibility/framework/uielement/ViewHierarchyElementAndroid; annotation class 5201
05-19 13:42:55.863 18652 18683 I chatty  : uid=11053(com.fakestore) roidJUnitRunner identical 2 lines
05-19 13:42:55.863 18652 18683 W com.fakestore: Unable to resolve Lcom/google/android/apps/common/testing/accessibility/framework/uielement/ViewHierarchyElementAndroid; annotation class 5201
05-19 13:42:55.864 18652 18683 W com.fakestore: Unable to resolve Lcom/google/android/apps/common/testing/accessibility/framework/uielement/ViewHierarchyElement; annotation class 5201
05-19 13:42:55.864 18652 18683 W com.fakestore: Unable to resolve Lcom/google/android/apps/common/testing/accessibility/framework/uielement/ViewHierarchyElement; annotation class 5201
05-19 13:42:56.030 18652 18683 D AndroidJUnitRunner: Use the raw file system for managing file I/O.
05-19 13:42:56.033 18652 18683 D TestExecutor: Adding listener androidx.test.internal.runner.listener.LogRunListener
05-19 13:42:56.033 18652 18683 D TestExecutor: Adding listener androidx.test.internal.runner.listener.InstrumentationResultPrinter
05-19 13:42:56.033 18652 18683 D TestExecutor: Adding listener androidx.test.internal.runner.listener.ActivityFinisherRunListener
05-19 13:42:56.033 18652 18683 D TestExecutor: Adding listener androidx.test.internal.runner.listener.TraceRunListener
05-19 13:42:56.035 18652 18683 I TestRunner: run started: 1 tests
05-19 13:42:56.036 18652 18683 I TestRunner: started: runDetoxTests(com.fakestore.DetoxTest)
05-19 13:42:56.052 18652 18683 D EventInjectionStrategy: Creating injection strategy with input manager.
05-19 13:42:56.053 18652 18683 W com.fakestore: Accessing hidden method Landroid/hardware/input/InputManager;->getInstance()Landroid/hardware/input/InputManager; (greylist, reflection, allowed)
05-19 13:42:56.053 18652 18683 W com.fakestore: Accessing hidden method Landroid/hardware/input/InputManager;->injectInputEvent(Landroid/view/InputEvent;I)Z (greylist, reflection, allowed)
05-19 13:42:56.053 18652 18683 W com.fakestore: Accessing hidden field Landroid/hardware/input/InputManager;->INJECT_INPUT_EVENT_MODE_WAIT_FOR_FINISH:I (greylist, reflection, allowed)
05-19 13:42:56.061 18652 18683 W com.fakestore: Accessing hidden field Ljava/lang/reflect/Field;->accessFlags:I (greylist, reflection, allowed)
05-19 13:42:56.065 18652 18713 E Parcel  : Reading a NULL string not supported here.
05-19 13:42:56.140 18652 18720 E libEGL  : Invalid file path for libcolorx-loader.so
05-19 13:42:56.178 18652 18652 I oplus.android.OplusFrameworkFactoryImpl: getOplusRedPacketManager
05-19 13:42:56.180 18652 18652 D LifecycleMonitor: Lifecycle status change: com.fakestore.MainActivity@250d8d9 in: PRE_ON_CREATE
05-19 13:42:56.241 18652 18652 W com.fakestore: Accessing hidden method Landroid/view/View;->computeFitSystemWindows(Landroid/graphics/Rect;Landroid/graphics/Rect;)Z (greylist, reflection, allowed)
05-19 13:42:56.241 18652 18652 W com.fakestore: Accessing hidden method Landroid/view/ViewGroup;->makeOptionalFitsSystemWindows()V (greylist, reflection, allowed)
05-19 13:42:56.245 18652 18652 D LifecycleMonitor: Lifecycle status change: com.fakestore.MainActivity@250d8d9 in: CREATED
05-19 13:42:56.248 18652 18652 D LifecycleMonitor: Lifecycle status change: com.fakestore.MainActivity@250d8d9 in: STARTED
05-19 13:42:56.250 18652 18652 D LifecycleMonitor: Lifecycle status change: com.fakestore.MainActivity@250d8d9 in: RESUMED
05-19 13:42:56.266 18652 18652 I OplusFeatureCache: Milliseconds spent on init(): 10
05-19 13:42:56.268 18652 18652 D OplusSlideAnimOptHelper: scrollEffectOpt enable = false
05-19 13:42:56.270 18652 18652 D ColorViewRootUtil: initSwipState, isDisplayCompatApp false
05-19 13:42:56.270 18652 18652 D ColorViewRootUtil: mScreenHeight 2400, mScreenWidth 1080
05-19 13:42:56.272 18652 18652 D WindowManager: Add to mViews: DecorView@c3f32b2[MainActivity],pkg= com.fakestore
05-19 13:42:56.310 18652 18652 W unknown:ReactNative: Packager connection already open, nooping.
05-19 13:42:56.327 18652 18652 V OplusZoomWindowDecorViewHelper: setLastReportedMergedConfiguration mZoomDisplayHeight: 2400 getDecorView.DecorView@c3f32b2[MainActivity]
05-19 13:42:56.331 18652 18718 E libEGL  : Invalid file path for libcolorx-loader.so
05-19 13:42:56.331 18652 18718 I AdrenoGLES-0: QUALCOMM build                   : 3142bdd, I7afe4835b7
05-19 13:42:56.331 18652 18718 I AdrenoGLES-0: Build Date                       : 09/16/20
05-19 13:42:56.331 18652 18718 I AdrenoGLES-0: OpenGL ES Shader Compiler Version: EV031.32.02.00
05-19 13:42:56.331 18652 18718 I AdrenoGLES-0: Local Branch                     : 
05-19 13:42:56.331 18652 18718 I AdrenoGLES-0: Remote Branch                    : 
05-19 13:42:56.331 18652 18718 I AdrenoGLES-0: Remote Branch                    : 
05-19 13:42:56.331 18652 18718 I AdrenoGLES-0: Reconstruct Branch               : 
05-19 13:42:56.331 18652 18718 I AdrenoGLES-0: Build Config                     : S P 10.0.6 AArch64
05-19 13:42:56.331 18652 18718 I AdrenoGLES-0: Driver Path                      : /vendor/lib64/egl/libGLESv2_adreno.so
05-19 13:42:56.336 18652 18718 I AdrenoGLES-0: PFP: 0x016ee190, ME: 0x00000000
05-19 13:42:56.342 18652 18718 E libEGL  : Invalid file path for libcolorx-loader.so
05-19 13:42:56.345 18652 18718 I chatty  : uid=11053(com.fakestore) RenderThread identical 65 lines
05-19 13:42:56.345 18652 18718 E libEGL  : Invalid file path for libcolorx-loader.so
05-19 13:42:56.385 18652 18652 E OplusCustomizeRestrictionManager: sInstance is null, start a new sInstance
05-19 13:42:56.408 18652 18652 D ColorViewRootUtil: initSwipState, isDisplayCompatApp false
05-19 13:42:56.408 18652 18652 D ColorViewRootUtil: mScreenHeight 2400, mScreenWidth 1080
05-19 13:42:56.409 18652 18652 D WindowManager: Add to mViews: android.widget.PopupWindow$PopupDecorView{566beb0 V.E...... R.....I. 0,0-0,0},pkg= com.fakestore
05-19 13:42:56.520 18652 18683 I Detox   : Detox server connection details: url=ws://localhost:52532, sessionId=cf99dd57-1f4c-794f-546b-f83735c1c1c4
05-19 13:42:56.534 18652 18724 I DetoxDispatcher: Handling action '_init' (ID #0)...
05-19 13:42:56.534 18652 18724 I Detox   : Connecting to server...
05-19 13:42:56.534 18652 18724 I DetoxWSClient: At connectToServer
05-19 13:42:56.567 18652 18726 D DetoxWSClient: At onOpen
05-19 13:42:56.567 18652 18726 I DetoxWSClient: Sending out action 'login' (ID #0)
05-19 13:42:56.568 18652 18726 I Detox   : Connected to server!
05-19 13:42:56.574 18652 18726 D DetoxWSClient: Received action 'loginSuccess' (ID #0, params={"testerConnected":true,"appConnected":true})
05-19 13:42:56.611 18652 18726 D DetoxWSClient: Received action 'isReady' (ID #-1000, params={})
05-19 13:42:56.629 18652 18730 D SoLoader: libreactnativejni.so not found on /data/data/com.fakestore/lib-main
05-19 13:42:56.629 18652 18730 D SoLoader: libreactnativejni.so found on /data/app/~~c-wUwcqpZ8JWeHrA6HfszQ==/com.fakestore-YVPkIvn1nWcnUU7xhaFztQ==/lib/arm64
05-19 13:42:56.629 18652 18730 D SoLoader: Not resolving dependencies for libreactnativejni.so
05-19 13:42:56.645 18652 18730 V AsyncStorageExpoMigration: No scoped database found
05-19 13:42:56.658 18652 18730 W unknown:ReactContext: initializeMessageQueueThreads() is called.
05-19 13:42:56.668 18652 18652 W unknown:ReactNative: Packager connection already open, nooping.
05-19 13:42:56.710 18652 18732 W unknown:ViewManagerPropertyUpdater: Could not find generated setter for class com.facebook.react.views.drawer.ReactDrawerLayoutManager
05-19 13:42:56.715 18652 18732 W unknown:ViewManagerPropertyUpdater: Could not find generated setter for class com.facebook.react.uimanager.LayoutShadowNode
05-19 13:42:56.718 18652 18732 W unknown:ViewManagerPropertyUpdater: Could not find generated setter for class com.facebook.react.views.scroll.ReactHorizontalScrollViewManager
05-19 13:42:56.720 18652 18732 W unknown:ViewManagerPropertyUpdater: Could not find generated setter for class com.facebook.react.views.scroll.ReactHorizontalScrollContainerViewManager
05-19 13:42:56.721 18652 18732 W unknown:ViewManagerPropertyUpdater: Could not find generated setter for class com.facebook.react.views.progressbar.ReactProgressBarViewManager
05-19 13:42:56.722 18652 18732 W unknown:ViewManagerPropertyUpdater: Could not find generated setter for class com.facebook.react.views.progressbar.ProgressBarShadowNode
05-19 13:42:56.723 18652 18732 W unknown:ViewManagerPropertyUpdater: Could not find generated setter for class com.facebook.react.views.scroll.ReactScrollViewManager
05-19 13:42:56.726 18652 18732 W unknown:ViewManagerPropertyUpdater: Could not find generated setter for class com.facebook.react.views.slider.ReactSliderManager
05-19 13:42:56.727 18652 18732 W unknown:ViewManagerPropertyUpdater: Could not find generated setter for class com.facebook.react.views.slider.ReactSliderManager$ReactSliderShadowNode
05-19 13:42:56.728 18652 18732 W unknown:ViewManagerPropertyUpdater: Could not find generated setter for class com.facebook.react.views.switchview.ReactSwitchManager
05-19 13:42:56.729 18652 18732 W unknown:ViewManagerPropertyUpdater: Could not find generated setter for class com.facebook.react.views.switchview.ReactSwitchManager$ReactSwitchShadowNode
05-19 13:42:56.730 18652 18732 W unknown:ViewManagerPropertyUpdater: Could not find generated setter for class com.facebook.react.views.swiperefresh.SwipeRefreshLayoutManager
05-19 13:42:56.731 18652 18732 W unknown:ViewManagerPropertyUpdater: Could not find generated setter for class com.facebook.react.views.text.frescosupport.FrescoBasedReactTextInlineImageViewManager
05-19 13:42:56.731 18652 18732 W unknown:ViewManagerPropertyUpdater: Could not find generated setter for class com.facebook.react.views.text.frescosupport.FrescoBasedReactTextInlineImageShadowNode
05-19 13:42:56.733 18652 18732 W unknown:ViewManagerPropertyUpdater: Could not find generated setter for class com.facebook.react.views.image.ReactImageManager
05-19 13:42:56.734 18652 18732 W unknown:ViewManagerPropertyUpdater: Could not find generated setter for class com.facebook.react.views.modal.ReactModalHostManager
05-19 13:42:56.736 18652 18732 W unknown:ViewManagerPropertyUpdater: Could not find generated setter for class com.facebook.react.views.modal.ModalHostShadowNode
05-19 13:42:56.736 18652 18732 W unknown:ViewManagerPropertyUpdater: Could not find generated setter for class com.facebook.react.views.text.ReactRawTextManager
05-19 13:42:56.736 18652 18732 W unknown:ViewManagerPropertyUpdater: Could not find generated setter for class com.facebook.react.views.text.ReactRawTextShadowNode
05-19 13:42:56.737 18652 18732 W unknown:ViewManagerPropertyUpdater: Could not find generated setter for class com.facebook.react.views.textinput.ReactTextInputManager
05-19 13:42:56.740 18652 18732 W unknown:ViewManagerPropertyUpdater: Could not find generated setter for class com.facebook.react.views.textinput.ReactTextInputShadowNode
05-19 13:42:56.742 18652 18732 W unknown:ViewManagerPropertyUpdater: Could not find generated setter for class com.facebook.react.views.text.ReactTextViewManager
05-19 13:42:56.743 18652 18732 W unknown:ViewManagerPropertyUpdater: Could not find generated setter for class com.facebook.react.views.text.ReactTextShadowNode
05-19 13:42:56.744 18652 18732 W unknown:ViewManagerPropertyUpdater: Could not find generated setter for class com.facebook.react.views.view.ReactViewManager
05-19 13:42:56.746 18652 18732 W unknown:ViewManagerPropertyUpdater: Could not find generated setter for class com.facebook.react.views.text.ReactVirtualTextViewManager
05-19 13:42:56.747 18652 18732 W unknown:ViewManagerPropertyUpdater: Could not find generated setter for class com.facebook.react.views.text.ReactVirtualTextShadowNode
05-19 13:42:56.747 18652 18732 W unknown:ViewManagerPropertyUpdater: Could not find generated setter for class com.facebook.react.views.unimplementedview.ReactUnimplementedViewManager
05-19 13:42:56.748 18652 18732 W unknown:ViewManagerPropertyUpdater: Could not find generated setter for class org.reactnative.maskedview.RNCMaskedViewManager
05-19 13:42:56.749 18652 18732 W unknown:ViewManagerPropertyUpdater: Could not find generated setter for class com.th3rdwave.safeareacontext.SafeAreaProviderManager
05-19 13:42:56.750 18652 18732 W unknown:ViewManagerPropertyUpdater: Could not find generated setter for class com.th3rdwave.safeareacontext.SafeAreaViewManager
05-19 13:42:56.750 18652 18732 W unknown:ViewManagerPropertyUpdater: Could not find generated setter for class com.th3rdwave.safeareacontext.SafeAreaViewShadowNode
05-19 13:42:56.751 18652 18732 W unknown:ViewManagerPropertyUpdater: Could not find generated setter for class com.swmansion.rnscreens.ScreenContainerViewManager
05-19 13:42:56.752 18652 18732 W unknown:ViewManagerPropertyUpdater: Could not find generated setter for class com.swmansion.rnscreens.ScreenViewManager
05-19 13:42:56.753 18652 18732 W unknown:ViewManagerPropertyUpdater: Could not find generated setter for class com.swmansion.rnscreens.ScreenStackViewManager
05-19 13:42:56.754 18652 18732 W unknown:ViewManagerPropertyUpdater: Could not find generated setter for class com.swmansion.rnscreens.ScreenStackHeaderConfigViewManager
05-19 13:42:56.755 18652 18732 W unknown:ViewManagerPropertyUpdater: Could not find generated setter for class com.swmansion.rnscreens.ScreenStackHeaderSubviewManager
05-19 13:42:56.756 18652 18732 W unknown:ViewManagerPropertyUpdater: Could not find generated setter for class com.swmansion.rnscreens.SearchBarManager
05-19 13:42:56.776 18652 18732 W unknown:ReactContext: initializeMessageQueueThreads() is called.
05-19 13:42:56.781 18652 18735 E Parcel  : Reading a NULL string not supported here.
05-19 13:42:56.784 18652 18732 D SoLoader: libyoga.so not found on /data/data/com.fakestore/lib-main
05-19 13:42:56.785 18652 18732 D SoLoader: libyoga.so found on /data/app/~~c-wUwcqpZ8JWeHrA6HfszQ==/com.fakestore-YVPkIvn1nWcnUU7xhaFztQ==/lib/arm64
05-19 13:42:56.785 18652 18732 D SoLoader: Not resolving dependencies for libyoga.so
05-19 13:42:56.801 18652 18652 D DetoxRNLoading: Listener-proxy method called: onReactContextInitialized
05-19 13:42:56.802 18652 18652 I DetoxRNLoading: Got new RN-context async'ly through listener
05-19 13:42:56.802 18652 18652 D DetoxRNLoading: Listener-proxy method called: equals
05-19 13:42:56.804 18652 18724 I DetoxRNIdleRes: Setting up Espresso Idling Resources for React Native
05-19 13:42:56.824 18652 18724 D AsyncStorageIR: Checking whether a custom IR for Async-Storage is required... (legacy=false)
05-19 13:42:56.825 18652 18724 D AsyncStorageIR: IR for Async-Storage is required! (legacy=false)
05-19 13:42:56.826 18652 18724 D AsyncStorageIR: Checking whether a custom IR for Async-Storage is required... (legacy=true)
05-19 13:42:56.829 18652 18724 D AsyncStorageIR: IR for Async-Storage is required! (legacy=true)
05-19 13:42:56.832 18652 18652 D AsyncStorageIR: Async-storage is busy!
05-19 13:42:56.833 18652 18652 D AsyncStorageIRLegacy: Async-storage is busy!
05-19 13:42:56.837 18652 18724 I DetoxDispatcher: Done with action '_init'
05-19 13:42:56.837 18652 18724 I DetoxDispatcher: Handling action 'isReady' (ID #-1000)...
05-19 13:42:56.841 18652 18652 W com.fakestore: Accessing hidden method Landroid/os/MessageQueue;->next()Landroid/os/Message; (greylist, reflection, allowed)
05-19 13:42:56.841 18652 18652 W com.fakestore: Accessing hidden field Landroid/os/MessageQueue;->mMessages:Landroid/os/Message; (greylist, reflection, allowed)
05-19 13:42:56.841 18652 18652 W com.fakestore: Accessing hidden method Landroid/os/Message;->recycleUnchecked()V (greylist, reflection, allowed)
05-19 13:42:56.860 18652 18732 I flipper : flipper: FlipperClient::addPlugin Fresco
05-19 13:42:56.923 18652 18731 D SoLoader: libreactnativeblob.so not found on /data/data/com.fakestore/lib-main
05-19 13:42:56.923 18652 18731 D SoLoader: libreactnativeblob.so found on /data/app/~~c-wUwcqpZ8JWeHrA6HfszQ==/com.fakestore-YVPkIvn1nWcnUU7xhaFztQ==/lib/arm64
05-19 13:42:56.923 18652 18731 D SoLoader: Not resolving dependencies for libreactnativeblob.so
05-19 13:42:56.953 18652 18732 I WebViewFactory: Loading com.google.android.webview version 110.0.5481.153 (code 548115333)
05-19 13:42:56.960 18652 18732 W linker  : Warning: "/data/app/~~ZS9E27XFUMq_UEOJpzgrAw==/com.google.android.webview-1F4-Y8gMX6Rl1iWbcmwEbQ==/base.apk!/lib/arm64-v8a/libmonochrome.so" unused DT entry: unknown processor-specific (type 0x70000001 arg 0x0) (ignoring)
05-19 13:42:56.970 18652 18732 W com.fakestore: Accessing hidden method Landroid/os/Trace;->isTagEnabled(J)Z (greylist, reflection, allowed)
05-19 13:42:56.971 18652 18732 W com.fakestore: Accessing hidden method Landroid/os/Trace;->traceBegin(JLjava/lang/String;)V (greylist, reflection, allowed)
05-19 13:42:56.971 18652 18732 W com.fakestore: Accessing hidden method Landroid/os/Trace;->traceEnd(J)V (greylist, reflection, allowed)
05-19 13:42:56.971 18652 18732 W com.fakestore: Accessing hidden method Landroid/os/Trace;->asyncTraceBegin(JLjava/lang/String;I)V (greylist, reflection, allowed)
05-19 13:42:56.971 18652 18732 W com.fakestore: Accessing hidden method Landroid/os/Trace;->asyncTraceEnd(JLjava/lang/String;I)V (greylist, reflection, allowed)
05-19 13:42:56.974 18652 18732 I cr_WVCFactoryProvider: Loaded version=110.0.5481.153 minSdkVersion=29 isBundle=true multiprocess=true packageId=2
05-19 13:42:57.013 18652 18732 I cr_LibraryLoader: Successfully loaded native library
05-19 13:42:57.014 18652 18732 I cr_CachingUmaRecorder: Flushed 8 samples from 8 histograms.
05-19 13:42:57.326 18652 18731 I ReactNativeJS: Running "FakeStore" with {"rootTag":1}
05-19 13:42:57.487 18652 18732 W unknown:ViewManagerPropertyUpdater: Could not find generated setter for class com.swmansion.rnscreens.ScreensShadowNode
05-19 13:42:57.646 18652 18790 D SoLoader: libimagepipeline.so not found on /data/data/com.fakestore/lib-main
05-19 13:42:57.646 18652 18790 D SoLoader: libimagepipeline.so found on /data/app/~~c-wUwcqpZ8JWeHrA6HfszQ==/com.fakestore-YVPkIvn1nWcnUU7xhaFztQ==/lib/arm64
05-19 13:42:57.647 18652 18790 D SoLoader: Not resolving dependencies for libimagepipeline.so
05-19 13:42:57.649 18652 18652 I Detox   : UIManagerModule is busy
05-19 13:42:57.668 18652 18652 I Detox   : Wait is over: App is now idle!
05-19 13:42:57.668 18652 18724 I DetoxWSClient: Sending out action 'ready' (ID #-1000)
05-19 13:42:57.669 18652 18724 I DetoxDispatcher: Done with action 'isReady'
05-19 13:42:57.669 18652 18724 I DetoxDispatcher: Handling action 'loginSuccess' (ID #0)...
05-19 13:42:57.669 18652 18724 I DetoxDispatcher: Done with action 'loginSuccess'
05-19 13:42:57.669 18652 18724 I DetoxDispatcher: Handling action 'isReady' (ID #-1000)...
05-19 13:42:57.672 18652 18652 I Detox   : Wait is over: App is now idle!
05-19 13:42:57.672 18652 18724 I DetoxWSClient: Sending out action 'ready' (ID #-1000)
05-19 13:42:57.673 18652 18724 I DetoxDispatcher: Done with action 'isReady'
