--------- beginning of main
05-19 13:10:21.400  8139  8139 I com.fakestore: Late-enabling -Xcheck:jni
05-19 13:10:21.415  8139  8139 I com.fakestore: Unquickening 21 vdex files!
05-19 13:10:21.415  8139  8139 E com.fakestore: Unknown bits set in runtime_flags: 0x40000000
05-19 13:10:21.424  8139  8139 E RefClass: java.lang.reflect.InvocationTargetException
05-19 13:10:21.439  8139  8139 I oplus.android.OplusFrameworkFactoryImpl: get feature:IOplusScreenModeFeature
05-19 13:10:21.439  8139  8139 I oplus.android.OplusFrameworkFactoryImpl: getOplusScreenModeFeature
05-19 13:10:21.448  8139  8139 E libc    : Access denied finding property "ro.odm.prev.product.name"
--------- beginning of system
05-19 13:10:21.455  8139  8139 W ActivityThread: Package uses different ABI(s) than its instrumentation: package[com.fakestore]: arm64-v8a, null instrumentation[com.fakestore.test]: null, null
05-19 13:10:21.459  8139  8139 I com.fakestore: The ClassLoaderContext is a special shared library.
05-19 13:10:21.461  8139  8139 I com.fakestore: The ClassLoaderContext is a special shared library.
05-19 13:10:21.462  8139  8139 I com.fakestore: The ClassLoaderContext is a special shared library.
05-19 13:10:21.682  8139  8139 I Perf    : Connecting to perf service.
05-19 13:10:21.690  8139  8139 D ApplicationLoaders: Returning zygote-cached class loader: /system/framework/android.test.base.jar
05-19 13:10:21.690  8139  8139 D ApplicationLoaders: Returning zygote-cached class loader: /system/framework/android.test.base.jar
05-19 13:10:21.691  8139  8139 I com.fakestore: The ClassLoaderContext is a special shared library.
05-19 13:10:21.694  8139  8139 D ApplicationLoaders: Returning zygote-cached class loader: /system/framework/android.test.base.jar
05-19 13:10:21.694  8139  8139 D ApplicationLoaders: Returning zygote-cached class loader: /system/framework/android.test.base.jar
05-19 13:10:21.695  8139  8139 I com.fakestore: The ClassLoaderContext is a special shared library.
05-19 13:10:21.699  8139  8139 I chatty  : uid=11041(com.fakestore) identical 2 lines
05-19 13:10:21.700  8139  8139 I com.fakestore: The ClassLoaderContext is a special shared library.
05-19 13:10:21.912  8139  8139 W com.fakestore: Accessing hidden method Landroid/app/Instrumentation;->execStartActivity(Landroid/content/Context;Landroid/os/IBinder;Landroid/os/IBinder;Landroid/app/Activity;Landroid/content/Intent;ILandroid/os/Bundle;)Landroid/app/Instrumentation$ActivityResult; (greylist, linking, allowed)
05-19 13:10:21.912  8139  8139 W com.fakestore: Accessing hidden method Landroid/app/Instrumentation;->execStartActivity(Landroid/content/Context;Landroid/os/IBinder;Landroid/os/IBinder;Ljava/lang/String;Landroid/content/Intent;ILandroid/os/Bundle;)Landroid/app/Instrumentation$ActivityResult; (greylist, linking, allowed)
05-19 13:10:21.919  8139  8139 D NetworkSecurityConfig: Using Network Security Config from resource network_security_config debugBuild: true
05-19 13:10:21.920  8139  8139 D NetworkSecurityConfig: Using Network Security Config from resource network_security_config debugBuild: true
05-19 13:10:21.921  8139  8139 I MonitoringInstr: newApplication called!
05-19 13:10:21.939  8139  8139 I MonitoringInstr: Instrumentation started!
05-19 13:10:21.946  8139  8139 I AndroidJUnitRunner: onCreate Bundle[{debug=false, detoxServer=ws://localhost:51866, detoxSessionId=cf383df4-dba4-3ebd-ff21-258d86e6d5fa}]
05-19 13:10:21.947  8139  8139 V TestEventClient: No service name argument was given (testDiscoveryService, testRunEventService or orchestratorService)
05-19 13:10:21.950  8139  8171 D AndroidJUnitRunner: onStart is called.
05-19 13:10:21.956  8139  8139 V fb-UnpackingSoSource: locked dso store /data/user/0/com.fakestore/lib-main
05-19 13:10:21.958  8139  8139 V fb-UnpackingSoSource: deps mismatch on deps store: regenerating
05-19 13:10:21.958  8139  8139 V fb-UnpackingSoSource: so store dirty: regenerating
05-19 13:10:22.002  8139  8139 D ApkSoSource: not allowing consideration of lib/arm64-v8a/libc++_shared.so: deferring to libdir
05-19 13:10:22.002  8139  8139 D ApkSoSource: not allowing consideration of lib/arm64-v8a/libevent-2.1.so: deferring to libdir
05-19 13:10:22.002  8139  8139 D ApkSoSource: not allowing consideration of lib/arm64-v8a/libevent_core-2.1.so: deferring to libdir
05-19 13:10:22.002  8139  8139 D ApkSoSource: not allowing consideration of lib/arm64-v8a/libevent_extra-2.1.so: deferring to libdir
05-19 13:10:22.002  8139  8139 D ApkSoSource: not allowing consideration of lib/arm64-v8a/libfabricjni.so: deferring to libdir
05-19 13:10:22.002  8139  8139 D ApkSoSource: not allowing consideration of lib/arm64-v8a/libfb.so: deferring to libdir
05-19 13:10:22.003  8139  8139 D ApkSoSource: not allowing consideration of lib/arm64-v8a/libfbjni.so: deferring to libdir
05-19 13:10:22.003  8139  8139 D ApkSoSource: not allowing consideration of lib/arm64-v8a/libflipper.so: deferring to libdir
05-19 13:10:22.003  8139  8139 D ApkSoSource: not allowing consideration of lib/arm64-v8a/libfolly_runtime.so: deferring to libdir
05-19 13:10:22.003  8139  8139 D ApkSoSource: not allowing consideration of lib/arm64-v8a/libglog.so: deferring to libdir
05-19 13:10:22.003  8139  8139 D ApkSoSource: not allowing consideration of lib/arm64-v8a/libglog_init.so: deferring to libdir
05-19 13:10:22.003  8139  8139 D ApkSoSource: not allowing consideration of lib/arm64-v8a/libimagepipeline.so: deferring to libdir
05-19 13:10:22.003  8139  8139 D ApkSoSource: not allowing consideration of lib/arm64-v8a/libjsc.so: deferring to libdir
05-19 13:10:22.003  8139  8139 D ApkSoSource: not allowing consideration of lib/arm64-v8a/libjscexecutor.so: deferring to libdir
05-19 13:10:22.003  8139  8139 D ApkSoSource: not allowing consideration of lib/arm64-v8a/libjsi.so: deferring to libdir
05-19 13:10:22.003  8139  8139 D ApkSoSource: not allowing consideration of lib/arm64-v8a/libjsijniprofiler.so: deferring to libdir
05-19 13:10:22.004  8139  8139 D ApkSoSource: not allowing consideration of lib/arm64-v8a/libjsinspector.so: deferring to libdir
05-19 13:10:22.004  8139  8139 D ApkSoSource: not allowing consideration of lib/arm64-v8a/liblogger.so: deferring to libdir
05-19 13:10:22.004  8139  8139 D ApkSoSource: not allowing consideration of lib/arm64-v8a/libmapbufferjni.so: deferring to libdir
05-19 13:10:22.004  8139  8139 D ApkSoSource: not allowing consideration of lib/arm64-v8a/libnative-filters.so: deferring to libdir
05-19 13:10:22.004  8139  8139 D ApkSoSource: not allowing consideration of lib/arm64-v8a/libnative-imagetranscoder.so: deferring to libdir
05-19 13:10:22.004  8139  8139 D ApkSoSource: not allowing consideration of lib/arm64-v8a/libreact_codegen_rncore.so: deferring to libdir
05-19 13:10:22.004  8139  8139 D ApkSoSource: not allowing consideration of lib/arm64-v8a/libreact_config.so: deferring to libdir
05-19 13:10:22.004  8139  8139 D ApkSoSource: not allowing consideration of lib/arm64-v8a/libreact_debug.so: deferring to libdir
05-19 13:10:22.004  8139  8139 D ApkSoSource: not allowing consideration of lib/arm64-v8a/libreact_nativemodule_core.so: deferring to libdir
05-19 13:10:22.004  8139  8139 D ApkSoSource: not allowing consideration of lib/arm64-v8a/libreact_render_animations.so: deferring to libdir
05-19 13:10:22.004  8139  8139 D ApkSoSource: not allowing consideration of lib/arm64-v8a/libreact_render_attributedstring.so: deferring to libdir
05-19 13:10:22.005  8139  8139 D ApkSoSource: not allowing consideration of lib/arm64-v8a/libreact_render_componentregistry.so: deferring to libdir
05-19 13:10:22.005  8139  8139 D ApkSoSource: not allowing consideration of lib/arm64-v8a/libreact_render_core.so: deferring to libdir
05-19 13:10:22.005  8139  8139 D ApkSoSource: not allowing consideration of lib/arm64-v8a/libreact_render_debug.so: deferring to libdir
05-19 13:10:22.005  8139  8139 D ApkSoSource: not allowing consideration of lib/arm64-v8a/libreact_render_graphics.so: deferring to libdir
05-19 13:10:22.005  8139  8139 D ApkSoSource: not allowing consideration of lib/arm64-v8a/libreact_render_imagemanager.so: deferring to libdir
05-19 13:10:22.005  8139  8139 D ApkSoSource: not allowing consideration of lib/arm64-v8a/libreact_render_leakchecker.so: deferring to libdir
05-19 13:10:22.005  8139  8139 D ApkSoSource: not allowing consideration of lib/arm64-v8a/libreact_render_mapbuffer.so: deferring to libdir
05-19 13:10:22.005  8139  8139 D ApkSoSource: not allowing consideration of lib/arm64-v8a/libreact_render_mounting.so: deferring to libdir
05-19 13:10:22.005  8139  8139 D ApkSoSource: not allowing consideration of lib/arm64-v8a/libreact_render_runtimescheduler.so: deferring to libdir
05-19 13:10:22.005  8139  8139 D ApkSoSource: not allowing consideration of lib/arm64-v8a/libreact_render_scheduler.so: deferring to libdir
05-19 13:10:22.005  8139  8139 D ApkSoSource: not allowing consideration of lib/arm64-v8a/libreact_render_telemetry.so: deferring to libdir
05-19 13:10:22.005  8139  8139 D ApkSoSource: not allowing consideration of lib/arm64-v8a/libreact_render_templateprocessor.so: deferring to libdir
05-19 13:10:22.006  8139  8139 D ApkSoSource: not allowing consideration of lib/arm64-v8a/libreact_render_textlayoutmanager.so: deferring to libdir
05-19 13:10:22.006  8139  8139 D ApkSoSource: not allowing consideration of lib/arm64-v8a/libreact_render_uimanager.so: deferring to libdir
05-19 13:10:22.006  8139  8139 D ApkSoSource: not allowing consideration of lib/arm64-v8a/libreact_utils.so: deferring to libdir
05-19 13:10:22.006  8139  8139 D ApkSoSource: not allowing consideration of lib/arm64-v8a/libreactnativeblob.so: deferring to libdir
05-19 13:10:22.006  8139  8139 D ApkSoSource: not allowing consideration of lib/arm64-v8a/libreactnativejni.so: deferring to libdir
05-19 13:10:22.006  8139  8139 D ApkSoSource: not allowing consideration of lib/arm64-v8a/libreactnativeutilsjni.so: deferring to libdir
05-19 13:10:22.006  8139  8139 D ApkSoSource: not allowing consideration of lib/arm64-v8a/libreactperfloggerjni.so: deferring to libdir
05-19 13:10:22.006  8139  8139 D ApkSoSource: not allowing consideration of lib/arm64-v8a/librrc_image.so: deferring to libdir
05-19 13:10:22.006  8139  8139 D ApkSoSource: not allowing consideration of lib/arm64-v8a/librrc_root.so: deferring to libdir
05-19 13:10:22.006  8139  8139 D ApkSoSource: not allowing consideration of lib/arm64-v8a/librrc_scrollview.so: deferring to libdir
05-19 13:10:22.006  8139  8139 D ApkSoSource: not allowing consideration of lib/arm64-v8a/librrc_text.so: deferring to libdir
05-19 13:10:22.006  8139  8139 D ApkSoSource: not allowing consideration of lib/arm64-v8a/librrc_textinput.so: deferring to libdir
05-19 13:10:22.007  8139  8139 D ApkSoSource: not allowing consideration of lib/arm64-v8a/librrc_unimplementedview.so: deferring to libdir
05-19 13:10:22.007  8139  8139 D ApkSoSource: not allowing consideration of lib/arm64-v8a/librrc_view.so: deferring to libdir
05-19 13:10:22.007  8139  8139 D ApkSoSource: not allowing consideration of lib/arm64-v8a/libruntimeexecutor.so: deferring to libdir
05-19 13:10:22.007  8139  8139 D ApkSoSource: not allowing consideration of lib/arm64-v8a/libturbomodulejsijni.so: deferring to libdir
05-19 13:10:22.007  8139  8139 D ApkSoSource: not allowing consideration of lib/arm64-v8a/libyoga.so: deferring to libdir
05-19 13:10:22.007  8139  8139 V fb-UnpackingSoSource: regenerating DSO store com.facebook.soloader.ApkSoSource
05-19 13:10:22.008  8139  8139 V fb-UnpackingSoSource: Finished regenerating DSO store com.facebook.soloader.ApkSoSource
05-19 13:10:22.008  8139  8139 V fb-UnpackingSoSource: starting syncer worker
05-19 13:10:22.011  8139  8139 V fb-UnpackingSoSource: releasing dso store lock for /data/user/0/com.fakestore/lib-main (from syncer thread)
05-19 13:10:22.011  8139  8139 V fb-UnpackingSoSource: not releasing dso store lock for /data/user/0/com.fakestore/lib-main (syncer thread started)
05-19 13:10:22.023  8139  8139 D SoLoader: libjscexecutor.so not found on /data/data/com.fakestore/lib-main
05-19 13:10:22.023  8139  8139 D SoLoader: libjscexecutor.so found on /data/app/~~3qwH3jbk4HS3Vf8CyqUxNQ==/com.fakestore-YTlCSHBNtuzBd8ykrkbfEA==/lib/arm64
05-19 13:10:22.023  8139  8139 D SoLoader: Not resolving dependencies for libjscexecutor.so
05-19 13:10:22.036  8139  8139 D JavaScriptCore.Version: 250230.2.1
05-19 13:10:22.116  8139  8139 E Parcel  : Reading a NULL string not supported here.
05-19 13:10:22.118  8139  8139 I chatty  : uid=11041(com.fakestore) identical 26 lines
05-19 13:10:22.119  8139  8139 E Parcel  : Reading a NULL string not supported here.
05-19 13:10:22.119  8139  8139 V SensorManager: RegisterListener bmi160 Accelerometer Non-wakeup type:1 delay:66667us by com.facebook.react.common.ShakeDetector
05-19 13:10:22.119  8139  8139 E Parcel  : Reading a NULL string not supported here.
05-19 13:10:22.136  8139  8180 D SoLoader: libfbjni.so not found on /data/data/com.fakestore/lib-main
05-19 13:10:22.137  8139  8180 D SoLoader: libfbjni.so found on /data/app/~~3qwH3jbk4HS3Vf8CyqUxNQ==/com.fakestore-YTlCSHBNtuzBd8ykrkbfEA==/lib/arm64
05-19 13:10:22.137  8139  8180 D SoLoader: Not resolving dependencies for libfbjni.so
05-19 13:10:22.138  8139  8180 D SoLoader: libflipper.so not found on /data/data/com.fakestore/lib-main
05-19 13:10:22.138  8139  8180 D SoLoader: libflipper.so found on /data/app/~~3qwH3jbk4HS3Vf8CyqUxNQ==/com.fakestore-YTlCSHBNtuzBd8ykrkbfEA==/lib/arm64
05-19 13:10:22.138  8139  8180 D SoLoader: Not resolving dependencies for libflipper.so
05-19 13:10:22.166  8139  8139 W com.fakestore: Accessing hidden field Landroid/view/View;->mKeyedTags:Landroid/util/SparseArray; (greylist, reflection, allowed)
05-19 13:10:22.166  8139  8139 W com.fakestore: Accessing hidden field Landroid/view/View;->mListenerInfo:Landroid/view/View$ListenerInfo; (greylist, reflection, allowed)
05-19 13:10:22.166  8139  8139 W com.fakestore: Accessing hidden field Landroid/view/View$ListenerInfo;->mOnClickListener:Landroid/view/View$OnClickListener; (greylist, reflection, allowed)
05-19 13:10:22.173  8139  8139 I flipper : flipper: FlipperClient::addPlugin Inspector
05-19 13:10:22.173  8139  8139 I flipper : flipper: FlipperClient::addPlugin React
05-19 13:10:22.176  8139  8139 I flipper : flipper: FlipperClient::addPlugin Databases
05-19 13:10:22.177  8139  8139 I flipper : flipper: FlipperClient::addPlugin Preferences
05-19 13:10:22.178  8139  8139 I flipper : flipper: FlipperClient::addPlugin CrashReporter
05-19 13:10:22.181  8139  8139 I flipper : flipper: FlipperClient::addPlugin Network
05-19 13:10:22.198  8139  8171 D TestRequestBuilder: Using class path scanning to discover tests
05-19 13:10:22.198  8139  8171 I TestRequestBuilder: Scanning classpath to find tests in paths [/data/app/~~Www5Z_JP8xJ48jIv44wzug==/com.fakestore.test-8_E1rafRMQ2R4mFaE010Dw==/base.apk]
05-19 13:10:22.199  8139  8171 I System  : Opening DexFile: /data/app/~~Www5Z_JP8xJ48jIv44wzug==/com.fakestore.test-8_E1rafRMQ2R4mFaE010Dw==/base.apk
05-19 13:10:22.200  8139  8171 W com.fakestore: Opening an oat file without a class loader. Are you using the deprecated DexFile APIs?
05-19 13:10:22.202  8139  8179 W System.err: SLF4J: Failed to load class "org.slf4j.impl.StaticLoggerBinder".
05-19 13:10:22.202  8139  8179 W System.err: SLF4J: Defaulting to no-operation (NOP) logger implementation
05-19 13:10:22.202  8139  8179 W System.err: SLF4J: See http://www.slf4j.org/codes.html#StaticLoggerBinder for further details.
05-19 13:10:22.409  8139  8171 W com.fakestore: Unable to resolve Lcom/google/android/apps/common/testing/accessibility/framework/AccessibilityHierarchyCheckResult; annotation class 5201
05-19 13:10:22.410  8139  8171 I chatty  : uid=11041(com.fakestore) roidJUnitRunner identical 2 lines
05-19 13:10:22.410  8139  8171 W com.fakestore: Unable to resolve Lcom/google/android/apps/common/testing/accessibility/framework/AccessibilityHierarchyCheckResult; annotation class 5201
05-19 13:10:22.411  8139  8171 W com.fakestore: Unable to resolve Lcom/google/android/apps/common/testing/accessibility/framework/AccessibilityViewCheckResult; annotation class 5201
05-19 13:10:22.412  8139  8171 W com.fakestore: Unable to resolve Lcom/google/android/apps/common/testing/accessibility/framework/ClusteringUtils; annotation class 5201
05-19 13:10:22.414  8139  8171 W com.fakestore: Unable to resolve Lcom/google/android/apps/common/testing/accessibility/framework/Question; annotation class 5201
05-19 13:10:22.419  8139  8171 W com.fakestore: Unable to resolve Lcom/google/android/apps/common/testing/accessibility/framework/replacements/TextUtils; annotation class 5200
05-19 13:10:22.422  8139  8171 W com.fakestore: Unable to resolve Lcom/google/android/apps/common/testing/accessibility/framework/uielement/ViewHierarchyElement; annotation class 5201
05-19 13:10:22.423  8139  8171 I chatty  : uid=11041(com.fakestore) roidJUnitRunner identical 2 lines
05-19 13:10:22.423  8139  8171 W com.fakestore: Unable to resolve Lcom/google/android/apps/common/testing/accessibility/framework/uielement/ViewHierarchyElement; annotation class 5201
05-19 13:10:22.424  8139  8171 W com.fakestore: Unable to resolve Lcom/google/android/apps/common/testing/accessibility/framework/uielement/ViewHierarchyElementAndroid; annotation class 5201
05-19 13:10:22.424  8139  8171 I chatty  : uid=11041(com.fakestore) roidJUnitRunner identical 2 lines
05-19 13:10:22.424  8139  8171 W com.fakestore: Unable to resolve Lcom/google/android/apps/common/testing/accessibility/framework/uielement/ViewHierarchyElementAndroid; annotation class 5201
05-19 13:10:22.424  8139  8171 W com.fakestore: Unable to resolve Lcom/google/android/apps/common/testing/accessibility/framework/uielement/ViewHierarchyElement; annotation class 5201
05-19 13:10:22.424  8139  8171 W com.fakestore: Unable to resolve Lcom/google/android/apps/common/testing/accessibility/framework/uielement/ViewHierarchyElement; annotation class 5201
05-19 13:10:22.588  8139  8171 D AndroidJUnitRunner: Use the raw file system for managing file I/O.
05-19 13:10:22.591  8139  8171 D TestExecutor: Adding listener androidx.test.internal.runner.listener.LogRunListener
05-19 13:10:22.591  8139  8171 D TestExecutor: Adding listener androidx.test.internal.runner.listener.InstrumentationResultPrinter
05-19 13:10:22.591  8139  8171 D TestExecutor: Adding listener androidx.test.internal.runner.listener.ActivityFinisherRunListener
05-19 13:10:22.591  8139  8171 D TestExecutor: Adding listener androidx.test.internal.runner.listener.TraceRunListener
05-19 13:10:22.593  8139  8171 I TestRunner: run started: 1 tests
05-19 13:10:22.594  8139  8171 I TestRunner: started: runDetoxTests(com.fakestore.DetoxTest)
05-19 13:10:22.611  8139  8171 D EventInjectionStrategy: Creating injection strategy with input manager.
05-19 13:10:22.611  8139  8171 W com.fakestore: Accessing hidden method Landroid/hardware/input/InputManager;->getInstance()Landroid/hardware/input/InputManager; (greylist, reflection, allowed)
05-19 13:10:22.611  8139  8171 W com.fakestore: Accessing hidden method Landroid/hardware/input/InputManager;->injectInputEvent(Landroid/view/InputEvent;I)Z (greylist, reflection, allowed)
05-19 13:10:22.611  8139  8171 W com.fakestore: Accessing hidden field Landroid/hardware/input/InputManager;->INJECT_INPUT_EVENT_MODE_WAIT_FOR_FINISH:I (greylist, reflection, allowed)
05-19 13:10:22.619  8139  8171 W com.fakestore: Accessing hidden field Ljava/lang/reflect/Field;->accessFlags:I (greylist, reflection, allowed)
05-19 13:10:22.623  8139  8199 E Parcel  : Reading a NULL string not supported here.
05-19 13:10:22.691  8139  8207 E libEGL  : Invalid file path for libcolorx-loader.so
05-19 13:10:22.722  8139  8139 I oplus.android.OplusFrameworkFactoryImpl: getOplusRedPacketManager
05-19 13:10:22.726  8139  8139 D LifecycleMonitor: Lifecycle status change: com.fakestore.MainActivity@3d6720 in: PRE_ON_CREATE
05-19 13:10:22.781  8139  8139 W com.fakestore: Accessing hidden method Landroid/view/View;->computeFitSystemWindows(Landroid/graphics/Rect;Landroid/graphics/Rect;)Z (greylist, reflection, allowed)
05-19 13:10:22.781  8139  8139 W com.fakestore: Accessing hidden method Landroid/view/ViewGroup;->makeOptionalFitsSystemWindows()V (greylist, reflection, allowed)
05-19 13:10:22.785  8139  8139 D LifecycleMonitor: Lifecycle status change: com.fakestore.MainActivity@3d6720 in: CREATED
05-19 13:10:22.788  8139  8139 D LifecycleMonitor: Lifecycle status change: com.fakestore.MainActivity@3d6720 in: STARTED
05-19 13:10:22.790  8139  8139 D LifecycleMonitor: Lifecycle status change: com.fakestore.MainActivity@3d6720 in: RESUMED
05-19 13:10:22.803  8139  8139 I OplusFeatureCache: Milliseconds spent on init(): 7
05-19 13:10:22.806  8139  8139 D OplusSlideAnimOptHelper: scrollEffectOpt enable = false
05-19 13:10:22.807  8139  8139 D ColorViewRootUtil: initSwipState, isDisplayCompatApp false
05-19 13:10:22.808  8139  8139 D ColorViewRootUtil: mScreenHeight 2400, mScreenWidth 1080
05-19 13:10:22.810  8139  8139 D WindowManager: Add to mViews: DecorView@3920cbd[MainActivity],pkg= com.fakestore
05-19 13:10:22.833  8139  8139 W unknown:ReactNative: Packager connection already open, nooping.
05-19 13:10:22.850  8139  8139 V OplusZoomWindowDecorViewHelper: setLastReportedMergedConfiguration mZoomDisplayHeight: 2400 getDecorView.DecorView@3920cbd[MainActivity]
05-19 13:10:22.852  8139  8205 E libEGL  : Invalid file path for libcolorx-loader.so
05-19 13:10:22.853  8139  8205 I AdrenoGLES-0: QUALCOMM build                   : 3142bdd, I7afe4835b7
05-19 13:10:22.853  8139  8205 I AdrenoGLES-0: Build Date                       : 09/16/20
05-19 13:10:22.853  8139  8205 I AdrenoGLES-0: OpenGL ES Shader Compiler Version: EV031.32.02.00
05-19 13:10:22.853  8139  8205 I AdrenoGLES-0: Local Branch                     : 
05-19 13:10:22.853  8139  8205 I AdrenoGLES-0: Remote Branch                    : 
05-19 13:10:22.853  8139  8205 I AdrenoGLES-0: Remote Branch                    : 
05-19 13:10:22.853  8139  8205 I AdrenoGLES-0: Reconstruct Branch               : 
05-19 13:10:22.854  8139  8205 I AdrenoGLES-0: Build Config                     : S P 10.0.6 AArch64
05-19 13:10:22.854  8139  8205 I AdrenoGLES-0: Driver Path                      : /vendor/lib64/egl/libGLESv2_adreno.so
05-19 13:10:22.859  8139  8205 I AdrenoGLES-0: PFP: 0x016ee190, ME: 0x00000000
05-19 13:10:22.864  8139  8205 E libEGL  : Invalid file path for libcolorx-loader.so
05-19 13:10:22.868  8139  8205 I chatty  : uid=11041(com.fakestore) RenderThread identical 65 lines
05-19 13:10:22.868  8139  8205 E libEGL  : Invalid file path for libcolorx-loader.so
05-19 13:10:22.900  8139  8139 E OplusCustomizeRestrictionManager: sInstance is null, start a new sInstance
05-19 13:10:22.923  8139  8139 D ColorViewRootUtil: initSwipState, isDisplayCompatApp false
05-19 13:10:22.923  8139  8139 D ColorViewRootUtil: mScreenHeight 2400, mScreenWidth 1080
05-19 13:10:22.924  8139  8139 D WindowManager: Add to mViews: android.widget.PopupWindow$PopupDecorView{c3c71f3 V.E...... R.....I. 0,0-0,0},pkg= com.fakestore
05-19 13:10:23.039  8139  8171 I Detox   : Detox server connection details: url=ws://localhost:51866, sessionId=cf383df4-dba4-3ebd-ff21-258d86e6d5fa
05-19 13:10:23.049  8139  8212 I DetoxDispatcher: Handling action '_init' (ID #0)...
05-19 13:10:23.049  8139  8212 I Detox   : Connecting to server...
05-19 13:10:23.049  8139  8212 I DetoxWSClient: At connectToServer
05-19 13:10:23.083  8139  8214 D DetoxWSClient: At onOpen
05-19 13:10:23.083  8139  8214 I DetoxWSClient: Sending out action 'login' (ID #0)
05-19 13:10:23.084  8139  8214 I Detox   : Connected to server!
05-19 13:10:23.088  8139  8214 D DetoxWSClient: Received action 'loginSuccess' (ID #0, params={"testerConnected":true,"appConnected":true})
05-19 13:10:23.125  8139  8214 D DetoxWSClient: Received action 'isReady' (ID #-1000, params={})
05-19 13:10:23.150  8139  8217 D SoLoader: libreactnativejni.so not found on /data/data/com.fakestore/lib-main
05-19 13:10:23.150  8139  8217 D SoLoader: libreactnativejni.so found on /data/app/~~3qwH3jbk4HS3Vf8CyqUxNQ==/com.fakestore-YTlCSHBNtuzBd8ykrkbfEA==/lib/arm64
05-19 13:10:23.150  8139  8217 D SoLoader: Not resolving dependencies for libreactnativejni.so
05-19 13:10:23.162  8139  8217 V AsyncStorageExpoMigration: No scoped database found
05-19 13:10:23.189  8139  8217 W unknown:ReactContext: initializeMessageQueueThreads() is called.
05-19 13:10:23.198  8139  8139 W unknown:ReactNative: Packager connection already open, nooping.
05-19 13:10:23.259  8139  8219 W unknown:ViewManagerPropertyUpdater: Could not find generated setter for class com.facebook.react.views.drawer.ReactDrawerLayoutManager
05-19 13:10:23.265  8139  8219 W unknown:ViewManagerPropertyUpdater: Could not find generated setter for class com.facebook.react.uimanager.LayoutShadowNode
05-19 13:10:23.268  8139  8219 W unknown:ViewManagerPropertyUpdater: Could not find generated setter for class com.facebook.react.views.scroll.ReactHorizontalScrollViewManager
05-19 13:10:23.271  8139  8219 W unknown:ViewManagerPropertyUpdater: Could not find generated setter for class com.facebook.react.views.scroll.ReactHorizontalScrollContainerViewManager
05-19 13:10:23.272  8139  8219 W unknown:ViewManagerPropertyUpdater: Could not find generated setter for class com.facebook.react.views.progressbar.ReactProgressBarViewManager
05-19 13:10:23.274  8139  8219 W unknown:ViewManagerPropertyUpdater: Could not find generated setter for class com.facebook.react.views.progressbar.ProgressBarShadowNode
05-19 13:10:23.275  8139  8219 W unknown:ViewManagerPropertyUpdater: Could not find generated setter for class com.facebook.react.views.scroll.ReactScrollViewManager
05-19 13:10:23.279  8139  8219 W unknown:ViewManagerPropertyUpdater: Could not find generated setter for class com.facebook.react.views.slider.ReactSliderManager
05-19 13:10:23.281  8139  8219 W unknown:ViewManagerPropertyUpdater: Could not find generated setter for class com.facebook.react.views.slider.ReactSliderManager$ReactSliderShadowNode
05-19 13:10:23.282  8139  8219 W unknown:ViewManagerPropertyUpdater: Could not find generated setter for class com.facebook.react.views.switchview.ReactSwitchManager
05-19 13:10:23.284  8139  8219 W unknown:ViewManagerPropertyUpdater: Could not find generated setter for class com.facebook.react.views.switchview.ReactSwitchManager$ReactSwitchShadowNode
05-19 13:10:23.284  8139  8219 W unknown:ViewManagerPropertyUpdater: Could not find generated setter for class com.facebook.react.views.swiperefresh.SwipeRefreshLayoutManager
05-19 13:10:23.286  8139  8219 W unknown:ViewManagerPropertyUpdater: Could not find generated setter for class com.facebook.react.views.text.frescosupport.FrescoBasedReactTextInlineImageViewManager
05-19 13:10:23.287  8139  8219 W unknown:ViewManagerPropertyUpdater: Could not find generated setter for class com.facebook.react.views.text.frescosupport.FrescoBasedReactTextInlineImageShadowNode
05-19 13:10:23.290  8139  8219 W unknown:ViewManagerPropertyUpdater: Could not find generated setter for class com.facebook.react.views.image.ReactImageManager
05-19 13:10:23.293  8139  8219 W unknown:ViewManagerPropertyUpdater: Could not find generated setter for class com.facebook.react.views.modal.ReactModalHostManager
05-19 13:10:23.294  8139  8219 W unknown:ViewManagerPropertyUpdater: Could not find generated setter for class com.facebook.react.views.modal.ModalHostShadowNode
05-19 13:10:23.295  8139  8219 W unknown:ViewManagerPropertyUpdater: Could not find generated setter for class com.facebook.react.views.text.ReactRawTextManager
05-19 13:10:23.295  8139  8219 W unknown:ViewManagerPropertyUpdater: Could not find generated setter for class com.facebook.react.views.text.ReactRawTextShadowNode
05-19 13:10:23.296  8139  8219 W unknown:ViewManagerPropertyUpdater: Could not find generated setter for class com.facebook.react.views.textinput.ReactTextInputManager
05-19 13:10:23.299  8139  8219 W unknown:ViewManagerPropertyUpdater: Could not find generated setter for class com.facebook.react.views.textinput.ReactTextInputShadowNode
05-19 13:10:23.302  8139  8219 W unknown:ViewManagerPropertyUpdater: Could not find generated setter for class com.facebook.react.views.text.ReactTextViewManager
05-19 13:10:23.304  8139  8219 W unknown:ViewManagerPropertyUpdater: Could not find generated setter for class com.facebook.react.views.text.ReactTextShadowNode
05-19 13:10:23.305  8139  8219 W unknown:ViewManagerPropertyUpdater: Could not find generated setter for class com.facebook.react.views.view.ReactViewManager
05-19 13:10:23.307  8139  8219 W unknown:ViewManagerPropertyUpdater: Could not find generated setter for class com.facebook.react.views.text.ReactVirtualTextViewManager
05-19 13:10:23.307  8139  8219 W unknown:ViewManagerPropertyUpdater: Could not find generated setter for class com.facebook.react.views.text.ReactVirtualTextShadowNode
05-19 13:10:23.308  8139  8219 W unknown:ViewManagerPropertyUpdater: Could not find generated setter for class com.facebook.react.views.unimplementedview.ReactUnimplementedViewManager
05-19 13:10:23.309  8139  8219 W unknown:ViewManagerPropertyUpdater: Could not find generated setter for class org.reactnative.maskedview.RNCMaskedViewManager
05-19 13:10:23.310  8139  8219 W unknown:ViewManagerPropertyUpdater: Could not find generated setter for class com.th3rdwave.safeareacontext.SafeAreaProviderManager
05-19 13:10:23.311  8139  8219 W unknown:ViewManagerPropertyUpdater: Could not find generated setter for class com.th3rdwave.safeareacontext.SafeAreaViewManager
05-19 13:10:23.312  8139  8219 W unknown:ViewManagerPropertyUpdater: Could not find generated setter for class com.th3rdwave.safeareacontext.SafeAreaViewShadowNode
05-19 13:10:23.313  8139  8219 W unknown:ViewManagerPropertyUpdater: Could not find generated setter for class com.swmansion.rnscreens.ScreenContainerViewManager
05-19 13:10:23.313  8139  8219 W unknown:ViewManagerPropertyUpdater: Could not find generated setter for class com.swmansion.rnscreens.ScreenViewManager
05-19 13:10:23.315  8139  8219 W unknown:ViewManagerPropertyUpdater: Could not find generated setter for class com.swmansion.rnscreens.ScreenStackViewManager
05-19 13:10:23.315  8139  8219 W unknown:ViewManagerPropertyUpdater: Could not find generated setter for class com.swmansion.rnscreens.ScreenStackHeaderConfigViewManager
05-19 13:10:23.318  8139  8219 W unknown:ViewManagerPropertyUpdater: Could not find generated setter for class com.swmansion.rnscreens.ScreenStackHeaderSubviewManager
05-19 13:10:23.320  8139  8219 W unknown:ViewManagerPropertyUpdater: Could not find generated setter for class com.swmansion.rnscreens.SearchBarManager
05-19 13:10:23.329  8139  8219 W unknown:ReactContext: initializeMessageQueueThreads() is called.
05-19 13:10:23.332  8139  8219 D SoLoader: libyoga.so not found on /data/data/com.fakestore/lib-main
05-19 13:10:23.332  8139  8219 D SoLoader: libyoga.so found on /data/app/~~3qwH3jbk4HS3Vf8CyqUxNQ==/com.fakestore-YTlCSHBNtuzBd8ykrkbfEA==/lib/arm64
05-19 13:10:23.332  8139  8219 D SoLoader: Not resolving dependencies for libyoga.so
05-19 13:10:23.337  8139  8222 E Parcel  : Reading a NULL string not supported here.
05-19 13:10:23.344  8139  8139 D DetoxRNLoading: Listener-proxy method called: onReactContextInitialized
05-19 13:10:23.344  8139  8139 I DetoxRNLoading: Got new RN-context async'ly through listener
05-19 13:10:23.346  8139  8139 D DetoxRNLoading: Listener-proxy method called: equals
05-19 13:10:23.348  8139  8212 I DetoxRNIdleRes: Setting up Espresso Idling Resources for React Native
05-19 13:10:23.382  8139  8212 D AsyncStorageIR: Checking whether a custom IR for Async-Storage is required... (legacy=false)
05-19 13:10:23.383  8139  8212 D AsyncStorageIR: IR for Async-Storage is required! (legacy=false)
05-19 13:10:23.384  8139  8212 D AsyncStorageIR: Checking whether a custom IR for Async-Storage is required... (legacy=true)
05-19 13:10:23.387  8139  8212 D AsyncStorageIR: IR for Async-Storage is required! (legacy=true)
05-19 13:10:23.390  8139  8139 D AsyncStorageIR: Async-storage is busy!
05-19 13:10:23.390  8139  8139 D AsyncStorageIRLegacy: Async-storage is busy!
05-19 13:10:23.396  8139  8212 I DetoxDispatcher: Done with action '_init'
05-19 13:10:23.396  8139  8212 I DetoxDispatcher: Handling action 'isReady' (ID #-1000)...
05-19 13:10:23.399  8139  8139 W com.fakestore: Accessing hidden method Landroid/os/MessageQueue;->next()Landroid/os/Message; (greylist, reflection, allowed)
05-19 13:10:23.399  8139  8139 W com.fakestore: Accessing hidden field Landroid/os/MessageQueue;->mMessages:Landroid/os/Message; (greylist, reflection, allowed)
05-19 13:10:23.399  8139  8139 W com.fakestore: Accessing hidden method Landroid/os/Message;->recycleUnchecked()V (greylist, reflection, allowed)
05-19 13:10:23.419  8139  8219 I flipper : flipper: FlipperClient::addPlugin Fresco
05-19 13:10:23.424  8139  8218 D SoLoader: libreactnativeblob.so not found on /data/data/com.fakestore/lib-main
05-19 13:10:23.424  8139  8218 D SoLoader: libreactnativeblob.so found on /data/app/~~3qwH3jbk4HS3Vf8CyqUxNQ==/com.fakestore-YTlCSHBNtuzBd8ykrkbfEA==/lib/arm64
05-19 13:10:23.424  8139  8218 D SoLoader: Not resolving dependencies for libreactnativeblob.so
05-19 13:10:23.475  8139  8219 I WebViewFactory: Loading com.google.android.webview version 110.0.5481.153 (code 548115333)
05-19 13:10:23.486  8139  8219 W linker  : Warning: "/data/app/~~ZS9E27XFUMq_UEOJpzgrAw==/com.google.android.webview-1F4-Y8gMX6Rl1iWbcmwEbQ==/base.apk!/lib/arm64-v8a/libmonochrome.so" unused DT entry: unknown processor-specific (type 0x70000001 arg 0x0) (ignoring)
05-19 13:10:23.499  8139  8219 W com.fakestore: Accessing hidden method Landroid/os/Trace;->isTagEnabled(J)Z (greylist, reflection, allowed)
05-19 13:10:23.499  8139  8219 W com.fakestore: Accessing hidden method Landroid/os/Trace;->traceBegin(JLjava/lang/String;)V (greylist, reflection, allowed)
05-19 13:10:23.499  8139  8219 W com.fakestore: Accessing hidden method Landroid/os/Trace;->traceEnd(J)V (greylist, reflection, allowed)
05-19 13:10:23.499  8139  8219 W com.fakestore: Accessing hidden method Landroid/os/Trace;->asyncTraceBegin(JLjava/lang/String;I)V (greylist, reflection, allowed)
05-19 13:10:23.499  8139  8219 W com.fakestore: Accessing hidden method Landroid/os/Trace;->asyncTraceEnd(JLjava/lang/String;I)V (greylist, reflection, allowed)
05-19 13:10:23.504  8139  8219 I cr_WVCFactoryProvider: Loaded version=110.0.5481.153 minSdkVersion=29 isBundle=true multiprocess=true packageId=2
05-19 13:10:23.534  8139  8219 I cr_LibraryLoader: Successfully loaded native library
05-19 13:10:23.536  8139  8219 I cr_CachingUmaRecorder: Flushed 8 samples from 8 histograms.
05-19 13:10:23.842  8139  8218 I ReactNativeJS: Running "FakeStore" with {"rootTag":1}
05-19 13:10:24.000  8139  8219 W unknown:ViewManagerPropertyUpdater: Could not find generated setter for class com.swmansion.rnscreens.ScreensShadowNode
05-19 13:10:24.155  8139  8282 D SoLoader: libimagepipeline.so not found on /data/data/com.fakestore/lib-main
05-19 13:10:24.155  8139  8282 D SoLoader: libimagepipeline.so found on /data/app/~~3qwH3jbk4HS3Vf8CyqUxNQ==/com.fakestore-YTlCSHBNtuzBd8ykrkbfEA==/lib/arm64
05-19 13:10:24.155  8139  8282 D SoLoader: Not resolving dependencies for libimagepipeline.so
05-19 13:10:24.182  8139  8139 I Detox   : UIManagerModule is busy
05-19 13:10:24.517  8139  8139 I Detox   : Wait is over: App is now idle!
05-19 13:10:24.518  8139  8212 I DetoxWSClient: Sending out action 'ready' (ID #-1000)
05-19 13:10:24.518  8139  8212 I DetoxDispatcher: Done with action 'isReady'
05-19 13:10:24.518  8139  8212 I DetoxDispatcher: Handling action 'loginSuccess' (ID #0)...
05-19 13:10:24.518  8139  8212 I DetoxDispatcher: Done with action 'loginSuccess'
05-19 13:10:24.518  8139  8212 I DetoxDispatcher: Handling action 'isReady' (ID #-1000)...
05-19 13:10:24.527  8139  8139 I Detox   : Wait is over: App is now idle!
05-19 13:10:24.527  8139  8212 I DetoxWSClient: Sending out action 'ready' (ID #-1000)
05-19 13:10:24.527  8139  8212 I DetoxDispatcher: Done with action 'isReady'
