--------- beginning of main
05-19 13:44:29.976 20787 20787 I com.fakestore: Late-enabling -Xcheck:jni
05-19 13:44:29.991 20787 20787 I com.fakestore: Unquickening 21 vdex files!
05-19 13:44:29.991 20787 20787 E com.fakestore: Unknown bits set in runtime_flags: 0x40000000
05-19 13:44:30.001 20787 20787 E RefClass: java.lang.reflect.InvocationTargetException
05-19 13:44:30.019 20787 20787 I oplus.android.OplusFrameworkFactoryImpl: get feature:IOplusScreenModeFeature
05-19 13:44:30.019 20787 20787 I oplus.android.OplusFrameworkFactoryImpl: getOplusScreenModeFeature
05-19 13:44:30.028 20787 20787 E libc    : Access denied finding property "ro.odm.prev.product.name"
--------- beginning of system
05-19 13:44:30.029 20787 20787 W ActivityThread: Package uses different ABI(s) than its instrumentation: package[com.fakestore]: arm64-v8a, null instrumentation[com.fakestore.test]: null, null
05-19 13:44:30.033 20787 20787 I com.fakestore: The ClassLoaderContext is a special shared library.
05-19 13:44:30.034 20787 20787 I chatty  : uid=11057(com.fakestore) identical 1 line
05-19 13:44:30.035 20787 20787 I com.fakestore: The ClassLoaderContext is a special shared library.
05-19 13:44:30.256 20787 20787 I Perf    : Connecting to perf service.
05-19 13:44:30.265 20787 20787 D ApplicationLoaders: Returning zygote-cached class loader: /system/framework/android.test.base.jar
05-19 13:44:30.265 20787 20787 D ApplicationLoaders: Returning zygote-cached class loader: /system/framework/android.test.base.jar
05-19 13:44:30.267 20787 20787 I com.fakestore: The ClassLoaderContext is a special shared library.
05-19 13:44:30.270 20787 20787 D ApplicationLoaders: Returning zygote-cached class loader: /system/framework/android.test.base.jar
05-19 13:44:30.271 20787 20787 D ApplicationLoaders: Returning zygote-cached class loader: /system/framework/android.test.base.jar
05-19 13:44:30.272 20787 20787 I com.fakestore: The ClassLoaderContext is a special shared library.
05-19 13:44:30.277 20787 20787 I chatty  : uid=11057(com.fakestore) identical 2 lines
05-19 13:44:30.278 20787 20787 I com.fakestore: The ClassLoaderContext is a special shared library.
05-19 13:44:30.493 20787 20787 W com.fakestore: Accessing hidden method Landroid/app/Instrumentation;->execStartActivity(Landroid/content/Context;Landroid/os/IBinder;Landroid/os/IBinder;Landroid/app/Activity;Landroid/content/Intent;ILandroid/os/Bundle;)Landroid/app/Instrumentation$ActivityResult; (greylist, linking, allowed)
05-19 13:44:30.493 20787 20787 W com.fakestore: Accessing hidden method Landroid/app/Instrumentation;->execStartActivity(Landroid/content/Context;Landroid/os/IBinder;Landroid/os/IBinder;Ljava/lang/String;Landroid/content/Intent;ILandroid/os/Bundle;)Landroid/app/Instrumentation$ActivityResult; (greylist, linking, allowed)
05-19 13:44:30.499 20787 20787 D NetworkSecurityConfig: Using Network Security Config from resource network_security_config debugBuild: true
05-19 13:44:30.500 20787 20787 D NetworkSecurityConfig: Using Network Security Config from resource network_security_config debugBuild: true
05-19 13:44:30.500 20787 20787 I MonitoringInstr: newApplication called!
05-19 13:44:30.518 20787 20787 I MonitoringInstr: Instrumentation started!
05-19 13:44:30.526 20787 20787 I AndroidJUnitRunner: onCreate Bundle[{debug=false, detoxServer=ws://localhost:52728, detoxSessionId=603eb149-09a7-69eb-2b8b-b92eb1159f27}]
05-19 13:44:30.530 20787 20787 V TestEventClient: No service name argument was given (testDiscoveryService, testRunEventService or orchestratorService)
05-19 13:44:30.534 20787 20817 D AndroidJUnitRunner: onStart is called.
05-19 13:44:30.539 20787 20787 V fb-UnpackingSoSource: locked dso store /data/user/0/com.fakestore/lib-main
05-19 13:44:30.541 20787 20787 V fb-UnpackingSoSource: deps mismatch on deps store: regenerating
05-19 13:44:30.541 20787 20787 V fb-UnpackingSoSource: so store dirty: regenerating
05-19 13:44:30.592 20787 20787 D ApkSoSource: not allowing consideration of lib/arm64-v8a/libc++_shared.so: deferring to libdir
05-19 13:44:30.592 20787 20787 D ApkSoSource: not allowing consideration of lib/arm64-v8a/libevent-2.1.so: deferring to libdir
05-19 13:44:30.592 20787 20787 D ApkSoSource: not allowing consideration of lib/arm64-v8a/libevent_core-2.1.so: deferring to libdir
05-19 13:44:30.592 20787 20787 D ApkSoSource: not allowing consideration of lib/arm64-v8a/libevent_extra-2.1.so: deferring to libdir
05-19 13:44:30.592 20787 20787 D ApkSoSource: not allowing consideration of lib/arm64-v8a/libfabricjni.so: deferring to libdir
05-19 13:44:30.592 20787 20787 D ApkSoSource: not allowing consideration of lib/arm64-v8a/libfb.so: deferring to libdir
05-19 13:44:30.592 20787 20787 D ApkSoSource: not allowing consideration of lib/arm64-v8a/libfbjni.so: deferring to libdir
05-19 13:44:30.592 20787 20787 D ApkSoSource: not allowing consideration of lib/arm64-v8a/libflipper.so: deferring to libdir
05-19 13:44:30.593 20787 20787 D ApkSoSource: not allowing consideration of lib/arm64-v8a/libfolly_runtime.so: deferring to libdir
05-19 13:44:30.593 20787 20787 D ApkSoSource: not allowing consideration of lib/arm64-v8a/libglog.so: deferring to libdir
05-19 13:44:30.593 20787 20787 D ApkSoSource: not allowing consideration of lib/arm64-v8a/libglog_init.so: deferring to libdir
05-19 13:44:30.593 20787 20787 D ApkSoSource: not allowing consideration of lib/arm64-v8a/libimagepipeline.so: deferring to libdir
05-19 13:44:30.593 20787 20787 D ApkSoSource: not allowing consideration of lib/arm64-v8a/libjsc.so: deferring to libdir
05-19 13:44:30.593 20787 20787 D ApkSoSource: not allowing consideration of lib/arm64-v8a/libjscexecutor.so: deferring to libdir
05-19 13:44:30.593 20787 20787 D ApkSoSource: not allowing consideration of lib/arm64-v8a/libjsi.so: deferring to libdir
05-19 13:44:30.593 20787 20787 D ApkSoSource: not allowing consideration of lib/arm64-v8a/libjsijniprofiler.so: deferring to libdir
05-19 13:44:30.593 20787 20787 D ApkSoSource: not allowing consideration of lib/arm64-v8a/libjsinspector.so: deferring to libdir
05-19 13:44:30.593 20787 20787 D ApkSoSource: not allowing consideration of lib/arm64-v8a/liblogger.so: deferring to libdir
05-19 13:44:30.593 20787 20787 D ApkSoSource: not allowing consideration of lib/arm64-v8a/libmapbufferjni.so: deferring to libdir
05-19 13:44:30.594 20787 20787 D ApkSoSource: not allowing consideration of lib/arm64-v8a/libnative-filters.so: deferring to libdir
05-19 13:44:30.594 20787 20787 D ApkSoSource: not allowing consideration of lib/arm64-v8a/libnative-imagetranscoder.so: deferring to libdir
05-19 13:44:30.594 20787 20787 D ApkSoSource: not allowing consideration of lib/arm64-v8a/libreact_codegen_rncore.so: deferring to libdir
05-19 13:44:30.594 20787 20787 D ApkSoSource: not allowing consideration of lib/arm64-v8a/libreact_config.so: deferring to libdir
05-19 13:44:30.594 20787 20787 D ApkSoSource: not allowing consideration of lib/arm64-v8a/libreact_debug.so: deferring to libdir
05-19 13:44:30.594 20787 20787 D ApkSoSource: not allowing consideration of lib/arm64-v8a/libreact_nativemodule_core.so: deferring to libdir
05-19 13:44:30.594 20787 20787 D ApkSoSource: not allowing consideration of lib/arm64-v8a/libreact_render_animations.so: deferring to libdir
05-19 13:44:30.594 20787 20787 D ApkSoSource: not allowing consideration of lib/arm64-v8a/libreact_render_attributedstring.so: deferring to libdir
05-19 13:44:30.594 20787 20787 D ApkSoSource: not allowing consideration of lib/arm64-v8a/libreact_render_componentregistry.so: deferring to libdir
05-19 13:44:30.594 20787 20787 D ApkSoSource: not allowing consideration of lib/arm64-v8a/libreact_render_core.so: deferring to libdir
05-19 13:44:30.594 20787 20787 D ApkSoSource: not allowing consideration of lib/arm64-v8a/libreact_render_debug.so: deferring to libdir
05-19 13:44:30.595 20787 20787 D ApkSoSource: not allowing consideration of lib/arm64-v8a/libreact_render_graphics.so: deferring to libdir
05-19 13:44:30.595 20787 20787 D ApkSoSource: not allowing consideration of lib/arm64-v8a/libreact_render_imagemanager.so: deferring to libdir
05-19 13:44:30.595 20787 20787 D ApkSoSource: not allowing consideration of lib/arm64-v8a/libreact_render_leakchecker.so: deferring to libdir
05-19 13:44:30.595 20787 20787 D ApkSoSource: not allowing consideration of lib/arm64-v8a/libreact_render_mapbuffer.so: deferring to libdir
05-19 13:44:30.595 20787 20787 D ApkSoSource: not allowing consideration of lib/arm64-v8a/libreact_render_mounting.so: deferring to libdir
05-19 13:44:30.595 20787 20787 D ApkSoSource: not allowing consideration of lib/arm64-v8a/libreact_render_runtimescheduler.so: deferring to libdir
05-19 13:44:30.595 20787 20787 D ApkSoSource: not allowing consideration of lib/arm64-v8a/libreact_render_scheduler.so: deferring to libdir
05-19 13:44:30.595 20787 20787 D ApkSoSource: not allowing consideration of lib/arm64-v8a/libreact_render_telemetry.so: deferring to libdir
05-19 13:44:30.595 20787 20787 D ApkSoSource: not allowing consideration of lib/arm64-v8a/libreact_render_templateprocessor.so: deferring to libdir
05-19 13:44:30.595 20787 20787 D ApkSoSource: not allowing consideration of lib/arm64-v8a/libreact_render_textlayoutmanager.so: deferring to libdir
05-19 13:44:30.595 20787 20787 D ApkSoSource: not allowing consideration of lib/arm64-v8a/libreact_render_uimanager.so: deferring to libdir
05-19 13:44:30.595 20787 20787 D ApkSoSource: not allowing consideration of lib/arm64-v8a/libreact_utils.so: deferring to libdir
05-19 13:44:30.596 20787 20787 D ApkSoSource: not allowing consideration of lib/arm64-v8a/libreactnativeblob.so: deferring to libdir
05-19 13:44:30.596 20787 20787 D ApkSoSource: not allowing consideration of lib/arm64-v8a/libreactnativejni.so: deferring to libdir
05-19 13:44:30.596 20787 20787 D ApkSoSource: not allowing consideration of lib/arm64-v8a/libreactnativeutilsjni.so: deferring to libdir
05-19 13:44:30.596 20787 20787 D ApkSoSource: not allowing consideration of lib/arm64-v8a/libreactperfloggerjni.so: deferring to libdir
05-19 13:44:30.596 20787 20787 D ApkSoSource: not allowing consideration of lib/arm64-v8a/librrc_image.so: deferring to libdir
05-19 13:44:30.596 20787 20787 D ApkSoSource: not allowing consideration of lib/arm64-v8a/librrc_root.so: deferring to libdir
05-19 13:44:30.596 20787 20787 D ApkSoSource: not allowing consideration of lib/arm64-v8a/librrc_scrollview.so: deferring to libdir
05-19 13:44:30.596 20787 20787 D ApkSoSource: not allowing consideration of lib/arm64-v8a/librrc_text.so: deferring to libdir
05-19 13:44:30.596 20787 20787 D ApkSoSource: not allowing consideration of lib/arm64-v8a/librrc_textinput.so: deferring to libdir
05-19 13:44:30.596 20787 20787 D ApkSoSource: not allowing consideration of lib/arm64-v8a/librrc_unimplementedview.so: deferring to libdir
05-19 13:44:30.597 20787 20787 D ApkSoSource: not allowing consideration of lib/arm64-v8a/librrc_view.so: deferring to libdir
05-19 13:44:30.597 20787 20787 D ApkSoSource: not allowing consideration of lib/arm64-v8a/libruntimeexecutor.so: deferring to libdir
05-19 13:44:30.597 20787 20787 D ApkSoSource: not allowing consideration of lib/arm64-v8a/libturbomodulejsijni.so: deferring to libdir
05-19 13:44:30.597 20787 20787 D ApkSoSource: not allowing consideration of lib/arm64-v8a/libyoga.so: deferring to libdir
05-19 13:44:30.597 20787 20787 V fb-UnpackingSoSource: regenerating DSO store com.facebook.soloader.ApkSoSource
05-19 13:44:30.598 20787 20787 V fb-UnpackingSoSource: Finished regenerating DSO store com.facebook.soloader.ApkSoSource
05-19 13:44:30.598 20787 20787 V fb-UnpackingSoSource: starting syncer worker
05-19 13:44:30.602 20787 20787 V fb-UnpackingSoSource: releasing dso store lock for /data/user/0/com.fakestore/lib-main (from syncer thread)
05-19 13:44:30.602 20787 20787 V fb-UnpackingSoSource: not releasing dso store lock for /data/user/0/com.fakestore/lib-main (syncer thread started)
05-19 13:44:30.615 20787 20787 D SoLoader: libjscexecutor.so not found on /data/data/com.fakestore/lib-main
05-19 13:44:30.615 20787 20787 D SoLoader: libjscexecutor.so found on /data/app/~~bN1mxJfXaFWYhWewb8pVJw==/com.fakestore-BE3vALYAbfZCOH9ve_Hc3w==/lib/arm64
05-19 13:44:30.615 20787 20787 D SoLoader: Not resolving dependencies for libjscexecutor.so
05-19 13:44:30.628 20787 20787 D JavaScriptCore.Version: 250230.2.1
05-19 13:44:30.712 20787 20787 E Parcel  : Reading a NULL string not supported here.
05-19 13:44:30.715 20787 20787 I chatty  : uid=11057(com.fakestore) identical 26 lines
05-19 13:44:30.715 20787 20787 E Parcel  : Reading a NULL string not supported here.
05-19 13:44:30.716 20787 20787 V SensorManager: RegisterListener bmi160 Accelerometer Non-wakeup type:1 delay:66667us by com.facebook.react.common.ShakeDetector
05-19 13:44:30.716 20787 20787 E Parcel  : Reading a NULL string not supported here.
05-19 13:44:30.740 20787 20830 D SoLoader: libfbjni.so not found on /data/data/com.fakestore/lib-main
05-19 13:44:30.740 20787 20830 D SoLoader: libfbjni.so found on /data/app/~~bN1mxJfXaFWYhWewb8pVJw==/com.fakestore-BE3vALYAbfZCOH9ve_Hc3w==/lib/arm64
05-19 13:44:30.740 20787 20830 D SoLoader: Not resolving dependencies for libfbjni.so
05-19 13:44:30.742 20787 20830 D SoLoader: libflipper.so not found on /data/data/com.fakestore/lib-main
05-19 13:44:30.742 20787 20830 D SoLoader: libflipper.so found on /data/app/~~bN1mxJfXaFWYhWewb8pVJw==/com.fakestore-BE3vALYAbfZCOH9ve_Hc3w==/lib/arm64
05-19 13:44:30.742 20787 20830 D SoLoader: Not resolving dependencies for libflipper.so
05-19 13:44:30.783 20787 20787 W com.fakestore: Accessing hidden field Landroid/view/View;->mKeyedTags:Landroid/util/SparseArray; (greylist, reflection, allowed)
05-19 13:44:30.783 20787 20787 W com.fakestore: Accessing hidden field Landroid/view/View;->mListenerInfo:Landroid/view/View$ListenerInfo; (greylist, reflection, allowed)
05-19 13:44:30.783 20787 20787 W com.fakestore: Accessing hidden field Landroid/view/View$ListenerInfo;->mOnClickListener:Landroid/view/View$OnClickListener; (greylist, reflection, allowed)
05-19 13:44:30.787 20787 20787 I flipper : flipper: FlipperClient::addPlugin Inspector
05-19 13:44:30.787 20787 20787 I flipper : flipper: FlipperClient::addPlugin React
05-19 13:44:30.789 20787 20787 I flipper : flipper: FlipperClient::addPlugin Databases
05-19 13:44:30.790 20787 20787 I flipper : flipper: FlipperClient::addPlugin Preferences
05-19 13:44:30.790 20787 20787 I flipper : flipper: FlipperClient::addPlugin CrashReporter
05-19 13:44:30.792 20787 20787 I flipper : flipper: FlipperClient::addPlugin Network
05-19 13:44:30.808 20787 20817 D TestRequestBuilder: Using class path scanning to discover tests
05-19 13:44:30.808 20787 20817 I TestRequestBuilder: Scanning classpath to find tests in paths [/data/app/~~aGBj_nvT3WELp_p-4PsxcQ==/com.fakestore.test-OkpPgYzf8HkwbQzZKHMZGQ==/base.apk]
05-19 13:44:30.809 20787 20817 I System  : Opening DexFile: /data/app/~~aGBj_nvT3WELp_p-4PsxcQ==/com.fakestore.test-OkpPgYzf8HkwbQzZKHMZGQ==/base.apk
05-19 13:44:30.809 20787 20817 W com.fakestore: Opening an oat file without a class loader. Are you using the deprecated DexFile APIs?
05-19 13:44:30.827 20787 20829 W System.err: SLF4J: Failed to load class "org.slf4j.impl.StaticLoggerBinder".
05-19 13:44:30.828 20787 20829 W System.err: SLF4J: Defaulting to no-operation (NOP) logger implementation
05-19 13:44:30.828 20787 20829 W System.err: SLF4J: See http://www.slf4j.org/codes.html#StaticLoggerBinder for further details.
05-19 13:44:31.020 20787 20817 W com.fakestore: Unable to resolve Lcom/google/android/apps/common/testing/accessibility/framework/AccessibilityHierarchyCheckResult; annotation class 5201
05-19 13:44:31.021 20787 20817 I chatty  : uid=11057(com.fakestore) roidJUnitRunner identical 2 lines
05-19 13:44:31.021 20787 20817 W com.fakestore: Unable to resolve Lcom/google/android/apps/common/testing/accessibility/framework/AccessibilityHierarchyCheckResult; annotation class 5201
05-19 13:44:31.022 20787 20817 W com.fakestore: Unable to resolve Lcom/google/android/apps/common/testing/accessibility/framework/AccessibilityViewCheckResult; annotation class 5201
05-19 13:44:31.023 20787 20817 W com.fakestore: Unable to resolve Lcom/google/android/apps/common/testing/accessibility/framework/ClusteringUtils; annotation class 5201
05-19 13:44:31.025 20787 20817 W com.fakestore: Unable to resolve Lcom/google/android/apps/common/testing/accessibility/framework/Question; annotation class 5201
05-19 13:44:31.030 20787 20817 W com.fakestore: Unable to resolve Lcom/google/android/apps/common/testing/accessibility/framework/replacements/TextUtils; annotation class 5200
05-19 13:44:31.033 20787 20817 W com.fakestore: Unable to resolve Lcom/google/android/apps/common/testing/accessibility/framework/uielement/ViewHierarchyElement; annotation class 5201
05-19 13:44:31.034 20787 20817 I chatty  : uid=11057(com.fakestore) roidJUnitRunner identical 2 lines
05-19 13:44:31.034 20787 20817 W com.fakestore: Unable to resolve Lcom/google/android/apps/common/testing/accessibility/framework/uielement/ViewHierarchyElement; annotation class 5201
05-19 13:44:31.035 20787 20817 W com.fakestore: Unable to resolve Lcom/google/android/apps/common/testing/accessibility/framework/uielement/ViewHierarchyElementAndroid; annotation class 5201
05-19 13:44:31.035 20787 20817 I chatty  : uid=11057(com.fakestore) roidJUnitRunner identical 2 lines
05-19 13:44:31.035 20787 20817 W com.fakestore: Unable to resolve Lcom/google/android/apps/common/testing/accessibility/framework/uielement/ViewHierarchyElementAndroid; annotation class 5201
05-19 13:44:31.035 20787 20817 W com.fakestore: Unable to resolve Lcom/google/android/apps/common/testing/accessibility/framework/uielement/ViewHierarchyElement; annotation class 5201
05-19 13:44:31.036 20787 20817 W com.fakestore: Unable to resolve Lcom/google/android/apps/common/testing/accessibility/framework/uielement/ViewHierarchyElement; annotation class 5201
05-19 13:44:31.204 20787 20817 D AndroidJUnitRunner: Use the raw file system for managing file I/O.
05-19 13:44:31.207 20787 20817 D TestExecutor: Adding listener androidx.test.internal.runner.listener.LogRunListener
05-19 13:44:31.207 20787 20817 D TestExecutor: Adding listener androidx.test.internal.runner.listener.InstrumentationResultPrinter
05-19 13:44:31.207 20787 20817 D TestExecutor: Adding listener androidx.test.internal.runner.listener.ActivityFinisherRunListener
05-19 13:44:31.207 20787 20817 D TestExecutor: Adding listener androidx.test.internal.runner.listener.TraceRunListener
05-19 13:44:31.209 20787 20817 I TestRunner: run started: 1 tests
05-19 13:44:31.210 20787 20817 I TestRunner: started: runDetoxTests(com.fakestore.DetoxTest)
05-19 13:44:31.227 20787 20817 D EventInjectionStrategy: Creating injection strategy with input manager.
05-19 13:44:31.227 20787 20817 W com.fakestore: Accessing hidden method Landroid/hardware/input/InputManager;->getInstance()Landroid/hardware/input/InputManager; (greylist, reflection, allowed)
05-19 13:44:31.227 20787 20817 W com.fakestore: Accessing hidden method Landroid/hardware/input/InputManager;->injectInputEvent(Landroid/view/InputEvent;I)Z (greylist, reflection, allowed)
05-19 13:44:31.227 20787 20817 W com.fakestore: Accessing hidden field Landroid/hardware/input/InputManager;->INJECT_INPUT_EVENT_MODE_WAIT_FOR_FINISH:I (greylist, reflection, allowed)
05-19 13:44:31.236 20787 20817 W com.fakestore: Accessing hidden field Ljava/lang/reflect/Field;->accessFlags:I (greylist, reflection, allowed)
05-19 13:44:31.240 20787 20845 E Parcel  : Reading a NULL string not supported here.
05-19 13:44:31.302 20787 20854 E libEGL  : Invalid file path for libcolorx-loader.so
05-19 13:44:31.350 20787 20787 I oplus.android.OplusFrameworkFactoryImpl: getOplusRedPacketManager
05-19 13:44:31.352 20787 20787 D LifecycleMonitor: Lifecycle status change: com.fakestore.MainActivity@3d6720 in: PRE_ON_CREATE
05-19 13:44:31.409 20787 20787 W com.fakestore: Accessing hidden method Landroid/view/View;->computeFitSystemWindows(Landroid/graphics/Rect;Landroid/graphics/Rect;)Z (greylist, reflection, allowed)
05-19 13:44:31.410 20787 20787 W com.fakestore: Accessing hidden method Landroid/view/ViewGroup;->makeOptionalFitsSystemWindows()V (greylist, reflection, allowed)
05-19 13:44:31.413 20787 20787 D LifecycleMonitor: Lifecycle status change: com.fakestore.MainActivity@3d6720 in: CREATED
05-19 13:44:31.417 20787 20787 D LifecycleMonitor: Lifecycle status change: com.fakestore.MainActivity@3d6720 in: STARTED
05-19 13:44:31.420 20787 20787 D LifecycleMonitor: Lifecycle status change: com.fakestore.MainActivity@3d6720 in: RESUMED
05-19 13:44:31.432 20787 20787 I OplusFeatureCache: Milliseconds spent on init(): 7
05-19 13:44:31.435 20787 20787 D OplusSlideAnimOptHelper: scrollEffectOpt enable = false
05-19 13:44:31.436 20787 20787 D ColorViewRootUtil: initSwipState, isDisplayCompatApp false
05-19 13:44:31.436 20787 20787 D ColorViewRootUtil: mScreenHeight 2400, mScreenWidth 1080
05-19 13:44:31.439 20787 20787 D WindowManager: Add to mViews: DecorView@3920cbd[MainActivity],pkg= com.fakestore
05-19 13:44:31.466 20787 20787 W unknown:ReactNative: Packager connection already open, nooping.
05-19 13:44:31.484 20787 20787 V OplusZoomWindowDecorViewHelper: setLastReportedMergedConfiguration mZoomDisplayHeight: 2400 getDecorView.DecorView@3920cbd[MainActivity]
05-19 13:44:31.486 20787 20852 E libEGL  : Invalid file path for libcolorx-loader.so
05-19 13:44:31.486 20787 20852 I AdrenoGLES-0: QUALCOMM build                   : 3142bdd, I7afe4835b7
05-19 13:44:31.486 20787 20852 I AdrenoGLES-0: Build Date                       : 09/16/20
05-19 13:44:31.486 20787 20852 I AdrenoGLES-0: OpenGL ES Shader Compiler Version: EV031.32.02.00
05-19 13:44:31.486 20787 20852 I AdrenoGLES-0: Local Branch                     : 
05-19 13:44:31.486 20787 20852 I AdrenoGLES-0: Remote Branch                    : 
05-19 13:44:31.486 20787 20852 I AdrenoGLES-0: Remote Branch                    : 
05-19 13:44:31.486 20787 20852 I AdrenoGLES-0: Reconstruct Branch               : 
05-19 13:44:31.486 20787 20852 I AdrenoGLES-0: Build Config                     : S P 10.0.6 AArch64
05-19 13:44:31.486 20787 20852 I AdrenoGLES-0: Driver Path                      : /vendor/lib64/egl/libGLESv2_adreno.so
05-19 13:44:31.492 20787 20852 I AdrenoGLES-0: PFP: 0x016ee190, ME: 0x00000000
05-19 13:44:31.498 20787 20852 E libEGL  : Invalid file path for libcolorx-loader.so
05-19 13:44:31.501 20787 20852 I chatty  : uid=11057(com.fakestore) RenderThread identical 47 lines
05-19 13:44:31.501 20787 20852 E libEGL  : Invalid file path for libcolorx-loader.so
05-19 13:44:31.502 20787 20852 E libEGL  : Invalid file path for libcolorx-loader.so
05-19 13:44:31.502 20787 20852 I chatty  : uid=11057(com.fakestore) RenderThread identical 16 lines
05-19 13:44:31.502 20787 20852 E libEGL  : Invalid file path for libcolorx-loader.so
05-19 13:44:31.537 20787 20787 E OplusCustomizeRestrictionManager: sInstance is null, start a new sInstance
05-19 13:44:31.567 20787 20787 D ColorViewRootUtil: initSwipState, isDisplayCompatApp false
05-19 13:44:31.569 20787 20787 D ColorViewRootUtil: mScreenHeight 2400, mScreenWidth 1080
05-19 13:44:31.570 20787 20787 D WindowManager: Add to mViews: android.widget.PopupWindow$PopupDecorView{c3c71f3 V.E...... R.....I. 0,0-0,0},pkg= com.fakestore
05-19 13:44:31.684 20787 20817 I Detox   : Detox server connection details: url=ws://localhost:52728, sessionId=603eb149-09a7-69eb-2b8b-b92eb1159f27
05-19 13:44:31.704 20787 20858 I DetoxDispatcher: Handling action '_init' (ID #0)...
05-19 13:44:31.707 20787 20858 I Detox   : Connecting to server...
05-19 13:44:31.707 20787 20858 I DetoxWSClient: At connectToServer
05-19 13:44:31.730 20787 20860 D DetoxWSClient: At onOpen
05-19 13:44:31.730 20787 20860 I DetoxWSClient: Sending out action 'login' (ID #0)
05-19 13:44:31.731 20787 20860 I Detox   : Connected to server!
05-19 13:44:31.740 20787 20860 D DetoxWSClient: Received action 'loginSuccess' (ID #0, params={"testerConnected":true,"appConnected":true})
05-19 13:44:31.774 20787 20834 D SoLoader: libreactnativejni.so not found on /data/data/com.fakestore/lib-main
05-19 13:44:31.774 20787 20834 D SoLoader: libreactnativejni.so found on /data/app/~~bN1mxJfXaFWYhWewb8pVJw==/com.fakestore-BE3vALYAbfZCOH9ve_Hc3w==/lib/arm64
05-19 13:44:31.774 20787 20834 D SoLoader: Not resolving dependencies for libreactnativejni.so
05-19 13:44:31.778 20787 20860 D DetoxWSClient: Received action 'isReady' (ID #-1000, params={})
05-19 13:44:31.803 20787 20863 V AsyncStorageExpoMigration: No scoped database found
05-19 13:44:31.817 20787 20863 W unknown:ReactContext: initializeMessageQueueThreads() is called.
05-19 13:44:31.829 20787 20787 W unknown:ReactNative: Packager connection already open, nooping.
05-19 13:44:31.874 20787 20865 W unknown:ViewManagerPropertyUpdater: Could not find generated setter for class com.facebook.react.views.drawer.ReactDrawerLayoutManager
05-19 13:44:31.880 20787 20865 W unknown:ViewManagerPropertyUpdater: Could not find generated setter for class com.facebook.react.uimanager.LayoutShadowNode
05-19 13:44:31.883 20787 20865 W unknown:ViewManagerPropertyUpdater: Could not find generated setter for class com.facebook.react.views.scroll.ReactHorizontalScrollViewManager
05-19 13:44:31.885 20787 20865 W unknown:ViewManagerPropertyUpdater: Could not find generated setter for class com.facebook.react.views.scroll.ReactHorizontalScrollContainerViewManager
05-19 13:44:31.886 20787 20865 W unknown:ViewManagerPropertyUpdater: Could not find generated setter for class com.facebook.react.views.progressbar.ReactProgressBarViewManager
05-19 13:44:31.887 20787 20865 W unknown:ViewManagerPropertyUpdater: Could not find generated setter for class com.facebook.react.views.progressbar.ProgressBarShadowNode
05-19 13:44:31.889 20787 20865 W unknown:ViewManagerPropertyUpdater: Could not find generated setter for class com.facebook.react.views.scroll.ReactScrollViewManager
05-19 13:44:31.891 20787 20865 W unknown:ViewManagerPropertyUpdater: Could not find generated setter for class com.facebook.react.views.slider.ReactSliderManager
05-19 13:44:31.893 20787 20865 W unknown:ViewManagerPropertyUpdater: Could not find generated setter for class com.facebook.react.views.slider.ReactSliderManager$ReactSliderShadowNode
05-19 13:44:31.894 20787 20865 W unknown:ViewManagerPropertyUpdater: Could not find generated setter for class com.facebook.react.views.switchview.ReactSwitchManager
05-19 13:44:31.895 20787 20865 W unknown:ViewManagerPropertyUpdater: Could not find generated setter for class com.facebook.react.views.switchview.ReactSwitchManager$ReactSwitchShadowNode
05-19 13:44:31.896 20787 20865 W unknown:ViewManagerPropertyUpdater: Could not find generated setter for class com.facebook.react.views.swiperefresh.SwipeRefreshLayoutManager
05-19 13:44:31.897 20787 20865 W unknown:ViewManagerPropertyUpdater: Could not find generated setter for class com.facebook.react.views.text.frescosupport.FrescoBasedReactTextInlineImageViewManager
05-19 13:44:31.898 20787 20865 W unknown:ViewManagerPropertyUpdater: Could not find generated setter for class com.facebook.react.views.text.frescosupport.FrescoBasedReactTextInlineImageShadowNode
05-19 13:44:31.899 20787 20865 W unknown:ViewManagerPropertyUpdater: Could not find generated setter for class com.facebook.react.views.image.ReactImageManager
05-19 13:44:31.901 20787 20865 W unknown:ViewManagerPropertyUpdater: Could not find generated setter for class com.facebook.react.views.modal.ReactModalHostManager
05-19 13:44:31.902 20787 20865 W unknown:ViewManagerPropertyUpdater: Could not find generated setter for class com.facebook.react.views.modal.ModalHostShadowNode
05-19 13:44:31.903 20787 20865 W unknown:ViewManagerPropertyUpdater: Could not find generated setter for class com.facebook.react.views.text.ReactRawTextManager
05-19 13:44:31.903 20787 20865 W unknown:ViewManagerPropertyUpdater: Could not find generated setter for class com.facebook.react.views.text.ReactRawTextShadowNode
05-19 13:44:31.904 20787 20865 W unknown:ViewManagerPropertyUpdater: Could not find generated setter for class com.facebook.react.views.textinput.ReactTextInputManager
05-19 13:44:31.907 20787 20865 W unknown:ViewManagerPropertyUpdater: Could not find generated setter for class com.facebook.react.views.textinput.ReactTextInputShadowNode
05-19 13:44:31.909 20787 20865 W unknown:ViewManagerPropertyUpdater: Could not find generated setter for class com.facebook.react.views.text.ReactTextViewManager
05-19 13:44:31.910 20787 20865 W unknown:ViewManagerPropertyUpdater: Could not find generated setter for class com.facebook.react.views.text.ReactTextShadowNode
05-19 13:44:31.911 20787 20865 W unknown:ViewManagerPropertyUpdater: Could not find generated setter for class com.facebook.react.views.view.ReactViewManager
05-19 13:44:31.913 20787 20865 W unknown:ViewManagerPropertyUpdater: Could not find generated setter for class com.facebook.react.views.text.ReactVirtualTextViewManager
05-19 13:44:31.913 20787 20865 W unknown:ViewManagerPropertyUpdater: Could not find generated setter for class com.facebook.react.views.text.ReactVirtualTextShadowNode
05-19 13:44:31.914 20787 20865 W unknown:ViewManagerPropertyUpdater: Could not find generated setter for class com.facebook.react.views.unimplementedview.ReactUnimplementedViewManager
05-19 13:44:31.915 20787 20865 W unknown:ViewManagerPropertyUpdater: Could not find generated setter for class org.reactnative.maskedview.RNCMaskedViewManager
05-19 13:44:31.916 20787 20865 W unknown:ViewManagerPropertyUpdater: Could not find generated setter for class com.th3rdwave.safeareacontext.SafeAreaProviderManager
05-19 13:44:31.916 20787 20865 W unknown:ViewManagerPropertyUpdater: Could not find generated setter for class com.th3rdwave.safeareacontext.SafeAreaViewManager
05-19 13:44:31.917 20787 20865 W unknown:ViewManagerPropertyUpdater: Could not find generated setter for class com.th3rdwave.safeareacontext.SafeAreaViewShadowNode
05-19 13:44:31.918 20787 20865 W unknown:ViewManagerPropertyUpdater: Could not find generated setter for class com.swmansion.rnscreens.ScreenContainerViewManager
05-19 13:44:31.919 20787 20865 W unknown:ViewManagerPropertyUpdater: Could not find generated setter for class com.swmansion.rnscreens.ScreenViewManager
05-19 13:44:31.920 20787 20865 W unknown:ViewManagerPropertyUpdater: Could not find generated setter for class com.swmansion.rnscreens.ScreenStackViewManager
05-19 13:44:31.922 20787 20865 W unknown:ViewManagerPropertyUpdater: Could not find generated setter for class com.swmansion.rnscreens.ScreenStackHeaderConfigViewManager
05-19 13:44:31.923 20787 20865 W unknown:ViewManagerPropertyUpdater: Could not find generated setter for class com.swmansion.rnscreens.ScreenStackHeaderSubviewManager
05-19 13:44:31.924 20787 20865 W unknown:ViewManagerPropertyUpdater: Could not find generated setter for class com.swmansion.rnscreens.SearchBarManager
05-19 13:44:31.933 20787 20865 W unknown:ReactContext: initializeMessageQueueThreads() is called.
05-19 13:44:31.936 20787 20865 D SoLoader: libyoga.so not found on /data/data/com.fakestore/lib-main
05-19 13:44:31.936 20787 20865 D SoLoader: libyoga.so found on /data/app/~~bN1mxJfXaFWYhWewb8pVJw==/com.fakestore-BE3vALYAbfZCOH9ve_Hc3w==/lib/arm64
05-19 13:44:31.936 20787 20865 D SoLoader: Not resolving dependencies for libyoga.so
05-19 13:44:31.961 20787 20867 E Parcel  : Reading a NULL string not supported here.
05-19 13:44:31.961 20787 20787 D DetoxRNLoading: Listener-proxy method called: onReactContextInitialized
05-19 13:44:31.961 20787 20787 I DetoxRNLoading: Got new RN-context async'ly through listener
05-19 13:44:31.962 20787 20787 D DetoxRNLoading: Listener-proxy method called: equals
05-19 13:44:31.964 20787 20858 I DetoxRNIdleRes: Setting up Espresso Idling Resources for React Native
05-19 13:44:31.990 20787 20858 D AsyncStorageIR: Checking whether a custom IR for Async-Storage is required... (legacy=false)
05-19 13:44:31.990 20787 20858 D AsyncStorageIR: IR for Async-Storage is required! (legacy=false)
05-19 13:44:31.991 20787 20858 D AsyncStorageIR: Checking whether a custom IR for Async-Storage is required... (legacy=true)
05-19 13:44:31.992 20787 20858 D AsyncStorageIR: IR for Async-Storage is required! (legacy=true)
05-19 13:44:31.994 20787 20787 D AsyncStorageIR: Async-storage is busy!
05-19 13:44:31.994 20787 20787 D AsyncStorageIRLegacy: Async-storage is busy!
05-19 13:44:31.999 20787 20858 I DetoxDispatcher: Done with action '_init'
05-19 13:44:32.000 20787 20858 I DetoxDispatcher: Handling action 'isReady' (ID #-1000)...
05-19 13:44:32.004 20787 20787 W com.fakestore: Accessing hidden method Landroid/os/MessageQueue;->next()Landroid/os/Message; (greylist, reflection, allowed)
05-19 13:44:32.004 20787 20787 W com.fakestore: Accessing hidden field Landroid/os/MessageQueue;->mMessages:Landroid/os/Message; (greylist, reflection, allowed)
05-19 13:44:32.004 20787 20787 W com.fakestore: Accessing hidden method Landroid/os/Message;->recycleUnchecked()V (greylist, reflection, allowed)
05-19 13:44:32.043 20787 20864 D SoLoader: libreactnativeblob.so not found on /data/data/com.fakestore/lib-main
05-19 13:44:32.043 20787 20864 D SoLoader: libreactnativeblob.so found on /data/app/~~bN1mxJfXaFWYhWewb8pVJw==/com.fakestore-BE3vALYAbfZCOH9ve_Hc3w==/lib/arm64
05-19 13:44:32.043 20787 20864 D SoLoader: Not resolving dependencies for libreactnativeblob.so
05-19 13:44:32.059 20787 20865 I flipper : flipper: FlipperClient::addPlugin Fresco
05-19 13:44:32.093 20787 20865 I WebViewFactory: Loading com.google.android.webview version 110.0.5481.153 (code 548115333)
05-19 13:44:32.101 20787 20865 W linker  : Warning: "/data/app/~~ZS9E27XFUMq_UEOJpzgrAw==/com.google.android.webview-1F4-Y8gMX6Rl1iWbcmwEbQ==/base.apk!/lib/arm64-v8a/libmonochrome.so" unused DT entry: unknown processor-specific (type 0x70000001 arg 0x0) (ignoring)
05-19 13:44:32.112 20787 20865 W com.fakestore: Accessing hidden method Landroid/os/Trace;->isTagEnabled(J)Z (greylist, reflection, allowed)
05-19 13:44:32.112 20787 20865 W com.fakestore: Accessing hidden method Landroid/os/Trace;->traceBegin(JLjava/lang/String;)V (greylist, reflection, allowed)
05-19 13:44:32.112 20787 20865 W com.fakestore: Accessing hidden method Landroid/os/Trace;->traceEnd(J)V (greylist, reflection, allowed)
05-19 13:44:32.112 20787 20865 W com.fakestore: Accessing hidden method Landroid/os/Trace;->asyncTraceBegin(JLjava/lang/String;I)V (greylist, reflection, allowed)
05-19 13:44:32.112 20787 20865 W com.fakestore: Accessing hidden method Landroid/os/Trace;->asyncTraceEnd(JLjava/lang/String;I)V (greylist, reflection, allowed)
05-19 13:44:32.116 20787 20865 I cr_WVCFactoryProvider: Loaded version=110.0.5481.153 minSdkVersion=29 isBundle=true multiprocess=true packageId=2
05-19 13:44:32.138 20787 20865 I cr_LibraryLoader: Successfully loaded native library
05-19 13:44:32.139 20787 20865 I cr_CachingUmaRecorder: Flushed 8 samples from 8 histograms.
05-19 13:44:32.475 20787 20864 I ReactNativeJS: Running "FakeStore" with {"rootTag":1}
05-19 13:44:32.645 20787 20865 W unknown:ViewManagerPropertyUpdater: Could not find generated setter for class com.swmansion.rnscreens.ScreensShadowNode
05-19 13:44:32.688 20787 20787 I Detox   : UIManagerModule is busy
05-19 13:44:32.756 20787 20787 I Detox   : UIManagerModule is busy
05-19 13:44:32.820 20787 20924 D SoLoader: libimagepipeline.so not found on /data/data/com.fakestore/lib-main
05-19 13:44:32.820 20787 20924 D SoLoader: libimagepipeline.so found on /data/app/~~bN1mxJfXaFWYhWewb8pVJw==/com.fakestore-BE3vALYAbfZCOH9ve_Hc3w==/lib/arm64
05-19 13:44:32.820 20787 20924 D SoLoader: Not resolving dependencies for libimagepipeline.so
05-19 13:44:32.828 20787 20787 I Detox   : Wait is over: App is now idle!
05-19 13:44:32.828 20787 20858 I DetoxWSClient: Sending out action 'ready' (ID #-1000)
05-19 13:44:32.829 20787 20858 I DetoxDispatcher: Done with action 'isReady'
05-19 13:44:32.829 20787 20858 I DetoxDispatcher: Handling action 'loginSuccess' (ID #0)...
05-19 13:44:32.829 20787 20858 I DetoxDispatcher: Done with action 'loginSuccess'
05-19 13:44:32.829 20787 20858 I DetoxDispatcher: Handling action 'isReady' (ID #-1000)...
05-19 13:44:32.834 20787 20787 I Detox   : Wait is over: App is now idle!
05-19 13:44:32.835 20787 20858 I DetoxWSClient: Sending out action 'ready' (ID #-1000)
05-19 13:44:32.835 20787 20858 I DetoxDispatcher: Done with action 'isReady'
