--------- beginning of main
05-19 13:42:13.355 16735 16816 I ReactNativeJS: Running "FakeStore" with {"rootTag":1}
05-19 13:42:13.532 16735 16817 W unknown:ViewManagerPropertyUpdater: Could not find generated setter for class com.swmansion.rnscreens.ScreensShadowNode
05-19 13:42:13.579 16735 16735 I Detox   : UIManagerModule is busy
05-19 13:42:13.638 16735 16735 I Detox   : UIManagerModule is busy
05-19 13:42:13.678 16735 16883 D SoLoader: libimagepipeline.so not found on /data/data/com.fakestore/lib-main
05-19 13:42:13.678 16735 16883 D SoLoader: libimagepipeline.so found on /data/app/~~1Jg32xzan4EQG9G4_rgWoA==/com.fakestore-iKoTRBqMdo0fUejJwKGjUg==/lib/arm64
05-19 13:42:13.678 16735 16883 D SoLoader: Not resolving dependencies for libimagepipeline.so
05-19 13:42:13.713 16735 16735 I Detox   : Wait is over: App is now idle!
05-19 13:42:13.713 16735 16808 I DetoxWSClient: Sending out action 'ready' (ID #-1000)
05-19 13:42:13.715 16735 16808 I DetoxDispatcher: Done with action 'isReady'
05-19 13:42:13.716 16735 16808 I DetoxDispatcher: Handling action 'loginSuccess' (ID #0)...
05-19 13:42:13.716 16735 16808 I DetoxDispatcher: Done with action 'loginSuccess'
05-19 13:42:13.716 16735 16808 I DetoxDispatcher: Handling action 'isReady' (ID #-1000)...
05-19 13:42:13.799 16735 16810 D DetoxWSClient: Received action 'invoke' (ID #1, params={"target":{"type":"Class","value":"com.wix.detox.espresso.DetoxAssertion"},"method":"waitForAssertMatcher","args":[{"type":"Invocation","value":{"target":{"type":"Class","value":"androidx.test.espresso.Espresso"},"method":"onView","args":[{"type":"Invocation","value":{"target":{"type":"Class","value":"com.wix.detox.espresso.DetoxMatcher"},"method":"matcherForText","args":["Fake Store"]}}]}},{"type":"Invocation","value":{"target":{"type":"Class","value":"com.wix.detox.espresso.DetoxMatcher"},"method":"matcherForSufficientlyVisible","args":[{"type":"Integer","value":75}]}},{"type":"Double","value":3}]})
05-19 13:42:14.040 16735 16735 I Detox   : Wait is over: App is now idle!
05-19 13:42:14.040 16735 16808 I DetoxWSClient: Sending out action 'ready' (ID #-1000)
05-19 13:42:14.041 16735 16808 I DetoxDispatcher: Done with action 'isReady'
05-19 13:42:14.041 16735 16808 I DetoxDispatcher: Handling action 'invoke' (ID #1)...
05-19 13:42:14.048 16735 16808 D Detox   : class com.wix.detox.espresso.DetoxMatcher, matcherForText, [Fake Store]
05-19 13:42:14.054 16735 16808 D Detox   : class androidx.test.espresso.Espresso, onView, [(an instance of android.widget.TextView and view.getText() with or without transformation to match: is "Fake Store" and view has effective visibility <VISIBLE>)]
05-19 13:42:14.054 16735 16808 D Detox   : class com.wix.detox.espresso.DetoxMatcher, matcherForSufficientlyVisible, [75]
05-19 13:42:14.055 16735 16808 D Detox   : class com.wix.detox.espresso.DetoxAssertion, waitForAssertMatcher, [androidx.test.espresso.ViewInteraction@9820fd9, (view has effective visibility <VISIBLE> and view.getGlobalVisibleRect() covers at least <75> percent of the view's area), 3.0]
05-19 13:42:14.061 16735 16735 W com.fakestore: Accessing hidden method Landroid/view/WindowManagerGlobal;->getInstance()Landroid/view/WindowManagerGlobal; (greylist, reflection, allowed)
05-19 13:42:14.061 16735 16735 W com.fakestore: Accessing hidden field Landroid/view/WindowManagerGlobal;->mViews:Ljava/util/ArrayList; (greylist, reflection, allowed)
05-19 13:42:14.061 16735 16735 W com.fakestore: Accessing hidden field Landroid/view/WindowManagerGlobal;->mParams:Ljava/util/ArrayList; (greylist, reflection, allowed)
05-19 13:42:14.065 16735 16735 I ViewInteraction: Checking 'MatchesViewAssertion(Detox){viewMatcher=(view has effective visibility <VISIBLE> and view.getGlobalVisibleRect() covers at least <75> percent of the view's area)}' assertion on view (an instance of android.widget.TextView and view.getText() with or without transformation to match: is "Fake Store" and view has effective visibility <VISIBLE>)
05-19 13:42:14.066 16735 16808 I DetoxWSClient: Sending out action 'invokeResult' (ID #1)
05-19 13:42:14.066 16735 16808 I DetoxDispatcher: Done with action 'invoke'
05-19 13:42:14.072 16735 16810 D DetoxWSClient: Received action 'invoke' (ID #2, params={"target":{"type":"Class","value":"com.wix.detox.espresso.DetoxAssertion"},"method":"waitForAssertMatcher","args":[{"type":"Invocation","value":{"target":{"type":"Class","value":"androidx.test.espresso.Espresso"},"method":"onView","args":[{"type":"Invocation","value":{"target":{"type":"Class","value":"com.wix.detox.espresso.DetoxMatcher"},"method":"matcherForText","args":["Find your Gadget"]}}]}},{"type":"Invocation","value":{"target":{"type":"Class","value":"com.wix.detox.espresso.DetoxMatcher"},"method":"matcherForSufficientlyVisible","args":[{"type":"Integer","value":75}]}},{"type":"Double","value":3}]})
05-19 13:42:14.073 16735 16808 I DetoxDispatcher: Handling action 'invoke' (ID #2)...
05-19 13:42:14.073 16735 16808 D Detox   : class com.wix.detox.espresso.DetoxMatcher, matcherForText, [Find your Gadget]
05-19 13:42:14.073 16735 16808 D Detox   : class androidx.test.espresso.Espresso, onView, [(an instance of android.widget.TextView and view.getText() with or without transformation to match: is "Find your Gadget" and view has effective visibility <VISIBLE>)]
05-19 13:42:14.074 16735 16808 D Detox   : class com.wix.detox.espresso.DetoxMatcher, matcherForSufficientlyVisible, [75]
05-19 13:42:14.074 16735 16808 D Detox   : class com.wix.detox.espresso.DetoxAssertion, waitForAssertMatcher, [androidx.test.espresso.ViewInteraction@10f207f, (view has effective visibility <VISIBLE> and view.getGlobalVisibleRect() covers at least <75> percent of the view's area), 3.0]
05-19 13:42:14.091 16735 16735 I ViewInteraction: Checking 'MatchesViewAssertion(Detox){viewMatcher=(view has effective visibility <VISIBLE> and view.getGlobalVisibleRect() covers at least <75> percent of the view's area)}' assertion on view (an instance of android.widget.TextView and view.getText() with or without transformation to match: is "Find your Gadget" and view has effective visibility <VISIBLE>)
05-19 13:42:14.127 16735 16735 I ViewInteraction: Checking 'MatchesViewAssertion(Detox){viewMatcher=(view has effective visibility <VISIBLE> and view.getGlobalVisibleRect() covers at least <75> percent of the view's area)}' assertion on view (an instance of android.widget.TextView and view.getText() with or without transformation to match: is "Find your Gadget" and view has effective visibility <VISIBLE>)
05-19 13:42:14.306 16735 16735 I chatty  : uid=11049(com.fakestore) identical 5 lines
05-19 13:42:14.342 16735 16735 I ViewInteraction: Checking 'MatchesViewAssertion(Detox){viewMatcher=(view has effective visibility <VISIBLE> and view.getGlobalVisibleRect() covers at least <75> percent of the view's area)}' assertion on view (an instance of android.widget.TextView and view.getText() with or without transformation to match: is "Find your Gadget" and view has effective visibility <VISIBLE>)
05-19 13:42:14.377 16735 16735 I ViewInteraction: Checking 'MatchesViewAssertion(Detox){viewMatcher=(view has effective visibility <VISIBLE> and view.getGlobalVisibleRect() covers at least <75> percent of the view's area)}' assertion on view (an instance of android.widget.TextView and view.getText() with or without transformation to match: is "Find your Gadget" and view has effective visibility <VISIBLE>)
05-19 13:42:14.418 16735 16735 I ViewInteraction: Checking 'MatchesViewAssertion(Detox){viewMatcher=(view has effective visibility <VISIBLE> and view.getGlobalVisibleRect() covers at least <75> percent of the view's area)}' assertion on view (an instance of android.widget.TextView and view.getText() with or without transformation to match: is "Find your Gadget" and view has effective visibility <VISIBLE>)
05-19 13:42:14.457 16735 16735 I ViewInteraction: Checking 'MatchesViewAssertion(Detox){viewMatcher=(view has effective visibility <VISIBLE> and view.getGlobalVisibleRect() covers at least <75> percent of the view's area)}' assertion on view (an instance of android.widget.TextView and view.getText() with or without transformation to match: is "Find your Gadget" and view has effective visibility <VISIBLE>)
05-19 13:42:14.494 16735 16735 I ViewInteraction: Checking 'MatchesViewAssertion(Detox){viewMatcher=(view has effective visibility <VISIBLE> and view.getGlobalVisibleRect() covers at least <75> percent of the view's area)}' assertion on view (an instance of android.widget.TextView and view.getText() with or without transformation to match: is "Find your Gadget" and view has effective visibility <VISIBLE>)
05-19 13:42:14.625 16735 16735 I chatty  : uid=11049(com.fakestore) identical 4 lines
05-19 13:42:14.660 16735 16735 I ViewInteraction: Checking 'MatchesViewAssertion(Detox){viewMatcher=(view has effective visibility <VISIBLE> and view.getGlobalVisibleRect() covers at least <75> percent of the view's area)}' assertion on view (an instance of android.widget.TextView and view.getText() with or without transformation to match: is "Find your Gadget" and view has effective visibility <VISIBLE>)
05-19 13:42:14.695 16735 16735 I ViewInteraction: Checking 'MatchesViewAssertion(Detox){viewMatcher=(view has effective visibility <VISIBLE> and view.getGlobalVisibleRect() covers at least <75> percent of the view's area)}' assertion on view (an instance of android.widget.TextView and view.getText() with or without transformation to match: is "Find your Gadget" and view has effective visibility <VISIBLE>)
05-19 13:42:14.759 16735 16735 I chatty  : uid=11049(com.fakestore) identical 2 lines
05-19 13:42:14.794 16735 16735 I ViewInteraction: Checking 'MatchesViewAssertion(Detox){viewMatcher=(view has effective visibility <VISIBLE> and view.getGlobalVisibleRect() covers at least <75> percent of the view's area)}' assertion on view (an instance of android.widget.TextView and view.getText() with or without transformation to match: is "Find your Gadget" and view has effective visibility <VISIBLE>)
05-19 13:42:14.825 16735 16735 I ViewInteraction: Checking 'MatchesViewAssertion(Detox){viewMatcher=(view has effective visibility <VISIBLE> and view.getGlobalVisibleRect() covers at least <75> percent of the view's area)}' assertion on view (an instance of android.widget.TextView and view.getText() with or without transformation to match: is "Find your Gadget" and view has effective visibility <VISIBLE>)
05-19 13:42:14.861 16735 16735 I ViewInteraction: Checking 'MatchesViewAssertion(Detox){viewMatcher=(view has effective visibility <VISIBLE> and view.getGlobalVisibleRect() covers at least <75> percent of the view's area)}' assertion on view (an instance of android.widget.TextView and view.getText() with or without transformation to match: is "Find your Gadget" and view has effective visibility <VISIBLE>)
05-19 13:42:14.891 16735 16735 I ViewInteraction: Checking 'MatchesViewAssertion(Detox){viewMatcher=(view has effective visibility <VISIBLE> and view.getGlobalVisibleRect() covers at least <75> percent of the view's area)}' assertion on view (an instance of android.widget.TextView and view.getText() with or without transformation to match: is "Find your Gadget" and view has effective visibility <VISIBLE>)
05-19 13:42:15.084 16735 16735 I chatty  : uid=11049(com.fakestore) identical 6 lines
05-19 13:42:15.119 16735 16735 I ViewInteraction: Checking 'MatchesViewAssertion(Detox){viewMatcher=(view has effective visibility <VISIBLE> and view.getGlobalVisibleRect() covers at least <75> percent of the view's area)}' assertion on view (an instance of android.widget.TextView and view.getText() with or without transformation to match: is "Find your Gadget" and view has effective visibility <VISIBLE>)
05-19 13:42:15.154 16735 16735 I ViewInteraction: Checking 'MatchesViewAssertion(Detox){viewMatcher=(view has effective visibility <VISIBLE> and view.getGlobalVisibleRect() covers at least <75> percent of the view's area)}' assertion on view (an instance of android.widget.TextView and view.getText() with or without transformation to match: is "Find your Gadget" and view has effective visibility <VISIBLE>)
05-19 13:42:15.187 16735 16735 I chatty  : uid=11049(com.fakestore) identical 1 line
05-19 13:42:15.223 16735 16735 I ViewInteraction: Checking 'MatchesViewAssertion(Detox){viewMatcher=(view has effective visibility <VISIBLE> and view.getGlobalVisibleRect() covers at least <75> percent of the view's area)}' assertion on view (an instance of android.widget.TextView and view.getText() with or without transformation to match: is "Find your Gadget" and view has effective visibility <VISIBLE>)
05-19 13:42:15.257 16735 16735 I ViewInteraction: Checking 'MatchesViewAssertion(Detox){viewMatcher=(view has effective visibility <VISIBLE> and view.getGlobalVisibleRect() covers at least <75> percent of the view's area)}' assertion on view (an instance of android.widget.TextView and view.getText() with or without transformation to match: is "Find your Gadget" and view has effective visibility <VISIBLE>)
05-19 13:42:15.359 16735 16735 I chatty  : uid=11049(com.fakestore) identical 3 lines
05-19 13:42:15.393 16735 16735 I ViewInteraction: Checking 'MatchesViewAssertion(Detox){viewMatcher=(view has effective visibility <VISIBLE> and view.getGlobalVisibleRect() covers at least <75> percent of the view's area)}' assertion on view (an instance of android.widget.TextView and view.getText() with or without transformation to match: is "Find your Gadget" and view has effective visibility <VISIBLE>)
05-19 13:42:15.425 16735 16735 I ViewInteraction: Checking 'MatchesViewAssertion(Detox){viewMatcher=(view has effective visibility <VISIBLE> and view.getGlobalVisibleRect() covers at least <75> percent of the view's area)}' assertion on view (an instance of android.widget.TextView and view.getText() with or without transformation to match: is "Find your Gadget" and view has effective visibility <VISIBLE>)
05-19 13:42:15.459 16735 16735 I ViewInteraction: Checking 'MatchesViewAssertion(Detox){viewMatcher=(view has effective visibility <VISIBLE> and view.getGlobalVisibleRect() covers at least <75> percent of the view's area)}' assertion on view (an instance of android.widget.TextView and view.getText() with or without transformation to match: is "Find your Gadget" and view has effective visibility <VISIBLE>)
05-19 13:42:15.493 16735 16735 I Detox   : UIManagerModule is busy
05-19 13:42:15.500 16735 16735 D AsyncStorageIR: Async-storage is busy!
05-19 13:42:15.596 16735 16735 I Detox   : UIManagerModule is busy
05-19 13:42:15.635 16735 16735 I Detox   : UIManagerModule is busy
05-19 13:42:15.841 16735 16735 I ViewInteraction: Checking 'MatchesViewAssertion(Detox){viewMatcher=(view has effective visibility <VISIBLE> and view.getGlobalVisibleRect() covers at least <75> percent of the view's area)}' assertion on view (an instance of android.widget.TextView and view.getText() with or without transformation to match: is "Find your Gadget" and view has effective visibility <VISIBLE>)
05-19 13:42:15.843 16735 16808 I DetoxWSClient: Sending out action 'invokeResult' (ID #2)
05-19 13:42:15.843 16735 16808 I DetoxDispatcher: Done with action 'invoke'
05-19 13:42:15.854 16735 16810 D DetoxWSClient: Received action 'invoke' (ID #3, params={"target":{"type":"Class","value":"com.wix.detox.espresso.EspressoDetox"},"method":"perform","args":[{"type":"Invocation","value":{"target":{"type":"Class","value":"androidx.test.espresso.Espresso"},"method":"onView","args":[{"type":"Invocation","value":{"target":{"type":"Class","value":"com.wix.detox.espresso.DetoxMatcher"},"method":"matcherForText","args":["Get Started"]}}]}},{"type":"Invocation","value":{"target":{"type":"Class","value":"com.wix.detox.espresso.DetoxViewActions"},"method":"click","args":[]}}]})
05-19 13:42:15.854 16735 16808 I DetoxDispatcher: Handling action 'invoke' (ID #3)...
05-19 13:42:15.854 16735 16808 D Detox   : class com.wix.detox.espresso.DetoxMatcher, matcherForText, [Get Started]
05-19 13:42:15.855 16735 16808 D Detox   : class androidx.test.espresso.Espresso, onView, [(an instance of android.widget.TextView and view.getText() with or without transformation to match: is "Get Started" and view has effective visibility <VISIBLE>)]
05-19 13:42:15.855 16735 16808 D Detox   : class com.wix.detox.espresso.DetoxViewActions, click, []
05-19 13:42:15.856 16735 16808 W com.fakestore: Accessing hidden method Landroid/view/ViewConfiguration;->getDoubleTapMinTime()I (greylist, reflection, allowed)
05-19 13:42:15.858 16735 16808 D Detox   : class com.wix.detox.espresso.EspressoDetox, perform, [androidx.test.espresso.ViewInteraction@3368622, com.wix.detox.espresso.action.RNClickAction@b61a8b3]
05-19 13:42:15.862 16735 16735 I ViewInteraction: Performing 'com.wix.detox.espresso.action.detoxsingletap@76d8e70 click' action on view (an instance of android.widget.TextView and view.getText() with or without transformation to match: is "Get Started" and view has effective visibility <VISIBLE>)
--------- beginning of system
05-19 13:42:15.869 16735 16735 D ViewRootImpl: enqueueInputEventMotionEvent { action=ACTION_DOWN, actionButton=0, id[0]=0, x[0]=540.0, y[0]=1903.0, toolType[0]=TOOL_TYPE_UNKNOWN, buttonState=BUTTON_PRIMARY, classification=NONE, metaState=0, flags=0x0, edgeFlags=0x0, pointerCount=1, historySize=0, eventTime=105502962, downTime=105502962, deviceId=-1, source=0x1002, displayId=0 }
05-19 13:42:15.870 16735 16735 D ViewRootImpl[MainActivity]: processMotionEvent MotionEvent { action=ACTION_DOWN, actionButton=0, id[0]=0, x[0]=540.0, y[0]=1903.0, toolType[0]=TOOL_TYPE_UNKNOWN, buttonState=BUTTON_PRIMARY, classification=NONE, metaState=0, flags=0x0, edgeFlags=0x0, pointerCount=1, historySize=0, eventTime=105502962, downTime=105502962, deviceId=-1, source=0x1002, displayId=0 }
05-19 13:42:15.876 16735 16735 D ViewRootImpl[MainActivity]: dispatchPointerEvent handled=true, event=MotionEvent { action=ACTION_DOWN, actionButton=0, id[0]=0, x[0]=540.0, y[0]=1903.0, toolType[0]=TOOL_TYPE_UNKNOWN, buttonState=BUTTON_PRIMARY, classification=NONE, metaState=0, flags=0x0, edgeFlags=0x0, pointerCount=1, historySize=0, eventTime=105502962, downTime=105502962, deviceId=-1, source=0x1002, displayId=0 }
05-19 13:42:15.896 16735 16735 D ViewRootImpl[MainActivity]: processMotionEvent MotionEvent { action=ACTION_UP, actionButton=0, id[0]=0, x[0]=540.0, y[0]=1903.0, toolType[0]=TOOL_TYPE_UNKNOWN, buttonState=0, classification=NONE, metaState=0, flags=0x0, edgeFlags=0x0, pointerCount=1, historySize=0, eventTime=105502992, downTime=105502962, deviceId=-1, source=0x1002, displayId=0 }
05-19 13:42:15.903 16735 16735 D ViewRootImpl[MainActivity]: dispatchPointerEvent handled=true, event=MotionEvent { action=ACTION_UP, actionButton=0, id[0]=0, x[0]=540.0, y[0]=1903.0, toolType[0]=TOOL_TYPE_UNKNOWN, buttonState=0, classification=NONE, metaState=0, flags=0x0, edgeFlags=0x0, pointerCount=1, historySize=0, eventTime=105502992, downTime=105502962, deviceId=-1, source=0x1002, displayId=0 }
05-19 13:42:15.985 16735 16758 I com.fakestore: Waiting for a blocking GC ProfileSaver
05-19 13:42:16.019 16735 16817 W unknown:ReactNative: Attempt to set local data for view with unknown tag: -1
05-19 13:42:16.021 16735 16735 I Detox   : UIManagerModule is busy
05-19 13:42:16.022 16735 16758 I com.fakestore: ProcessProfilingInfo new_methods=7209 is saved saved_to_disk=1 resolve_classes_delay=5000
05-19 13:42:16.047 16735 16817 W unknown:ReactNative: Attempt to set local data for view with unknown tag: -1
05-19 13:42:16.111 16735 16735 I Detox   : UIManagerModule is busy
05-19 13:42:16.131 16735 16735 I Detox   : UIManagerModule is busy
05-19 13:42:16.174 16735 16750 I com.fakestore: Background concurrent copying GC freed 366694(20MB) AllocSpace objects, 91(1884KB) LOS objects, 49% free, 7078KB/13MB, paused 107us total 103.849ms
05-19 13:42:16.828 16735 16808 I DetoxWSClient: Sending out action 'invokeResult' (ID #3)
05-19 13:42:16.829 16735 16808 I DetoxDispatcher: Done with action 'invoke'
05-19 13:42:16.835 16735 16810 D DetoxWSClient: Received action 'invoke' (ID #4, params={"target":{"type":"Class","value":"com.wix.detox.espresso.DetoxAssertion"},"method":"assertMatcher","args":[{"type":"Invocation","value":{"target":{"type":"Class","value":"androidx.test.espresso.Espresso"},"method":"onView","args":[{"type":"Invocation","value":{"target":{"type":"Class","value":"com.wix.detox.espresso.DetoxMatcher"},"method":"matcherForText","args":["Welcome Back"]}}]}},{"type":"Invocation","value":{"target":{"type":"Class","value":"com.wix.detox.espresso.DetoxMatcher"},"method":"matcherForSufficientlyVisible","args":[{"type":"Integer","value":75}]}}]})
05-19 13:42:16.835 16735 16808 I DetoxDispatcher: Handling action 'invoke' (ID #4)...
05-19 13:42:16.836 16735 16808 D Detox   : class com.wix.detox.espresso.DetoxMatcher, matcherForText, [Welcome Back]
05-19 13:42:16.836 16735 16808 D Detox   : class androidx.test.espresso.Espresso, onView, [(an instance of android.widget.TextView and view.getText() with or without transformation to match: is "Welcome Back" and view has effective visibility <VISIBLE>)]
05-19 13:42:16.837 16735 16808 D Detox   : class com.wix.detox.espresso.DetoxMatcher, matcherForSufficientlyVisible, [75]
05-19 13:42:16.837 16735 16808 D Detox   : class com.wix.detox.espresso.DetoxAssertion, assertMatcher, [androidx.test.espresso.ViewInteraction@301f811, (view has effective visibility <VISIBLE> and view.getGlobalVisibleRect() covers at least <75> percent of the view's area)]
05-19 13:42:16.841 16735 16735 I ViewInteraction: Checking 'MatchesViewAssertion(Detox){viewMatcher=(view has effective visibility <VISIBLE> and view.getGlobalVisibleRect() covers at least <75> percent of the view's area)}' assertion on view (an instance of android.widget.TextView and view.getText() with or without transformation to match: is "Welcome Back" and view has effective visibility <VISIBLE>)
05-19 13:42:16.843 16735 16808 I DetoxWSClient: Sending out action 'invokeResult' (ID #4)
05-19 13:42:16.844 16735 16808 I DetoxDispatcher: Done with action 'invoke'
