--------- beginning of main
05-19 12:25:52.003 17720 17807 I flipper : flipper: FlipperClient::addPlugin Fresco
05-19 12:25:52.049 17720 17806 D SoLoader: libreactnativeblob.so not found on /data/data/com.fakestore/lib-main
05-19 12:25:52.049 17720 17806 D SoLoader: libreactnativeblob.so found on /data/app/~~XH71AeDxfaoasXcuuucmkQ==/com.fakestore-2oLlCGH9fLRLzsQmtGIMeQ==/lib/arm64
05-19 12:25:52.049 17720 17806 D SoLoader: Not resolving dependencies for libreactnativeblob.so
05-19 12:25:52.089 17720 17807 I WebViewFactory: Loading com.google.android.webview version 110.0.5481.153 (code 548115333)
05-19 12:25:52.097 17720 17807 W linker  : Warning: "/data/app/~~ZS9E27XFUMq_UEOJpzgrAw==/com.google.android.webview-1F4-Y8gMX6Rl1iWbcmwEbQ==/base.apk!/lib/arm64-v8a/libmonochrome.so" unused DT entry: unknown processor-specific (type 0x70000001 arg 0x0) (ignoring)
05-19 12:25:52.109 17720 17807 W com.fakestore: Accessing hidden method Landroid/os/Trace;->isTagEnabled(J)Z (greylist, reflection, allowed)
05-19 12:25:52.109 17720 17807 W com.fakestore: Accessing hidden method Landroid/os/Trace;->traceBegin(JLjava/lang/String;)V (greylist, reflection, allowed)
05-19 12:25:52.109 17720 17807 W com.fakestore: Accessing hidden method Landroid/os/Trace;->traceEnd(J)V (greylist, reflection, allowed)
05-19 12:25:52.109 17720 17807 W com.fakestore: Accessing hidden method Landroid/os/Trace;->asyncTraceBegin(JLjava/lang/String;I)V (greylist, reflection, allowed)
05-19 12:25:52.109 17720 17807 W com.fakestore: Accessing hidden method Landroid/os/Trace;->asyncTraceEnd(JLjava/lang/String;I)V (greylist, reflection, allowed)
05-19 12:25:52.114 17720 17807 I cr_WVCFactoryProvider: Loaded version=110.0.5481.153 minSdkVersion=29 isBundle=true multiprocess=true packageId=2
05-19 12:25:52.133 17720 17807 I cr_LibraryLoader: Successfully loaded native library
05-19 12:25:52.134 17720 17807 I cr_CachingUmaRecorder: Flushed 8 samples from 8 histograms.
05-19 12:25:52.468 17720 17806 I ReactNativeJS: Running "FakeStore" with {"rootTag":1}
05-19 12:25:52.619 17720 17807 W unknown:ViewManagerPropertyUpdater: Could not find generated setter for class com.swmansion.rnscreens.ScreensShadowNode
05-19 12:25:52.812 17720 17720 I Detox   : Wait is over: App is now idle!
05-19 12:25:52.812 17720 17795 I DetoxWSClient: Sending out action 'ready' (ID #-1000)
05-19 12:25:52.813 17720 17795 I DetoxDispatcher: Done with action 'isReady'
05-19 12:25:52.813 17720 17795 I DetoxDispatcher: Handling action 'loginSuccess' (ID #0)...
05-19 12:25:52.813 17720 17795 I DetoxDispatcher: Done with action 'loginSuccess'
05-19 12:25:52.813 17720 17795 I DetoxDispatcher: Handling action 'isReady' (ID #-1000)...
05-19 12:25:52.817 17720 17720 I Detox   : Wait is over: App is now idle!
05-19 12:25:52.817 17720 17795 I DetoxWSClient: Sending out action 'ready' (ID #-1000)
05-19 12:25:52.818 17720 17795 I DetoxDispatcher: Done with action 'isReady'
05-19 12:25:52.864 17720 17859 D SoLoader: libimagepipeline.so not found on /data/data/com.fakestore/lib-main
05-19 12:25:52.864 17720 17859 D SoLoader: libimagepipeline.so found on /data/app/~~XH71AeDxfaoasXcuuucmkQ==/com.fakestore-2oLlCGH9fLRLzsQmtGIMeQ==/lib/arm64
05-19 12:25:52.864 17720 17859 D SoLoader: Not resolving dependencies for libimagepipeline.so
05-19 12:25:52.977 17720 17797 D DetoxWSClient: Received action 'reactNativeReload' (ID #-1000, params={})
05-19 12:25:52.978 17720 17795 I DetoxDispatcher: Handling action 'reactNativeReload' (ID #-1000)...
05-19 12:25:53.255 17720 17795 I DetoxRNExt: Reloading React Native
--------- beginning of system
05-19 12:25:53.378 17720 17720 D ColorViewRootUtil: initSwipState, isDisplayCompatApp false
05-19 12:25:53.378 17720 17720 D ColorViewRootUtil: mScreenHeight 2400, mScreenWidth 1080
05-19 12:25:53.380 17720 17720 D WindowManager: Add to mViews: android.widget.PopupWindow$PopupDecorView{80fb58f V.E...... R.....I. 0,0-0,0},pkg= com.fakestore
05-19 12:25:53.778 17720 17734 I com.fakestore: WaitForGcToComplete blocked RunEmptyCheckpoint on ProfileSaver for 29.101ms
05-19 12:25:53.788 17720 17745 I com.fakestore: ProcessProfilingInfo new_methods=6750 is saved saved_to_disk=1 resolve_classes_delay=5000
05-19 12:25:54.613 17720 17720 W unknown:ReactNative: Packager connection already open, nooping.
05-19 12:25:54.614 17720 17807 W unknown:ReactContextBaseJavaModule: Catalyst Instance has already disappeared: requested by DeviceInfo
05-19 12:25:54.614 17720 17807 W unknown:ReactContextBaseJavaModule: Catalyst Instance has already disappeared: requested by AppState
05-19 12:25:54.614 17720 17807 W unknown:ReactContextBaseJavaModule: Catalyst Instance has already disappeared: requested by NativeAnimatedModule
05-19 12:25:54.614 17720 17807 W unknown:ReactContextBaseJavaModule: Catalyst Instance has already disappeared: requested by FrescoModule
05-19 12:25:54.617 17720 17720 E unknown:ReactInstanceManager: destroyRootView called
05-19 12:25:54.617 17720 17720 E unknown:ReactInstanceManager: destroyRootView called, unmountReactApplication
05-19 12:25:54.628 17720 17878 W unknown:ReactContext: initializeMessageQueueThreads() is called.
05-19 12:25:54.633 17720 17720 W unknown:ReactNative: Packager connection already open, nooping.
05-19 12:25:54.642 17720 17880 W unknown:ViewManagerPropertyUpdater: Could not find generated setter for class com.facebook.react.views.drawer.ReactDrawerLayoutManager
05-19 12:25:54.645 17720 17880 W unknown:ViewManagerPropertyUpdater: Could not find generated setter for class com.facebook.react.uimanager.LayoutShadowNode
05-19 12:25:54.645 17720 17757 W unknown:ReactNative: Invoking JS callback after bridge has been destroyed.
05-19 12:25:54.647 17720 17880 W unknown:ViewManagerPropertyUpdater: Could not find generated setter for class com.facebook.react.views.scroll.ReactHorizontalScrollViewManager
05-19 12:25:54.648 17720 17880 W unknown:ViewManagerPropertyUpdater: Could not find generated setter for class com.facebook.react.views.scroll.ReactHorizontalScrollContainerViewManager
05-19 12:25:54.649 17720 17880 W unknown:ViewManagerPropertyUpdater: Could not find generated setter for class com.facebook.react.views.progressbar.ReactProgressBarViewManager
05-19 12:25:54.650 17720 17880 W unknown:ViewManagerPropertyUpdater: Could not find generated setter for class com.facebook.react.views.progressbar.ProgressBarShadowNode
05-19 12:25:54.651 17720 17880 W unknown:ViewManagerPropertyUpdater: Could not find generated setter for class com.facebook.react.views.scroll.ReactScrollViewManager
05-19 12:25:54.652 17720 17880 W unknown:ViewManagerPropertyUpdater: Could not find generated setter for class com.facebook.react.views.slider.ReactSliderManager
05-19 12:25:54.657 17720 17880 W unknown:ViewManagerPropertyUpdater: Could not find generated setter for class com.facebook.react.views.slider.ReactSliderManager$ReactSliderShadowNode
05-19 12:25:54.659 17720 17880 W unknown:ViewManagerPropertyUpdater: Could not find generated setter for class com.facebook.react.views.switchview.ReactSwitchManager
05-19 12:25:54.660 17720 17880 W unknown:ViewManagerPropertyUpdater: Could not find generated setter for class com.facebook.react.views.switchview.ReactSwitchManager$ReactSwitchShadowNode
05-19 12:25:54.661 17720 17880 W unknown:ViewManagerPropertyUpdater: Could not find generated setter for class com.facebook.react.views.swiperefresh.SwipeRefreshLayoutManager
05-19 12:25:54.662 17720 17880 W unknown:ViewManagerPropertyUpdater: Could not find generated setter for class com.facebook.react.views.text.frescosupport.FrescoBasedReactTextInlineImageViewManager
05-19 12:25:54.662 17720 17880 W unknown:ViewManagerPropertyUpdater: Could not find generated setter for class com.facebook.react.views.text.frescosupport.FrescoBasedReactTextInlineImageShadowNode
05-19 12:25:54.663 17720 17880 W unknown:ViewManagerPropertyUpdater: Could not find generated setter for class com.facebook.react.views.image.ReactImageManager
05-19 12:25:54.664 17720 17880 W unknown:ViewManagerPropertyUpdater: Could not find generated setter for class com.facebook.react.views.modal.ReactModalHostManager
05-19 12:25:54.665 17720 17880 W unknown:ViewManagerPropertyUpdater: Could not find generated setter for class com.facebook.react.views.modal.ModalHostShadowNode
05-19 12:25:54.665 17720 17880 W unknown:ViewManagerPropertyUpdater: Could not find generated setter for class com.facebook.react.views.text.ReactRawTextManager
05-19 12:25:54.666 17720 17880 W unknown:ViewManagerPropertyUpdater: Could not find generated setter for class com.facebook.react.views.text.ReactRawTextShadowNode
05-19 12:25:54.666 17720 17880 W unknown:ViewManagerPropertyUpdater: Could not find generated setter for class com.facebook.react.views.textinput.ReactTextInputManager
05-19 12:25:54.668 17720 17880 W unknown:ViewManagerPropertyUpdater: Could not find generated setter for class com.facebook.react.views.textinput.ReactTextInputShadowNode
05-19 12:25:54.669 17720 17880 W unknown:ViewManagerPropertyUpdater: Could not find generated setter for class com.facebook.react.views.text.ReactTextViewManager
05-19 12:25:54.670 17720 17880 W unknown:ViewManagerPropertyUpdater: Could not find generated setter for class com.facebook.react.views.text.ReactTextShadowNode
05-19 12:25:54.671 17720 17880 W unknown:ViewManagerPropertyUpdater: Could not find generated setter for class com.facebook.react.views.view.ReactViewManager
05-19 12:25:54.672 17720 17880 W unknown:ViewManagerPropertyUpdater: Could not find generated setter for class com.facebook.react.views.text.ReactVirtualTextViewManager
05-19 12:25:54.673 17720 17880 W unknown:ViewManagerPropertyUpdater: Could not find generated setter for class com.facebook.react.views.text.ReactVirtualTextShadowNode
05-19 12:25:54.673 17720 17880 W unknown:ViewManagerPropertyUpdater: Could not find generated setter for class com.facebook.react.views.unimplementedview.ReactUnimplementedViewManager
05-19 12:25:54.673 17720 17880 W unknown:ViewManagerPropertyUpdater: Could not find generated setter for class org.reactnative.maskedview.RNCMaskedViewManager
05-19 12:25:54.674 17720 17880 W unknown:ViewManagerPropertyUpdater: Could not find generated setter for class com.th3rdwave.safeareacontext.SafeAreaProviderManager
05-19 12:25:54.674 17720 17880 W unknown:ViewManagerPropertyUpdater: Could not find generated setter for class com.th3rdwave.safeareacontext.SafeAreaViewManager
05-19 12:25:54.675 17720 17880 W unknown:ViewManagerPropertyUpdater: Could not find generated setter for class com.th3rdwave.safeareacontext.SafeAreaViewShadowNode
05-19 12:25:54.676 17720 17880 W unknown:ViewManagerPropertyUpdater: Could not find generated setter for class com.swmansion.rnscreens.ScreenContainerViewManager
05-19 12:25:54.676 17720 17880 W unknown:ViewManagerPropertyUpdater: Could not find generated setter for class com.swmansion.rnscreens.ScreenViewManager
05-19 12:25:54.677 17720 17880 W unknown:ViewManagerPropertyUpdater: Could not find generated setter for class com.swmansion.rnscreens.ScreenStackViewManager
05-19 12:25:54.677 17720 17880 W unknown:ViewManagerPropertyUpdater: Could not find generated setter for class com.swmansion.rnscreens.ScreenStackHeaderConfigViewManager
05-19 12:25:54.678 17720 17880 W unknown:ViewManagerPropertyUpdater: Could not find generated setter for class com.swmansion.rnscreens.ScreenStackHeaderSubviewManager
05-19 12:25:54.678 17720 17880 W unknown:ViewManagerPropertyUpdater: Could not find generated setter for class com.swmansion.rnscreens.SearchBarManager
05-19 12:25:54.679 17720 17880 W unknown:ReactContext: initializeMessageQueueThreads() is called.
05-19 12:25:54.681 17720 17720 D DetoxRNLoading: Listener-proxy method called: onReactContextInitialized
05-19 12:25:54.681 17720 17720 I DetoxRNLoading: Got new RN-context async'ly through listener
05-19 12:25:54.682 17720 17720 D DetoxRNLoading: Listener-proxy method called: equals
05-19 12:25:54.682 17720 17795 I DetoxRNIdleRes: Setting up Espresso Idling Resources for React Native
05-19 12:25:54.689 17720 17795 D AsyncStorageIR: Checking whether a custom IR for Async-Storage is required... (legacy=false)
05-19 12:25:54.690 17720 17795 D AsyncStorageIR: IR for Async-Storage is required! (legacy=false)
05-19 12:25:54.690 17720 17795 D AsyncStorageIR: Checking whether a custom IR for Async-Storage is required... (legacy=true)
05-19 12:25:54.691 17720 17795 D AsyncStorageIR: IR for Async-Storage is required! (legacy=true)
05-19 12:25:54.693 17720 17720 D AsyncStorageIR: Async-storage is busy!
05-19 12:25:54.693 17720 17720 D AsyncStorageIRLegacy: Async-storage is busy!
05-19 12:25:54.694 17720 17795 I DetoxWSClient: Sending out action 'ready' (ID #-1000)
05-19 12:25:54.696 17720 17795 I DetoxDispatcher: Done with action 'reactNativeReload'
05-19 12:25:54.719 17720 17797 D DetoxWSClient: Received action 'invoke' (ID #1, params={"target":{"type":"Class","value":"com.wix.detox.espresso.DetoxAssertion"},"method":"waitForAssertMatcher","args":[{"type":"Invocation","value":{"target":{"type":"Class","value":"androidx.test.espresso.Espresso"},"method":"onView","args":[{"type":"Invocation","value":{"target":{"type":"Class","value":"com.wix.detox.espresso.DetoxMatcher"},"method":"matcherForText","args":["Fake Store"]}}]}},{"type":"Invocation","value":{"target":{"type":"Class","value":"com.wix.detox.espresso.DetoxMatcher"},"method":"matcherForSufficientlyVisible","args":[{"type":"Integer","value":75}]}},{"type":"Double","value":5}]})
05-19 12:25:54.719 17720 17795 I DetoxDispatcher: Handling action 'invoke' (ID #1)...
05-19 12:25:54.722 17720 17795 D Detox   : class com.wix.detox.espresso.DetoxMatcher, matcherForText, [Fake Store]
05-19 12:25:54.729 17720 17795 D Detox   : class androidx.test.espresso.Espresso, onView, [(an instance of android.widget.TextView and view.getText() with or without transformation to match: is "Fake Store" and view has effective visibility <VISIBLE>)]
05-19 12:25:54.730 17720 17795 D Detox   : class com.wix.detox.espresso.DetoxMatcher, matcherForSufficientlyVisible, [75]
05-19 12:25:54.731 17720 17795 D Detox   : class com.wix.detox.espresso.DetoxAssertion, waitForAssertMatcher, [androidx.test.espresso.ViewInteraction@e452526, (view has effective visibility <VISIBLE> and view.getGlobalVisibleRect() covers at least <75> percent of the view's area), 5.0]
05-19 12:25:55.202 17720 17879 I ReactNativeJS: Running "FakeStore" with {"rootTag":11}
05-19 12:25:55.361 17720 17880 W unknown:ViewManagerPropertyUpdater: Could not find generated setter for class com.swmansion.rnscreens.ScreensShadowNode
05-19 12:25:55.406 17720 17720 I Detox   : UIManagerModule is busy
05-19 12:25:55.427 17720 17720 I Detox   : UIManagerModule is busy
05-19 12:25:55.463 17720 17856 W unknown:ReactContextBaseJavaModule: Catalyst Instance has already disappeared: requested by WebSocketModule
05-19 12:25:55.470 17720 17856 I chatty  : uid=11017(com.fakestore) alhost:8081/... identical 1 line
05-19 12:25:55.470 17720 17856 W unknown:ReactContextBaseJavaModule: Catalyst Instance has already disappeared: requested by WebSocketModule
05-19 12:25:55.495 17720 17720 W com.fakestore: Accessing hidden method Landroid/view/WindowManagerGlobal;->getInstance()Landroid/view/WindowManagerGlobal; (greylist, reflection, allowed)
05-19 12:25:55.495 17720 17720 W com.fakestore: Accessing hidden field Landroid/view/WindowManagerGlobal;->mViews:Ljava/util/ArrayList; (greylist, reflection, allowed)
05-19 12:25:55.496 17720 17720 W com.fakestore: Accessing hidden field Landroid/view/WindowManagerGlobal;->mParams:Ljava/util/ArrayList; (greylist, reflection, allowed)
05-19 12:25:55.499 17720 17720 I ViewInteraction: Checking 'MatchesViewAssertion(Detox){viewMatcher=(view has effective visibility <VISIBLE> and view.getGlobalVisibleRect() covers at least <75> percent of the view's area)}' assertion on view (an instance of android.widget.TextView and view.getText() with or without transformation to match: is "Fake Store" and view has effective visibility <VISIBLE>)
05-19 12:25:55.500 17720 17795 I DetoxWSClient: Sending out action 'invokeResult' (ID #1)
05-19 12:25:55.500 17720 17795 I DetoxDispatcher: Done with action 'invoke'
05-19 12:25:55.516 17720 17797 D DetoxWSClient: Received action 'invoke' (ID #2, params={"target":{"type":"Class","value":"com.wix.detox.espresso.DetoxAssertion"},"method":"assertMatcher","args":[{"type":"Invocation","value":{"target":{"type":"Class","value":"androidx.test.espresso.Espresso"},"method":"onView","args":[{"type":"Invocation","value":{"target":{"type":"Class","value":"com.wix.detox.espresso.DetoxMatcher"},"method":"matcherForText","args":["Find your Gadget"]}}]}},{"type":"Invocation","value":{"target":{"type":"Class","value":"com.wix.detox.espresso.DetoxMatcher"},"method":"matcherForSufficientlyVisible","args":[{"type":"Integer","value":75}]}}]})
05-19 12:25:55.519 17720 17795 I DetoxDispatcher: Handling action 'invoke' (ID #2)...
05-19 12:25:55.519 17720 17795 D Detox   : class com.wix.detox.espresso.DetoxMatcher, matcherForText, [Find your Gadget]
05-19 12:25:55.520 17720 17795 D Detox   : class androidx.test.espresso.Espresso, onView, [(an instance of android.widget.TextView and view.getText() with or without transformation to match: is "Find your Gadget" and view has effective visibility <VISIBLE>)]
05-19 12:25:55.520 17720 17795 D Detox   : class com.wix.detox.espresso.DetoxMatcher, matcherForSufficientlyVisible, [75]
05-19 12:25:55.520 17720 17795 D Detox   : class com.wix.detox.espresso.DetoxAssertion, assertMatcher, [androidx.test.espresso.ViewInteraction@57ecc6a, (view has effective visibility <VISIBLE> and view.getGlobalVisibleRect() covers at least <75> percent of the view's area)]
05-19 12:25:55.536 17720 17720 I ViewInteraction: Checking 'MatchesViewAssertion(Detox){viewMatcher=(view has effective visibility <VISIBLE> and view.getGlobalVisibleRect() covers at least <75> percent of the view's area)}' assertion on view (an instance of android.widget.TextView and view.getText() with or without transformation to match: is "Find your Gadget" and view has effective visibility <VISIBLE>)
05-19 12:25:55.539 17720 17795 I DetoxActionHandlers: Test exception
05-19 12:25:55.539 17720 17795 I DetoxActionHandlers: java.lang.reflect.InvocationTargetException
05-19 12:25:55.539 17720 17795 I DetoxActionHandlers: 	at java.lang.reflect.Method.invoke(Native Method)
05-19 12:25:55.539 17720 17795 I DetoxActionHandlers: 	at org.apache.commons.lang3.reflect.MethodUtils.invokeStaticMethod(MethodUtils.java:443)
05-19 12:25:55.539 17720 17795 I DetoxActionHandlers: 	at org.apache.commons.lang3.reflect.MethodUtils.invokeStaticMethod(MethodUtils.java:405)
05-19 12:25:55.539 17720 17795 I DetoxActionHandlers: 	at com.wix.invoke.types.ClassTarget.execute(ClassTarget.java:23)
05-19 12:25:55.539 17720 17795 I DetoxActionHandlers: 	at com.wix.invoke.types.Target.invoke(Target.java:59)
05-19 12:25:55.539 17720 17795 I DetoxActionHandlers: 	at com.wix.invoke.MethodInvocation.invoke(MethodInvocation.java:35)
05-19 12:25:55.539 17720 17795 I DetoxActionHandlers: 	at com.wix.invoke.MethodInvocation.invoke(MethodInvocation.java:26)
05-19 12:25:55.539 17720 17795 I DetoxActionHandlers: 	at com.wix.invoke.MethodInvocation.invoke(MethodInvocation.java:20)
05-19 12:25:55.539 17720 17795 I DetoxActionHandlers: 	at com.wix.detox.adapters.server.InvokeActionHandler.handle(DetoxActionHandlers.kt:54)
05-19 12:25:55.539 17720 17795 I DetoxActionHandlers: 	at com.wix.detox.adapters.server.ActionsExecutor.executeAction$lambda-2$lambda-1(DetoxActionsDispatcher.kt:64)
05-19 12:25:55.539 17720 17795 I DetoxActionHandlers: 	at com.wix.detox.adapters.server.ActionsExecutor.$r8$lambda$nk3cF8ntnfFqbJOcVqd04vjb5nY(Unknown Source:0)
05-19 12:25:55.539 17720 17795 I DetoxActionHandlers: 	at com.wix.detox.adapters.server.ActionsExecutor$$ExternalSyntheticLambda1.run(Unknown Source:8)
05-19 12:25:55.539 17720 17795 I DetoxActionHandlers: 	at android.os.Handler.handleCallback(Handler.java:938)
05-19 12:25:55.539 17720 17795 I DetoxActionHandlers: 	at android.os.Handler.dispatchMessage(Handler.java:99)
05-19 12:25:55.539 17720 17795 I DetoxActionHandlers: 	at android.os.Looper.loop(Looper.java:254)
05-19 12:25:55.539 17720 17795 I DetoxActionHandlers: 	at com.wix.detox.adapters.server.ActionsExecutor._init_$lambda-0(DetoxActionsDispatcher.kt:50)
05-19 12:25:55.539 17720 17795 I DetoxActionHandlers: 	at com.wix.detox.adapters.server.ActionsExecutor.$r8$lambda$Hi5vyewqQiQqk57AkJy_cHqNGKY(Unknown Source:0)
05-19 12:25:55.539 17720 17795 I DetoxActionHandlers: 	at com.wix.detox.adapters.server.ActionsExecutor$$ExternalSyntheticLambda0.run(Unknown Source:4)
05-19 12:25:55.539 17720 17795 I DetoxActionHandlers: 	at java.lang.Thread.run(Thread.java:923)
05-19 12:25:55.539 17720 17795 I DetoxActionHandlers: Caused by: androidx.test.espresso.base.DefaultFailureHandler$AssertionFailedWithCauseError: '(view has effective visibility <VISIBLE> and view.getGlobalVisibleRect() covers at least <75> percent of the view's area)' doesn't match the selected view.
05-19 12:25:55.539 17720 17795 I DetoxActionHandlers: Expected: (view has effective visibility <VISIBLE> and view.getGlobalVisibleRect() covers at least <75> percent of the view's area)
05-19 12:25:55.539 17720 17795 I DetoxActionHandlers:      Got: was null
05-19 12:25:55.539 17720 17795 I DetoxActionHandlers: 
05-19 12:25:55.539 17720 17795 I DetoxActionHandlers: 	at dalvik.system.VMStack.getThreadStackTrace(Native Method)
05-19 12:25:55.539 17720 17795 I DetoxActionHandlers: 	at java.lang.Thread.getStackTrace(Thread.java:1736)
05-19 12:25:55.539 17720 17795 I DetoxActionHandlers: 	at androidx.test.espresso.base.DefaultFailureHandler.getUserFriendlyError(DefaultFailureHandler.java:12)
05-19 12:25:55.539 17720 17795 I DetoxActionHandlers: 	at androidx.test.espresso.base.DefaultFailureHandler.handle(DefaultFailureHandler.java:7)
05-19 12:25:55.539 17720 17795 I DetoxActionHandlers: 	at androidx.test.espresso.ViewInteraction.waitForAndHandleInteractionResults(ViewInteraction.java:5)
05-19 12:25:55.539 17720 17795 I DetoxActionHandlers: 	at androidx.test.espresso.ViewInteraction.check(ViewInteraction.java:12)
05-19 12:25:55.539 17720 17795 I DetoxActionHandlers: 	at com.wix.detox.espresso.DetoxAssertion.assertMatcher(DetoxAssertion.java:32)
05-19 12:25:55.539 17720 17795 I DetoxActionHandlers: 	... 19 more
05-19 12:25:55.539 17720 17795 I DetoxActionHandlers: Caused by: junit.framework.AssertionFailedError: '(view has effective visibility <VISIBLE> and view.getGlobalVisibleRect() covers at least <75> percent of the view's area)' doesn't match the selected view.
05-19 12:25:55.539 17720 17795 I DetoxActionHandlers: Expected: (view has effective visibility <VISIBLE> and view.getGlobalVisibleRect() covers at least <75> percent of the view's area)
05-19 12:25:55.539 17720 17795 I DetoxActionHandlers:      Got: was null
05-19 12:25:55.539 17720 17795 I DetoxActionHandlers: 
05-19 12:25:55.539 17720 17795 I DetoxActionHandlers: 	at androidx.test.espresso.matcher.ViewMatchers.assertThat(ViewMatchers.java:16)
05-19 12:25:55.539 17720 17795 I DetoxActionHandlers: 	at com.wix.detox.espresso.assertion.ViewAssertions$MatchesViewAssertion.check(ViewAssertions.java:52)
05-19 12:25:55.539 17720 17795 I DetoxActionHandlers: 	at androidx.test.espresso.ViewInteraction$SingleExecutionViewAssertion.check(ViewInteraction.java:2)
05-19 12:25:55.539 17720 17795 I DetoxActionHandlers: 	at androidx.test.espresso.ViewInteraction$2.call(ViewInteraction.java:12)
05-19 12:25:55.539 17720 17795 I DetoxActionHandlers: 	at androidx.test.espresso.ViewInteraction$2.call(ViewInteraction.java:1)
05-19 12:25:55.539 17720 17795 I DetoxActionHandlers: 	at java.util.concurrent.FutureTask.run(FutureTask.java:266)
05-19 12:25:55.539 17720 17795 I DetoxActionHandlers: 	at android.os.Handler.handleCallback(Handler.java:938)
05-19 12:25:55.539 17720 17795 I DetoxActionHandlers: 	at android.os.Handler.dispatchMessage(Handler.java:99)
05-19 12:25:55.539 17720 17795 I DetoxActionHandlers: 	at android.os.Looper.loop(Looper.java:254)
05-19 12:25:55.539 17720 17795 I DetoxActionHandlers: 	at android.app.ActivityThread.main(ActivityThread.java:8243)
05-19 12:25:55.539 17720 17795 I DetoxActionHandlers: 	at java.lang.reflect.Method.invoke(Native Method)
05-19 12:25:55.539 17720 17795 I DetoxActionHandlers: 	at com.android.internal.os.RuntimeInit$MethodAndArgsCaller.run(RuntimeInit.java:612)
05-19 12:25:55.539 17720 17795 I DetoxActionHandlers: 	at com.android.internal.os.ZygoteInit.main(ZygoteInit.java:1006)
05-19 12:25:55.539 17720 17795 I DetoxWSClient: Sending out action 'testFailed' (ID #2)
05-19 12:25:55.539 17720 17795 I DetoxDispatcher: Done with action 'invoke'
