--------- beginning of main
05-19 13:13:34.232  9375  9375 I com.fakestore: Late-enabling -Xcheck:jni
05-19 13:13:34.248  9375  9375 I com.fakestore: Unquickening 21 vdex files!
05-19 13:13:34.249  9375  9375 E com.fakestore: Unknown bits set in runtime_flags: 0x40000000
05-19 13:13:34.271  9375  9375 E RefClass: java.lang.reflect.InvocationTargetException
05-19 13:13:34.291  9375  9375 I oplus.android.OplusFrameworkFactoryImpl: get feature:IOplusScreenModeFeature
05-19 13:13:34.291  9375  9375 I oplus.android.OplusFrameworkFactoryImpl: getOplusScreenModeFeature
05-19 13:13:34.303  9375  9375 E libc    : Access denied finding property "ro.odm.prev.product.name"
--------- beginning of system
05-19 13:13:34.305  9375  9375 W ActivityThread: Package uses different ABI(s) than its instrumentation: package[com.fakestore]: arm64-v8a, null instrumentation[com.fakestore.test]: null, null
05-19 13:13:34.309  9375  9375 I com.fakestore: The ClassLoaderContext is a special shared library.
05-19 13:13:34.310  9375  9375 I chatty  : uid=11043(com.fakestore) identical 1 line
05-19 13:13:34.312  9375  9375 I com.fakestore: The ClassLoaderContext is a special shared library.
05-19 13:13:34.529  9375  9375 I Perf    : Connecting to perf service.
05-19 13:13:34.540  9375  9375 D ApplicationLoaders: Returning zygote-cached class loader: /system/framework/android.test.base.jar
05-19 13:13:34.540  9375  9375 D ApplicationLoaders: Returning zygote-cached class loader: /system/framework/android.test.base.jar
05-19 13:13:34.541  9375  9375 I com.fakestore: The ClassLoaderContext is a special shared library.
05-19 13:13:34.545  9375  9375 D ApplicationLoaders: Returning zygote-cached class loader: /system/framework/android.test.base.jar
05-19 13:13:34.545  9375  9375 D ApplicationLoaders: Returning zygote-cached class loader: /system/framework/android.test.base.jar
05-19 13:13:34.546  9375  9375 I com.fakestore: The ClassLoaderContext is a special shared library.
05-19 13:13:34.551  9375  9375 I chatty  : uid=11043(com.fakestore) identical 2 lines
05-19 13:13:34.552  9375  9375 I com.fakestore: The ClassLoaderContext is a special shared library.
05-19 13:13:34.767  9375  9375 W com.fakestore: Accessing hidden method Landroid/app/Instrumentation;->execStartActivity(Landroid/content/Context;Landroid/os/IBinder;Landroid/os/IBinder;Landroid/app/Activity;Landroid/content/Intent;ILandroid/os/Bundle;)Landroid/app/Instrumentation$ActivityResult; (greylist, linking, allowed)
05-19 13:13:34.767  9375  9375 W com.fakestore: Accessing hidden method Landroid/app/Instrumentation;->execStartActivity(Landroid/content/Context;Landroid/os/IBinder;Landroid/os/IBinder;Ljava/lang/String;Landroid/content/Intent;ILandroid/os/Bundle;)Landroid/app/Instrumentation$ActivityResult; (greylist, linking, allowed)
05-19 13:13:34.774  9375  9375 D NetworkSecurityConfig: Using Network Security Config from resource network_security_config debugBuild: true
05-19 13:13:34.775  9375  9375 D NetworkSecurityConfig: Using Network Security Config from resource network_security_config debugBuild: true
05-19 13:13:34.776  9375  9375 I MonitoringInstr: newApplication called!
05-19 13:13:34.795  9375  9375 I MonitoringInstr: Instrumentation started!
05-19 13:13:34.802  9375  9375 I AndroidJUnitRunner: onCreate Bundle[{debug=false, detoxServer=ws://localhost:51968, detoxSessionId=7f0fc52f-018f-6959-3842-f77bcde31cd8}]
05-19 13:13:34.804  9375  9375 V TestEventClient: No service name argument was given (testDiscoveryService, testRunEventService or orchestratorService)
05-19 13:13:34.810  9375  9410 D AndroidJUnitRunner: onStart is called.
05-19 13:13:34.815  9375  9375 V fb-UnpackingSoSource: locked dso store /data/user/0/com.fakestore/lib-main
05-19 13:13:34.816  9375  9375 V fb-UnpackingSoSource: deps mismatch on deps store: regenerating
05-19 13:13:34.816  9375  9375 V fb-UnpackingSoSource: so store dirty: regenerating
05-19 13:13:34.874  9375  9375 D ApkSoSource: not allowing consideration of lib/arm64-v8a/libc++_shared.so: deferring to libdir
05-19 13:13:34.874  9375  9375 D ApkSoSource: not allowing consideration of lib/arm64-v8a/libevent-2.1.so: deferring to libdir
05-19 13:13:34.874  9375  9375 D ApkSoSource: not allowing consideration of lib/arm64-v8a/libevent_core-2.1.so: deferring to libdir
05-19 13:13:34.874  9375  9375 D ApkSoSource: not allowing consideration of lib/arm64-v8a/libevent_extra-2.1.so: deferring to libdir
05-19 13:13:34.875  9375  9375 D ApkSoSource: not allowing consideration of lib/arm64-v8a/libfabricjni.so: deferring to libdir
05-19 13:13:34.875  9375  9375 D ApkSoSource: not allowing consideration of lib/arm64-v8a/libfb.so: deferring to libdir
05-19 13:13:34.875  9375  9375 D ApkSoSource: not allowing consideration of lib/arm64-v8a/libfbjni.so: deferring to libdir
05-19 13:13:34.875  9375  9375 D ApkSoSource: not allowing consideration of lib/arm64-v8a/libflipper.so: deferring to libdir
05-19 13:13:34.875  9375  9375 D ApkSoSource: not allowing consideration of lib/arm64-v8a/libfolly_runtime.so: deferring to libdir
05-19 13:13:34.875  9375  9375 D ApkSoSource: not allowing consideration of lib/arm64-v8a/libglog.so: deferring to libdir
05-19 13:13:34.875  9375  9375 D ApkSoSource: not allowing consideration of lib/arm64-v8a/libglog_init.so: deferring to libdir
05-19 13:13:34.875  9375  9375 D ApkSoSource: not allowing consideration of lib/arm64-v8a/libimagepipeline.so: deferring to libdir
05-19 13:13:34.875  9375  9375 D ApkSoSource: not allowing consideration of lib/arm64-v8a/libjsc.so: deferring to libdir
05-19 13:13:34.876  9375  9375 D ApkSoSource: not allowing consideration of lib/arm64-v8a/libjscexecutor.so: deferring to libdir
05-19 13:13:34.876  9375  9375 D ApkSoSource: not allowing consideration of lib/arm64-v8a/libjsi.so: deferring to libdir
05-19 13:13:34.876  9375  9375 D ApkSoSource: not allowing consideration of lib/arm64-v8a/libjsijniprofiler.so: deferring to libdir
05-19 13:13:34.876  9375  9375 D ApkSoSource: not allowing consideration of lib/arm64-v8a/libjsinspector.so: deferring to libdir
05-19 13:13:34.876  9375  9375 D ApkSoSource: not allowing consideration of lib/arm64-v8a/liblogger.so: deferring to libdir
05-19 13:13:34.876  9375  9375 D ApkSoSource: not allowing consideration of lib/arm64-v8a/libmapbufferjni.so: deferring to libdir
05-19 13:13:34.876  9375  9375 D ApkSoSource: not allowing consideration of lib/arm64-v8a/libnative-filters.so: deferring to libdir
05-19 13:13:34.876  9375  9375 D ApkSoSource: not allowing consideration of lib/arm64-v8a/libnative-imagetranscoder.so: deferring to libdir
05-19 13:13:34.876  9375  9375 D ApkSoSource: not allowing consideration of lib/arm64-v8a/libreact_codegen_rncore.so: deferring to libdir
05-19 13:13:34.876  9375  9375 D ApkSoSource: not allowing consideration of lib/arm64-v8a/libreact_config.so: deferring to libdir
05-19 13:13:34.876  9375  9375 D ApkSoSource: not allowing consideration of lib/arm64-v8a/libreact_debug.so: deferring to libdir
05-19 13:13:34.876  9375  9375 D ApkSoSource: not allowing consideration of lib/arm64-v8a/libreact_nativemodule_core.so: deferring to libdir
05-19 13:13:34.877  9375  9375 D ApkSoSource: not allowing consideration of lib/arm64-v8a/libreact_render_animations.so: deferring to libdir
05-19 13:13:34.877  9375  9375 D ApkSoSource: not allowing consideration of lib/arm64-v8a/libreact_render_attributedstring.so: deferring to libdir
05-19 13:13:34.877  9375  9375 D ApkSoSource: not allowing consideration of lib/arm64-v8a/libreact_render_componentregistry.so: deferring to libdir
05-19 13:13:34.877  9375  9375 D ApkSoSource: not allowing consideration of lib/arm64-v8a/libreact_render_core.so: deferring to libdir
05-19 13:13:34.877  9375  9375 D ApkSoSource: not allowing consideration of lib/arm64-v8a/libreact_render_debug.so: deferring to libdir
05-19 13:13:34.877  9375  9375 D ApkSoSource: not allowing consideration of lib/arm64-v8a/libreact_render_graphics.so: deferring to libdir
05-19 13:13:34.877  9375  9375 D ApkSoSource: not allowing consideration of lib/arm64-v8a/libreact_render_imagemanager.so: deferring to libdir
05-19 13:13:34.877  9375  9375 D ApkSoSource: not allowing consideration of lib/arm64-v8a/libreact_render_leakchecker.so: deferring to libdir
05-19 13:13:34.877  9375  9375 D ApkSoSource: not allowing consideration of lib/arm64-v8a/libreact_render_mapbuffer.so: deferring to libdir
05-19 13:13:34.877  9375  9375 D ApkSoSource: not allowing consideration of lib/arm64-v8a/libreact_render_mounting.so: deferring to libdir
05-19 13:13:34.878  9375  9375 D ApkSoSource: not allowing consideration of lib/arm64-v8a/libreact_render_runtimescheduler.so: deferring to libdir
05-19 13:13:34.878  9375  9375 D ApkSoSource: not allowing consideration of lib/arm64-v8a/libreact_render_scheduler.so: deferring to libdir
05-19 13:13:34.878  9375  9375 D ApkSoSource: not allowing consideration of lib/arm64-v8a/libreact_render_telemetry.so: deferring to libdir
05-19 13:13:34.878  9375  9375 D ApkSoSource: not allowing consideration of lib/arm64-v8a/libreact_render_templateprocessor.so: deferring to libdir
05-19 13:13:34.878  9375  9375 D ApkSoSource: not allowing consideration of lib/arm64-v8a/libreact_render_textlayoutmanager.so: deferring to libdir
05-19 13:13:34.878  9375  9375 D ApkSoSource: not allowing consideration of lib/arm64-v8a/libreact_render_uimanager.so: deferring to libdir
05-19 13:13:34.878  9375  9375 D ApkSoSource: not allowing consideration of lib/arm64-v8a/libreact_utils.so: deferring to libdir
05-19 13:13:34.878  9375  9375 D ApkSoSource: not allowing consideration of lib/arm64-v8a/libreactnativeblob.so: deferring to libdir
05-19 13:13:34.878  9375  9375 D ApkSoSource: not allowing consideration of lib/arm64-v8a/libreactnativejni.so: deferring to libdir
05-19 13:13:34.878  9375  9375 D ApkSoSource: not allowing consideration of lib/arm64-v8a/libreactnativeutilsjni.so: deferring to libdir
05-19 13:13:34.878  9375  9375 D ApkSoSource: not allowing consideration of lib/arm64-v8a/libreactperfloggerjni.so: deferring to libdir
05-19 13:13:34.879  9375  9375 D ApkSoSource: not allowing consideration of lib/arm64-v8a/librrc_image.so: deferring to libdir
05-19 13:13:34.879  9375  9375 D ApkSoSource: not allowing consideration of lib/arm64-v8a/librrc_root.so: deferring to libdir
05-19 13:13:34.879  9375  9375 D ApkSoSource: not allowing consideration of lib/arm64-v8a/librrc_scrollview.so: deferring to libdir
05-19 13:13:34.879  9375  9375 D ApkSoSource: not allowing consideration of lib/arm64-v8a/librrc_text.so: deferring to libdir
05-19 13:13:34.879  9375  9375 D ApkSoSource: not allowing consideration of lib/arm64-v8a/librrc_textinput.so: deferring to libdir
05-19 13:13:34.879  9375  9375 D ApkSoSource: not allowing consideration of lib/arm64-v8a/librrc_unimplementedview.so: deferring to libdir
05-19 13:13:34.879  9375  9375 D ApkSoSource: not allowing consideration of lib/arm64-v8a/librrc_view.so: deferring to libdir
05-19 13:13:34.879  9375  9375 D ApkSoSource: not allowing consideration of lib/arm64-v8a/libruntimeexecutor.so: deferring to libdir
05-19 13:13:34.879  9375  9375 D ApkSoSource: not allowing consideration of lib/arm64-v8a/libturbomodulejsijni.so: deferring to libdir
05-19 13:13:34.879  9375  9375 D ApkSoSource: not allowing consideration of lib/arm64-v8a/libyoga.so: deferring to libdir
05-19 13:13:34.880  9375  9375 V fb-UnpackingSoSource: regenerating DSO store com.facebook.soloader.ApkSoSource
05-19 13:13:34.880  9375  9375 V fb-UnpackingSoSource: Finished regenerating DSO store com.facebook.soloader.ApkSoSource
05-19 13:13:34.880  9375  9375 V fb-UnpackingSoSource: starting syncer worker
05-19 13:13:34.884  9375  9375 V fb-UnpackingSoSource: releasing dso store lock for /data/user/0/com.fakestore/lib-main (from syncer thread)
05-19 13:13:34.884  9375  9375 V fb-UnpackingSoSource: not releasing dso store lock for /data/user/0/com.fakestore/lib-main (syncer thread started)
05-19 13:13:34.897  9375  9375 D SoLoader: libjscexecutor.so not found on /data/data/com.fakestore/lib-main
05-19 13:13:34.897  9375  9375 D SoLoader: libjscexecutor.so found on /data/app/~~UnOdGJYV-Nx5MWZj9Cz3RQ==/com.fakestore-zZwdDO2wtX5J7ibntX-qjQ==/lib/arm64
05-19 13:13:34.897  9375  9375 D SoLoader: Not resolving dependencies for libjscexecutor.so
05-19 13:13:34.911  9375  9375 D JavaScriptCore.Version: 250230.2.1
05-19 13:13:34.997  9375  9375 E Parcel  : Reading a NULL string not supported here.
05-19 13:13:35.000  9375  9375 I chatty  : uid=11043(com.fakestore) identical 26 lines
05-19 13:13:35.001  9375  9375 E Parcel  : Reading a NULL string not supported here.
05-19 13:13:35.001  9375  9375 V SensorManager: RegisterListener bmi160 Accelerometer Non-wakeup type:1 delay:66667us by com.facebook.react.common.ShakeDetector
05-19 13:13:35.001  9375  9375 E Parcel  : Reading a NULL string not supported here.
05-19 13:13:35.030  9375  9422 D SoLoader: libfbjni.so not found on /data/data/com.fakestore/lib-main
05-19 13:13:35.030  9375  9422 D SoLoader: libfbjni.so found on /data/app/~~UnOdGJYV-Nx5MWZj9Cz3RQ==/com.fakestore-zZwdDO2wtX5J7ibntX-qjQ==/lib/arm64
05-19 13:13:35.030  9375  9422 D SoLoader: Not resolving dependencies for libfbjni.so
05-19 13:13:35.032  9375  9422 D SoLoader: libflipper.so not found on /data/data/com.fakestore/lib-main
05-19 13:13:35.032  9375  9422 D SoLoader: libflipper.so found on /data/app/~~UnOdGJYV-Nx5MWZj9Cz3RQ==/com.fakestore-zZwdDO2wtX5J7ibntX-qjQ==/lib/arm64
05-19 13:13:35.032  9375  9422 D SoLoader: Not resolving dependencies for libflipper.so
05-19 13:13:35.094  9375  9375 W com.fakestore: Accessing hidden field Landroid/view/View;->mKeyedTags:Landroid/util/SparseArray; (greylist, reflection, allowed)
05-19 13:13:35.094  9375  9375 W com.fakestore: Accessing hidden field Landroid/view/View;->mListenerInfo:Landroid/view/View$ListenerInfo; (greylist, reflection, allowed)
05-19 13:13:35.094  9375  9375 W com.fakestore: Accessing hidden field Landroid/view/View$ListenerInfo;->mOnClickListener:Landroid/view/View$OnClickListener; (greylist, reflection, allowed)
05-19 13:13:35.099  9375  9375 I flipper : flipper: FlipperClient::addPlugin Inspector
05-19 13:13:35.100  9375  9375 I flipper : flipper: FlipperClient::addPlugin React
05-19 13:13:35.101  9375  9375 I flipper : flipper: FlipperClient::addPlugin Databases
05-19 13:13:35.102  9375  9375 I flipper : flipper: FlipperClient::addPlugin Preferences
05-19 13:13:35.103  9375  9375 I flipper : flipper: FlipperClient::addPlugin CrashReporter
05-19 13:13:35.106  9375  9375 I flipper : flipper: FlipperClient::addPlugin Network
05-19 13:13:35.124  9375  9410 D TestRequestBuilder: Using class path scanning to discover tests
05-19 13:13:35.124  9375  9410 I TestRequestBuilder: Scanning classpath to find tests in paths [/data/app/~~wxfes-tqy_bAar2hhH9DMQ==/com.fakestore.test-uvU31BQ26FgsA6SghgwT1w==/base.apk]
05-19 13:13:35.124  9375  9410 I System  : Opening DexFile: /data/app/~~wxfes-tqy_bAar2hhH9DMQ==/com.fakestore.test-uvU31BQ26FgsA6SghgwT1w==/base.apk
05-19 13:13:35.125  9375  9410 W com.fakestore: Opening an oat file without a class loader. Are you using the deprecated DexFile APIs?
05-19 13:13:35.128  9375  9422 W System.err: SLF4J: Failed to load class "org.slf4j.impl.StaticLoggerBinder".
05-19 13:13:35.128  9375  9422 W System.err: SLF4J: Defaulting to no-operation (NOP) logger implementation
05-19 13:13:35.128  9375  9422 W System.err: SLF4J: See http://www.slf4j.org/codes.html#StaticLoggerBinder for further details.
05-19 13:13:35.338  9375  9410 W com.fakestore: Unable to resolve Lcom/google/android/apps/common/testing/accessibility/framework/AccessibilityHierarchyCheckResult; annotation class 5201
05-19 13:13:35.339  9375  9410 I chatty  : uid=11043(com.fakestore) roidJUnitRunner identical 2 lines
05-19 13:13:35.339  9375  9410 W com.fakestore: Unable to resolve Lcom/google/android/apps/common/testing/accessibility/framework/AccessibilityHierarchyCheckResult; annotation class 5201
05-19 13:13:35.340  9375  9410 W com.fakestore: Unable to resolve Lcom/google/android/apps/common/testing/accessibility/framework/AccessibilityViewCheckResult; annotation class 5201
05-19 13:13:35.341  9375  9410 W com.fakestore: Unable to resolve Lcom/google/android/apps/common/testing/accessibility/framework/ClusteringUtils; annotation class 5201
05-19 13:13:35.343  9375  9410 W com.fakestore: Unable to resolve Lcom/google/android/apps/common/testing/accessibility/framework/Question; annotation class 5201
05-19 13:13:35.348  9375  9410 W com.fakestore: Unable to resolve Lcom/google/android/apps/common/testing/accessibility/framework/replacements/TextUtils; annotation class 5200
05-19 13:13:35.351  9375  9410 W com.fakestore: Unable to resolve Lcom/google/android/apps/common/testing/accessibility/framework/uielement/ViewHierarchyElement; annotation class 5201
05-19 13:13:35.352  9375  9410 I chatty  : uid=11043(com.fakestore) roidJUnitRunner identical 2 lines
05-19 13:13:35.352  9375  9410 W com.fakestore: Unable to resolve Lcom/google/android/apps/common/testing/accessibility/framework/uielement/ViewHierarchyElement; annotation class 5201
05-19 13:13:35.353  9375  9410 W com.fakestore: Unable to resolve Lcom/google/android/apps/common/testing/accessibility/framework/uielement/ViewHierarchyElementAndroid; annotation class 5201
05-19 13:13:35.353  9375  9410 I chatty  : uid=11043(com.fakestore) roidJUnitRunner identical 2 lines
05-19 13:13:35.353  9375  9410 W com.fakestore: Unable to resolve Lcom/google/android/apps/common/testing/accessibility/framework/uielement/ViewHierarchyElementAndroid; annotation class 5201
05-19 13:13:35.353  9375  9410 W com.fakestore: Unable to resolve Lcom/google/android/apps/common/testing/accessibility/framework/uielement/ViewHierarchyElement; annotation class 5201
05-19 13:13:35.354  9375  9410 W com.fakestore: Unable to resolve Lcom/google/android/apps/common/testing/accessibility/framework/uielement/ViewHierarchyElement; annotation class 5201
05-19 13:13:35.531  9375  9410 D AndroidJUnitRunner: Use the raw file system for managing file I/O.
05-19 13:13:35.534  9375  9410 D TestExecutor: Adding listener androidx.test.internal.runner.listener.LogRunListener
05-19 13:13:35.534  9375  9410 D TestExecutor: Adding listener androidx.test.internal.runner.listener.InstrumentationResultPrinter
05-19 13:13:35.534  9375  9410 D TestExecutor: Adding listener androidx.test.internal.runner.listener.ActivityFinisherRunListener
05-19 13:13:35.534  9375  9410 D TestExecutor: Adding listener androidx.test.internal.runner.listener.TraceRunListener
05-19 13:13:35.536  9375  9410 I TestRunner: run started: 1 tests
05-19 13:13:35.537  9375  9410 I TestRunner: started: runDetoxTests(com.fakestore.DetoxTest)
05-19 13:13:35.553  9375  9410 D EventInjectionStrategy: Creating injection strategy with input manager.
05-19 13:13:35.554  9375  9410 W com.fakestore: Accessing hidden method Landroid/hardware/input/InputManager;->getInstance()Landroid/hardware/input/InputManager; (greylist, reflection, allowed)
05-19 13:13:35.554  9375  9410 W com.fakestore: Accessing hidden method Landroid/hardware/input/InputManager;->injectInputEvent(Landroid/view/InputEvent;I)Z (greylist, reflection, allowed)
05-19 13:13:35.554  9375  9410 W com.fakestore: Accessing hidden field Landroid/hardware/input/InputManager;->INJECT_INPUT_EVENT_MODE_WAIT_FOR_FINISH:I (greylist, reflection, allowed)
05-19 13:13:35.562  9375  9410 W com.fakestore: Accessing hidden field Ljava/lang/reflect/Field;->accessFlags:I (greylist, reflection, allowed)
05-19 13:13:35.566  9375  9449 E Parcel  : Reading a NULL string not supported here.
05-19 13:13:35.635  9375  9458 E libEGL  : Invalid file path for libcolorx-loader.so
05-19 13:13:35.672  9375  9375 I oplus.android.OplusFrameworkFactoryImpl: getOplusRedPacketManager
05-19 13:13:35.674  9375  9375 D LifecycleMonitor: Lifecycle status change: com.fakestore.MainActivity@3d6720 in: PRE_ON_CREATE
05-19 13:13:35.732  9375  9375 W com.fakestore: Accessing hidden method Landroid/view/View;->computeFitSystemWindows(Landroid/graphics/Rect;Landroid/graphics/Rect;)Z (greylist, reflection, allowed)
05-19 13:13:35.733  9375  9375 W com.fakestore: Accessing hidden method Landroid/view/ViewGroup;->makeOptionalFitsSystemWindows()V (greylist, reflection, allowed)
05-19 13:13:35.736  9375  9375 D LifecycleMonitor: Lifecycle status change: com.fakestore.MainActivity@3d6720 in: CREATED
05-19 13:13:35.742  9375  9375 D LifecycleMonitor: Lifecycle status change: com.fakestore.MainActivity@3d6720 in: STARTED
05-19 13:13:35.745  9375  9375 D LifecycleMonitor: Lifecycle status change: com.fakestore.MainActivity@3d6720 in: RESUMED
05-19 13:13:35.762  9375  9375 I OplusFeatureCache: Milliseconds spent on init(): 9
05-19 13:13:35.767  9375  9375 D OplusSlideAnimOptHelper: scrollEffectOpt enable = false
05-19 13:13:35.768  9375  9375 D ColorViewRootUtil: initSwipState, isDisplayCompatApp false
05-19 13:13:35.768  9375  9375 D ColorViewRootUtil: mScreenHeight 2400, mScreenWidth 1080
05-19 13:13:35.772  9375  9375 D WindowManager: Add to mViews: DecorView@3920cbd[MainActivity],pkg= com.fakestore
05-19 13:13:35.807  9375  9375 W unknown:ReactNative: Packager connection already open, nooping.
05-19 13:13:35.828  9375  9375 V OplusZoomWindowDecorViewHelper: setLastReportedMergedConfiguration mZoomDisplayHeight: 2400 getDecorView.DecorView@3920cbd[MainActivity]
05-19 13:13:35.831  9375  9456 E libEGL  : Invalid file path for libcolorx-loader.so
05-19 13:13:35.831  9375  9456 I AdrenoGLES-0: QUALCOMM build                   : 3142bdd, I7afe4835b7
05-19 13:13:35.831  9375  9456 I AdrenoGLES-0: Build Date                       : 09/16/20
05-19 13:13:35.831  9375  9456 I AdrenoGLES-0: OpenGL ES Shader Compiler Version: EV031.32.02.00
05-19 13:13:35.831  9375  9456 I AdrenoGLES-0: Local Branch                     : 
05-19 13:13:35.831  9375  9456 I AdrenoGLES-0: Remote Branch                    : 
05-19 13:13:35.831  9375  9456 I AdrenoGLES-0: Remote Branch                    : 
05-19 13:13:35.831  9375  9456 I AdrenoGLES-0: Reconstruct Branch               : 
05-19 13:13:35.831  9375  9456 I AdrenoGLES-0: Build Config                     : S P 10.0.6 AArch64
05-19 13:13:35.831  9375  9456 I AdrenoGLES-0: Driver Path                      : /vendor/lib64/egl/libGLESv2_adreno.so
05-19 13:13:35.838  9375  9456 I AdrenoGLES-0: PFP: 0x016ee190, ME: 0x00000000
05-19 13:13:35.843  9375  9456 E libEGL  : Invalid file path for libcolorx-loader.so
05-19 13:13:35.847  9375  9456 I chatty  : uid=11043(com.fakestore) RenderThread identical 65 lines
05-19 13:13:35.847  9375  9456 E libEGL  : Invalid file path for libcolorx-loader.so
05-19 13:13:35.880  9375  9375 E OplusCustomizeRestrictionManager: sInstance is null, start a new sInstance
05-19 13:13:35.910  9375  9375 D ColorViewRootUtil: initSwipState, isDisplayCompatApp false
05-19 13:13:35.910  9375  9375 D ColorViewRootUtil: mScreenHeight 2400, mScreenWidth 1080
05-19 13:13:35.911  9375  9375 D WindowManager: Add to mViews: android.widget.PopupWindow$PopupDecorView{c3c71f3 V.E...... R.....I. 0,0-0,0},pkg= com.fakestore
05-19 13:13:36.034  9375  9410 I Detox   : Detox server connection details: url=ws://localhost:51968, sessionId=7f0fc52f-018f-6959-3842-f77bcde31cd8
05-19 13:13:36.051  9375  9467 I DetoxDispatcher: Handling action '_init' (ID #0)...
05-19 13:13:36.051  9375  9467 I Detox   : Connecting to server...
05-19 13:13:36.051  9375  9467 I DetoxWSClient: At connectToServer
05-19 13:13:36.080  9375  9469 D DetoxWSClient: At onOpen
05-19 13:13:36.080  9375  9469 I DetoxWSClient: Sending out action 'login' (ID #0)
05-19 13:13:36.081  9375  9469 I Detox   : Connected to server!
05-19 13:13:36.088  9375  9469 D DetoxWSClient: Received action 'loginSuccess' (ID #0, params={"testerConnected":true,"appConnected":true})
05-19 13:13:36.116  9375  9434 D SoLoader: libreactnativejni.so not found on /data/data/com.fakestore/lib-main
05-19 13:13:36.117  9375  9434 D SoLoader: libreactnativejni.so found on /data/app/~~UnOdGJYV-Nx5MWZj9Cz3RQ==/com.fakestore-zZwdDO2wtX5J7ibntX-qjQ==/lib/arm64
05-19 13:13:36.117  9375  9434 D SoLoader: Not resolving dependencies for libreactnativejni.so
05-19 13:13:36.126  9375  9469 D DetoxWSClient: Received action 'isReady' (ID #-1000, params={})
05-19 13:13:36.154  9375  9473 V AsyncStorageExpoMigration: No scoped database found
05-19 13:13:36.168  9375  9473 W unknown:ReactContext: initializeMessageQueueThreads() is called.
05-19 13:13:36.177  9375  9375 W unknown:ReactNative: Packager connection already open, nooping.
05-19 13:13:36.245  9375  9476 W unknown:ViewManagerPropertyUpdater: Could not find generated setter for class com.facebook.react.views.drawer.ReactDrawerLayoutManager
05-19 13:13:36.265  9375  9476 W unknown:ViewManagerPropertyUpdater: Could not find generated setter for class com.facebook.react.uimanager.LayoutShadowNode
05-19 13:13:36.279  9375  9478 E Parcel  : Reading a NULL string not supported here.
05-19 13:13:36.283  9375  9476 W unknown:ViewManagerPropertyUpdater: Could not find generated setter for class com.facebook.react.views.scroll.ReactHorizontalScrollViewManager
05-19 13:13:36.295  9375  9476 W unknown:ViewManagerPropertyUpdater: Could not find generated setter for class com.facebook.react.views.scroll.ReactHorizontalScrollContainerViewManager
05-19 13:13:36.298  9375  9476 W unknown:ViewManagerPropertyUpdater: Could not find generated setter for class com.facebook.react.views.progressbar.ReactProgressBarViewManager
05-19 13:13:36.306  9375  9476 W unknown:ViewManagerPropertyUpdater: Could not find generated setter for class com.facebook.react.views.progressbar.ProgressBarShadowNode
05-19 13:13:36.320  9375  9476 W unknown:ViewManagerPropertyUpdater: Could not find generated setter for class com.facebook.react.views.scroll.ReactScrollViewManager
05-19 13:13:36.328  9375  9476 W unknown:ViewManagerPropertyUpdater: Could not find generated setter for class com.facebook.react.views.slider.ReactSliderManager
05-19 13:13:36.335  9375  9476 W unknown:ViewManagerPropertyUpdater: Could not find generated setter for class com.facebook.react.views.slider.ReactSliderManager$ReactSliderShadowNode
05-19 13:13:36.337  9375  9476 W unknown:ViewManagerPropertyUpdater: Could not find generated setter for class com.facebook.react.views.switchview.ReactSwitchManager
05-19 13:13:36.342  9375  9476 W unknown:ViewManagerPropertyUpdater: Could not find generated setter for class com.facebook.react.views.switchview.ReactSwitchManager$ReactSwitchShadowNode
05-19 13:13:36.344  9375  9476 W unknown:ViewManagerPropertyUpdater: Could not find generated setter for class com.facebook.react.views.swiperefresh.SwipeRefreshLayoutManager
05-19 13:13:36.349  9375  9476 W unknown:ViewManagerPropertyUpdater: Could not find generated setter for class com.facebook.react.views.text.frescosupport.FrescoBasedReactTextInlineImageViewManager
05-19 13:13:36.351  9375  9476 W unknown:ViewManagerPropertyUpdater: Could not find generated setter for class com.facebook.react.views.text.frescosupport.FrescoBasedReactTextInlineImageShadowNode
05-19 13:13:36.355  9375  9476 W unknown:ViewManagerPropertyUpdater: Could not find generated setter for class com.facebook.react.views.image.ReactImageManager
05-19 13:13:36.361  9375  9476 W unknown:ViewManagerPropertyUpdater: Could not find generated setter for class com.facebook.react.views.modal.ReactModalHostManager
05-19 13:13:36.366  9375  9476 W unknown:ViewManagerPropertyUpdater: Could not find generated setter for class com.facebook.react.views.modal.ModalHostShadowNode
05-19 13:13:36.367  9375  9476 W unknown:ViewManagerPropertyUpdater: Could not find generated setter for class com.facebook.react.views.text.ReactRawTextManager
05-19 13:13:36.368  9375  9476 W unknown:ViewManagerPropertyUpdater: Could not find generated setter for class com.facebook.react.views.text.ReactRawTextShadowNode
05-19 13:13:36.369  9375  9476 W unknown:ViewManagerPropertyUpdater: Could not find generated setter for class com.facebook.react.views.textinput.ReactTextInputManager
05-19 13:13:36.372  9375  9476 W unknown:ViewManagerPropertyUpdater: Could not find generated setter for class com.facebook.react.views.textinput.ReactTextInputShadowNode
05-19 13:13:36.374  9375  9476 W unknown:ViewManagerPropertyUpdater: Could not find generated setter for class com.facebook.react.views.text.ReactTextViewManager
05-19 13:13:36.376  9375  9476 W unknown:ViewManagerPropertyUpdater: Could not find generated setter for class com.facebook.react.views.text.ReactTextShadowNode
05-19 13:13:36.377  9375  9476 W unknown:ViewManagerPropertyUpdater: Could not find generated setter for class com.facebook.react.views.view.ReactViewManager
05-19 13:13:36.379  9375  9476 W unknown:ViewManagerPropertyUpdater: Could not find generated setter for class com.facebook.react.views.text.ReactVirtualTextViewManager
05-19 13:13:36.380  9375  9476 W unknown:ViewManagerPropertyUpdater: Could not find generated setter for class com.facebook.react.views.text.ReactVirtualTextShadowNode
05-19 13:13:36.380  9375  9476 W unknown:ViewManagerPropertyUpdater: Could not find generated setter for class com.facebook.react.views.unimplementedview.ReactUnimplementedViewManager
05-19 13:13:36.381  9375  9476 W unknown:ViewManagerPropertyUpdater: Could not find generated setter for class org.reactnative.maskedview.RNCMaskedViewManager
05-19 13:13:36.383  9375  9476 W unknown:ViewManagerPropertyUpdater: Could not find generated setter for class com.th3rdwave.safeareacontext.SafeAreaProviderManager
05-19 13:13:36.383  9375  9476 W unknown:ViewManagerPropertyUpdater: Could not find generated setter for class com.th3rdwave.safeareacontext.SafeAreaViewManager
05-19 13:13:36.384  9375  9476 W unknown:ViewManagerPropertyUpdater: Could not find generated setter for class com.th3rdwave.safeareacontext.SafeAreaViewShadowNode
05-19 13:13:36.385  9375  9476 W unknown:ViewManagerPropertyUpdater: Could not find generated setter for class com.swmansion.rnscreens.ScreenContainerViewManager
05-19 13:13:36.386  9375  9476 W unknown:ViewManagerPropertyUpdater: Could not find generated setter for class com.swmansion.rnscreens.ScreenViewManager
05-19 13:13:36.387  9375  9476 W unknown:ViewManagerPropertyUpdater: Could not find generated setter for class com.swmansion.rnscreens.ScreenStackViewManager
05-19 13:13:36.388  9375  9476 W unknown:ViewManagerPropertyUpdater: Could not find generated setter for class com.swmansion.rnscreens.ScreenStackHeaderConfigViewManager
05-19 13:13:36.390  9375  9476 W unknown:ViewManagerPropertyUpdater: Could not find generated setter for class com.swmansion.rnscreens.ScreenStackHeaderSubviewManager
05-19 13:13:36.391  9375  9476 W unknown:ViewManagerPropertyUpdater: Could not find generated setter for class com.swmansion.rnscreens.SearchBarManager
05-19 13:13:36.400  9375  9476 W unknown:ReactContext: initializeMessageQueueThreads() is called.
05-19 13:13:36.402  9375  9476 D SoLoader: libyoga.so not found on /data/data/com.fakestore/lib-main
05-19 13:13:36.402  9375  9476 D SoLoader: libyoga.so found on /data/app/~~UnOdGJYV-Nx5MWZj9Cz3RQ==/com.fakestore-zZwdDO2wtX5J7ibntX-qjQ==/lib/arm64
05-19 13:13:36.402  9375  9476 D SoLoader: Not resolving dependencies for libyoga.so
05-19 13:13:36.413  9375  9375 D DetoxRNLoading: Listener-proxy method called: onReactContextInitialized
05-19 13:13:36.413  9375  9375 I DetoxRNLoading: Got new RN-context async'ly through listener
05-19 13:13:36.413  9375  9375 D DetoxRNLoading: Listener-proxy method called: equals
05-19 13:13:36.414  9375  9467 I DetoxRNIdleRes: Setting up Espresso Idling Resources for React Native
05-19 13:13:36.425  9375  9467 D AsyncStorageIR: Checking whether a custom IR for Async-Storage is required... (legacy=false)
05-19 13:13:36.425  9375  9467 D AsyncStorageIR: IR for Async-Storage is required! (legacy=false)
05-19 13:13:36.426  9375  9467 D AsyncStorageIR: Checking whether a custom IR for Async-Storage is required... (legacy=true)
05-19 13:13:36.428  9375  9467 D AsyncStorageIR: IR for Async-Storage is required! (legacy=true)
05-19 13:13:36.431  9375  9375 D AsyncStorageIR: Async-storage is busy!
05-19 13:13:36.431  9375  9375 D AsyncStorageIRLegacy: Async-storage is busy!
05-19 13:13:36.436  9375  9467 I DetoxDispatcher: Done with action '_init'
05-19 13:13:36.436  9375  9467 I DetoxDispatcher: Handling action 'isReady' (ID #-1000)...
05-19 13:13:36.438  9375  9375 W com.fakestore: Accessing hidden method Landroid/os/MessageQueue;->next()Landroid/os/Message; (greylist, reflection, allowed)
05-19 13:13:36.438  9375  9375 W com.fakestore: Accessing hidden field Landroid/os/MessageQueue;->mMessages:Landroid/os/Message; (greylist, reflection, allowed)
05-19 13:13:36.438  9375  9375 W com.fakestore: Accessing hidden method Landroid/os/Message;->recycleUnchecked()V (greylist, reflection, allowed)
05-19 13:13:36.456  9375  9476 I flipper : flipper: FlipperClient::addPlugin Fresco
05-19 13:13:36.465  9375  9474 D SoLoader: libreactnativeblob.so not found on /data/data/com.fakestore/lib-main
05-19 13:13:36.465  9375  9474 D SoLoader: libreactnativeblob.so found on /data/app/~~UnOdGJYV-Nx5MWZj9Cz3RQ==/com.fakestore-zZwdDO2wtX5J7ibntX-qjQ==/lib/arm64
05-19 13:13:36.466  9375  9474 D SoLoader: Not resolving dependencies for libreactnativeblob.so
05-19 13:13:36.500  9375  9476 I WebViewFactory: Loading com.google.android.webview version 110.0.5481.153 (code 548115333)
05-19 13:13:36.506  9375  9476 W linker  : Warning: "/data/app/~~ZS9E27XFUMq_UEOJpzgrAw==/com.google.android.webview-1F4-Y8gMX6Rl1iWbcmwEbQ==/base.apk!/lib/arm64-v8a/libmonochrome.so" unused DT entry: unknown processor-specific (type 0x70000001 arg 0x0) (ignoring)
05-19 13:13:36.516  9375  9476 W com.fakestore: Accessing hidden method Landroid/os/Trace;->isTagEnabled(J)Z (greylist, reflection, allowed)
05-19 13:13:36.516  9375  9476 W com.fakestore: Accessing hidden method Landroid/os/Trace;->traceBegin(JLjava/lang/String;)V (greylist, reflection, allowed)
05-19 13:13:36.516  9375  9476 W com.fakestore: Accessing hidden method Landroid/os/Trace;->traceEnd(J)V (greylist, reflection, allowed)
05-19 13:13:36.516  9375  9476 W com.fakestore: Accessing hidden method Landroid/os/Trace;->asyncTraceBegin(JLjava/lang/String;I)V (greylist, reflection, allowed)
05-19 13:13:36.516  9375  9476 W com.fakestore: Accessing hidden method Landroid/os/Trace;->asyncTraceEnd(JLjava/lang/String;I)V (greylist, reflection, allowed)
05-19 13:13:36.520  9375  9476 I cr_WVCFactoryProvider: Loaded version=110.0.5481.153 minSdkVersion=29 isBundle=true multiprocess=true packageId=2
05-19 13:13:36.537  9375  9476 I cr_LibraryLoader: Successfully loaded native library
05-19 13:13:36.537  9375  9476 I cr_CachingUmaRecorder: Flushed 8 samples from 8 histograms.
05-19 13:13:36.905  9375  9474 I ReactNativeJS: Running "FakeStore" with {"rootTag":1}
05-19 13:13:37.075  9375  9476 W unknown:ViewManagerPropertyUpdater: Could not find generated setter for class com.swmansion.rnscreens.ScreensShadowNode
05-19 13:13:37.126  9375  9375 I Detox   : UIManagerModule is busy
05-19 13:13:37.187  9375  9375 I Detox   : UIManagerModule is busy
05-19 13:13:37.234  9375  9548 D SoLoader: libimagepipeline.so not found on /data/data/com.fakestore/lib-main
05-19 13:13:37.234  9375  9548 D SoLoader: libimagepipeline.so found on /data/app/~~UnOdGJYV-Nx5MWZj9Cz3RQ==/com.fakestore-zZwdDO2wtX5J7ibntX-qjQ==/lib/arm64
05-19 13:13:37.234  9375  9548 D SoLoader: Not resolving dependencies for libimagepipeline.so
05-19 13:13:37.259  9375  9375 I Detox   : UIManagerModule is busy
05-19 13:13:37.266  9375  9375 I Detox   : Wait is over: App is now idle!
05-19 13:13:37.270  9375  9467 I DetoxWSClient: Sending out action 'ready' (ID #-1000)
05-19 13:13:37.271  9375  9467 I DetoxDispatcher: Done with action 'isReady'
05-19 13:13:37.271  9375  9467 I DetoxDispatcher: Handling action 'loginSuccess' (ID #0)...
05-19 13:13:37.271  9375  9467 I DetoxDispatcher: Done with action 'loginSuccess'
05-19 13:13:37.271  9375  9467 I DetoxDispatcher: Handling action 'isReady' (ID #-1000)...
05-19 13:13:37.274  9375  9375 I Detox   : Wait is over: App is now idle!
05-19 13:13:37.274  9375  9467 I DetoxWSClient: Sending out action 'ready' (ID #-1000)
05-19 13:13:37.275  9375  9467 I DetoxDispatcher: Done with action 'isReady'
