--------- beginning of main
05-19 13:41:49.230 15818 15818 I com.fakestore: Late-enabling -Xcheck:jni
05-19 13:41:49.249 15818 15818 I com.fakestore: Unquickening 21 vdex files!
05-19 13:41:49.251 15818 15818 E com.fakestore: Unknown bits set in runtime_flags: 0x40000000
05-19 13:41:49.278 15818 15818 E RefClass: java.lang.reflect.InvocationTargetException
05-19 13:41:49.301 15818 15818 I oplus.android.OplusFrameworkFactoryImpl: get feature:IOplusScreenModeFeature
05-19 13:41:49.302 15818 15818 I oplus.android.OplusFrameworkFactoryImpl: getOplusScreenModeFeature
05-19 13:41:49.312 15818 15818 E libc    : Access denied finding property "ro.odm.prev.product.name"
--------- beginning of system
05-19 13:41:49.313 15818 15818 W ActivityThread: Package uses different ABI(s) than its instrumentation: package[com.fakestore]: arm64-v8a, null instrumentation[com.fakestore.test]: null, null
05-19 13:41:49.318 15818 15818 I com.fakestore: The ClassLoaderContext is a special shared library.
05-19 13:41:49.320 15818 15818 I chatty  : uid=11047(com.fakestore) identical 1 line
05-19 13:41:49.323 15818 15818 I com.fakestore: The ClassLoaderContext is a special shared library.
05-19 13:41:49.541 15818 15818 I Perf    : Connecting to perf service.
05-19 13:41:49.550 15818 15818 D ApplicationLoaders: Returning zygote-cached class loader: /system/framework/android.test.base.jar
05-19 13:41:49.550 15818 15818 D ApplicationLoaders: Returning zygote-cached class loader: /system/framework/android.test.base.jar
05-19 13:41:49.552 15818 15818 I com.fakestore: The ClassLoaderContext is a special shared library.
05-19 13:41:49.555 15818 15818 D ApplicationLoaders: Returning zygote-cached class loader: /system/framework/android.test.base.jar
05-19 13:41:49.555 15818 15818 D ApplicationLoaders: Returning zygote-cached class loader: /system/framework/android.test.base.jar
05-19 13:41:49.556 15818 15818 I com.fakestore: The ClassLoaderContext is a special shared library.
05-19 13:41:49.561 15818 15818 I chatty  : uid=11047(com.fakestore) identical 2 lines
05-19 13:41:49.562 15818 15818 I com.fakestore: The ClassLoaderContext is a special shared library.
05-19 13:41:49.775 15818 15818 W com.fakestore: Accessing hidden method Landroid/app/Instrumentation;->execStartActivity(Landroid/content/Context;Landroid/os/IBinder;Landroid/os/IBinder;Landroid/app/Activity;Landroid/content/Intent;ILandroid/os/Bundle;)Landroid/app/Instrumentation$ActivityResult; (greylist, linking, allowed)
05-19 13:41:49.776 15818 15818 W com.fakestore: Accessing hidden method Landroid/app/Instrumentation;->execStartActivity(Landroid/content/Context;Landroid/os/IBinder;Landroid/os/IBinder;Ljava/lang/String;Landroid/content/Intent;ILandroid/os/Bundle;)Landroid/app/Instrumentation$ActivityResult; (greylist, linking, allowed)
05-19 13:41:49.782 15818 15818 D NetworkSecurityConfig: Using Network Security Config from resource network_security_config debugBuild: true
05-19 13:41:49.783 15818 15818 D NetworkSecurityConfig: Using Network Security Config from resource network_security_config debugBuild: true
05-19 13:41:49.784 15818 15818 I MonitoringInstr: newApplication called!
05-19 13:41:49.800 15818 15818 I MonitoringInstr: Instrumentation started!
05-19 13:41:49.807 15818 15818 I AndroidJUnitRunner: onCreate Bundle[{debug=false, detoxServer=ws://localhost:52331, detoxSessionId=b33dfe7e-82cc-56ba-4723-573e248c7c80}]
05-19 13:41:49.808 15818 15818 V TestEventClient: No service name argument was given (testDiscoveryService, testRunEventService or orchestratorService)
05-19 13:41:49.810 15818 15840 D AndroidJUnitRunner: onStart is called.
05-19 13:41:49.816 15818 15818 V fb-UnpackingSoSource: locked dso store /data/user/0/com.fakestore/lib-main
05-19 13:41:49.818 15818 15818 V fb-UnpackingSoSource: deps mismatch on deps store: regenerating
05-19 13:41:49.818 15818 15818 V fb-UnpackingSoSource: so store dirty: regenerating
05-19 13:41:49.858 15818 15818 D ApkSoSource: not allowing consideration of lib/arm64-v8a/libc++_shared.so: deferring to libdir
05-19 13:41:49.858 15818 15818 D ApkSoSource: not allowing consideration of lib/arm64-v8a/libevent-2.1.so: deferring to libdir
05-19 13:41:49.858 15818 15818 D ApkSoSource: not allowing consideration of lib/arm64-v8a/libevent_core-2.1.so: deferring to libdir
05-19 13:41:49.859 15818 15818 D ApkSoSource: not allowing consideration of lib/arm64-v8a/libevent_extra-2.1.so: deferring to libdir
05-19 13:41:49.859 15818 15818 D ApkSoSource: not allowing consideration of lib/arm64-v8a/libfabricjni.so: deferring to libdir
05-19 13:41:49.859 15818 15818 D ApkSoSource: not allowing consideration of lib/arm64-v8a/libfb.so: deferring to libdir
05-19 13:41:49.859 15818 15818 D ApkSoSource: not allowing consideration of lib/arm64-v8a/libfbjni.so: deferring to libdir
05-19 13:41:49.859 15818 15818 D ApkSoSource: not allowing consideration of lib/arm64-v8a/libflipper.so: deferring to libdir
05-19 13:41:49.859 15818 15818 D ApkSoSource: not allowing consideration of lib/arm64-v8a/libfolly_runtime.so: deferring to libdir
05-19 13:41:49.859 15818 15818 D ApkSoSource: not allowing consideration of lib/arm64-v8a/libglog.so: deferring to libdir
05-19 13:41:49.859 15818 15818 D ApkSoSource: not allowing consideration of lib/arm64-v8a/libglog_init.so: deferring to libdir
05-19 13:41:49.859 15818 15818 D ApkSoSource: not allowing consideration of lib/arm64-v8a/libimagepipeline.so: deferring to libdir
05-19 13:41:49.859 15818 15818 D ApkSoSource: not allowing consideration of lib/arm64-v8a/libjsc.so: deferring to libdir
05-19 13:41:49.860 15818 15818 D ApkSoSource: not allowing consideration of lib/arm64-v8a/libjscexecutor.so: deferring to libdir
05-19 13:41:49.860 15818 15818 D ApkSoSource: not allowing consideration of lib/arm64-v8a/libjsi.so: deferring to libdir
05-19 13:41:49.860 15818 15818 D ApkSoSource: not allowing consideration of lib/arm64-v8a/libjsijniprofiler.so: deferring to libdir
05-19 13:41:49.860 15818 15818 D ApkSoSource: not allowing consideration of lib/arm64-v8a/libjsinspector.so: deferring to libdir
05-19 13:41:49.860 15818 15818 D ApkSoSource: not allowing consideration of lib/arm64-v8a/liblogger.so: deferring to libdir
05-19 13:41:49.860 15818 15818 D ApkSoSource: not allowing consideration of lib/arm64-v8a/libmapbufferjni.so: deferring to libdir
05-19 13:41:49.860 15818 15818 D ApkSoSource: not allowing consideration of lib/arm64-v8a/libnative-filters.so: deferring to libdir
05-19 13:41:49.860 15818 15818 D ApkSoSource: not allowing consideration of lib/arm64-v8a/libnative-imagetranscoder.so: deferring to libdir
05-19 13:41:49.860 15818 15818 D ApkSoSource: not allowing consideration of lib/arm64-v8a/libreact_codegen_rncore.so: deferring to libdir
05-19 13:41:49.860 15818 15818 D ApkSoSource: not allowing consideration of lib/arm64-v8a/libreact_config.so: deferring to libdir
05-19 13:41:49.860 15818 15818 D ApkSoSource: not allowing consideration of lib/arm64-v8a/libreact_debug.so: deferring to libdir
05-19 13:41:49.860 15818 15818 D ApkSoSource: not allowing consideration of lib/arm64-v8a/libreact_nativemodule_core.so: deferring to libdir
05-19 13:41:49.861 15818 15818 D ApkSoSource: not allowing consideration of lib/arm64-v8a/libreact_render_animations.so: deferring to libdir
05-19 13:41:49.861 15818 15818 D ApkSoSource: not allowing consideration of lib/arm64-v8a/libreact_render_attributedstring.so: deferring to libdir
05-19 13:41:49.861 15818 15818 D ApkSoSource: not allowing consideration of lib/arm64-v8a/libreact_render_componentregistry.so: deferring to libdir
05-19 13:41:49.861 15818 15818 D ApkSoSource: not allowing consideration of lib/arm64-v8a/libreact_render_core.so: deferring to libdir
05-19 13:41:49.861 15818 15818 D ApkSoSource: not allowing consideration of lib/arm64-v8a/libreact_render_debug.so: deferring to libdir
05-19 13:41:49.861 15818 15818 D ApkSoSource: not allowing consideration of lib/arm64-v8a/libreact_render_graphics.so: deferring to libdir
05-19 13:41:49.861 15818 15818 D ApkSoSource: not allowing consideration of lib/arm64-v8a/libreact_render_imagemanager.so: deferring to libdir
05-19 13:41:49.861 15818 15818 D ApkSoSource: not allowing consideration of lib/arm64-v8a/libreact_render_leakchecker.so: deferring to libdir
05-19 13:41:49.861 15818 15818 D ApkSoSource: not allowing consideration of lib/arm64-v8a/libreact_render_mapbuffer.so: deferring to libdir
05-19 13:41:49.861 15818 15818 D ApkSoSource: not allowing consideration of lib/arm64-v8a/libreact_render_mounting.so: deferring to libdir
05-19 13:41:49.861 15818 15818 D ApkSoSource: not allowing consideration of lib/arm64-v8a/libreact_render_runtimescheduler.so: deferring to libdir
05-19 13:41:49.861 15818 15818 D ApkSoSource: not allowing consideration of lib/arm64-v8a/libreact_render_scheduler.so: deferring to libdir
05-19 13:41:49.861 15818 15818 D ApkSoSource: not allowing consideration of lib/arm64-v8a/libreact_render_telemetry.so: deferring to libdir
05-19 13:41:49.862 15818 15818 D ApkSoSource: not allowing consideration of lib/arm64-v8a/libreact_render_templateprocessor.so: deferring to libdir
05-19 13:41:49.862 15818 15818 D ApkSoSource: not allowing consideration of lib/arm64-v8a/libreact_render_textlayoutmanager.so: deferring to libdir
05-19 13:41:49.862 15818 15818 D ApkSoSource: not allowing consideration of lib/arm64-v8a/libreact_render_uimanager.so: deferring to libdir
05-19 13:41:49.862 15818 15818 D ApkSoSource: not allowing consideration of lib/arm64-v8a/libreact_utils.so: deferring to libdir
05-19 13:41:49.862 15818 15818 D ApkSoSource: not allowing consideration of lib/arm64-v8a/libreactnativeblob.so: deferring to libdir
05-19 13:41:49.862 15818 15818 D ApkSoSource: not allowing consideration of lib/arm64-v8a/libreactnativejni.so: deferring to libdir
05-19 13:41:49.862 15818 15818 D ApkSoSource: not allowing consideration of lib/arm64-v8a/libreactnativeutilsjni.so: deferring to libdir
05-19 13:41:49.862 15818 15818 D ApkSoSource: not allowing consideration of lib/arm64-v8a/libreactperfloggerjni.so: deferring to libdir
05-19 13:41:49.862 15818 15818 D ApkSoSource: not allowing consideration of lib/arm64-v8a/librrc_image.so: deferring to libdir
05-19 13:41:49.862 15818 15818 D ApkSoSource: not allowing consideration of lib/arm64-v8a/librrc_root.so: deferring to libdir
05-19 13:41:49.862 15818 15818 D ApkSoSource: not allowing consideration of lib/arm64-v8a/librrc_scrollview.so: deferring to libdir
05-19 13:41:49.862 15818 15818 D ApkSoSource: not allowing consideration of lib/arm64-v8a/librrc_text.so: deferring to libdir
05-19 13:41:49.862 15818 15818 D ApkSoSource: not allowing consideration of lib/arm64-v8a/librrc_textinput.so: deferring to libdir
05-19 13:41:49.862 15818 15818 D ApkSoSource: not allowing consideration of lib/arm64-v8a/librrc_unimplementedview.so: deferring to libdir
05-19 13:41:49.863 15818 15818 D ApkSoSource: not allowing consideration of lib/arm64-v8a/librrc_view.so: deferring to libdir
05-19 13:41:49.863 15818 15818 D ApkSoSource: not allowing consideration of lib/arm64-v8a/libruntimeexecutor.so: deferring to libdir
05-19 13:41:49.863 15818 15818 D ApkSoSource: not allowing consideration of lib/arm64-v8a/libturbomodulejsijni.so: deferring to libdir
05-19 13:41:49.863 15818 15818 D ApkSoSource: not allowing consideration of lib/arm64-v8a/libyoga.so: deferring to libdir
05-19 13:41:49.863 15818 15818 V fb-UnpackingSoSource: regenerating DSO store com.facebook.soloader.ApkSoSource
05-19 13:41:49.864 15818 15818 V fb-UnpackingSoSource: Finished regenerating DSO store com.facebook.soloader.ApkSoSource
05-19 13:41:49.864 15818 15818 V fb-UnpackingSoSource: starting syncer worker
05-19 13:41:49.867 15818 15818 V fb-UnpackingSoSource: releasing dso store lock for /data/user/0/com.fakestore/lib-main (from syncer thread)
05-19 13:41:49.867 15818 15818 V fb-UnpackingSoSource: not releasing dso store lock for /data/user/0/com.fakestore/lib-main (syncer thread started)
05-19 13:41:49.880 15818 15818 D SoLoader: libjscexecutor.so not found on /data/data/com.fakestore/lib-main
05-19 13:41:49.880 15818 15818 D SoLoader: libjscexecutor.so found on /data/app/~~IlVMR96iqfVHPoqEuP1yLA==/com.fakestore-TWmxFJswmpl82H7_ZCxLYw==/lib/arm64
05-19 13:41:49.880 15818 15818 D SoLoader: Not resolving dependencies for libjscexecutor.so
05-19 13:41:49.895 15818 15818 D JavaScriptCore.Version: 250230.2.1
05-19 13:41:49.985 15818 15818 E Parcel  : Reading a NULL string not supported here.
05-19 13:41:49.989 15818 15818 I chatty  : uid=11047(com.fakestore) identical 26 lines
05-19 13:41:49.989 15818 15818 E Parcel  : Reading a NULL string not supported here.
05-19 13:41:49.989 15818 15818 V SensorManager: RegisterListener bmi160 Accelerometer Non-wakeup type:1 delay:66667us by com.facebook.react.common.ShakeDetector
05-19 13:41:49.989 15818 15818 E Parcel  : Reading a NULL string not supported here.
05-19 13:41:50.007 15818 15849 D SoLoader: libfbjni.so not found on /data/data/com.fakestore/lib-main
05-19 13:41:50.007 15818 15849 D SoLoader: libfbjni.so found on /data/app/~~IlVMR96iqfVHPoqEuP1yLA==/com.fakestore-TWmxFJswmpl82H7_ZCxLYw==/lib/arm64
05-19 13:41:50.007 15818 15849 D SoLoader: Not resolving dependencies for libfbjni.so
05-19 13:41:50.010 15818 15849 D SoLoader: libflipper.so not found on /data/data/com.fakestore/lib-main
05-19 13:41:50.011 15818 15849 D SoLoader: libflipper.so found on /data/app/~~IlVMR96iqfVHPoqEuP1yLA==/com.fakestore-TWmxFJswmpl82H7_ZCxLYw==/lib/arm64
05-19 13:41:50.011 15818 15849 D SoLoader: Not resolving dependencies for libflipper.so
05-19 13:41:50.065 15818 15818 W com.fakestore: Accessing hidden field Landroid/view/View;->mKeyedTags:Landroid/util/SparseArray; (greylist, reflection, allowed)
05-19 13:41:50.065 15818 15818 W com.fakestore: Accessing hidden field Landroid/view/View;->mListenerInfo:Landroid/view/View$ListenerInfo; (greylist, reflection, allowed)
05-19 13:41:50.065 15818 15818 W com.fakestore: Accessing hidden field Landroid/view/View$ListenerInfo;->mOnClickListener:Landroid/view/View$OnClickListener; (greylist, reflection, allowed)
05-19 13:41:50.070 15818 15818 I flipper : flipper: FlipperClient::addPlugin Inspector
05-19 13:41:50.071 15818 15818 I flipper : flipper: FlipperClient::addPlugin React
05-19 13:41:50.072 15818 15818 I flipper : flipper: FlipperClient::addPlugin Databases
05-19 13:41:50.073 15818 15818 I flipper : flipper: FlipperClient::addPlugin Preferences
05-19 13:41:50.074 15818 15818 I flipper : flipper: FlipperClient::addPlugin CrashReporter
05-19 13:41:50.076 15818 15818 I flipper : flipper: FlipperClient::addPlugin Network
05-19 13:41:50.093 15818 15840 D TestRequestBuilder: Using class path scanning to discover tests
05-19 13:41:50.093 15818 15840 I TestRequestBuilder: Scanning classpath to find tests in paths [/data/app/~~l1Edcy16bCDjQH3hxar5WA==/com.fakestore.test-sVbx7Xr_M4hdu0OWQtc1WA==/base.apk]
05-19 13:41:50.094 15818 15840 I System  : Opening DexFile: /data/app/~~l1Edcy16bCDjQH3hxar5WA==/com.fakestore.test-sVbx7Xr_M4hdu0OWQtc1WA==/base.apk
05-19 13:41:50.094 15818 15840 W com.fakestore: Opening an oat file without a class loader. Are you using the deprecated DexFile APIs?
05-19 13:41:50.100 15818 15848 W System.err: SLF4J: Failed to load class "org.slf4j.impl.StaticLoggerBinder".
05-19 13:41:50.100 15818 15848 W System.err: SLF4J: Defaulting to no-operation (NOP) logger implementation
05-19 13:41:50.100 15818 15848 W System.err: SLF4J: See http://www.slf4j.org/codes.html#StaticLoggerBinder for further details.
05-19 13:41:50.314 15818 15840 W com.fakestore: Unable to resolve Lcom/google/android/apps/common/testing/accessibility/framework/AccessibilityHierarchyCheckResult; annotation class 5201
05-19 13:41:50.315 15818 15840 I chatty  : uid=11047(com.fakestore) roidJUnitRunner identical 2 lines
05-19 13:41:50.315 15818 15840 W com.fakestore: Unable to resolve Lcom/google/android/apps/common/testing/accessibility/framework/AccessibilityHierarchyCheckResult; annotation class 5201
05-19 13:41:50.316 15818 15840 W com.fakestore: Unable to resolve Lcom/google/android/apps/common/testing/accessibility/framework/AccessibilityViewCheckResult; annotation class 5201
05-19 13:41:50.317 15818 15840 W com.fakestore: Unable to resolve Lcom/google/android/apps/common/testing/accessibility/framework/ClusteringUtils; annotation class 5201
05-19 13:41:50.319 15818 15840 W com.fakestore: Unable to resolve Lcom/google/android/apps/common/testing/accessibility/framework/Question; annotation class 5201
05-19 13:41:50.325 15818 15840 W com.fakestore: Unable to resolve Lcom/google/android/apps/common/testing/accessibility/framework/replacements/TextUtils; annotation class 5200
05-19 13:41:50.328 15818 15840 W com.fakestore: Unable to resolve Lcom/google/android/apps/common/testing/accessibility/framework/uielement/ViewHierarchyElement; annotation class 5201
05-19 13:41:50.329 15818 15840 I chatty  : uid=11047(com.fakestore) roidJUnitRunner identical 2 lines
05-19 13:41:50.329 15818 15840 W com.fakestore: Unable to resolve Lcom/google/android/apps/common/testing/accessibility/framework/uielement/ViewHierarchyElement; annotation class 5201
05-19 13:41:50.330 15818 15840 W com.fakestore: Unable to resolve Lcom/google/android/apps/common/testing/accessibility/framework/uielement/ViewHierarchyElementAndroid; annotation class 5201
05-19 13:41:50.330 15818 15840 I chatty  : uid=11047(com.fakestore) roidJUnitRunner identical 2 lines
05-19 13:41:50.330 15818 15840 W com.fakestore: Unable to resolve Lcom/google/android/apps/common/testing/accessibility/framework/uielement/ViewHierarchyElementAndroid; annotation class 5201
05-19 13:41:50.331 15818 15840 W com.fakestore: Unable to resolve Lcom/google/android/apps/common/testing/accessibility/framework/uielement/ViewHierarchyElement; annotation class 5201
05-19 13:41:50.331 15818 15840 W com.fakestore: Unable to resolve Lcom/google/android/apps/common/testing/accessibility/framework/uielement/ViewHierarchyElement; annotation class 5201
05-19 13:41:50.521 15818 15840 D AndroidJUnitRunner: Use the raw file system for managing file I/O.
05-19 13:41:50.524 15818 15840 D TestExecutor: Adding listener androidx.test.internal.runner.listener.LogRunListener
05-19 13:41:50.524 15818 15840 D TestExecutor: Adding listener androidx.test.internal.runner.listener.InstrumentationResultPrinter
05-19 13:41:50.524 15818 15840 D TestExecutor: Adding listener androidx.test.internal.runner.listener.ActivityFinisherRunListener
05-19 13:41:50.524 15818 15840 D TestExecutor: Adding listener androidx.test.internal.runner.listener.TraceRunListener
05-19 13:41:50.526 15818 15840 I TestRunner: run started: 1 tests
05-19 13:41:50.529 15818 15840 I TestRunner: started: runDetoxTests(com.fakestore.DetoxTest)
05-19 13:41:50.547 15818 15840 D EventInjectionStrategy: Creating injection strategy with input manager.
05-19 13:41:50.549 15818 15840 W com.fakestore: Accessing hidden method Landroid/hardware/input/InputManager;->getInstance()Landroid/hardware/input/InputManager; (greylist, reflection, allowed)
05-19 13:41:50.550 15818 15840 W com.fakestore: Accessing hidden method Landroid/hardware/input/InputManager;->injectInputEvent(Landroid/view/InputEvent;I)Z (greylist, reflection, allowed)
05-19 13:41:50.550 15818 15840 W com.fakestore: Accessing hidden field Landroid/hardware/input/InputManager;->INJECT_INPUT_EVENT_MODE_WAIT_FOR_FINISH:I (greylist, reflection, allowed)
05-19 13:41:50.563 15818 15840 W com.fakestore: Accessing hidden field Ljava/lang/reflect/Field;->accessFlags:I (greylist, reflection, allowed)
05-19 13:41:50.568 15818 15874 E Parcel  : Reading a NULL string not supported here.
05-19 13:41:50.650 15818 15887 E libEGL  : Invalid file path for libcolorx-loader.so
05-19 13:41:50.695 15818 15818 I oplus.android.OplusFrameworkFactoryImpl: getOplusRedPacketManager
05-19 13:41:50.698 15818 15818 D LifecycleMonitor: Lifecycle status change: com.fakestore.MainActivity@87bb623 in: PRE_ON_CREATE
05-19 13:41:50.792 15818 15818 W com.fakestore: Accessing hidden method Landroid/view/View;->computeFitSystemWindows(Landroid/graphics/Rect;Landroid/graphics/Rect;)Z (greylist, reflection, allowed)
05-19 13:41:50.792 15818 15818 W com.fakestore: Accessing hidden method Landroid/view/ViewGroup;->makeOptionalFitsSystemWindows()V (greylist, reflection, allowed)
05-19 13:41:50.795 15818 15818 D LifecycleMonitor: Lifecycle status change: com.fakestore.MainActivity@87bb623 in: CREATED
05-19 13:41:50.801 15818 15818 D LifecycleMonitor: Lifecycle status change: com.fakestore.MainActivity@87bb623 in: STARTED
05-19 13:41:50.804 15818 15818 D LifecycleMonitor: Lifecycle status change: com.fakestore.MainActivity@87bb623 in: RESUMED
05-19 13:41:50.818 15818 15818 I OplusFeatureCache: Milliseconds spent on init(): 7
05-19 13:41:50.822 15818 15818 D OplusSlideAnimOptHelper: scrollEffectOpt enable = false
05-19 13:41:50.825 15818 15818 D ColorViewRootUtil: initSwipState, isDisplayCompatApp false
05-19 13:41:50.825 15818 15818 D ColorViewRootUtil: mScreenHeight 2400, mScreenWidth 1080
05-19 13:41:50.827 15818 15818 D WindowManager: Add to mViews: DecorView@15d2c14[MainActivity],pkg= com.fakestore
05-19 13:41:50.854 15818 15818 W unknown:ReactNative: Packager connection already open, nooping.
05-19 13:41:50.873 15818 15818 V OplusZoomWindowDecorViewHelper: setLastReportedMergedConfiguration mZoomDisplayHeight: 2400 getDecorView.DecorView@15d2c14[MainActivity]
05-19 13:41:50.877 15818 15881 E libEGL  : Invalid file path for libcolorx-loader.so
05-19 13:41:50.877 15818 15881 I AdrenoGLES-0: QUALCOMM build                   : 3142bdd, I7afe4835b7
05-19 13:41:50.877 15818 15881 I AdrenoGLES-0: Build Date                       : 09/16/20
05-19 13:41:50.877 15818 15881 I AdrenoGLES-0: OpenGL ES Shader Compiler Version: EV031.32.02.00
05-19 13:41:50.877 15818 15881 I AdrenoGLES-0: Local Branch                     : 
05-19 13:41:50.877 15818 15881 I AdrenoGLES-0: Remote Branch                    : 
05-19 13:41:50.877 15818 15881 I AdrenoGLES-0: Remote Branch                    : 
05-19 13:41:50.877 15818 15881 I AdrenoGLES-0: Reconstruct Branch               : 
05-19 13:41:50.877 15818 15881 I AdrenoGLES-0: Build Config                     : S P 10.0.6 AArch64
05-19 13:41:50.877 15818 15881 I AdrenoGLES-0: Driver Path                      : /vendor/lib64/egl/libGLESv2_adreno.so
05-19 13:41:50.883 15818 15881 I AdrenoGLES-0: PFP: 0x016ee190, ME: 0x00000000
05-19 13:41:50.890 15818 15881 E libEGL  : Invalid file path for libcolorx-loader.so
05-19 13:41:50.893 15818 15881 I chatty  : uid=11047(com.fakestore) RenderThread identical 65 lines
05-19 13:41:50.893 15818 15881 E libEGL  : Invalid file path for libcolorx-loader.so
05-19 13:41:51.047 15818 15818 E OplusCustomizeRestrictionManager: sInstance is null, start a new sInstance
05-19 13:41:51.070 15818 15818 D ColorViewRootUtil: initSwipState, isDisplayCompatApp false
05-19 13:41:51.070 15818 15818 D ColorViewRootUtil: mScreenHeight 2400, mScreenWidth 1080
05-19 13:41:51.070 15818 15818 D WindowManager: Add to mViews: android.widget.PopupWindow$PopupDecorView{f85ac62 V.E...... R.....I. 0,0-0,0},pkg= com.fakestore
05-19 13:41:51.078 15818 15853 D SoLoader: libreactnativejni.so not found on /data/data/com.fakestore/lib-main
05-19 13:41:51.078 15818 15853 D SoLoader: libreactnativejni.so found on /data/app/~~IlVMR96iqfVHPoqEuP1yLA==/com.fakestore-TWmxFJswmpl82H7_ZCxLYw==/lib/arm64
05-19 13:41:51.078 15818 15853 D SoLoader: Not resolving dependencies for libreactnativejni.so
05-19 13:41:51.180 15818 15840 I Detox   : Detox server connection details: url=ws://localhost:52331, sessionId=b33dfe7e-82cc-56ba-4723-573e248c7c80
05-19 13:41:51.194 15818 15896 I DetoxDispatcher: Handling action '_init' (ID #0)...
05-19 13:41:51.194 15818 15896 I Detox   : Connecting to server...
05-19 13:41:51.194 15818 15896 I DetoxWSClient: At connectToServer
05-19 13:41:51.248 15818 15898 D DetoxWSClient: At onOpen
05-19 13:41:51.249 15818 15898 I DetoxWSClient: Sending out action 'login' (ID #0)
05-19 13:41:51.249 15818 15898 I Detox   : Connected to server!
05-19 13:41:51.258 15818 15898 D DetoxWSClient: Received action 'loginSuccess' (ID #0, params={"testerConnected":true,"appConnected":true})
05-19 13:41:51.294 15818 15898 D DetoxWSClient: Received action 'isReady' (ID #-1000, params={})
05-19 13:41:51.319 15818 15903 E Parcel  : Reading a NULL string not supported here.
05-19 13:41:51.321 15818 15902 V AsyncStorageExpoMigration: No scoped database found
05-19 13:41:51.343 15818 15902 W unknown:ReactContext: initializeMessageQueueThreads() is called.
05-19 13:41:51.352 15818 15818 W unknown:ReactNative: Packager connection already open, nooping.
05-19 13:41:51.448 15818 15905 W unknown:ViewManagerPropertyUpdater: Could not find generated setter for class com.facebook.react.views.drawer.ReactDrawerLayoutManager
05-19 13:41:51.483 15818 15905 W unknown:ViewManagerPropertyUpdater: Could not find generated setter for class com.facebook.react.uimanager.LayoutShadowNode
05-19 13:41:51.496 15818 15905 W unknown:ViewManagerPropertyUpdater: Could not find generated setter for class com.facebook.react.views.scroll.ReactHorizontalScrollViewManager
05-19 13:41:51.507 15818 15905 W unknown:ViewManagerPropertyUpdater: Could not find generated setter for class com.facebook.react.views.scroll.ReactHorizontalScrollContainerViewManager
05-19 13:41:51.509 15818 15905 W unknown:ViewManagerPropertyUpdater: Could not find generated setter for class com.facebook.react.views.progressbar.ReactProgressBarViewManager
05-19 13:41:51.512 15818 15905 W unknown:ViewManagerPropertyUpdater: Could not find generated setter for class com.facebook.react.views.progressbar.ProgressBarShadowNode
05-19 13:41:51.515 15818 15905 W unknown:ViewManagerPropertyUpdater: Could not find generated setter for class com.facebook.react.views.scroll.ReactScrollViewManager
05-19 13:41:51.518 15818 15905 W unknown:ViewManagerPropertyUpdater: Could not find generated setter for class com.facebook.react.views.slider.ReactSliderManager
05-19 13:41:51.520 15818 15905 W unknown:ViewManagerPropertyUpdater: Could not find generated setter for class com.facebook.react.views.slider.ReactSliderManager$ReactSliderShadowNode
05-19 13:41:51.522 15818 15905 W unknown:ViewManagerPropertyUpdater: Could not find generated setter for class com.facebook.react.views.switchview.ReactSwitchManager
05-19 13:41:51.526 15818 15905 W unknown:ViewManagerPropertyUpdater: Could not find generated setter for class com.facebook.react.views.switchview.ReactSwitchManager$ReactSwitchShadowNode
05-19 13:41:51.527 15818 15905 W unknown:ViewManagerPropertyUpdater: Could not find generated setter for class com.facebook.react.views.swiperefresh.SwipeRefreshLayoutManager
05-19 13:41:51.528 15818 15905 W unknown:ViewManagerPropertyUpdater: Could not find generated setter for class com.facebook.react.views.text.frescosupport.FrescoBasedReactTextInlineImageViewManager
05-19 13:41:51.529 15818 15905 W unknown:ViewManagerPropertyUpdater: Could not find generated setter for class com.facebook.react.views.text.frescosupport.FrescoBasedReactTextInlineImageShadowNode
05-19 13:41:51.532 15818 15905 W unknown:ViewManagerPropertyUpdater: Could not find generated setter for class com.facebook.react.views.image.ReactImageManager
05-19 13:41:51.534 15818 15905 W unknown:ViewManagerPropertyUpdater: Could not find generated setter for class com.facebook.react.views.modal.ReactModalHostManager
05-19 13:41:51.535 15818 15905 W unknown:ViewManagerPropertyUpdater: Could not find generated setter for class com.facebook.react.views.modal.ModalHostShadowNode
05-19 13:41:51.536 15818 15905 W unknown:ViewManagerPropertyUpdater: Could not find generated setter for class com.facebook.react.views.text.ReactRawTextManager
05-19 13:41:51.536 15818 15905 W unknown:ViewManagerPropertyUpdater: Could not find generated setter for class com.facebook.react.views.text.ReactRawTextShadowNode
05-19 13:41:51.537 15818 15905 W unknown:ViewManagerPropertyUpdater: Could not find generated setter for class com.facebook.react.views.textinput.ReactTextInputManager
05-19 13:41:51.541 15818 15905 W unknown:ViewManagerPropertyUpdater: Could not find generated setter for class com.facebook.react.views.textinput.ReactTextInputShadowNode
05-19 13:41:51.543 15818 15905 W unknown:ViewManagerPropertyUpdater: Could not find generated setter for class com.facebook.react.views.text.ReactTextViewManager
05-19 13:41:51.545 15818 15905 W unknown:ViewManagerPropertyUpdater: Could not find generated setter for class com.facebook.react.views.text.ReactTextShadowNode
05-19 13:41:51.546 15818 15905 W unknown:ViewManagerPropertyUpdater: Could not find generated setter for class com.facebook.react.views.view.ReactViewManager
05-19 13:41:51.548 15818 15905 W unknown:ViewManagerPropertyUpdater: Could not find generated setter for class com.facebook.react.views.text.ReactVirtualTextViewManager
05-19 13:41:51.548 15818 15905 W unknown:ViewManagerPropertyUpdater: Could not find generated setter for class com.facebook.react.views.text.ReactVirtualTextShadowNode
05-19 13:41:51.549 15818 15905 W unknown:ViewManagerPropertyUpdater: Could not find generated setter for class com.facebook.react.views.unimplementedview.ReactUnimplementedViewManager
05-19 13:41:51.550 15818 15905 W unknown:ViewManagerPropertyUpdater: Could not find generated setter for class org.reactnative.maskedview.RNCMaskedViewManager
05-19 13:41:51.551 15818 15905 W unknown:ViewManagerPropertyUpdater: Could not find generated setter for class com.th3rdwave.safeareacontext.SafeAreaProviderManager
05-19 13:41:51.551 15818 15905 W unknown:ViewManagerPropertyUpdater: Could not find generated setter for class com.th3rdwave.safeareacontext.SafeAreaViewManager
05-19 13:41:51.552 15818 15905 W unknown:ViewManagerPropertyUpdater: Could not find generated setter for class com.th3rdwave.safeareacontext.SafeAreaViewShadowNode
05-19 13:41:51.553 15818 15905 W unknown:ViewManagerPropertyUpdater: Could not find generated setter for class com.swmansion.rnscreens.ScreenContainerViewManager
05-19 13:41:51.554 15818 15905 W unknown:ViewManagerPropertyUpdater: Could not find generated setter for class com.swmansion.rnscreens.ScreenViewManager
05-19 13:41:51.555 15818 15905 W unknown:ViewManagerPropertyUpdater: Could not find generated setter for class com.swmansion.rnscreens.ScreenStackViewManager
05-19 13:41:51.556 15818 15905 W unknown:ViewManagerPropertyUpdater: Could not find generated setter for class com.swmansion.rnscreens.ScreenStackHeaderConfigViewManager
05-19 13:41:51.558 15818 15905 W unknown:ViewManagerPropertyUpdater: Could not find generated setter for class com.swmansion.rnscreens.ScreenStackHeaderSubviewManager
05-19 13:41:51.558 15818 15905 W unknown:ViewManagerPropertyUpdater: Could not find generated setter for class com.swmansion.rnscreens.SearchBarManager
05-19 13:41:51.568 15818 15905 W unknown:ReactContext: initializeMessageQueueThreads() is called.
05-19 13:41:51.570 15818 15905 D SoLoader: libyoga.so not found on /data/data/com.fakestore/lib-main
05-19 13:41:51.570 15818 15905 D SoLoader: libyoga.so found on /data/app/~~IlVMR96iqfVHPoqEuP1yLA==/com.fakestore-TWmxFJswmpl82H7_ZCxLYw==/lib/arm64
05-19 13:41:51.570 15818 15905 D SoLoader: Not resolving dependencies for libyoga.so
05-19 13:41:51.578 15818 15818 D DetoxRNLoading: Listener-proxy method called: onReactContextInitialized
05-19 13:41:51.578 15818 15818 I DetoxRNLoading: Got new RN-context async'ly through listener
05-19 13:41:51.578 15818 15818 D DetoxRNLoading: Listener-proxy method called: equals
05-19 13:41:51.580 15818 15896 I DetoxRNIdleRes: Setting up Espresso Idling Resources for React Native
05-19 13:41:51.594 15818 15904 D SoLoader: libreactnativeblob.so not found on /data/data/com.fakestore/lib-main
05-19 13:41:51.594 15818 15904 D SoLoader: libreactnativeblob.so found on /data/app/~~IlVMR96iqfVHPoqEuP1yLA==/com.fakestore-TWmxFJswmpl82H7_ZCxLYw==/lib/arm64
05-19 13:41:51.594 15818 15904 D SoLoader: Not resolving dependencies for libreactnativeblob.so
05-19 13:41:51.600 15818 15896 D AsyncStorageIR: Checking whether a custom IR for Async-Storage is required... (legacy=false)
05-19 13:41:51.601 15818 15896 D AsyncStorageIR: IR for Async-Storage is required! (legacy=false)
05-19 13:41:51.602 15818 15896 D AsyncStorageIR: Checking whether a custom IR for Async-Storage is required... (legacy=true)
05-19 13:41:51.605 15818 15896 D AsyncStorageIR: IR for Async-Storage is required! (legacy=true)
05-19 13:41:51.608 15818 15818 D AsyncStorageIR: Async-storage is busy!
05-19 13:41:51.608 15818 15818 D AsyncStorageIRLegacy: Async-storage is busy!
05-19 13:41:51.613 15818 15896 I DetoxDispatcher: Done with action '_init'
05-19 13:41:51.613 15818 15896 I DetoxDispatcher: Handling action 'isReady' (ID #-1000)...
05-19 13:41:51.618 15818 15818 W com.fakestore: Accessing hidden method Landroid/os/MessageQueue;->next()Landroid/os/Message; (greylist, reflection, allowed)
05-19 13:41:51.618 15818 15818 W com.fakestore: Accessing hidden field Landroid/os/MessageQueue;->mMessages:Landroid/os/Message; (greylist, reflection, allowed)
05-19 13:41:51.620 15818 15818 W com.fakestore: Accessing hidden method Landroid/os/Message;->recycleUnchecked()V (greylist, reflection, allowed)
05-19 13:41:51.621 15818 15905 I flipper : flipper: FlipperClient::addPlugin Fresco
05-19 13:41:51.682 15818 15905 I WebViewFactory: Loading com.google.android.webview version 110.0.5481.153 (code 548115333)
05-19 13:41:51.693 15818 15905 W linker  : Warning: "/data/app/~~ZS9E27XFUMq_UEOJpzgrAw==/com.google.android.webview-1F4-Y8gMX6Rl1iWbcmwEbQ==/base.apk!/lib/arm64-v8a/libmonochrome.so" unused DT entry: unknown processor-specific (type 0x70000001 arg 0x0) (ignoring)
05-19 13:41:51.720 15818 15905 W com.fakestore: Accessing hidden method Landroid/os/Trace;->isTagEnabled(J)Z (greylist, reflection, allowed)
05-19 13:41:51.720 15818 15905 W com.fakestore: Accessing hidden method Landroid/os/Trace;->traceBegin(JLjava/lang/String;)V (greylist, reflection, allowed)
05-19 13:41:51.720 15818 15905 W com.fakestore: Accessing hidden method Landroid/os/Trace;->traceEnd(J)V (greylist, reflection, allowed)
05-19 13:41:51.720 15818 15905 W com.fakestore: Accessing hidden method Landroid/os/Trace;->asyncTraceBegin(JLjava/lang/String;I)V (greylist, reflection, allowed)
05-19 13:41:51.720 15818 15905 W com.fakestore: Accessing hidden method Landroid/os/Trace;->asyncTraceEnd(JLjava/lang/String;I)V (greylist, reflection, allowed)
05-19 13:41:51.729 15818 15905 I cr_WVCFactoryProvider: Loaded version=110.0.5481.153 minSdkVersion=29 isBundle=true multiprocess=true packageId=2
05-19 13:41:51.782 15818 15905 I cr_LibraryLoader: Successfully loaded native library
05-19 13:41:51.783 15818 15905 I cr_CachingUmaRecorder: Flushed 8 samples from 8 histograms.
05-19 13:41:52.069 15818 15904 I ReactNativeJS: Running "FakeStore" with {"rootTag":1}
05-19 13:41:52.229 15818 15905 W unknown:ViewManagerPropertyUpdater: Could not find generated setter for class com.swmansion.rnscreens.ScreensShadowNode
05-19 13:41:52.384 15818 15962 D SoLoader: libimagepipeline.so not found on /data/data/com.fakestore/lib-main
05-19 13:41:52.385 15818 15962 D SoLoader: libimagepipeline.so found on /data/app/~~IlVMR96iqfVHPoqEuP1yLA==/com.fakestore-TWmxFJswmpl82H7_ZCxLYw==/lib/arm64
05-19 13:41:52.385 15818 15962 D SoLoader: Not resolving dependencies for libimagepipeline.so
05-19 13:41:52.409 15818 15818 I Detox   : Wait is over: App is now idle!
05-19 13:41:52.410 15818 15896 I DetoxWSClient: Sending out action 'ready' (ID #-1000)
05-19 13:41:52.411 15818 15896 I DetoxDispatcher: Done with action 'isReady'
05-19 13:41:52.411 15818 15896 I DetoxDispatcher: Handling action 'loginSuccess' (ID #0)...
05-19 13:41:52.411 15818 15896 I DetoxDispatcher: Done with action 'loginSuccess'
05-19 13:41:52.411 15818 15896 I DetoxDispatcher: Handling action 'isReady' (ID #-1000)...
05-19 13:41:52.415 15818 15818 I Detox   : Wait is over: App is now idle!
05-19 13:41:52.415 15818 15896 I DetoxWSClient: Sending out action 'ready' (ID #-1000)
05-19 13:41:52.416 15818 15896 I DetoxDispatcher: Done with action 'isReady'
