--------- beginning of main
05-19 13:42:10.687 16735 16735 I com.fakestore: Late-enabling -Xcheck:jni
05-19 13:42:10.703 16735 16735 I com.fakestore: Unquickening 21 vdex files!
05-19 13:42:10.703 16735 16735 E com.fakestore: Unknown bits set in runtime_flags: 0x40000000
05-19 13:42:10.732 16735 16735 E RefClass: java.lang.reflect.InvocationTargetException
05-19 13:42:10.749 16735 16735 I oplus.android.OplusFrameworkFactoryImpl: get feature:IOplusScreenModeFeature
05-19 13:42:10.749 16735 16735 I oplus.android.OplusFrameworkFactoryImpl: getOplusScreenModeFeature
05-19 13:42:10.758 16735 16735 E libc    : Access denied finding property "ro.odm.prev.product.name"
--------- beginning of system
05-19 13:42:10.759 16735 16735 W ActivityThread: Package uses different ABI(s) than its instrumentation: package[com.fakestore]: arm64-v8a, null instrumentation[com.fakestore.test]: null, null
05-19 13:42:10.763 16735 16735 I com.fakestore: The ClassLoaderContext is a special shared library.
05-19 13:42:10.764 16735 16735 I chatty  : uid=11049(com.fakestore) identical 1 line
05-19 13:42:10.765 16735 16735 I com.fakestore: The ClassLoaderContext is a special shared library.
05-19 13:42:10.986 16735 16735 I Perf    : Connecting to perf service.
05-19 13:42:10.995 16735 16735 D ApplicationLoaders: Returning zygote-cached class loader: /system/framework/android.test.base.jar
05-19 13:42:10.995 16735 16735 D ApplicationLoaders: Returning zygote-cached class loader: /system/framework/android.test.base.jar
05-19 13:42:10.996 16735 16735 I com.fakestore: The ClassLoaderContext is a special shared library.
05-19 13:42:10.999 16735 16735 D ApplicationLoaders: Returning zygote-cached class loader: /system/framework/android.test.base.jar
05-19 13:42:10.999 16735 16735 D ApplicationLoaders: Returning zygote-cached class loader: /system/framework/android.test.base.jar
05-19 13:42:11.000 16735 16735 I com.fakestore: The ClassLoaderContext is a special shared library.
05-19 13:42:11.005 16735 16735 I chatty  : uid=11049(com.fakestore) identical 2 lines
05-19 13:42:11.006 16735 16735 I com.fakestore: The ClassLoaderContext is a special shared library.
05-19 13:42:11.216 16735 16735 W com.fakestore: Accessing hidden method Landroid/app/Instrumentation;->execStartActivity(Landroid/content/Context;Landroid/os/IBinder;Landroid/os/IBinder;Landroid/app/Activity;Landroid/content/Intent;ILandroid/os/Bundle;)Landroid/app/Instrumentation$ActivityResult; (greylist, linking, allowed)
05-19 13:42:11.216 16735 16735 W com.fakestore: Accessing hidden method Landroid/app/Instrumentation;->execStartActivity(Landroid/content/Context;Landroid/os/IBinder;Landroid/os/IBinder;Ljava/lang/String;Landroid/content/Intent;ILandroid/os/Bundle;)Landroid/app/Instrumentation$ActivityResult; (greylist, linking, allowed)
05-19 13:42:11.222 16735 16735 D NetworkSecurityConfig: Using Network Security Config from resource network_security_config debugBuild: true
05-19 13:42:11.223 16735 16735 D NetworkSecurityConfig: Using Network Security Config from resource network_security_config debugBuild: true
05-19 13:42:11.223 16735 16735 I MonitoringInstr: newApplication called!
05-19 13:42:11.240 16735 16735 I MonitoringInstr: Instrumentation started!
05-19 13:42:11.246 16735 16735 I AndroidJUnitRunner: onCreate Bundle[{debug=false, detoxServer=ws://localhost:52331, detoxSessionId=b33dfe7e-82cc-56ba-4723-573e248c7c80}]
05-19 13:42:11.249 16735 16735 V TestEventClient: No service name argument was given (testDiscoveryService, testRunEventService or orchestratorService)
05-19 13:42:11.250 16735 16759 D AndroidJUnitRunner: onStart is called.
05-19 13:42:11.257 16735 16735 V fb-UnpackingSoSource: locked dso store /data/user/0/com.fakestore/lib-main
05-19 13:42:11.260 16735 16735 V fb-UnpackingSoSource: deps mismatch on deps store: regenerating
05-19 13:42:11.260 16735 16735 V fb-UnpackingSoSource: so store dirty: regenerating
05-19 13:42:11.299 16735 16735 D ApkSoSource: not allowing consideration of lib/arm64-v8a/libc++_shared.so: deferring to libdir
05-19 13:42:11.299 16735 16735 D ApkSoSource: not allowing consideration of lib/arm64-v8a/libevent-2.1.so: deferring to libdir
05-19 13:42:11.299 16735 16735 D ApkSoSource: not allowing consideration of lib/arm64-v8a/libevent_core-2.1.so: deferring to libdir
05-19 13:42:11.299 16735 16735 D ApkSoSource: not allowing consideration of lib/arm64-v8a/libevent_extra-2.1.so: deferring to libdir
05-19 13:42:11.299 16735 16735 D ApkSoSource: not allowing consideration of lib/arm64-v8a/libfabricjni.so: deferring to libdir
05-19 13:42:11.299 16735 16735 D ApkSoSource: not allowing consideration of lib/arm64-v8a/libfb.so: deferring to libdir
05-19 13:42:11.299 16735 16735 D ApkSoSource: not allowing consideration of lib/arm64-v8a/libfbjni.so: deferring to libdir
05-19 13:42:11.299 16735 16735 D ApkSoSource: not allowing consideration of lib/arm64-v8a/libflipper.so: deferring to libdir
05-19 13:42:11.299 16735 16735 D ApkSoSource: not allowing consideration of lib/arm64-v8a/libfolly_runtime.so: deferring to libdir
05-19 13:42:11.300 16735 16735 D ApkSoSource: not allowing consideration of lib/arm64-v8a/libglog.so: deferring to libdir
05-19 13:42:11.300 16735 16735 D ApkSoSource: not allowing consideration of lib/arm64-v8a/libglog_init.so: deferring to libdir
05-19 13:42:11.300 16735 16735 D ApkSoSource: not allowing consideration of lib/arm64-v8a/libimagepipeline.so: deferring to libdir
05-19 13:42:11.300 16735 16735 D ApkSoSource: not allowing consideration of lib/arm64-v8a/libjsc.so: deferring to libdir
05-19 13:42:11.300 16735 16735 D ApkSoSource: not allowing consideration of lib/arm64-v8a/libjscexecutor.so: deferring to libdir
05-19 13:42:11.300 16735 16735 D ApkSoSource: not allowing consideration of lib/arm64-v8a/libjsi.so: deferring to libdir
05-19 13:42:11.300 16735 16735 D ApkSoSource: not allowing consideration of lib/arm64-v8a/libjsijniprofiler.so: deferring to libdir
05-19 13:42:11.300 16735 16735 D ApkSoSource: not allowing consideration of lib/arm64-v8a/libjsinspector.so: deferring to libdir
05-19 13:42:11.300 16735 16735 D ApkSoSource: not allowing consideration of lib/arm64-v8a/liblogger.so: deferring to libdir
05-19 13:42:11.300 16735 16735 D ApkSoSource: not allowing consideration of lib/arm64-v8a/libmapbufferjni.so: deferring to libdir
05-19 13:42:11.301 16735 16735 D ApkSoSource: not allowing consideration of lib/arm64-v8a/libnative-filters.so: deferring to libdir
05-19 13:42:11.301 16735 16735 D ApkSoSource: not allowing consideration of lib/arm64-v8a/libnative-imagetranscoder.so: deferring to libdir
05-19 13:42:11.301 16735 16735 D ApkSoSource: not allowing consideration of lib/arm64-v8a/libreact_codegen_rncore.so: deferring to libdir
05-19 13:42:11.301 16735 16735 D ApkSoSource: not allowing consideration of lib/arm64-v8a/libreact_config.so: deferring to libdir
05-19 13:42:11.301 16735 16735 D ApkSoSource: not allowing consideration of lib/arm64-v8a/libreact_debug.so: deferring to libdir
05-19 13:42:11.301 16735 16735 D ApkSoSource: not allowing consideration of lib/arm64-v8a/libreact_nativemodule_core.so: deferring to libdir
05-19 13:42:11.301 16735 16735 D ApkSoSource: not allowing consideration of lib/arm64-v8a/libreact_render_animations.so: deferring to libdir
05-19 13:42:11.301 16735 16735 D ApkSoSource: not allowing consideration of lib/arm64-v8a/libreact_render_attributedstring.so: deferring to libdir
05-19 13:42:11.301 16735 16735 D ApkSoSource: not allowing consideration of lib/arm64-v8a/libreact_render_componentregistry.so: deferring to libdir
05-19 13:42:11.301 16735 16735 D ApkSoSource: not allowing consideration of lib/arm64-v8a/libreact_render_core.so: deferring to libdir
05-19 13:42:11.302 16735 16735 D ApkSoSource: not allowing consideration of lib/arm64-v8a/libreact_render_debug.so: deferring to libdir
05-19 13:42:11.302 16735 16735 D ApkSoSource: not allowing consideration of lib/arm64-v8a/libreact_render_graphics.so: deferring to libdir
05-19 13:42:11.302 16735 16735 D ApkSoSource: not allowing consideration of lib/arm64-v8a/libreact_render_imagemanager.so: deferring to libdir
05-19 13:42:11.302 16735 16735 D ApkSoSource: not allowing consideration of lib/arm64-v8a/libreact_render_leakchecker.so: deferring to libdir
05-19 13:42:11.302 16735 16735 D ApkSoSource: not allowing consideration of lib/arm64-v8a/libreact_render_mapbuffer.so: deferring to libdir
05-19 13:42:11.302 16735 16735 D ApkSoSource: not allowing consideration of lib/arm64-v8a/libreact_render_mounting.so: deferring to libdir
05-19 13:42:11.302 16735 16735 D ApkSoSource: not allowing consideration of lib/arm64-v8a/libreact_render_runtimescheduler.so: deferring to libdir
05-19 13:42:11.302 16735 16735 D ApkSoSource: not allowing consideration of lib/arm64-v8a/libreact_render_scheduler.so: deferring to libdir
05-19 13:42:11.302 16735 16735 D ApkSoSource: not allowing consideration of lib/arm64-v8a/libreact_render_telemetry.so: deferring to libdir
05-19 13:42:11.302 16735 16735 D ApkSoSource: not allowing consideration of lib/arm64-v8a/libreact_render_templateprocessor.so: deferring to libdir
05-19 13:42:11.302 16735 16735 D ApkSoSource: not allowing consideration of lib/arm64-v8a/libreact_render_textlayoutmanager.so: deferring to libdir
05-19 13:42:11.302 16735 16735 D ApkSoSource: not allowing consideration of lib/arm64-v8a/libreact_render_uimanager.so: deferring to libdir
05-19 13:42:11.303 16735 16735 D ApkSoSource: not allowing consideration of lib/arm64-v8a/libreact_utils.so: deferring to libdir
05-19 13:42:11.303 16735 16735 D ApkSoSource: not allowing consideration of lib/arm64-v8a/libreactnativeblob.so: deferring to libdir
05-19 13:42:11.303 16735 16735 D ApkSoSource: not allowing consideration of lib/arm64-v8a/libreactnativejni.so: deferring to libdir
05-19 13:42:11.303 16735 16735 D ApkSoSource: not allowing consideration of lib/arm64-v8a/libreactnativeutilsjni.so: deferring to libdir
05-19 13:42:11.303 16735 16735 D ApkSoSource: not allowing consideration of lib/arm64-v8a/libreactperfloggerjni.so: deferring to libdir
05-19 13:42:11.303 16735 16735 D ApkSoSource: not allowing consideration of lib/arm64-v8a/librrc_image.so: deferring to libdir
05-19 13:42:11.303 16735 16735 D ApkSoSource: not allowing consideration of lib/arm64-v8a/librrc_root.so: deferring to libdir
05-19 13:42:11.303 16735 16735 D ApkSoSource: not allowing consideration of lib/arm64-v8a/librrc_scrollview.so: deferring to libdir
05-19 13:42:11.303 16735 16735 D ApkSoSource: not allowing consideration of lib/arm64-v8a/librrc_text.so: deferring to libdir
05-19 13:42:11.303 16735 16735 D ApkSoSource: not allowing consideration of lib/arm64-v8a/librrc_textinput.so: deferring to libdir
05-19 13:42:11.303 16735 16735 D ApkSoSource: not allowing consideration of lib/arm64-v8a/librrc_unimplementedview.so: deferring to libdir
05-19 13:42:11.303 16735 16735 D ApkSoSource: not allowing consideration of lib/arm64-v8a/librrc_view.so: deferring to libdir
05-19 13:42:11.304 16735 16735 D ApkSoSource: not allowing consideration of lib/arm64-v8a/libruntimeexecutor.so: deferring to libdir
05-19 13:42:11.304 16735 16735 D ApkSoSource: not allowing consideration of lib/arm64-v8a/libturbomodulejsijni.so: deferring to libdir
05-19 13:42:11.304 16735 16735 D ApkSoSource: not allowing consideration of lib/arm64-v8a/libyoga.so: deferring to libdir
05-19 13:42:11.304 16735 16735 V fb-UnpackingSoSource: regenerating DSO store com.facebook.soloader.ApkSoSource
05-19 13:42:11.305 16735 16735 V fb-UnpackingSoSource: Finished regenerating DSO store com.facebook.soloader.ApkSoSource
05-19 13:42:11.305 16735 16735 V fb-UnpackingSoSource: starting syncer worker
05-19 13:42:11.308 16735 16735 V fb-UnpackingSoSource: releasing dso store lock for /data/user/0/com.fakestore/lib-main (from syncer thread)
05-19 13:42:11.308 16735 16735 V fb-UnpackingSoSource: not releasing dso store lock for /data/user/0/com.fakestore/lib-main (syncer thread started)
05-19 13:42:11.321 16735 16735 D SoLoader: libjscexecutor.so not found on /data/data/com.fakestore/lib-main
05-19 13:42:11.321 16735 16735 D SoLoader: libjscexecutor.so found on /data/app/~~1Jg32xzan4EQG9G4_rgWoA==/com.fakestore-iKoTRBqMdo0fUejJwKGjUg==/lib/arm64
05-19 13:42:11.321 16735 16735 D SoLoader: Not resolving dependencies for libjscexecutor.so
05-19 13:42:11.335 16735 16735 D JavaScriptCore.Version: 250230.2.1
05-19 13:42:11.424 16735 16735 E Parcel  : Reading a NULL string not supported here.
05-19 13:42:11.427 16735 16735 I chatty  : uid=11049(com.fakestore) identical 26 lines
05-19 13:42:11.427 16735 16735 E Parcel  : Reading a NULL string not supported here.
05-19 13:42:11.427 16735 16735 V SensorManager: RegisterListener bmi160 Accelerometer Non-wakeup type:1 delay:66667us by com.facebook.react.common.ShakeDetector
05-19 13:42:11.428 16735 16735 E Parcel  : Reading a NULL string not supported here.
05-19 13:42:11.442 16735 16768 D SoLoader: libfbjni.so not found on /data/data/com.fakestore/lib-main
05-19 13:42:11.443 16735 16768 D SoLoader: libfbjni.so found on /data/app/~~1Jg32xzan4EQG9G4_rgWoA==/com.fakestore-iKoTRBqMdo0fUejJwKGjUg==/lib/arm64
05-19 13:42:11.443 16735 16768 D SoLoader: Not resolving dependencies for libfbjni.so
05-19 13:42:11.444 16735 16768 D SoLoader: libflipper.so not found on /data/data/com.fakestore/lib-main
05-19 13:42:11.444 16735 16768 D SoLoader: libflipper.so found on /data/app/~~1Jg32xzan4EQG9G4_rgWoA==/com.fakestore-iKoTRBqMdo0fUejJwKGjUg==/lib/arm64
05-19 13:42:11.444 16735 16768 D SoLoader: Not resolving dependencies for libflipper.so
05-19 13:42:11.471 16735 16735 W com.fakestore: Accessing hidden field Landroid/view/View;->mKeyedTags:Landroid/util/SparseArray; (greylist, reflection, allowed)
05-19 13:42:11.472 16735 16735 W com.fakestore: Accessing hidden field Landroid/view/View;->mListenerInfo:Landroid/view/View$ListenerInfo; (greylist, reflection, allowed)
05-19 13:42:11.472 16735 16735 W com.fakestore: Accessing hidden field Landroid/view/View$ListenerInfo;->mOnClickListener:Landroid/view/View$OnClickListener; (greylist, reflection, allowed)
05-19 13:42:11.476 16735 16735 I flipper : flipper: FlipperClient::addPlugin Inspector
05-19 13:42:11.477 16735 16735 I flipper : flipper: FlipperClient::addPlugin React
05-19 13:42:11.479 16735 16735 I flipper : flipper: FlipperClient::addPlugin Databases
05-19 13:42:11.480 16735 16735 I flipper : flipper: FlipperClient::addPlugin Preferences
05-19 13:42:11.480 16735 16735 I flipper : flipper: FlipperClient::addPlugin CrashReporter
05-19 13:42:11.483 16735 16735 I flipper : flipper: FlipperClient::addPlugin Network
05-19 13:42:11.501 16735 16759 D TestRequestBuilder: Using class path scanning to discover tests
05-19 13:42:11.501 16735 16759 I TestRequestBuilder: Scanning classpath to find tests in paths [/data/app/~~oH_Z899Uddnss8G85aI8bA==/com.fakestore.test-v0kV1HFVKXqOU49-dlO3pQ==/base.apk]
05-19 13:42:11.502 16735 16759 I System  : Opening DexFile: /data/app/~~oH_Z899Uddnss8G85aI8bA==/com.fakestore.test-v0kV1HFVKXqOU49-dlO3pQ==/base.apk
05-19 13:42:11.502 16735 16759 W com.fakestore: Opening an oat file without a class loader. Are you using the deprecated DexFile APIs?
05-19 13:42:11.513 16735 16767 W System.err: SLF4J: Failed to load class "org.slf4j.impl.StaticLoggerBinder".
05-19 13:42:11.513 16735 16767 W System.err: SLF4J: Defaulting to no-operation (NOP) logger implementation
05-19 13:42:11.513 16735 16767 W System.err: SLF4J: See http://www.slf4j.org/codes.html#StaticLoggerBinder for further details.
05-19 13:42:11.713 16735 16759 W com.fakestore: Unable to resolve Lcom/google/android/apps/common/testing/accessibility/framework/AccessibilityHierarchyCheckResult; annotation class 5201
05-19 13:42:11.714 16735 16759 I chatty  : uid=11049(com.fakestore) roidJUnitRunner identical 2 lines
05-19 13:42:11.715 16735 16759 W com.fakestore: Unable to resolve Lcom/google/android/apps/common/testing/accessibility/framework/AccessibilityHierarchyCheckResult; annotation class 5201
05-19 13:42:11.715 16735 16759 W com.fakestore: Unable to resolve Lcom/google/android/apps/common/testing/accessibility/framework/AccessibilityViewCheckResult; annotation class 5201
05-19 13:42:11.717 16735 16759 W com.fakestore: Unable to resolve Lcom/google/android/apps/common/testing/accessibility/framework/ClusteringUtils; annotation class 5201
05-19 13:42:11.719 16735 16759 W com.fakestore: Unable to resolve Lcom/google/android/apps/common/testing/accessibility/framework/Question; annotation class 5201
05-19 13:42:11.725 16735 16759 W com.fakestore: Unable to resolve Lcom/google/android/apps/common/testing/accessibility/framework/replacements/TextUtils; annotation class 5200
05-19 13:42:11.728 16735 16759 W com.fakestore: Unable to resolve Lcom/google/android/apps/common/testing/accessibility/framework/uielement/ViewHierarchyElement; annotation class 5201
05-19 13:42:11.729 16735 16759 I chatty  : uid=11049(com.fakestore) roidJUnitRunner identical 2 lines
05-19 13:42:11.729 16735 16759 W com.fakestore: Unable to resolve Lcom/google/android/apps/common/testing/accessibility/framework/uielement/ViewHierarchyElement; annotation class 5201
05-19 13:42:11.730 16735 16759 W com.fakestore: Unable to resolve Lcom/google/android/apps/common/testing/accessibility/framework/uielement/ViewHierarchyElementAndroid; annotation class 5201
05-19 13:42:11.730 16735 16759 I chatty  : uid=11049(com.fakestore) roidJUnitRunner identical 2 lines
05-19 13:42:11.731 16735 16759 W com.fakestore: Unable to resolve Lcom/google/android/apps/common/testing/accessibility/framework/uielement/ViewHierarchyElementAndroid; annotation class 5201
05-19 13:42:11.731 16735 16759 W com.fakestore: Unable to resolve Lcom/google/android/apps/common/testing/accessibility/framework/uielement/ViewHierarchyElement; annotation class 5201
05-19 13:42:11.731 16735 16759 W com.fakestore: Unable to resolve Lcom/google/android/apps/common/testing/accessibility/framework/uielement/ViewHierarchyElement; annotation class 5201
05-19 13:42:11.923 16735 16759 D AndroidJUnitRunner: Use the raw file system for managing file I/O.
05-19 13:42:11.927 16735 16759 D TestExecutor: Adding listener androidx.test.internal.runner.listener.LogRunListener
05-19 13:42:11.927 16735 16759 D TestExecutor: Adding listener androidx.test.internal.runner.listener.InstrumentationResultPrinter
05-19 13:42:11.927 16735 16759 D TestExecutor: Adding listener androidx.test.internal.runner.listener.ActivityFinisherRunListener
05-19 13:42:11.927 16735 16759 D TestExecutor: Adding listener androidx.test.internal.runner.listener.TraceRunListener
05-19 13:42:11.929 16735 16759 I TestRunner: run started: 1 tests
05-19 13:42:11.931 16735 16759 I TestRunner: started: runDetoxTests(com.fakestore.DetoxTest)
05-19 13:42:11.955 16735 16759 D EventInjectionStrategy: Creating injection strategy with input manager.
05-19 13:42:11.956 16735 16759 W com.fakestore: Accessing hidden method Landroid/hardware/input/InputManager;->getInstance()Landroid/hardware/input/InputManager; (greylist, reflection, allowed)
05-19 13:42:11.956 16735 16759 W com.fakestore: Accessing hidden method Landroid/hardware/input/InputManager;->injectInputEvent(Landroid/view/InputEvent;I)Z (greylist, reflection, allowed)
05-19 13:42:11.956 16735 16759 W com.fakestore: Accessing hidden field Landroid/hardware/input/InputManager;->INJECT_INPUT_EVENT_MODE_WAIT_FOR_FINISH:I (greylist, reflection, allowed)
05-19 13:42:11.969 16735 16759 W com.fakestore: Accessing hidden field Ljava/lang/reflect/Field;->accessFlags:I (greylist, reflection, allowed)
05-19 13:42:11.974 16735 16793 E Parcel  : Reading a NULL string not supported here.
05-19 13:42:12.059 16735 16800 E libEGL  : Invalid file path for libcolorx-loader.so
05-19 13:42:12.093 16735 16735 I oplus.android.OplusFrameworkFactoryImpl: getOplusRedPacketManager
05-19 13:42:12.095 16735 16735 D LifecycleMonitor: Lifecycle status change: com.fakestore.MainActivity@87bb623 in: PRE_ON_CREATE
05-19 13:42:12.152 16735 16735 W com.fakestore: Accessing hidden method Landroid/view/View;->computeFitSystemWindows(Landroid/graphics/Rect;Landroid/graphics/Rect;)Z (greylist, reflection, allowed)
05-19 13:42:12.154 16735 16735 W com.fakestore: Accessing hidden method Landroid/view/ViewGroup;->makeOptionalFitsSystemWindows()V (greylist, reflection, allowed)
05-19 13:42:12.158 16735 16735 D LifecycleMonitor: Lifecycle status change: com.fakestore.MainActivity@87bb623 in: CREATED
05-19 13:42:12.161 16735 16735 D LifecycleMonitor: Lifecycle status change: com.fakestore.MainActivity@87bb623 in: STARTED
05-19 13:42:12.163 16735 16735 D LifecycleMonitor: Lifecycle status change: com.fakestore.MainActivity@87bb623 in: RESUMED
05-19 13:42:12.176 16735 16735 I OplusFeatureCache: Milliseconds spent on init(): 8
05-19 13:42:12.180 16735 16735 D OplusSlideAnimOptHelper: scrollEffectOpt enable = false
05-19 13:42:12.181 16735 16735 D ColorViewRootUtil: initSwipState, isDisplayCompatApp false
05-19 13:42:12.182 16735 16735 D ColorViewRootUtil: mScreenHeight 2400, mScreenWidth 1080
05-19 13:42:12.184 16735 16735 D WindowManager: Add to mViews: DecorView@15d2c14[MainActivity],pkg= com.fakestore
05-19 13:42:12.220 16735 16735 W unknown:ReactNative: Packager connection already open, nooping.
05-19 13:42:12.236 16735 16735 V OplusZoomWindowDecorViewHelper: setLastReportedMergedConfiguration mZoomDisplayHeight: 2400 getDecorView.DecorView@15d2c14[MainActivity]
05-19 13:42:12.238 16735 16798 E libEGL  : Invalid file path for libcolorx-loader.so
05-19 13:42:12.238 16735 16798 I AdrenoGLES-0: QUALCOMM build                   : 3142bdd, I7afe4835b7
05-19 13:42:12.238 16735 16798 I AdrenoGLES-0: Build Date                       : 09/16/20
05-19 13:42:12.238 16735 16798 I AdrenoGLES-0: OpenGL ES Shader Compiler Version: EV031.32.02.00
05-19 13:42:12.238 16735 16798 I AdrenoGLES-0: Local Branch                     : 
05-19 13:42:12.238 16735 16798 I AdrenoGLES-0: Remote Branch                    : 
05-19 13:42:12.238 16735 16798 I AdrenoGLES-0: Remote Branch                    : 
05-19 13:42:12.238 16735 16798 I AdrenoGLES-0: Reconstruct Branch               : 
05-19 13:42:12.238 16735 16798 I AdrenoGLES-0: Build Config                     : S P 10.0.6 AArch64
05-19 13:42:12.238 16735 16798 I AdrenoGLES-0: Driver Path                      : /vendor/lib64/egl/libGLESv2_adreno.so
05-19 13:42:12.243 16735 16798 I AdrenoGLES-0: PFP: 0x016ee190, ME: 0x00000000
05-19 13:42:12.249 16735 16798 E libEGL  : Invalid file path for libcolorx-loader.so
05-19 13:42:12.253 16735 16798 I chatty  : uid=11049(com.fakestore) RenderThread identical 62 lines
05-19 13:42:12.253 16735 16798 E libEGL  : Invalid file path for libcolorx-loader.so
05-19 13:42:12.253 16735 16798 E libEGL  : Invalid file path for libcolorx-loader.so
05-19 13:42:12.253 16735 16798 I chatty  : uid=11049(com.fakestore) RenderThread identical 1 line
05-19 13:42:12.253 16735 16798 E libEGL  : Invalid file path for libcolorx-loader.so
05-19 13:42:12.301 16735 16735 E OplusCustomizeRestrictionManager: sInstance is null, start a new sInstance
05-19 13:42:12.321 16735 16735 D ColorViewRootUtil: initSwipState, isDisplayCompatApp false
05-19 13:42:12.321 16735 16735 D ColorViewRootUtil: mScreenHeight 2400, mScreenWidth 1080
05-19 13:42:12.322 16735 16735 D WindowManager: Add to mViews: android.widget.PopupWindow$PopupDecorView{f85ac62 V.E...... R.....I. 0,0-0,0},pkg= com.fakestore
05-19 13:42:12.435 16735 16759 I Detox   : Detox server connection details: url=ws://localhost:52331, sessionId=b33dfe7e-82cc-56ba-4723-573e248c7c80
05-19 13:42:12.449 16735 16808 I DetoxDispatcher: Handling action '_init' (ID #0)...
05-19 13:42:12.449 16735 16808 I Detox   : Connecting to server...
05-19 13:42:12.450 16735 16808 I DetoxWSClient: At connectToServer
05-19 13:42:12.484 16735 16810 D DetoxWSClient: At onOpen
05-19 13:42:12.484 16735 16810 I DetoxWSClient: Sending out action 'login' (ID #0)
05-19 13:42:12.485 16735 16810 I Detox   : Connected to server!
05-19 13:42:12.488 16735 16810 D DetoxWSClient: Received action 'loginSuccess' (ID #0, params={"testerConnected":true,"appConnected":true})
05-19 13:42:12.503 16735 16777 D SoLoader: libreactnativejni.so not found on /data/data/com.fakestore/lib-main
05-19 13:42:12.503 16735 16777 D SoLoader: libreactnativejni.so found on /data/app/~~1Jg32xzan4EQG9G4_rgWoA==/com.fakestore-iKoTRBqMdo0fUejJwKGjUg==/lib/arm64
05-19 13:42:12.503 16735 16777 D SoLoader: Not resolving dependencies for libreactnativejni.so
05-19 13:42:12.526 16735 16810 D DetoxWSClient: Received action 'isReady' (ID #-1000, params={})
05-19 13:42:12.595 16735 16815 V AsyncStorageExpoMigration: No scoped database found
05-19 13:42:12.613 16735 16815 W unknown:ReactContext: initializeMessageQueueThreads() is called.
05-19 13:42:12.623 16735 16735 W unknown:ReactNative: Packager connection already open, nooping.
05-19 13:42:12.661 16735 16817 W unknown:ViewManagerPropertyUpdater: Could not find generated setter for class com.facebook.react.views.drawer.ReactDrawerLayoutManager
05-19 13:42:12.668 16735 16817 W unknown:ViewManagerPropertyUpdater: Could not find generated setter for class com.facebook.react.uimanager.LayoutShadowNode
05-19 13:42:12.675 16735 16817 W unknown:ViewManagerPropertyUpdater: Could not find generated setter for class com.facebook.react.views.scroll.ReactHorizontalScrollViewManager
05-19 13:42:12.685 16735 16817 W unknown:ViewManagerPropertyUpdater: Could not find generated setter for class com.facebook.react.views.scroll.ReactHorizontalScrollContainerViewManager
05-19 13:42:12.688 16735 16817 W unknown:ViewManagerPropertyUpdater: Could not find generated setter for class com.facebook.react.views.progressbar.ReactProgressBarViewManager
05-19 13:42:12.690 16735 16819 E Parcel  : Reading a NULL string not supported here.
05-19 13:42:12.692 16735 16817 W unknown:ViewManagerPropertyUpdater: Could not find generated setter for class com.facebook.react.views.progressbar.ProgressBarShadowNode
05-19 13:42:12.697 16735 16817 W unknown:ViewManagerPropertyUpdater: Could not find generated setter for class com.facebook.react.views.scroll.ReactScrollViewManager
05-19 13:42:12.707 16735 16817 W unknown:ViewManagerPropertyUpdater: Could not find generated setter for class com.facebook.react.views.slider.ReactSliderManager
05-19 13:42:12.718 16735 16817 W unknown:ViewManagerPropertyUpdater: Could not find generated setter for class com.facebook.react.views.slider.ReactSliderManager$ReactSliderShadowNode
05-19 13:42:12.720 16735 16817 W unknown:ViewManagerPropertyUpdater: Could not find generated setter for class com.facebook.react.views.switchview.ReactSwitchManager
05-19 13:42:12.727 16735 16817 W unknown:ViewManagerPropertyUpdater: Could not find generated setter for class com.facebook.react.views.switchview.ReactSwitchManager$ReactSwitchShadowNode
05-19 13:42:12.734 16735 16817 W unknown:ViewManagerPropertyUpdater: Could not find generated setter for class com.facebook.react.views.swiperefresh.SwipeRefreshLayoutManager
05-19 13:42:12.739 16735 16817 W unknown:ViewManagerPropertyUpdater: Could not find generated setter for class com.facebook.react.views.text.frescosupport.FrescoBasedReactTextInlineImageViewManager
05-19 13:42:12.742 16735 16817 W unknown:ViewManagerPropertyUpdater: Could not find generated setter for class com.facebook.react.views.text.frescosupport.FrescoBasedReactTextInlineImageShadowNode
05-19 13:42:12.747 16735 16817 W unknown:ViewManagerPropertyUpdater: Could not find generated setter for class com.facebook.react.views.image.ReactImageManager
05-19 13:42:12.758 16735 16817 W unknown:ViewManagerPropertyUpdater: Could not find generated setter for class com.facebook.react.views.modal.ReactModalHostManager
05-19 13:42:12.760 16735 16817 W unknown:ViewManagerPropertyUpdater: Could not find generated setter for class com.facebook.react.views.modal.ModalHostShadowNode
05-19 13:42:12.761 16735 16817 W unknown:ViewManagerPropertyUpdater: Could not find generated setter for class com.facebook.react.views.text.ReactRawTextManager
05-19 13:42:12.762 16735 16817 W unknown:ViewManagerPropertyUpdater: Could not find generated setter for class com.facebook.react.views.text.ReactRawTextShadowNode
05-19 13:42:12.765 16735 16817 W unknown:ViewManagerPropertyUpdater: Could not find generated setter for class com.facebook.react.views.textinput.ReactTextInputManager
05-19 13:42:12.768 16735 16817 W unknown:ViewManagerPropertyUpdater: Could not find generated setter for class com.facebook.react.views.textinput.ReactTextInputShadowNode
05-19 13:42:12.770 16735 16817 W unknown:ViewManagerPropertyUpdater: Could not find generated setter for class com.facebook.react.views.text.ReactTextViewManager
05-19 13:42:12.773 16735 16817 W unknown:ViewManagerPropertyUpdater: Could not find generated setter for class com.facebook.react.views.text.ReactTextShadowNode
05-19 13:42:12.776 16735 16817 W unknown:ViewManagerPropertyUpdater: Could not find generated setter for class com.facebook.react.views.view.ReactViewManager
05-19 13:42:12.783 16735 16817 W unknown:ViewManagerPropertyUpdater: Could not find generated setter for class com.facebook.react.views.text.ReactVirtualTextViewManager
05-19 13:42:12.785 16735 16817 W unknown:ViewManagerPropertyUpdater: Could not find generated setter for class com.facebook.react.views.text.ReactVirtualTextShadowNode
05-19 13:42:12.787 16735 16817 W unknown:ViewManagerPropertyUpdater: Could not find generated setter for class com.facebook.react.views.unimplementedview.ReactUnimplementedViewManager
05-19 13:42:12.788 16735 16817 W unknown:ViewManagerPropertyUpdater: Could not find generated setter for class org.reactnative.maskedview.RNCMaskedViewManager
05-19 13:42:12.789 16735 16817 W unknown:ViewManagerPropertyUpdater: Could not find generated setter for class com.th3rdwave.safeareacontext.SafeAreaProviderManager
05-19 13:42:12.790 16735 16817 W unknown:ViewManagerPropertyUpdater: Could not find generated setter for class com.th3rdwave.safeareacontext.SafeAreaViewManager
05-19 13:42:12.791 16735 16817 W unknown:ViewManagerPropertyUpdater: Could not find generated setter for class com.th3rdwave.safeareacontext.SafeAreaViewShadowNode
05-19 13:42:12.792 16735 16817 W unknown:ViewManagerPropertyUpdater: Could not find generated setter for class com.swmansion.rnscreens.ScreenContainerViewManager
05-19 13:42:12.792 16735 16817 W unknown:ViewManagerPropertyUpdater: Could not find generated setter for class com.swmansion.rnscreens.ScreenViewManager
05-19 13:42:12.793 16735 16817 W unknown:ViewManagerPropertyUpdater: Could not find generated setter for class com.swmansion.rnscreens.ScreenStackViewManager
05-19 13:42:12.794 16735 16817 W unknown:ViewManagerPropertyUpdater: Could not find generated setter for class com.swmansion.rnscreens.ScreenStackHeaderConfigViewManager
05-19 13:42:12.795 16735 16817 W unknown:ViewManagerPropertyUpdater: Could not find generated setter for class com.swmansion.rnscreens.ScreenStackHeaderSubviewManager
05-19 13:42:12.797 16735 16817 W unknown:ViewManagerPropertyUpdater: Could not find generated setter for class com.swmansion.rnscreens.SearchBarManager
05-19 13:42:12.815 16735 16817 W unknown:ReactContext: initializeMessageQueueThreads() is called.
05-19 13:42:12.818 16735 16817 D SoLoader: libyoga.so not found on /data/data/com.fakestore/lib-main
05-19 13:42:12.819 16735 16817 D SoLoader: libyoga.so found on /data/app/~~1Jg32xzan4EQG9G4_rgWoA==/com.fakestore-iKoTRBqMdo0fUejJwKGjUg==/lib/arm64
05-19 13:42:12.819 16735 16817 D SoLoader: Not resolving dependencies for libyoga.so
05-19 13:42:12.827 16735 16735 D DetoxRNLoading: Listener-proxy method called: onReactContextInitialized
05-19 13:42:12.827 16735 16735 I DetoxRNLoading: Got new RN-context async'ly through listener
05-19 13:42:12.828 16735 16735 D DetoxRNLoading: Listener-proxy method called: equals
05-19 13:42:12.829 16735 16808 I DetoxRNIdleRes: Setting up Espresso Idling Resources for React Native
05-19 13:42:12.840 16735 16808 D AsyncStorageIR: Checking whether a custom IR for Async-Storage is required... (legacy=false)
05-19 13:42:12.841 16735 16808 D AsyncStorageIR: IR for Async-Storage is required! (legacy=false)
05-19 13:42:12.842 16735 16808 D AsyncStorageIR: Checking whether a custom IR for Async-Storage is required... (legacy=true)
05-19 13:42:12.844 16735 16808 D AsyncStorageIR: IR for Async-Storage is required! (legacy=true)
05-19 13:42:12.846 16735 16735 D AsyncStorageIR: Async-storage is busy!
05-19 13:42:12.846 16735 16735 D AsyncStorageIRLegacy: Async-storage is busy!
05-19 13:42:12.852 16735 16808 I DetoxDispatcher: Done with action '_init'
05-19 13:42:12.852 16735 16808 I DetoxDispatcher: Handling action 'isReady' (ID #-1000)...
05-19 13:42:12.856 16735 16735 W com.fakestore: Accessing hidden method Landroid/os/MessageQueue;->next()Landroid/os/Message; (greylist, reflection, allowed)
05-19 13:42:12.856 16735 16735 W com.fakestore: Accessing hidden field Landroid/os/MessageQueue;->mMessages:Landroid/os/Message; (greylist, reflection, allowed)
05-19 13:42:12.856 16735 16735 W com.fakestore: Accessing hidden method Landroid/os/Message;->recycleUnchecked()V (greylist, reflection, allowed)
05-19 13:42:12.860 16735 16817 I flipper : flipper: FlipperClient::addPlugin Fresco
05-19 13:42:12.884 16735 16816 D SoLoader: libreactnativeblob.so not found on /data/data/com.fakestore/lib-main
05-19 13:42:12.884 16735 16816 D SoLoader: libreactnativeblob.so found on /data/app/~~1Jg32xzan4EQG9G4_rgWoA==/com.fakestore-iKoTRBqMdo0fUejJwKGjUg==/lib/arm64
05-19 13:42:12.884 16735 16816 D SoLoader: Not resolving dependencies for libreactnativeblob.so
05-19 13:42:12.923 16735 16817 I WebViewFactory: Loading com.google.android.webview version 110.0.5481.153 (code 548115333)
05-19 13:42:12.931 16735 16817 W linker  : Warning: "/data/app/~~ZS9E27XFUMq_UEOJpzgrAw==/com.google.android.webview-1F4-Y8gMX6Rl1iWbcmwEbQ==/base.apk!/lib/arm64-v8a/libmonochrome.so" unused DT entry: unknown processor-specific (type 0x70000001 arg 0x0) (ignoring)
05-19 13:42:12.942 16735 16817 W com.fakestore: Accessing hidden method Landroid/os/Trace;->isTagEnabled(J)Z (greylist, reflection, allowed)
05-19 13:42:12.942 16735 16817 W com.fakestore: Accessing hidden method Landroid/os/Trace;->traceBegin(JLjava/lang/String;)V (greylist, reflection, allowed)
05-19 13:42:12.942 16735 16817 W com.fakestore: Accessing hidden method Landroid/os/Trace;->traceEnd(J)V (greylist, reflection, allowed)
05-19 13:42:12.942 16735 16817 W com.fakestore: Accessing hidden method Landroid/os/Trace;->asyncTraceBegin(JLjava/lang/String;I)V (greylist, reflection, allowed)
05-19 13:42:12.942 16735 16817 W com.fakestore: Accessing hidden method Landroid/os/Trace;->asyncTraceEnd(JLjava/lang/String;I)V (greylist, reflection, allowed)
05-19 13:42:12.947 16735 16817 I cr_WVCFactoryProvider: Loaded version=110.0.5481.153 minSdkVersion=29 isBundle=true multiprocess=true packageId=2
05-19 13:42:12.975 16735 16817 I cr_LibraryLoader: Successfully loaded native library
05-19 13:42:12.975 16735 16817 I cr_CachingUmaRecorder: Flushed 8 samples from 8 histograms.
05-19 13:42:13.355 16735 16816 I ReactNativeJS: Running "FakeStore" with {"rootTag":1}
05-19 13:42:13.532 16735 16817 W unknown:ViewManagerPropertyUpdater: Could not find generated setter for class com.swmansion.rnscreens.ScreensShadowNode
05-19 13:42:13.579 16735 16735 I Detox   : UIManagerModule is busy
05-19 13:42:13.638 16735 16735 I Detox   : UIManagerModule is busy
05-19 13:42:13.678 16735 16883 D SoLoader: libimagepipeline.so not found on /data/data/com.fakestore/lib-main
05-19 13:42:13.678 16735 16883 D SoLoader: libimagepipeline.so found on /data/app/~~1Jg32xzan4EQG9G4_rgWoA==/com.fakestore-iKoTRBqMdo0fUejJwKGjUg==/lib/arm64
05-19 13:42:13.678 16735 16883 D SoLoader: Not resolving dependencies for libimagepipeline.so
05-19 13:42:13.713 16735 16735 I Detox   : Wait is over: App is now idle!
05-19 13:42:13.713 16735 16808 I DetoxWSClient: Sending out action 'ready' (ID #-1000)
05-19 13:42:13.715 16735 16808 I DetoxDispatcher: Done with action 'isReady'
05-19 13:42:13.716 16735 16808 I DetoxDispatcher: Handling action 'loginSuccess' (ID #0)...
05-19 13:42:13.716 16735 16808 I DetoxDispatcher: Done with action 'loginSuccess'
05-19 13:42:13.716 16735 16808 I DetoxDispatcher: Handling action 'isReady' (ID #-1000)...
